
Root grid = 4 x 8 x 1 MeshBlocks
Total number of MeshBlocks = 32
Number of logical  levels of refinement = 3 (4 levels total)
Number of physical levels of refinement = 0 (1 levels total)
Number of parallel ranks = 1
### WARNING in /home/sasi/Projects/SubgridCGMModel/athenak/src/parameter_input.cpp: input parameter <mesh>/ix3_bc = periodic was not used by the code (check for a typo)
### WARNING in /home/sasi/Projects/SubgridCGMModel/athenak/src/parameter_input.cpp: input parameter <mesh>/ox3_bc = periodic was not used by the code (check for a typo)
### WARNING in /home/sasi/Projects/SubgridCGMModel/athenak/src/parameter_input.cpp: input parameter <meshblock>/nx3 = 1 was not used by the code (check for a typo)

Setup complete, executing task list(s)...

elapsed=1.184572e-02 cycle=0 time=0.000000e+00 dt=6.903080e-04
elapsed=9.798959e-01 cycle=1000 time=6.758668e-01 dt=6.723801e-04
elapsed=1.929347e+00 cycle=2000 time=1.338427e+00 dt=6.478459e-04
elapsed=2.870633e+00 cycle=3000 time=1.976701e+00 dt=6.433334e-04
elapsed=3.811397e+00 cycle=4000 time=2.616252e+00 dt=6.293071e-04
elapsed=4.733585e+00 cycle=5000 time=3.222528e+00 dt=6.239488e-04
elapsed=5.690175e+00 cycle=6000 time=3.871824e+00 dt=6.687994e-04
elapsed=6.644884e+00 cycle=7000 time=4.524582e+00 dt=6.343170e-04
elapsed=7.585844e+00 cycle=8000 time=5.155300e+00 dt=6.549794e-04
elapsed=8.534640e+00 cycle=9000 time=5.794254e+00 dt=6.409430e-04
elapsed=9.426167e+00 cycle=10000 time=6.359366e+00 dt=5.525387e-04
elapsed=1.032408e+01 cycle=11000 time=6.925283e+00 dt=5.251574e-04
elapsed=1.122116e+01 cycle=12000 time=7.492032e+00 dt=6.113093e-04
elapsed=1.216501e+01 cycle=13000 time=8.124353e+00 dt=6.700171e-04
elapsed=1.312171e+01 cycle=14000 time=8.775380e+00 dt=6.678386e-04
elapsed=1.405451e+01 cycle=15000 time=9.382904e+00 dt=5.057060e-04
elapsed=1.491669e+01 cycle=16000 time=9.904329e+00 dt=6.273977e-04

Terminating on time limit
time=1.000000e+01 cycle=16155
tlim=1.000000e+01 nlim=-1

MeshBlock-cycles = 516960
cpu time used  = 1.505403e+01
zone-cycles/cpu_second = 2.197779e+06
particle-updates/cpu_second = 0.000000e+00
