
Root grid = 4 x 8 x 1 MeshBlocks
Total number of MeshBlocks = 32
Number of logical  levels of refinement = 3 (4 levels total)
Number of physical levels of refinement = 0 (1 levels total)
Number of parallel ranks = 1

Setup complete, executing task list(s)...

elapsed=1.421477e-02 cycle=0 time=0.000000e+00 dt=1.725770e-04
elapsed=1.587529e-01 cycle=100 time=1.723237e-02 dt=1.725509e-04
elapsed=3.108656e-01 cycle=200 time=3.448716e-02 dt=1.725656e-04
elapsed=4.628326e-01 cycle=300 time=5.163693e-02 dt=1.708986e-04
elapsed=6.060067e-01 cycle=400 time=6.871585e-02 dt=1.706017e-04
elapsed=7.577216e-01 cycle=500 time=8.573380e-02 dt=1.685873e-04
elapsed=9.088259e-01 cycle=600 time=1.023045e-01 dt=1.655999e-04
elapsed=1.051831e+00 cycle=700 time=1.188512e-01 dt=1.650832e-04
elapsed=1.203547e+00 cycle=800 time=1.354266e-01 dt=1.663718e-04
elapsed=1.355637e+00 cycle=900 time=1.521087e-01 dt=1.664762e-04
elapsed=1.498526e+00 cycle=1000 time=1.687669e-01 dt=1.660460e-04
elapsed=1.650036e+00 cycle=1100 time=1.855590e-01 dt=1.691583e-04
elapsed=1.801268e+00 cycle=1200 time=2.023229e-01 dt=1.666551e-04
elapsed=1.943709e+00 cycle=1300 time=2.189402e-01 dt=1.657883e-04
elapsed=2.095417e+00 cycle=1400 time=2.354915e-01 dt=1.656497e-04
elapsed=2.246835e+00 cycle=1500 time=2.520066e-01 dt=1.650346e-04
elapsed=2.389268e+00 cycle=1600 time=2.682649e-01 dt=1.605041e-04
elapsed=2.541195e+00 cycle=1700 time=2.844891e-01 dt=1.629117e-04
elapsed=2.693035e+00 cycle=1800 time=3.007675e-01 dt=1.615031e-04
elapsed=2.835252e+00 cycle=1900 time=3.169804e-01 dt=1.613990e-04
elapsed=2.986591e+00 cycle=2000 time=3.330541e-01 dt=1.609308e-04
elapsed=3.128892e+00 cycle=2100 time=3.492732e-01 dt=1.624052e-04
elapsed=3.291172e+00 cycle=2200 time=3.655118e-01 dt=1.599924e-04
elapsed=3.442429e+00 cycle=2300 time=3.813686e-01 dt=1.580240e-04
elapsed=3.584589e+00 cycle=2400 time=3.971100e-01 dt=1.541689e-04
elapsed=3.735700e+00 cycle=2500 time=4.121860e-01 dt=1.486998e-04
elapsed=3.877702e+00 cycle=2600 time=4.266478e-01 dt=1.404580e-04
elapsed=4.028907e+00 cycle=2700 time=4.402979e-01 dt=1.333471e-04
elapsed=4.171154e+00 cycle=2800 time=4.536367e-01 dt=1.344804e-04
elapsed=4.313003e+00 cycle=2900 time=4.680185e-01 dt=1.559159e-04
elapsed=4.463983e+00 cycle=3000 time=4.837493e-01 dt=1.587506e-04
elapsed=4.606054e+00 cycle=3100 time=4.995200e-01 dt=1.549056e-04
elapsed=4.757366e+00 cycle=3200 time=5.145963e-01 dt=1.471916e-04
elapsed=4.898650e+00 cycle=3300 time=5.288091e-01 dt=1.357237e-04
elapsed=5.048467e+00 cycle=3400 time=5.416535e-01 dt=1.231369e-04
elapsed=5.188664e+00 cycle=3500 time=5.542327e-01 dt=1.358753e-04
elapsed=5.328050e+00 cycle=3600 time=5.689179e-01 dt=1.627512e-04
elapsed=5.476136e+00 cycle=3700 time=5.852575e-01 dt=1.610581e-04
elapsed=5.623407e+00 cycle=3800 time=6.011720e-01 dt=1.569409e-04
elapsed=5.760819e+00 cycle=3900 time=6.168555e-01 dt=1.554077e-04
elapsed=5.906636e+00 cycle=4000 time=6.322108e-01 dt=1.525606e-04
elapsed=6.042646e+00 cycle=4100 time=6.475679e-01 dt=1.558578e-04
elapsed=6.187406e+00 cycle=4200 time=6.633089e-01 dt=1.589452e-04
elapsed=6.322734e+00 cycle=4300 time=6.791578e-01 dt=1.581416e-04
elapsed=6.467843e+00 cycle=4400 time=6.948790e-01 dt=1.574611e-04
elapsed=6.613271e+00 cycle=4500 time=7.106496e-01 dt=1.579752e-04
elapsed=6.749324e+00 cycle=4600 time=7.264036e-01 dt=1.569695e-04
elapsed=6.893959e+00 cycle=4700 time=7.421703e-01 dt=1.574161e-04
elapsed=7.030091e+00 cycle=4800 time=7.578077e-01 dt=1.547930e-04
elapsed=7.174616e+00 cycle=4900 time=7.731027e-01 dt=1.512541e-04
elapsed=7.310105e+00 cycle=5000 time=7.881556e-01 dt=1.500061e-04
elapsed=7.454734e+00 cycle=5100 time=8.030921e-01 dt=1.491425e-04
elapsed=7.590473e+00 cycle=5200 time=8.179556e-01 dt=1.474990e-04
elapsed=7.735338e+00 cycle=5300 time=8.327404e-01 dt=1.490253e-04
elapsed=7.871077e+00 cycle=5400 time=8.477363e-01 dt=1.509142e-04
elapsed=8.016518e+00 cycle=5500 time=8.628066e-01 dt=1.503416e-04
elapsed=8.153573e+00 cycle=5600 time=8.777600e-01 dt=1.482710e-04
elapsed=8.298829e+00 cycle=5700 time=8.925431e-01 dt=1.480870e-04
elapsed=8.434976e+00 cycle=5800 time=9.073540e-01 dt=1.465943e-04
elapsed=8.580350e+00 cycle=5900 time=9.218554e-01 dt=1.392585e-04
elapsed=8.717507e+00 cycle=6000 time=9.361738e-01 dt=1.475777e-04
elapsed=8.863164e+00 cycle=6100 time=9.508695e-01 dt=1.453048e-04
elapsed=8.999871e+00 cycle=6200 time=9.650511e-01 dt=1.373314e-04
elapsed=9.136684e+00 cycle=6300 time=9.784296e-01 dt=1.282208e-04
elapsed=9.282459e+00 cycle=6400 time=9.912391e-01 dt=1.429752e-04
elapsed=9.420107e+00 cycle=6500 time=1.006198e+00 dt=1.508865e-04
elapsed=9.565747e+00 cycle=6600 time=1.021298e+00 dt=1.502909e-04
elapsed=9.702399e+00 cycle=6700 time=1.036128e+00 dt=1.464406e-04
elapsed=9.848365e+00 cycle=6800 time=1.050631e+00 dt=1.438498e-04
elapsed=9.985567e+00 cycle=6900 time=1.064988e+00 dt=1.432384e-04
elapsed=1.012289e+01 cycle=7000 time=1.079202e+00 dt=1.394137e-04
elapsed=1.026897e+01 cycle=7100 time=1.093023e+00 dt=1.396448e-04
elapsed=1.040603e+01 cycle=7200 time=1.106959e+00 dt=1.382368e-04
elapsed=1.055213e+01 cycle=7300 time=1.120721e+00 dt=1.371418e-04
elapsed=1.068953e+01 cycle=7400 time=1.134669e+00 dt=1.437373e-04
elapsed=1.082717e+01 cycle=7500 time=1.149638e+00 dt=1.511498e-04
elapsed=1.097347e+01 cycle=7600 time=1.164641e+00 dt=1.485113e-04
elapsed=1.111120e+01 cycle=7700 time=1.179535e+00 dt=1.501738e-04
elapsed=1.125725e+01 cycle=7800 time=1.194724e+00 dt=1.513469e-04
elapsed=1.140320e+01 cycle=7900 time=1.210003e+00 dt=1.544483e-04
elapsed=1.154035e+01 cycle=8000 time=1.225185e+00 dt=1.483785e-04
elapsed=1.167756e+01 cycle=8100 time=1.239869e+00 dt=1.464549e-04
elapsed=1.182412e+01 cycle=8200 time=1.254525e+00 dt=1.468130e-04
elapsed=1.196134e+01 cycle=8300 time=1.269271e+00 dt=1.490751e-04
elapsed=1.210885e+01 cycle=8400 time=1.284158e+00 dt=1.487499e-04
elapsed=1.224604e+01 cycle=8500 time=1.298942e+00 dt=1.460109e-04
elapsed=1.239323e+01 cycle=8600 time=1.313229e+00 dt=1.401472e-04
elapsed=1.253071e+01 cycle=8700 time=1.327088e+00 dt=1.376387e-04
elapsed=1.267803e+01 cycle=8800 time=1.340717e+00 dt=1.356871e-04
elapsed=1.281655e+01 cycle=8900 time=1.354113e+00 dt=1.318963e-04
elapsed=1.295451e+01 cycle=9000 time=1.367162e+00 dt=1.291188e-04
elapsed=1.311913e+01 cycle=9100 time=1.380005e+00 dt=1.284244e-04
elapsed=1.325825e+01 cycle=9200 time=1.392956e+00 dt=1.316101e-04
elapsed=1.339666e+01 cycle=9300 time=1.406074e+00 dt=1.255809e-04
elapsed=1.353458e+01 cycle=9400 time=1.418033e+00 dt=1.157356e-04
elapsed=1.367315e+01 cycle=9500 time=1.429605e+00 dt=1.151203e-04
elapsed=1.381988e+01 cycle=9600 time=1.441475e+00 dt=1.185324e-04
elapsed=1.395821e+01 cycle=9700 time=1.453553e+00 dt=1.313294e-04
elapsed=1.409665e+01 cycle=9800 time=1.466905e+00 dt=1.347375e-04
elapsed=1.424446e+01 cycle=9900 time=1.480844e+00 dt=1.417848e-04
elapsed=1.438266e+01 cycle=10000 time=1.495097e+00 dt=1.423997e-04
elapsed=1.452111e+01 cycle=10100 time=1.509343e+00 dt=1.412757e-04
elapsed=1.466861e+01 cycle=10200 time=1.523375e+00 dt=1.391204e-04
elapsed=1.480764e+01 cycle=10300 time=1.537299e+00 dt=1.399012e-04
elapsed=1.495608e+01 cycle=10400 time=1.551318e+00 dt=1.383209e-04
elapsed=1.509518e+01 cycle=10500 time=1.564909e+00 dt=1.342045e-04
elapsed=1.523441e+01 cycle=10600 time=1.578016e+00 dt=1.270270e-04
elapsed=1.538239e+01 cycle=10700 time=1.590324e+00 dt=1.201123e-04
elapsed=1.552063e+01 cycle=10800 time=1.601955e+00 dt=1.144008e-04
elapsed=1.565892e+01 cycle=10900 time=1.614407e+00 dt=1.432460e-04
elapsed=1.579726e+01 cycle=11000 time=1.629742e+00 dt=1.530165e-04
elapsed=1.594489e+01 cycle=11100 time=1.644588e+00 dt=1.376978e-04
elapsed=1.608349e+01 cycle=11200 time=1.657412e+00 dt=1.258018e-04
elapsed=1.623167e+01 cycle=11300 time=1.671285e+00 dt=1.372165e-04
elapsed=1.637037e+01 cycle=11400 time=1.684751e+00 dt=1.307047e-04
elapsed=1.650920e+01 cycle=11500 time=1.697901e+00 dt=1.344866e-04
elapsed=1.665656e+01 cycle=11600 time=1.711706e+00 dt=1.399919e-04
elapsed=1.679496e+01 cycle=11700 time=1.725706e+00 dt=1.395719e-04
elapsed=1.693437e+01 cycle=11800 time=1.739447e+00 dt=1.362073e-04
elapsed=1.708214e+01 cycle=11900 time=1.752992e+00 dt=1.354290e-04
elapsed=1.722082e+01 cycle=12000 time=1.766797e+00 dt=1.421086e-04
elapsed=1.736844e+01 cycle=12100 time=1.781201e+00 dt=1.447241e-04
elapsed=1.750768e+01 cycle=12200 time=1.795518e+00 dt=1.377831e-04
elapsed=1.764686e+01 cycle=12300 time=1.808726e+00 dt=1.224644e-04
elapsed=1.779486e+01 cycle=12400 time=1.821088e+00 dt=1.272520e-04
elapsed=1.793331e+01 cycle=12500 time=1.834188e+00 dt=1.302832e-04
elapsed=1.807202e+01 cycle=12600 time=1.847210e+00 dt=1.309498e-04
elapsed=1.824260e+01 cycle=12700 time=1.860411e+00 dt=1.323729e-04
elapsed=1.838270e+01 cycle=12800 time=1.873715e+00 dt=1.324849e-04
elapsed=1.852223e+01 cycle=12900 time=1.887066e+00 dt=1.410262e-04
elapsed=1.867097e+01 cycle=13000 time=1.900916e+00 dt=1.329949e-04
elapsed=1.881070e+01 cycle=13100 time=1.913810e+00 dt=1.260128e-04
elapsed=1.895112e+01 cycle=13200 time=1.926158e+00 dt=1.236191e-04
elapsed=1.909116e+01 cycle=13300 time=1.938387e+00 dt=1.232778e-04
elapsed=1.924028e+01 cycle=13400 time=1.950752e+00 dt=1.299913e-04
elapsed=1.938024e+01 cycle=13500 time=1.964068e+00 dt=1.403213e-04
elapsed=1.951964e+01 cycle=13600 time=1.978416e+00 dt=1.457390e-04
elapsed=1.966723e+01 cycle=13700 time=1.992891e+00 dt=1.415898e-04
elapsed=1.980688e+01 cycle=13800 time=2.006494e+00 dt=1.265784e-04
elapsed=1.994574e+01 cycle=13900 time=2.018330e+00 dt=1.109279e-04
elapsed=2.009436e+01 cycle=14000 time=2.031557e+00 dt=1.402088e-04
elapsed=2.023392e+01 cycle=14100 time=2.045348e+00 dt=1.363381e-04
elapsed=2.037244e+01 cycle=14200 time=2.058863e+00 dt=1.337871e-04
elapsed=2.051941e+01 cycle=14300 time=2.072084e+00 dt=1.307545e-04
elapsed=2.065767e+01 cycle=14400 time=2.085371e+00 dt=1.343642e-04
elapsed=2.079628e+01 cycle=14500 time=2.098838e+00 dt=1.358694e-04
elapsed=2.094474e+01 cycle=14600 time=2.112488e+00 dt=1.370820e-04
elapsed=2.108402e+01 cycle=14700 time=2.126183e+00 dt=1.359956e-04
elapsed=2.122373e+01 cycle=14800 time=2.139689e+00 dt=1.319686e-04
elapsed=2.137217e+01 cycle=14900 time=2.152214e+00 dt=1.173970e-04
elapsed=2.151164e+01 cycle=15000 time=2.163751e+00 dt=1.264627e-04
elapsed=2.165085e+01 cycle=15100 time=2.177581e+00 dt=1.358531e-04
elapsed=2.179864e+01 cycle=15200 time=2.190924e+00 dt=1.312825e-04
elapsed=2.193663e+01 cycle=15300 time=2.203703e+00 dt=1.239222e-04
elapsed=2.207447e+01 cycle=15400 time=2.216354e+00 dt=1.263465e-04
elapsed=2.221256e+01 cycle=15500 time=2.229283e+00 dt=1.310993e-04
elapsed=2.236032e+01 cycle=15600 time=2.242330e+00 dt=1.290207e-04
elapsed=2.249894e+01 cycle=15700 time=2.255246e+00 dt=1.287016e-04
elapsed=2.263770e+01 cycle=15800 time=2.268402e+00 dt=1.338519e-04
elapsed=2.278597e+01 cycle=15900 time=2.281621e+00 dt=1.309942e-04
elapsed=2.292562e+01 cycle=16000 time=2.294692e+00 dt=1.297360e-04
elapsed=2.306608e+01 cycle=16100 time=2.308016e+00 dt=1.353950e-04
elapsed=2.323230e+01 cycle=16200 time=2.321428e+00 dt=1.307376e-04
elapsed=2.337190e+01 cycle=16300 time=2.334155e+00 dt=1.260869e-04
elapsed=2.351144e+01 cycle=16400 time=2.346854e+00 dt=1.314152e-04
elapsed=2.365975e+01 cycle=16500 time=2.360537e+00 dt=1.361202e-04
elapsed=2.379975e+01 cycle=16600 time=2.373997e+00 dt=1.342802e-04
elapsed=2.393928e+01 cycle=16700 time=2.387846e+00 dt=1.427446e-04
elapsed=2.408836e+01 cycle=16800 time=2.402146e+00 dt=1.423245e-04
elapsed=2.422787e+01 cycle=16900 time=2.416389e+00 dt=1.401167e-04
elapsed=2.437658e+01 cycle=17000 time=2.430539e+00 dt=1.410590e-04
elapsed=2.451570e+01 cycle=17100 time=2.444398e+00 dt=1.360345e-04
elapsed=2.465482e+01 cycle=17200 time=2.457805e+00 dt=1.319767e-04
elapsed=2.480278e+01 cycle=17300 time=2.471022e+00 dt=1.370221e-04
elapsed=2.494185e+01 cycle=17400 time=2.485474e+00 dt=1.444705e-04
elapsed=2.508138e+01 cycle=17500 time=2.499962e+00 dt=1.455876e-04
elapsed=2.522978e+01 cycle=17600 time=2.514583e+00 dt=1.479061e-04
elapsed=2.536871e+01 cycle=17700 time=2.529521e+00 dt=1.505933e-04
elapsed=2.551679e+01 cycle=17800 time=2.544761e+00 dt=1.535623e-04
elapsed=2.566478e+01 cycle=17900 time=2.560092e+00 dt=1.534769e-04
elapsed=2.580331e+01 cycle=18000 time=2.575445e+00 dt=1.539664e-04
elapsed=2.595098e+01 cycle=18100 time=2.590953e+00 dt=1.560998e-04
elapsed=2.608977e+01 cycle=18200 time=2.606532e+00 dt=1.535160e-04
elapsed=2.623742e+01 cycle=18300 time=2.621584e+00 dt=1.468402e-04
elapsed=2.637618e+01 cycle=18400 time=2.635982e+00 dt=1.416802e-04
elapsed=2.651486e+01 cycle=18500 time=2.649714e+00 dt=1.320148e-04
elapsed=2.666270e+01 cycle=18600 time=2.662534e+00 dt=1.258078e-04
elapsed=2.680108e+01 cycle=18700 time=2.674954e+00 dt=1.241235e-04
elapsed=2.693890e+01 cycle=18800 time=2.687473e+00 dt=1.267701e-04
elapsed=2.708656e+01 cycle=18900 time=2.700140e+00 dt=1.263072e-04
elapsed=2.722472e+01 cycle=19000 time=2.712561e+00 dt=1.217849e-04
elapsed=2.736312e+01 cycle=19100 time=2.724646e+00 dt=1.212840e-04
elapsed=2.750160e+01 cycle=19200 time=2.736998e+00 dt=1.249563e-04
elapsed=2.763974e+01 cycle=19300 time=2.749224e+00 dt=1.188411e-04
elapsed=2.778675e+01 cycle=19400 time=2.760838e+00 dt=1.144389e-04
elapsed=2.792467e+01 cycle=19500 time=2.772218e+00 dt=1.118947e-04
elapsed=2.806233e+01 cycle=19600 time=2.783298e+00 dt=1.097788e-04
elapsed=2.819981e+01 cycle=19700 time=2.794716e+00 dt=1.243255e-04
elapsed=2.833752e+01 cycle=19800 time=2.807147e+00 dt=1.161883e-04
elapsed=2.847529e+01 cycle=19900 time=2.819077e+00 dt=1.371044e-04
elapsed=2.862312e+01 cycle=20000 time=2.833512e+00 dt=1.438173e-04
elapsed=2.876127e+01 cycle=20100 time=2.848046e+00 dt=1.435292e-04
elapsed=2.890830e+01 cycle=20200 time=2.862161e+00 dt=1.426126e-04
elapsed=2.904630e+01 cycle=20300 time=2.876579e+00 dt=1.419709e-04
elapsed=2.919437e+01 cycle=20400 time=2.890871e+00 dt=1.445988e-04
elapsed=2.933279e+01 cycle=20500 time=2.904666e+00 dt=1.263968e-04
elapsed=2.947164e+01 cycle=20600 time=2.917416e+00 dt=1.247391e-04
elapsed=2.961073e+01 cycle=20700 time=2.929950e+00 dt=1.283854e-04
elapsed=2.975841e+01 cycle=20800 time=2.943100e+00 dt=1.411890e-04
elapsed=2.989679e+01 cycle=20900 time=2.957211e+00 dt=1.400325e-04
elapsed=3.004418e+01 cycle=21000 time=2.971372e+00 dt=1.426536e-04
elapsed=3.018231e+01 cycle=21100 time=2.985470e+00 dt=1.403769e-04
elapsed=3.032034e+01 cycle=21200 time=2.999589e+00 dt=1.423860e-04
elapsed=3.046840e+01 cycle=21300 time=3.014520e+00 dt=1.512999e-04
elapsed=3.060670e+01 cycle=21400 time=3.029579e+00 dt=1.501323e-04
elapsed=3.075477e+01 cycle=21500 time=3.044601e+00 dt=1.515491e-04
elapsed=3.089345e+01 cycle=21600 time=3.059863e+00 dt=1.546138e-04
elapsed=3.104145e+01 cycle=21700 time=3.075289e+00 dt=1.524501e-04
elapsed=3.118985e+01 cycle=21800 time=3.090522e+00 dt=1.520477e-04
elapsed=3.132807e+01 cycle=21900 time=3.105877e+00 dt=1.556574e-04
elapsed=3.147532e+01 cycle=22000 time=3.121449e+00 dt=1.562479e-04
elapsed=3.161376e+01 cycle=22100 time=3.136937e+00 dt=1.543270e-04
elapsed=3.176151e+01 cycle=22200 time=3.152392e+00 dt=1.538448e-04
elapsed=3.190024e+01 cycle=22300 time=3.167679e+00 dt=1.525165e-04
elapsed=3.204740e+01 cycle=22400 time=3.182824e+00 dt=1.495842e-04
elapsed=3.218585e+01 cycle=22500 time=3.197622e+00 dt=1.466443e-04
elapsed=3.233346e+01 cycle=22600 time=3.212283e+00 dt=1.464045e-04
elapsed=3.247282e+01 cycle=22700 time=3.226867e+00 dt=1.451249e-04
elapsed=3.262058e+01 cycle=22800 time=3.241438e+00 dt=1.454981e-04
elapsed=3.275936e+01 cycle=22900 time=3.255940e+00 dt=1.446465e-04
elapsed=3.290696e+01 cycle=23000 time=3.270343e+00 dt=1.430446e-04
elapsed=3.304578e+01 cycle=23100 time=3.284539e+00 dt=1.404522e-04
elapsed=3.318497e+01 cycle=23200 time=3.298260e+00 dt=1.344026e-04
elapsed=3.333338e+01 cycle=23300 time=3.311253e+00 dt=1.288422e-04
elapsed=3.347262e+01 cycle=23400 time=3.323618e+00 dt=1.203831e-04
elapsed=3.361204e+01 cycle=23500 time=3.336285e+00 dt=1.372196e-04
elapsed=3.376062e+01 cycle=23600 time=3.350391e+00 dt=1.394182e-04
elapsed=3.390054e+01 cycle=23700 time=3.364041e+00 dt=1.331886e-04
elapsed=3.403970e+01 cycle=23800 time=3.377255e+00 dt=1.312646e-04
elapsed=3.418768e+01 cycle=23900 time=3.390135e+00 dt=1.264815e-04
elapsed=3.432638e+01 cycle=24000 time=3.402690e+00 dt=1.289108e-04
elapsed=3.446494e+01 cycle=24100 time=3.416029e+00 dt=1.347486e-04
elapsed=3.460413e+01 cycle=24200 time=3.429164e+00 dt=1.266621e-04
elapsed=3.475215e+01 cycle=24300 time=3.441933e+00 dt=1.301731e-04
elapsed=3.489061e+01 cycle=24400 time=3.454925e+00 dt=1.278818e-04
elapsed=3.502962e+01 cycle=24500 time=3.467462e+00 dt=1.231428e-04
elapsed=3.516862e+01 cycle=24600 time=3.479705e+00 dt=1.217220e-04
elapsed=3.531785e+01 cycle=24700 time=3.491929e+00 dt=1.215133e-04
elapsed=3.545787e+01 cycle=24800 time=3.504096e+00 dt=1.215293e-04
elapsed=3.559727e+01 cycle=24900 time=3.516225e+00 dt=1.214485e-04
elapsed=3.573641e+01 cycle=25000 time=3.528577e+00 dt=1.263227e-04
elapsed=3.588443e+01 cycle=25100 time=3.541354e+00 dt=1.254417e-04
elapsed=3.602364e+01 cycle=25200 time=3.553530e+00 dt=1.183520e-04
elapsed=3.616281e+01 cycle=25300 time=3.565169e+00 dt=1.154916e-04
elapsed=3.630181e+01 cycle=25400 time=3.577098e+00 dt=1.257830e-04
elapsed=3.644988e+01 cycle=25500 time=3.590118e+00 dt=1.314059e-04
elapsed=3.658919e+01 cycle=25600 time=3.603290e+00 dt=1.323310e-04
elapsed=3.672803e+01 cycle=25700 time=3.616721e+00 dt=1.337391e-04
elapsed=3.686633e+01 cycle=25800 time=3.629898e+00 dt=1.313867e-04
elapsed=3.701363e+01 cycle=25900 time=3.643250e+00 dt=1.339140e-04
elapsed=3.715212e+01 cycle=26000 time=3.656463e+00 dt=1.291378e-04
elapsed=3.729081e+01 cycle=26100 time=3.669114e+00 dt=1.240133e-04
elapsed=3.743920e+01 cycle=26200 time=3.681038e+00 dt=1.164672e-04
elapsed=3.757792e+01 cycle=26300 time=3.695391e+00 dt=1.483115e-04
elapsed=3.772495e+01 cycle=26400 time=3.710444e+00 dt=1.521910e-04
elapsed=3.786286e+01 cycle=26500 time=3.725751e+00 dt=1.551818e-04
elapsed=3.801056e+01 cycle=26600 time=3.741288e+00 dt=1.545025e-04
elapsed=3.814883e+01 cycle=26700 time=3.756777e+00 dt=1.574072e-04
elapsed=3.829617e+01 cycle=26800 time=3.772497e+00 dt=1.559887e-04
elapsed=3.843456e+01 cycle=26900 time=3.787458e+00 dt=1.437684e-04
elapsed=3.858218e+01 cycle=27000 time=3.801440e+00 dt=1.375283e-04
elapsed=3.872051e+01 cycle=27100 time=3.815386e+00 dt=1.428280e-04
elapsed=3.885877e+01 cycle=27200 time=3.829454e+00 dt=1.368157e-04
elapsed=3.900622e+01 cycle=27300 time=3.842761e+00 dt=1.292962e-04
elapsed=3.914517e+01 cycle=27400 time=3.855331e+00 dt=1.237217e-04
elapsed=3.928317e+01 cycle=27500 time=3.867954e+00 dt=1.286713e-04
elapsed=3.943131e+01 cycle=27600 time=3.881100e+00 dt=1.356327e-04
elapsed=3.957073e+01 cycle=27700 time=3.894507e+00 dt=1.311349e-04
elapsed=3.970984e+01 cycle=27800 time=3.907632e+00 dt=1.380126e-04
elapsed=3.985840e+01 cycle=27900 time=3.921732e+00 dt=1.404986e-04
elapsed=3.999753e+01 cycle=28000 time=3.935852e+00 dt=1.420823e-04
elapsed=4.014655e+01 cycle=28100 time=3.950137e+00 dt=1.433966e-04
elapsed=4.028641e+01 cycle=28200 time=3.964380e+00 dt=1.433739e-04
elapsed=4.042639e+01 cycle=28300 time=3.978737e+00 dt=1.443210e-04
elapsed=4.057602e+01 cycle=28400 time=3.993335e+00 dt=1.474922e-04
elapsed=4.071728e+01 cycle=28500 time=4.008238e+00 dt=1.500098e-04
elapsed=4.086692e+01 cycle=28600 time=4.023254e+00 dt=1.499045e-04
elapsed=4.100718e+01 cycle=28700 time=4.038220e+00 dt=1.495818e-04
elapsed=4.115669e+01 cycle=28800 time=4.052917e+00 dt=1.439983e-04
elapsed=4.129707e+01 cycle=28900 time=4.067079e+00 dt=1.389777e-04
elapsed=4.144698e+01 cycle=29000 time=4.080703e+00 dt=1.339680e-04
elapsed=4.158770e+01 cycle=29100 time=4.094048e+00 dt=1.338624e-04
elapsed=4.172811e+01 cycle=29200 time=4.107530e+00 dt=1.351778e-04
elapsed=4.187706e+01 cycle=29300 time=4.121175e+00 dt=1.369129e-04
elapsed=4.201618e+01 cycle=29400 time=4.135027e+00 dt=1.404386e-04
elapsed=4.215534e+01 cycle=29500 time=4.149186e+00 dt=1.422726e-04
elapsed=4.230362e+01 cycle=29600 time=4.163500e+00 dt=1.432200e-04
elapsed=4.244291e+01 cycle=29700 time=4.177847e+00 dt=1.427986e-04
elapsed=4.259110e+01 cycle=29800 time=4.192092e+00 dt=1.405986e-04
elapsed=4.273026e+01 cycle=29900 time=4.206029e+00 dt=1.374453e-04
elapsed=4.286968e+01 cycle=30000 time=4.219679e+00 dt=1.361513e-04
elapsed=4.301860e+01 cycle=30100 time=4.233311e+00 dt=1.354893e-04
elapsed=4.315836e+01 cycle=30200 time=4.246598e+00 dt=1.306234e-04
elapsed=4.329814e+01 cycle=30300 time=4.259852e+00 dt=1.330462e-04
elapsed=4.344659e+01 cycle=30400 time=4.273681e+00 dt=1.398578e-04
elapsed=4.358635e+01 cycle=30500 time=4.287395e+00 dt=1.320264e-04
elapsed=4.372659e+01 cycle=30600 time=4.299930e+00 dt=1.193097e-04
elapsed=4.387613e+01 cycle=30700 time=4.313216e+00 dt=1.377988e-04
elapsed=4.401579e+01 cycle=30800 time=4.326305e+00 dt=1.213878e-04
elapsed=4.415503e+01 cycle=30900 time=4.339567e+00 dt=1.335577e-04
elapsed=4.430296e+01 cycle=31000 time=4.352375e+00 dt=1.227755e-04
elapsed=4.444181e+01 cycle=31100 time=4.364292e+00 dt=1.159378e-04
elapsed=4.458073e+01 cycle=31200 time=4.375709e+00 dt=1.118874e-04
elapsed=4.472025e+01 cycle=31300 time=4.386789e+00 dt=1.096318e-04
elapsed=4.485906e+01 cycle=31400 time=4.397536e+00 dt=1.077322e-04
elapsed=4.499778e+01 cycle=31500 time=4.408445e+00 dt=1.095585e-04
elapsed=4.514623e+01 cycle=31600 time=4.420544e+00 dt=1.247995e-04
elapsed=4.528580e+01 cycle=31700 time=4.432867e+00 dt=1.238417e-04
elapsed=4.542475e+01 cycle=31800 time=4.445414e+00 dt=1.268300e-04
elapsed=4.556361e+01 cycle=31900 time=4.458689e+00 dt=1.406405e-04
elapsed=4.571197e+01 cycle=32000 time=4.473104e+00 dt=1.415633e-04
elapsed=4.585037e+01 cycle=32100 time=4.487067e+00 dt=1.381605e-04
elapsed=4.599809e+01 cycle=32200 time=4.500895e+00 dt=1.371671e-04
elapsed=4.613725e+01 cycle=32300 time=4.514719e+00 dt=1.390528e-04
elapsed=4.627622e+01 cycle=32400 time=4.528477e+00 dt=1.363356e-04
elapsed=4.642402e+01 cycle=32500 time=4.542000e+00 dt=1.335492e-04
elapsed=4.656267e+01 cycle=32600 time=4.555291e+00 dt=1.321634e-04
elapsed=4.670121e+01 cycle=32700 time=4.568565e+00 dt=1.334770e-04
elapsed=4.684868e+01 cycle=32800 time=4.581797e+00 dt=1.314635e-04
elapsed=4.698755e+01 cycle=32900 time=4.594897e+00 dt=1.315178e-04
elapsed=4.712659e+01 cycle=33000 time=4.608317e+00 dt=1.357892e-04
elapsed=4.727425e+01 cycle=33100 time=4.621398e+00 dt=1.275514e-04
elapsed=4.741275e+01 cycle=33200 time=4.633765e+00 dt=1.221392e-04
elapsed=4.755177e+01 cycle=33300 time=4.645950e+00 dt=1.217974e-04
elapsed=4.769164e+01 cycle=33400 time=4.658157e+00 dt=1.227314e-04
elapsed=4.784086e+01 cycle=33500 time=4.670433e+00 dt=1.237571e-04
elapsed=4.798121e+01 cycle=33600 time=4.682571e+00 dt=1.217542e-04
elapsed=4.812104e+01 cycle=33700 time=4.694963e+00 dt=1.223715e-04
elapsed=4.826089e+01 cycle=33800 time=4.707141e+00 dt=1.208624e-04
elapsed=4.840081e+01 cycle=33900 time=4.719101e+00 dt=1.189933e-04
elapsed=4.854980e+01 cycle=34000 time=4.730858e+00 dt=1.164862e-04
elapsed=4.869023e+01 cycle=34100 time=4.742349e+00 dt=1.111166e-04
elapsed=4.883007e+01 cycle=34200 time=4.753165e+00 dt=1.067937e-04
elapsed=4.896967e+01 cycle=34300 time=4.764484e+00 dt=1.243794e-04
elapsed=4.910974e+01 cycle=34400 time=4.778728e+00 dt=1.459014e-04
elapsed=4.925812e+01 cycle=34500 time=4.793194e+00 dt=1.453005e-04
elapsed=4.939687e+01 cycle=34600 time=4.807643e+00 dt=1.418250e-04
elapsed=4.954479e+01 cycle=34700 time=4.821411e+00 dt=1.312555e-04
elapsed=4.968477e+01 cycle=34800 time=4.834100e+00 dt=1.229573e-04
elapsed=4.982464e+01 cycle=34900 time=4.846154e+00 dt=1.193854e-04
elapsed=4.996488e+01 cycle=35000 time=4.857946e+00 dt=1.173898e-04
elapsed=5.010517e+01 cycle=35100 time=4.869814e+00 dt=1.212988e-04
elapsed=5.025406e+01 cycle=35200 time=4.882022e+00 dt=1.178579e-04
elapsed=5.039339e+01 cycle=35300 time=4.893789e+00 dt=1.282426e-04
elapsed=5.053253e+01 cycle=35400 time=4.906560e+00 dt=1.281752e-04
elapsed=5.067139e+01 cycle=35500 time=4.919434e+00 dt=1.294893e-04
elapsed=5.081961e+01 cycle=35600 time=4.932507e+00 dt=1.307729e-04
elapsed=5.095921e+01 cycle=35700 time=4.945384e+00 dt=1.281611e-04
elapsed=5.109906e+01 cycle=35800 time=4.958061e+00 dt=1.271836e-04
elapsed=5.124774e+01 cycle=35900 time=4.971158e+00 dt=1.360178e-04
elapsed=5.138794e+01 cycle=36000 time=4.985071e+00 dt=1.418578e-04
elapsed=5.152877e+01 cycle=36100 time=4.998682e+00 dt=1.289097e-04
elapsed=5.167960e+01 cycle=36200 time=5.011412e+00 dt=1.311158e-04
elapsed=5.181918e+01 cycle=36300 time=5.025360e+00 dt=1.422280e-04
elapsed=5.195840e+01 cycle=36400 time=5.039568e+00 dt=1.412854e-04
elapsed=5.210676e+01 cycle=36500 time=5.053532e+00 dt=1.378217e-04
elapsed=5.224588e+01 cycle=36600 time=5.066988e+00 dt=1.278656e-04
elapsed=5.238482e+01 cycle=36700 time=5.079681e+00 dt=1.293484e-04
elapsed=5.253273e+01 cycle=36800 time=5.093188e+00 dt=1.397444e-04
elapsed=5.267214e+01 cycle=36900 time=5.106708e+00 dt=1.253587e-04
elapsed=5.281179e+01 cycle=37000 time=5.118826e+00 dt=1.284011e-04
elapsed=5.296151e+01 cycle=37100 time=5.132033e+00 dt=1.331735e-04
elapsed=5.310252e+01 cycle=37200 time=5.144886e+00 dt=1.265174e-04
elapsed=5.324312e+01 cycle=37300 time=5.157965e+00 dt=1.419675e-04
elapsed=5.339291e+01 cycle=37400 time=5.172762e+00 dt=1.490371e-04
elapsed=5.353350e+01 cycle=37500 time=5.187379e+00 dt=1.436750e-04
elapsed=5.368286e+01 cycle=37600 time=5.201308e+00 dt=1.342923e-04
elapsed=5.382293e+01 cycle=37700 time=5.214375e+00 dt=1.261204e-04
elapsed=5.396220e+01 cycle=37800 time=5.226810e+00 dt=1.198411e-04
elapsed=5.410132e+01 cycle=37900 time=5.238710e+00 dt=1.193179e-04
elapsed=5.424937e+01 cycle=38000 time=5.250621e+00 dt=1.187089e-04
elapsed=5.438800e+01 cycle=38100 time=5.262936e+00 dt=1.305792e-04
elapsed=5.452667e+01 cycle=38200 time=5.276972e+00 dt=1.490526e-04
elapsed=5.467477e+01 cycle=38300 time=5.292074e+00 dt=1.502297e-04
elapsed=5.481373e+01 cycle=38400 time=5.307131e+00 dt=1.507244e-04
elapsed=5.496271e+01 cycle=38500 time=5.322306e+00 dt=1.528969e-04
elapsed=5.510273e+01 cycle=38600 time=5.337596e+00 dt=1.526411e-04
elapsed=5.525150e+01 cycle=38700 time=5.352895e+00 dt=1.528679e-04
elapsed=5.539153e+01 cycle=38800 time=5.368210e+00 dt=1.543720e-04
elapsed=5.554009e+01 cycle=38900 time=5.383451e+00 dt=1.500898e-04
elapsed=5.567908e+01 cycle=39000 time=5.398339e+00 dt=1.488118e-04
elapsed=5.582715e+01 cycle=39100 time=5.413276e+00 dt=1.486379e-04
elapsed=5.596659e+01 cycle=39200 time=5.428167e+00 dt=1.476438e-04
elapsed=5.611525e+01 cycle=39300 time=5.442962e+00 dt=1.460699e-04
elapsed=5.625469e+01 cycle=39400 time=5.457364e+00 dt=1.406821e-04
elapsed=5.640299e+01 cycle=39500 time=5.471308e+00 dt=1.368232e-04
elapsed=5.654255e+01 cycle=39600 time=5.484889e+00 dt=1.358701e-04
elapsed=5.668237e+01 cycle=39700 time=5.498496e+00 dt=1.369316e-04
elapsed=5.683016e+01 cycle=39800 time=5.511902e+00 dt=1.292091e-04
elapsed=5.696951e+01 cycle=39900 time=5.523993e+00 dt=1.103348e-04
elapsed=5.710864e+01 cycle=40000 time=5.536428e+00 dt=1.484424e-04
elapsed=5.725721e+01 cycle=40100 time=5.551227e+00 dt=1.459934e-04
elapsed=5.739673e+01 cycle=40200 time=5.565576e+00 dt=1.415194e-04
elapsed=5.753658e+01 cycle=40300 time=5.579375e+00 dt=1.338653e-04
elapsed=5.768579e+01 cycle=40400 time=5.592549e+00 dt=1.299377e-04
elapsed=5.782649e+01 cycle=40500 time=5.605284e+00 dt=1.254514e-04
elapsed=5.796756e+01 cycle=40600 time=5.617999e+00 dt=1.280942e-04
elapsed=5.811784e+01 cycle=40700 time=5.630821e+00 dt=1.281801e-04
elapsed=5.827620e+01 cycle=40800 time=5.643667e+00 dt=1.302704e-04
elapsed=5.841691e+01 cycle=40900 time=5.657004e+00 dt=1.357997e-04
elapsed=5.856634e+01 cycle=41000 time=5.670458e+00 dt=1.309574e-04
elapsed=5.870671e+01 cycle=41100 time=5.683041e+00 dt=1.245517e-04
elapsed=5.884673e+01 cycle=41200 time=5.696190e+00 dt=1.433358e-04
elapsed=5.899694e+01 cycle=41300 time=5.710546e+00 dt=1.416141e-04
elapsed=5.913718e+01 cycle=41400 time=5.724017e+00 dt=1.300642e-04
elapsed=5.927744e+01 cycle=41500 time=5.736661e+00 dt=1.230470e-04
elapsed=5.941776e+01 cycle=41600 time=5.748870e+00 dt=1.210074e-04
elapsed=5.956705e+01 cycle=41700 time=5.761712e+00 dt=1.395121e-04
elapsed=5.970729e+01 cycle=41800 time=5.776380e+00 dt=1.515472e-04
elapsed=5.985716e+01 cycle=41900 time=5.791337e+00 dt=1.464234e-04
elapsed=5.999692e+01 cycle=42000 time=5.805548e+00 dt=1.360768e-04
elapsed=6.013657e+01 cycle=42100 time=5.818570e+00 dt=1.236413e-04
elapsed=6.028520e+01 cycle=42200 time=5.830417e+00 dt=1.144496e-04
elapsed=6.042400e+01 cycle=42300 time=5.841698e+00 dt=1.104295e-04
elapsed=6.056319e+01 cycle=42400 time=5.853129e+00 dt=1.200537e-04
elapsed=6.070308e+01 cycle=42500 time=5.864564e+00 dt=1.088269e-04
elapsed=6.084266e+01 cycle=42600 time=5.875479e+00 dt=1.284957e-04
elapsed=6.098267e+01 cycle=42700 time=5.888785e+00 dt=1.271161e-04
elapsed=6.113224e+01 cycle=42800 time=5.901104e+00 dt=1.222595e-04
elapsed=6.127219e+01 cycle=42900 time=5.913436e+00 dt=1.286797e-04
elapsed=6.141227e+01 cycle=43000 time=5.925799e+00 dt=1.177118e-04
elapsed=6.155174e+01 cycle=43100 time=5.936892e+00 dt=1.057482e-04
elapsed=6.169167e+01 cycle=43200 time=5.947203e+00 dt=1.016902e-04
elapsed=6.183147e+01 cycle=43300 time=5.957323e+00 dt=1.012093e-04
elapsed=6.197168e+01 cycle=43400 time=5.967524e+00 dt=1.043581e-04
elapsed=6.211168e+01 cycle=43500 time=5.978536e+00 dt=1.156149e-04
elapsed=6.226013e+01 cycle=43600 time=5.990796e+00 dt=1.288759e-04
elapsed=6.240076e+01 cycle=43700 time=6.003629e+00 dt=1.258928e-04
elapsed=6.254096e+01 cycle=43800 time=6.015754e+00 dt=1.187696e-04
elapsed=6.268074e+01 cycle=43900 time=6.027238e+00 dt=1.076414e-04
elapsed=6.282094e+01 cycle=44000 time=6.037794e+00 dt=1.030037e-04
elapsed=6.296137e+01 cycle=44100 time=6.048497e+00 dt=1.143530e-04
elapsed=6.311089e+01 cycle=44200 time=6.061255e+00 dt=1.367657e-04
elapsed=6.325061e+01 cycle=44300 time=6.075187e+00 dt=1.404611e-04
elapsed=6.339037e+01 cycle=44400 time=6.089065e+00 dt=1.372453e-04
elapsed=6.353934e+01 cycle=44500 time=6.102588e+00 dt=1.338727e-04
elapsed=6.367825e+01 cycle=44600 time=6.116099e+00 dt=1.362088e-04
elapsed=6.381710e+01 cycle=44700 time=6.129911e+00 dt=1.392593e-04
elapsed=6.396559e+01 cycle=44800 time=6.143774e+00 dt=1.392521e-04
elapsed=6.410434e+01 cycle=44900 time=6.157699e+00 dt=1.392209e-04
elapsed=6.425218e+01 cycle=45000 time=6.171478e+00 dt=1.360427e-04
elapsed=6.439043e+01 cycle=45100 time=6.185205e+00 dt=1.390995e-04
elapsed=6.452924e+01 cycle=45200 time=6.199452e+00 dt=1.466370e-04
elapsed=6.467813e+01 cycle=45300 time=6.214097e+00 dt=1.464600e-04
elapsed=6.481713e+01 cycle=45400 time=6.228891e+00 dt=1.498068e-04
elapsed=6.496499e+01 cycle=45500 time=6.243980e+00 dt=1.521715e-04
elapsed=6.510422e+01 cycle=45600 time=6.259225e+00 dt=1.531464e-04
elapsed=6.525196e+01 cycle=45700 time=6.274602e+00 dt=1.531448e-04
elapsed=6.539056e+01 cycle=45800 time=6.289870e+00 dt=1.516510e-04
elapsed=6.553784e+01 cycle=45900 time=6.304887e+00 dt=1.502333e-04
elapsed=6.567575e+01 cycle=46000 time=6.319925e+00 dt=1.503931e-04
elapsed=6.582240e+01 cycle=46100 time=6.335067e+00 dt=1.504722e-04
elapsed=6.596001e+01 cycle=46200 time=6.349985e+00 dt=1.483977e-04
elapsed=6.610718e+01 cycle=46300 time=6.364623e+00 dt=1.454109e-04
elapsed=6.624465e+01 cycle=46400 time=6.379336e+00 dt=1.478017e-04
elapsed=6.639134e+01 cycle=46500 time=6.393894e+00 dt=1.452602e-04
elapsed=6.652896e+01 cycle=46600 time=6.408423e+00 dt=1.424080e-04
elapsed=6.667552e+01 cycle=46700 time=6.422314e+00 dt=1.357662e-04
elapsed=6.681346e+01 cycle=46800 time=6.435800e+00 dt=1.312215e-04
elapsed=6.695181e+01 cycle=46900 time=6.448416e+00 dt=1.208391e-04
elapsed=6.709983e+01 cycle=47000 time=6.460150e+00 dt=1.148977e-04
elapsed=6.723761e+01 cycle=47100 time=6.471318e+00 dt=1.060461e-04
elapsed=6.737548e+01 cycle=47200 time=6.481602e+00 dt=1.014755e-04
elapsed=6.751292e+01 cycle=47300 time=6.492331e+00 dt=1.267878e-04
elapsed=6.764996e+01 cycle=47400 time=6.505269e+00 dt=1.242410e-04
elapsed=6.778720e+01 cycle=47500 time=6.517980e+00 dt=1.336158e-04
elapsed=6.793354e+01 cycle=47600 time=6.532046e+00 dt=1.474713e-04
elapsed=6.807120e+01 cycle=47700 time=6.546676e+00 dt=1.446624e-04
elapsed=6.821803e+01 cycle=47800 time=6.560858e+00 dt=1.391936e-04
elapsed=6.835565e+01 cycle=47900 time=6.574632e+00 dt=1.355688e-04
elapsed=6.849318e+01 cycle=48000 time=6.588205e+00 dt=1.356239e-04
elapsed=6.864025e+01 cycle=48100 time=6.601602e+00 dt=1.327884e-04
elapsed=6.877768e+01 cycle=48200 time=6.614961e+00 dt=1.317381e-04
elapsed=6.891519e+01 cycle=48300 time=6.628516e+00 dt=1.423197e-04
elapsed=6.906214e+01 cycle=48400 time=6.642667e+00 dt=1.399660e-04
elapsed=6.919992e+01 cycle=48500 time=6.656690e+00 dt=1.415659e-04
elapsed=6.934701e+01 cycle=48600 time=6.671213e+00 dt=1.483618e-04
elapsed=6.948660e+01 cycle=48700 time=6.686047e+00 dt=1.465822e-04
elapsed=6.963478e+01 cycle=48800 time=6.700644e+00 dt=1.435432e-04
elapsed=6.977375e+01 cycle=48900 time=6.714304e+00 dt=1.292387e-04
elapsed=6.991285e+01 cycle=49000 time=6.726652e+00 dt=1.205346e-04
elapsed=7.005171e+01 cycle=49100 time=6.739864e+00 dt=1.418355e-04
elapsed=7.020016e+01 cycle=49200 time=6.754757e+00 dt=1.466187e-04
elapsed=7.033912e+01 cycle=49300 time=6.769549e+00 dt=1.488574e-04
elapsed=7.048696e+01 cycle=49400 time=6.784756e+00 dt=1.517713e-04
elapsed=7.062536e+01 cycle=49500 time=6.799367e+00 dt=1.416559e-04
elapsed=7.077236e+01 cycle=49600 time=6.813855e+00 dt=1.429260e-04
elapsed=7.091036e+01 cycle=49700 time=6.827981e+00 dt=1.403358e-04
elapsed=7.105749e+01 cycle=49800 time=6.841870e+00 dt=1.377581e-04
elapsed=7.119582e+01 cycle=49900 time=6.855587e+00 dt=1.384841e-04
elapsed=7.133395e+01 cycle=50000 time=6.869024e+00 dt=1.277419e-04
elapsed=7.148160e+01 cycle=50100 time=6.881718e+00 dt=1.260415e-04
elapsed=7.162059e+01 cycle=50200 time=6.894074e+00 dt=1.214858e-04
elapsed=7.175995e+01 cycle=50300 time=6.906203e+00 dt=1.215561e-04
elapsed=7.189952e+01 cycle=50400 time=6.918533e+00 dt=1.239141e-04
elapsed=7.204795e+01 cycle=50500 time=6.931345e+00 dt=1.323541e-04
elapsed=7.218723e+01 cycle=50600 time=6.944896e+00 dt=1.370174e-04
elapsed=7.232588e+01 cycle=50700 time=6.958339e+00 dt=1.273642e-04
elapsed=7.247329e+01 cycle=50800 time=6.971839e+00 dt=1.406690e-04
elapsed=7.261200e+01 cycle=50900 time=6.985597e+00 dt=1.315889e-04
elapsed=7.275142e+01 cycle=51000 time=6.998339e+00 dt=1.347301e-04
elapsed=7.290079e+01 cycle=51100 time=7.012159e+00 dt=1.432568e-04
elapsed=7.303971e+01 cycle=51200 time=7.026281e+00 dt=1.389254e-04
elapsed=7.317948e+01 cycle=51300 time=7.039872e+00 dt=1.337470e-04
elapsed=7.332747e+01 cycle=51400 time=7.053163e+00 dt=1.321258e-04
elapsed=7.346596e+01 cycle=51500 time=7.066481e+00 dt=1.352275e-04
elapsed=7.361394e+01 cycle=51600 time=7.080323e+00 dt=1.401456e-04
elapsed=7.375239e+01 cycle=51700 time=7.094228e+00 dt=1.386370e-04
elapsed=7.389096e+01 cycle=51800 time=7.108110e+00 dt=1.399824e-04
elapsed=7.403863e+01 cycle=51900 time=7.122139e+00 dt=1.387529e-04
elapsed=7.417714e+01 cycle=52000 time=7.135833e+00 dt=1.347564e-04
elapsed=7.431532e+01 cycle=52100 time=7.148952e+00 dt=1.256610e-04
elapsed=7.446199e+01 cycle=52200 time=7.160624e+00 dt=1.055383e-04
elapsed=7.459994e+01 cycle=52300 time=7.172573e+00 dt=1.430631e-04
elapsed=7.473867e+01 cycle=52400 time=7.186597e+00 dt=1.411059e-04
elapsed=7.488684e+01 cycle=52500 time=7.201057e+00 dt=1.420983e-04
elapsed=7.502633e+01 cycle=52600 time=7.215217e+00 dt=1.437294e-04
elapsed=7.516541e+01 cycle=52700 time=7.229263e+00 dt=1.413689e-04
elapsed=7.531242e+01 cycle=52800 time=7.244038e+00 dt=1.481184e-04
elapsed=7.545012e+01 cycle=52900 time=7.258399e+00 dt=1.422522e-04
elapsed=7.559642e+01 cycle=53000 time=7.272438e+00 dt=1.380084e-04
elapsed=7.573369e+01 cycle=53100 time=7.285901e+00 dt=1.294591e-04
elapsed=7.587063e+01 cycle=53200 time=7.298990e+00 dt=1.319806e-04
elapsed=7.601648e+01 cycle=53300 time=7.312299e+00 dt=1.340774e-04
elapsed=7.615319e+01 cycle=53400 time=7.325633e+00 dt=1.319102e-04
elapsed=7.629036e+01 cycle=53500 time=7.338854e+00 dt=1.327832e-04
elapsed=7.643614e+01 cycle=53600 time=7.352385e+00 dt=1.379562e-04
elapsed=7.657287e+01 cycle=53700 time=7.366252e+00 dt=1.398411e-04
elapsed=7.671911e+01 cycle=53800 time=7.380185e+00 dt=1.378865e-04
elapsed=7.685616e+01 cycle=53900 time=7.393888e+00 dt=1.357499e-04
elapsed=7.699337e+01 cycle=54000 time=7.407161e+00 dt=1.309028e-04
elapsed=7.713107e+01 cycle=54100 time=7.419898e+00 dt=1.248229e-04
elapsed=7.727790e+01 cycle=54200 time=7.432226e+00 dt=1.225289e-04
elapsed=7.741513e+01 cycle=54300 time=7.444623e+00 dt=1.256576e-04
elapsed=7.755206e+01 cycle=54400 time=7.457263e+00 dt=1.267363e-04
elapsed=7.768928e+01 cycle=54500 time=7.469382e+00 dt=1.174619e-04
elapsed=7.783617e+01 cycle=54600 time=7.481050e+00 dt=1.143053e-04
elapsed=7.797341e+01 cycle=54700 time=7.492682e+00 dt=1.164468e-04
elapsed=7.811087e+01 cycle=54800 time=7.504803e+00 dt=1.224439e-04
elapsed=7.824853e+01 cycle=54900 time=7.516921e+00 dt=1.205963e-04
elapsed=7.838584e+01 cycle=55000 time=7.529105e+00 dt=1.229268e-04
elapsed=7.853217e+01 cycle=55100 time=7.541827e+00 dt=1.301345e-04
elapsed=7.866907e+01 cycle=55200 time=7.555549e+00 dt=1.462865e-04
elapsed=7.881547e+01 cycle=55300 time=7.570247e+00 dt=1.476934e-04
elapsed=7.895262e+01 cycle=55400 time=7.584952e+00 dt=1.457410e-04
elapsed=7.908991e+01 cycle=55500 time=7.599353e+00 dt=1.425465e-04
elapsed=7.923673e+01 cycle=55600 time=7.613527e+00 dt=1.405633e-04
elapsed=7.937372e+01 cycle=55700 time=7.627484e+00 dt=1.391359e-04
elapsed=7.951951e+01 cycle=55800 time=7.641595e+00 dt=1.445878e-04
elapsed=7.965669e+01 cycle=55900 time=7.656130e+00 dt=1.459704e-04
elapsed=7.980324e+01 cycle=56000 time=7.670537e+00 dt=1.426351e-04
elapsed=7.994136e+01 cycle=56100 time=7.684893e+00 dt=1.453471e-04
elapsed=8.008010e+01 cycle=56200 time=7.699790e+00 dt=1.511769e-04
elapsed=8.022711e+01 cycle=56300 time=7.714787e+00 dt=1.493061e-04
elapsed=8.036576e+01 cycle=56400 time=7.729659e+00 dt=1.452222e-04
elapsed=8.051260e+01 cycle=56500 time=7.743502e+00 dt=1.315741e-04
elapsed=8.065059e+01 cycle=56600 time=7.757241e+00 dt=1.496308e-04
elapsed=8.079793e+01 cycle=56700 time=7.772139e+00 dt=1.497096e-04
elapsed=8.093638e+01 cycle=56800 time=7.787354e+00 dt=1.542747e-04
elapsed=8.108459e+01 cycle=56900 time=7.802085e+00 dt=1.495826e-04
elapsed=8.122294e+01 cycle=57000 time=7.817043e+00 dt=1.525109e-04
elapsed=8.137089e+01 cycle=57100 time=7.832446e+00 dt=1.559787e-04
elapsed=8.151000e+01 cycle=57200 time=7.848040e+00 dt=1.551835e-04
elapsed=8.165870e+01 cycle=57300 time=7.863475e+00 dt=1.539455e-04
elapsed=8.179850e+01 cycle=57400 time=7.878991e+00 dt=1.564058e-04
elapsed=8.194675e+01 cycle=57500 time=7.894641e+00 dt=1.570624e-04
elapsed=8.209452e+01 cycle=57600 time=7.910213e+00 dt=1.555804e-04
elapsed=8.223286e+01 cycle=57700 time=7.925706e+00 dt=1.529456e-04
elapsed=8.238091e+01 cycle=57800 time=7.940649e+00 dt=1.467181e-04
elapsed=8.251957e+01 cycle=57900 time=7.955074e+00 dt=1.415504e-04
elapsed=8.265813e+01 cycle=58000 time=7.969175e+00 dt=1.397536e-04
elapsed=8.280612e+01 cycle=58100 time=7.983416e+00 dt=1.430238e-04
elapsed=8.294528e+01 cycle=58200 time=7.997660e+00 dt=1.381700e-04
elapsed=8.309444e+01 cycle=58300 time=8.010736e+00 dt=1.232911e-04
elapsed=8.323351e+01 cycle=58400 time=8.023777e+00 dt=1.434844e-04
elapsed=8.337319e+01 cycle=58500 time=8.039234e+00 dt=1.530197e-04
elapsed=8.352139e+01 cycle=58600 time=8.054664e+00 dt=1.601086e-04
elapsed=8.366981e+01 cycle=58700 time=8.070807e+00 dt=1.621549e-04
elapsed=8.380872e+01 cycle=58800 time=8.086978e+00 dt=1.606419e-04
elapsed=8.395607e+01 cycle=58900 time=8.102951e+00 dt=1.589378e-04
elapsed=8.409438e+01 cycle=59000 time=8.118774e+00 dt=1.565463e-04
elapsed=8.424140e+01 cycle=59100 time=8.134227e+00 dt=1.531592e-04
elapsed=8.437904e+01 cycle=59200 time=8.149292e+00 dt=1.478649e-04
elapsed=8.452640e+01 cycle=59300 time=8.163830e+00 dt=1.441432e-04
elapsed=8.466469e+01 cycle=59400 time=8.178252e+00 dt=1.463942e-04
elapsed=8.481206e+01 cycle=59500 time=8.193147e+00 dt=1.503288e-04
elapsed=8.495012e+01 cycle=59600 time=8.208127e+00 dt=1.490397e-04
elapsed=8.509834e+01 cycle=59700 time=8.223005e+00 dt=1.495868e-04
elapsed=8.523737e+01 cycle=59800 time=8.237920e+00 dt=1.479339e-04
elapsed=8.538523e+01 cycle=59900 time=8.252823e+00 dt=1.534770e-04
elapsed=8.552282e+01 cycle=60000 time=8.268113e+00 dt=1.511639e-04
elapsed=8.567006e+01 cycle=60100 time=8.283067e+00 dt=1.495790e-04
elapsed=8.580749e+01 cycle=60200 time=8.298262e+00 dt=1.544174e-04
elapsed=8.595331e+01 cycle=60300 time=8.313777e+00 dt=1.556300e-04
elapsed=8.609044e+01 cycle=60400 time=8.329407e+00 dt=1.570471e-04
elapsed=8.623674e+01 cycle=60500 time=8.345096e+00 dt=1.572016e-04
elapsed=8.638369e+01 cycle=60600 time=8.360850e+00 dt=1.571310e-04
elapsed=8.652265e+01 cycle=60700 time=8.376553e+00 dt=1.562370e-04
elapsed=8.667015e+01 cycle=60800 time=8.392057e+00 dt=1.532179e-04
elapsed=8.680824e+01 cycle=60900 time=8.407149e+00 dt=1.492878e-04
elapsed=8.695544e+01 cycle=61000 time=8.421973e+00 dt=1.477729e-04
elapsed=8.709365e+01 cycle=61100 time=8.436757e+00 dt=1.483713e-04
elapsed=8.724062e+01 cycle=61200 time=8.451684e+00 dt=1.508068e-04
elapsed=8.737813e+01 cycle=61300 time=8.466745e+00 dt=1.498836e-04
elapsed=8.752510e+01 cycle=61400 time=8.481783e+00 dt=1.511031e-04
elapsed=8.766360e+01 cycle=61500 time=8.496806e+00 dt=1.478851e-04
elapsed=8.781204e+01 cycle=61600 time=8.511364e+00 dt=1.445024e-04
elapsed=8.795133e+01 cycle=61700 time=8.525640e+00 dt=1.430232e-04
elapsed=8.809971e+01 cycle=61800 time=8.540021e+00 dt=1.454765e-04
elapsed=8.823871e+01 cycle=61900 time=8.554575e+00 dt=1.450233e-04
elapsed=8.837721e+01 cycle=62000 time=8.568958e+00 dt=1.436186e-04
elapsed=8.852552e+01 cycle=62100 time=8.583092e+00 dt=1.371126e-04
elapsed=8.866527e+01 cycle=62200 time=8.596436e+00 dt=1.304453e-04
elapsed=8.880459e+01 cycle=62300 time=8.609470e+00 dt=1.314430e-04
elapsed=8.895301e+01 cycle=62400 time=8.622816e+00 dt=1.333330e-04
elapsed=8.909213e+01 cycle=62500 time=8.636140e+00 dt=1.341986e-04
elapsed=8.923122e+01 cycle=62600 time=8.649416e+00 dt=1.313389e-04
elapsed=8.937990e+01 cycle=62700 time=8.662391e+00 dt=1.287712e-04
elapsed=8.951974e+01 cycle=62800 time=8.675183e+00 dt=1.272068e-04
elapsed=8.965955e+01 cycle=62900 time=8.687830e+00 dt=1.246046e-04
elapsed=8.980838e+01 cycle=63000 time=8.700254e+00 dt=1.225012e-04
elapsed=8.994761e+01 cycle=63100 time=8.712562e+00 dt=1.210482e-04
elapsed=9.008751e+01 cycle=63200 time=8.724751e+00 dt=1.213219e-04
elapsed=9.022751e+01 cycle=63300 time=8.737050e+00 dt=1.246238e-04
elapsed=9.036739e+01 cycle=63400 time=8.749532e+00 dt=1.255874e-04
elapsed=9.051659e+01 cycle=63500 time=8.762096e+00 dt=1.253324e-04
elapsed=9.065714e+01 cycle=63600 time=8.774358e+00 dt=1.200318e-04
elapsed=9.079661e+01 cycle=63700 time=8.786020e+00 dt=1.135194e-04
elapsed=9.093622e+01 cycle=63800 time=8.797493e+00 dt=1.176640e-04
elapsed=9.107624e+01 cycle=63900 time=8.809310e+00 dt=1.152440e-04
elapsed=9.122535e+01 cycle=64000 time=8.820802e+00 dt=1.234878e-04
elapsed=9.136552e+01 cycle=64100 time=8.833913e+00 dt=1.311881e-04
elapsed=9.150591e+01 cycle=64200 time=8.847024e+00 dt=1.299421e-04
elapsed=9.164646e+01 cycle=64300 time=8.859796e+00 dt=1.231009e-04
elapsed=9.179606e+01 cycle=64400 time=8.871656e+00 dt=1.151330e-04
elapsed=9.193648e+01 cycle=64500 time=8.883216e+00 dt=1.187369e-04
elapsed=9.207687e+01 cycle=64600 time=8.895258e+00 dt=1.196393e-04
elapsed=9.221695e+01 cycle=64700 time=8.907130e+00 dt=1.174984e-04
elapsed=9.235646e+01 cycle=64800 time=8.918811e+00 dt=1.164376e-04
elapsed=9.250475e+01 cycle=64900 time=8.930488e+00 dt=1.158551e-04
elapsed=9.264377e+01 cycle=65000 time=8.942147e+00 dt=1.151705e-04
elapsed=9.278253e+01 cycle=65100 time=8.953565e+00 dt=1.145703e-04
elapsed=9.292018e+01 cycle=65200 time=8.964855e+00 dt=1.100281e-04
elapsed=9.305725e+01 cycle=65300 time=8.975776e+00 dt=1.132509e-04
elapsed=9.319504e+01 cycle=65400 time=8.987282e+00 dt=1.140075e-04
elapsed=9.333193e+01 cycle=65500 time=8.998542e+00 dt=1.107558e-04
elapsed=9.346952e+01 cycle=65600 time=9.009575e+00 dt=1.095610e-04
elapsed=9.361619e+01 cycle=65700 time=9.020422e+00 dt=1.079860e-04
elapsed=9.375316e+01 cycle=65800 time=9.031245e+00 dt=1.109383e-04
elapsed=9.389048e+01 cycle=65900 time=9.042117e+00 dt=1.081104e-04
elapsed=9.402849e+01 cycle=66000 time=9.053512e+00 dt=1.151215e-04
elapsed=9.416747e+01 cycle=66100 time=9.064848e+00 dt=1.125971e-04
elapsed=9.430691e+01 cycle=66200 time=9.076369e+00 dt=1.233503e-04
elapsed=9.444624e+01 cycle=66300 time=9.088806e+00 dt=1.271011e-04
elapsed=9.459491e+01 cycle=66400 time=9.101475e+00 dt=1.266401e-04
elapsed=9.473386e+01 cycle=66500 time=9.114085e+00 dt=1.242702e-04
elapsed=9.487320e+01 cycle=66600 time=9.126406e+00 dt=1.227298e-04
elapsed=9.501265e+01 cycle=66700 time=9.138741e+00 dt=1.232789e-04
elapsed=9.516084e+01 cycle=66800 time=9.151131e+00 dt=1.243128e-04
elapsed=9.529996e+01 cycle=66900 time=9.163657e+00 dt=1.239920e-04
elapsed=9.543888e+01 cycle=67000 time=9.175730e+00 dt=1.192613e-04
elapsed=9.557787e+01 cycle=67100 time=9.187064e+00 dt=1.081272e-04
elapsed=9.571742e+01 cycle=67200 time=9.197501e+00 dt=1.006604e-04
elapsed=9.585682e+01 cycle=67300 time=9.207441e+00 dt=9.960108e-05
elapsed=9.599645e+01 cycle=67400 time=9.218696e+00 dt=1.244970e-04
elapsed=9.614481e+01 cycle=67500 time=9.230874e+00 dt=1.199863e-04
elapsed=9.628367e+01 cycle=67600 time=9.242781e+00 dt=1.194886e-04
elapsed=9.642244e+01 cycle=67700 time=9.254842e+00 dt=1.211038e-04
elapsed=9.656116e+01 cycle=67800 time=9.267022e+00 dt=1.243497e-04
elapsed=9.669998e+01 cycle=67900 time=9.279685e+00 dt=1.269036e-04
elapsed=9.684807e+01 cycle=68000 time=9.291948e+00 dt=1.168729e-04
elapsed=9.698632e+01 cycle=68100 time=9.303280e+00 dt=1.142954e-04
elapsed=9.712438e+01 cycle=68200 time=9.315235e+00 dt=1.217865e-04
elapsed=9.726266e+01 cycle=68300 time=9.327442e+00 dt=1.210720e-04
elapsed=9.740073e+01 cycle=68400 time=9.339439e+00 dt=1.183524e-04
elapsed=9.754816e+01 cycle=68500 time=9.351024e+00 dt=1.132025e-04
elapsed=9.768681e+01 cycle=68600 time=9.362271e+00 dt=1.120907e-04
elapsed=9.782562e+01 cycle=68700 time=9.373532e+00 dt=1.135281e-04
elapsed=9.796407e+01 cycle=68800 time=9.385027e+00 dt=1.159473e-04
elapsed=9.810329e+01 cycle=68900 time=9.396801e+00 dt=1.186962e-04
elapsed=9.824174e+01 cycle=69000 time=9.408710e+00 dt=1.211442e-04
elapsed=9.838916e+01 cycle=69100 time=9.420856e+00 dt=1.196833e-04
elapsed=9.852781e+01 cycle=69200 time=9.432662e+00 dt=1.170531e-04
elapsed=9.866712e+01 cycle=69300 time=9.444319e+00 dt=1.166520e-04
elapsed=9.880587e+01 cycle=69400 time=9.456116e+00 dt=1.178758e-04
elapsed=9.894417e+01 cycle=69500 time=9.467869e+00 dt=1.172204e-04
elapsed=9.908297e+01 cycle=69600 time=9.479394e+00 dt=1.157871e-04
elapsed=9.923046e+01 cycle=69700 time=9.490785e+00 dt=1.061859e-04
elapsed=9.936873e+01 cycle=69800 time=9.501185e+00 dt=1.023598e-04
elapsed=9.950698e+01 cycle=69900 time=9.511698e+00 dt=1.093194e-04
elapsed=9.964600e+01 cycle=70000 time=9.522948e+00 dt=1.153168e-04
elapsed=9.978425e+01 cycle=70100 time=9.534680e+00 dt=1.177875e-04
elapsed=9.992289e+01 cycle=70200 time=9.546886e+00 dt=1.283660e-04
elapsed=1.000620e+02 cycle=70300 time=9.559685e+00 dt=1.227657e-04
elapsed=1.002107e+02 cycle=70400 time=9.571875e+00 dt=1.289580e-04
elapsed=1.003498e+02 cycle=70500 time=9.585143e+00 dt=1.338786e-04
elapsed=1.004884e+02 cycle=70600 time=9.598472e+00 dt=1.317418e-04
elapsed=1.006355e+02 cycle=70700 time=9.611488e+00 dt=1.287398e-04
elapsed=1.007729e+02 cycle=70800 time=9.624182e+00 dt=1.268105e-04
elapsed=1.009112e+02 cycle=70900 time=9.636934e+00 dt=1.275589e-04
elapsed=1.010498e+02 cycle=71000 time=9.649581e+00 dt=1.237087e-04
elapsed=1.011984e+02 cycle=71100 time=9.661908e+00 dt=1.229324e-04
elapsed=1.013383e+02 cycle=71200 time=9.673969e+00 dt=1.180298e-04
elapsed=1.014781e+02 cycle=71300 time=9.685626e+00 dt=1.153455e-04
elapsed=1.016174e+02 cycle=71400 time=9.697009e+00 dt=1.121677e-04
elapsed=1.017564e+02 cycle=71500 time=9.708115e+00 dt=1.100420e-04
elapsed=1.018956e+02 cycle=71600 time=9.718670e+00 dt=1.029751e-04
elapsed=1.020347e+02 cycle=71700 time=9.729246e+00 dt=1.062230e-04
elapsed=1.021734e+02 cycle=71800 time=9.739817e+00 dt=1.052251e-04
elapsed=1.023217e+02 cycle=71900 time=9.750311e+00 dt=1.047109e-04
elapsed=1.024603e+02 cycle=72000 time=9.760768e+00 dt=1.044206e-04
elapsed=1.025989e+02 cycle=72100 time=9.771094e+00 dt=1.007484e-04
elapsed=1.027385e+02 cycle=72200 time=9.781047e+00 dt=9.933022e-05
elapsed=1.028787e+02 cycle=72300 time=9.791099e+00 dt=1.007461e-04
elapsed=1.030189e+02 cycle=72400 time=9.801215e+00 dt=1.016534e-04
elapsed=1.031585e+02 cycle=72500 time=9.811409e+00 dt=1.016992e-04
elapsed=1.032982e+02 cycle=72600 time=9.821522e+00 dt=1.005741e-04
elapsed=1.034377e+02 cycle=72700 time=9.831542e+00 dt=9.982360e-05
elapsed=1.035770e+02 cycle=72800 time=9.841546e+00 dt=1.005640e-04
elapsed=1.037171e+02 cycle=72900 time=9.851655e+00 dt=1.008745e-04
elapsed=1.038566e+02 cycle=73000 time=9.861683e+00 dt=9.967617e-05
elapsed=1.039959e+02 cycle=73100 time=9.871581e+00 dt=9.893456e-05
elapsed=1.041354e+02 cycle=73200 time=9.881568e+00 dt=1.005752e-04
elapsed=1.042747e+02 cycle=73300 time=9.891582e+00 dt=9.963090e-05
elapsed=1.044141e+02 cycle=73400 time=9.901501e+00 dt=9.875058e-05
elapsed=1.045537e+02 cycle=73500 time=9.911347e+00 dt=9.725496e-05
elapsed=1.046936e+02 cycle=73600 time=9.921155e+00 dt=9.876007e-05
elapsed=1.048330e+02 cycle=73700 time=9.930937e+00 dt=9.663250e-05
elapsed=1.049722e+02 cycle=73800 time=9.940462e+00 dt=9.410040e-05
elapsed=1.051021e+02 cycle=73900 time=9.949799e+00 dt=9.287621e-05
elapsed=1.052417e+02 cycle=74000 time=9.959138e+00 dt=9.396078e-05
elapsed=1.053818e+02 cycle=74100 time=9.968538e+00 dt=9.338628e-05
elapsed=1.055215e+02 cycle=74200 time=9.977902e+00 dt=9.481206e-05
elapsed=1.056607e+02 cycle=74300 time=9.987100e+00 dt=8.825118e-05
elapsed=1.058009e+02 cycle=74400 time=9.996581e+00 dt=9.778079e-05

Terminating on time limit
time=1.000000e+01 cycle=74435
tlim=1.000000e+01 nlim=-1

MeshBlock-cycles = 2381920
cpu time used  = 1.058424e+02
zone-cycles/cpu_second = 2.304451e+07
particle-updates/cpu_second = 0.000000e+00
