Using device: cuda
===========================================================================
 MOCK SG TILED: Full Diagnostics & Animation Suite (1.25 pc)
 Output directory: tiled_outputs/test_run
===========================================================================

[1] Initializing SimulationData objects via ergane...
  HR Simulation: 501 frames found.
  Subgrid Simulation: 1001 frames found.
  LR Simulation: 1001 frames found.
  Processing 501 common frames between HR (from snap 500), SG, and LR...

[2] Loading simulation frames into memory...
Extracting frames:   0%|          | 0/501 [00:00<?, ?it/s]Extracting frames:   1%|          | 3/501 [00:00<00:25, 19.83it/s]Extracting frames:   1%|          | 5/501 [00:00<00:25, 19.63it/s]Extracting frames:   1%|▏         | 7/501 [00:00<00:25, 19.67it/s]Extracting frames:   2%|▏         | 9/501 [00:00<00:25, 19.47it/s]Extracting frames:   2%|▏         | 11/501 [00:00<00:25, 19.53it/s]Extracting frames:   3%|▎         | 13/501 [00:00<00:25, 19.43it/s]Extracting frames:   3%|▎         | 16/501 [00:00<00:24, 19.67it/s]Extracting frames:   4%|▎         | 18/501 [00:00<00:24, 19.73it/s]Extracting frames:   4%|▍         | 20/501 [00:01<00:24, 19.75it/s]Extracting frames:   4%|▍         | 22/501 [00:01<00:24, 19.61it/s]Extracting frames:   5%|▍         | 24/501 [00:01<00:24, 19.56it/s]Extracting frames:   5%|▌         | 26/501 [00:01<00:24, 19.46it/s]Extracting frames:   6%|▌         | 28/501 [00:01<00:24, 19.32it/s]Extracting frames:   6%|▌         | 31/501 [00:01<00:23, 19.91it/s]Extracting frames:   7%|▋         | 33/501 [00:01<00:23, 19.87it/s]Extracting frames:   7%|▋         | 35/501 [00:01<00:23, 19.64it/s]Extracting frames:   7%|▋         | 37/501 [00:01<00:23, 19.58it/s]Extracting frames:   8%|▊         | 39/501 [00:01<00:23, 19.41it/s]Extracting frames:   8%|▊         | 41/501 [00:02<00:23, 19.44it/s]Extracting frames:   9%|▊         | 43/501 [00:02<00:23, 19.49it/s]Extracting frames:   9%|▉         | 46/501 [00:02<00:22, 20.42it/s]Extracting frames:  10%|▉         | 49/501 [00:02<00:21, 20.94it/s]Extracting frames:  10%|█         | 52/501 [00:02<00:20, 21.43it/s]Extracting frames:  11%|█         | 55/501 [00:02<00:20, 21.77it/s]Extracting frames:  12%|█▏        | 58/501 [00:02<00:20, 21.90it/s]Extracting frames:  12%|█▏        | 61/501 [00:02<00:19, 22.29it/s]Extracting frames:  13%|█▎        | 64/501 [00:03<00:19, 22.44it/s]Extracting frames:  13%|█▎        | 67/501 [00:03<00:19, 22.21it/s]Extracting frames:  14%|█▍        | 70/501 [00:03<00:19, 22.37it/s]Extracting frames:  15%|█▍        | 73/501 [00:03<00:19, 22.31it/s]Extracting frames:  15%|█▌        | 76/501 [00:03<00:19, 22.32it/s]Extracting frames:  16%|█▌        | 79/501 [00:03<00:18, 22.32it/s]Extracting frames:  16%|█▋        | 82/501 [00:03<00:18, 22.33it/s]Extracting frames:  17%|█▋        | 85/501 [00:04<00:18, 22.28it/s]Extracting frames:  18%|█▊        | 88/501 [00:04<00:18, 22.40it/s]Extracting frames:  18%|█▊        | 91/501 [00:04<00:18, 22.57it/s]Extracting frames:  19%|█▉        | 94/501 [00:04<00:17, 22.66it/s]Extracting frames:  19%|█▉        | 97/501 [00:04<00:17, 22.63it/s]Extracting frames:  20%|█▉        | 100/501 [00:04<00:17, 22.59it/s]Extracting frames:  21%|██        | 103/501 [00:04<00:17, 22.60it/s]Extracting frames:  21%|██        | 106/501 [00:04<00:17, 22.68it/s]Extracting frames:  22%|██▏       | 109/501 [00:05<00:17, 22.76it/s]Extracting frames:  22%|██▏       | 112/501 [00:05<00:17, 22.63it/s]Extracting frames:  23%|██▎       | 115/501 [00:05<00:17, 22.57it/s]Extracting frames:  24%|██▎       | 118/501 [00:05<00:16, 22.55it/s]Extracting frames:  24%|██▍       | 121/501 [00:05<00:16, 22.59it/s]Extracting frames:  25%|██▍       | 124/501 [00:05<00:16, 22.46it/s]Extracting frames:  25%|██▌       | 127/501 [00:05<00:16, 22.78it/s]Extracting frames:  26%|██▌       | 130/501 [00:06<00:16, 22.78it/s]Extracting frames:  27%|██▋       | 133/501 [00:06<00:16, 22.58it/s]Extracting frames:  27%|██▋       | 136/501 [00:06<00:16, 22.67it/s]Extracting frames:  28%|██▊       | 139/501 [00:06<00:15, 22.68it/s]Extracting frames:  28%|██▊       | 142/501 [00:06<00:15, 22.67it/s]Extracting frames:  29%|██▉       | 145/501 [00:06<00:15, 22.87it/s]Extracting frames:  30%|██▉       | 148/501 [00:06<00:15, 23.01it/s]Extracting frames:  30%|███       | 151/501 [00:06<00:15, 23.04it/s]Extracting frames:  31%|███       | 154/501 [00:07<00:15, 23.12it/s]Extracting frames:  31%|███▏      | 157/501 [00:07<00:14, 23.11it/s]Extracting frames:  32%|███▏      | 160/501 [00:07<00:14, 23.09it/s]Extracting frames:  33%|███▎      | 163/501 [00:07<00:14, 22.99it/s]Extracting frames:  33%|███▎      | 166/501 [00:07<00:14, 22.98it/s]Extracting frames:  34%|███▎      | 169/501 [00:07<00:14, 23.03it/s]Extracting frames:  34%|███▍      | 172/501 [00:07<00:14, 23.05it/s]Extracting frames:  35%|███▍      | 175/501 [00:08<00:14, 23.06it/s]Extracting frames:  36%|███▌      | 178/501 [00:08<00:13, 23.09it/s]Extracting frames:  36%|███▌      | 181/501 [00:08<00:13, 22.93it/s]Extracting frames:  37%|███▋      | 184/501 [00:08<00:13, 22.98it/s]Extracting frames:  37%|███▋      | 187/501 [00:08<00:13, 23.05it/s]Extracting frames:  38%|███▊      | 190/501 [00:08<00:13, 22.83it/s]Extracting frames:  39%|███▊      | 193/501 [00:08<00:13, 22.85it/s]Extracting frames:  39%|███▉      | 196/501 [00:08<00:13, 23.00it/s]Extracting frames:  40%|███▉      | 199/501 [00:09<00:13, 22.78it/s]Extracting frames:  40%|████      | 202/501 [00:09<00:13, 22.93it/s]Extracting frames:  41%|████      | 205/501 [00:09<00:12, 22.99it/s]Extracting frames:  42%|████▏     | 208/501 [00:09<00:12, 22.85it/s]Extracting frames:  42%|████▏     | 211/501 [00:09<00:12, 22.77it/s]Extracting frames:  43%|████▎     | 214/501 [00:09<00:12, 22.69it/s]Extracting frames:  43%|████▎     | 217/501 [00:09<00:12, 22.80it/s]Extracting frames:  44%|████▍     | 220/501 [00:09<00:12, 22.63it/s]Extracting frames:  45%|████▍     | 223/501 [00:10<00:12, 22.60it/s]Extracting frames:  45%|████▌     | 226/501 [00:10<00:12, 22.54it/s]Extracting frames:  46%|████▌     | 229/501 [00:10<00:12, 22.48it/s]Extracting frames:  46%|████▋     | 232/501 [00:10<00:11, 22.58it/s]Extracting frames:  47%|████▋     | 235/501 [00:10<00:11, 22.58it/s]Extracting frames:  48%|████▊     | 238/501 [00:10<00:11, 22.59it/s]Extracting frames:  48%|████▊     | 241/501 [00:10<00:11, 22.79it/s]Extracting frames:  49%|████▊     | 244/501 [00:11<00:11, 22.81it/s]Extracting frames:  49%|████▉     | 247/501 [00:11<00:11, 23.07it/s]Extracting frames:  50%|████▉     | 250/501 [00:11<00:10, 22.94it/s]Extracting frames:  50%|█████     | 253/501 [00:11<00:10, 22.96it/s]Extracting frames:  51%|█████     | 256/501 [00:11<00:10, 22.86it/s]Extracting frames:  52%|█████▏    | 259/501 [00:11<00:10, 22.57it/s]Extracting frames:  52%|█████▏    | 262/501 [00:11<00:10, 22.63it/s]Extracting frames:  53%|█████▎    | 265/501 [00:11<00:10, 22.62it/s]Extracting frames:  53%|█████▎    | 268/501 [00:12<00:10, 22.79it/s]Extracting frames:  54%|█████▍    | 271/501 [00:12<00:10, 22.98it/s]Extracting frames:  55%|█████▍    | 274/501 [00:12<00:09, 22.94it/s]Extracting frames:  55%|█████▌    | 277/501 [00:12<00:09, 22.83it/s]Extracting frames:  56%|█████▌    | 280/501 [00:12<00:09, 22.89it/s]Extracting frames:  56%|█████▋    | 283/501 [00:12<00:09, 22.66it/s]Extracting frames:  57%|█████▋    | 286/501 [00:12<00:09, 22.73it/s]Extracting frames:  58%|█████▊    | 289/501 [00:13<00:09, 22.63it/s]Extracting frames:  58%|█████▊    | 292/501 [00:13<00:09, 22.59it/s]Extracting frames:  59%|█████▉    | 295/501 [00:13<00:09, 22.52it/s]Extracting frames:  59%|█████▉    | 298/501 [00:13<00:08, 22.65it/s]Extracting frames:  60%|██████    | 301/501 [00:13<00:08, 22.63it/s]Extracting frames:  61%|██████    | 304/501 [00:13<00:08, 22.66it/s]Extracting frames:  61%|██████▏   | 307/501 [00:13<00:08, 22.57it/s]Extracting frames:  62%|██████▏   | 310/501 [00:13<00:08, 22.94it/s]Extracting frames:  62%|██████▏   | 313/501 [00:14<00:08, 22.95it/s]Extracting frames:  63%|██████▎   | 316/501 [00:14<00:08, 22.77it/s]Extracting frames:  64%|██████▎   | 319/501 [00:14<00:07, 22.84it/s]Extracting frames:  64%|██████▍   | 322/501 [00:14<00:07, 22.85it/s]Extracting frames:  65%|██████▍   | 325/501 [00:14<00:07, 22.78it/s]Extracting frames:  65%|██████▌   | 328/501 [00:14<00:07, 22.84it/s]Extracting frames:  66%|██████▌   | 331/501 [00:14<00:07, 22.64it/s]Extracting frames:  67%|██████▋   | 334/501 [00:15<00:07, 22.58it/s]Extracting frames:  67%|██████▋   | 337/501 [00:15<00:07, 22.65it/s]Extracting frames:  68%|██████▊   | 340/501 [00:15<00:07, 22.66it/s]Extracting frames:  68%|██████▊   | 343/501 [00:15<00:06, 22.67it/s]Extracting frames:  69%|██████▉   | 346/501 [00:15<00:06, 22.65it/s]Extracting frames:  70%|██████▉   | 349/501 [00:15<00:06, 22.94it/s]Extracting frames:  70%|███████   | 352/501 [00:15<00:06, 23.06it/s]Extracting frames:  71%|███████   | 355/501 [00:15<00:06, 23.10it/s]Extracting frames:  71%|███████▏  | 358/501 [00:16<00:06, 23.16it/s]Extracting frames:  72%|███████▏  | 361/501 [00:16<00:06, 23.31it/s]Extracting frames:  73%|███████▎  | 364/501 [00:16<00:05, 23.35it/s]Extracting frames:  73%|███████▎  | 367/501 [00:16<00:05, 23.39it/s]Extracting frames:  74%|███████▍  | 370/501 [00:16<00:05, 23.44it/s]Extracting frames:  74%|███████▍  | 373/501 [00:16<00:05, 23.44it/s]Extracting frames:  75%|███████▌  | 376/501 [00:16<00:05, 23.38it/s]Extracting frames:  76%|███████▌  | 379/501 [00:16<00:05, 23.18it/s]Extracting frames:  76%|███████▌  | 382/501 [00:17<00:05, 23.20it/s]Extracting frames:  77%|███████▋  | 385/501 [00:17<00:04, 23.22it/s]Extracting frames:  77%|███████▋  | 388/501 [00:17<00:04, 23.34it/s]Extracting frames:  78%|███████▊  | 391/501 [00:17<00:04, 23.45it/s]Extracting frames:  79%|███████▊  | 394/501 [00:17<00:04, 23.16it/s]Extracting frames:  79%|███████▉  | 397/501 [00:17<00:04, 23.03it/s]Extracting frames:  80%|███████▉  | 400/501 [00:17<00:04, 22.89it/s]Extracting frames:  80%|████████  | 403/501 [00:17<00:04, 22.66it/s]Extracting frames:  81%|████████  | 406/501 [00:18<00:04, 22.59it/s]Extracting frames:  82%|████████▏ | 409/501 [00:18<00:04, 22.53it/s]Extracting frames:  82%|████████▏ | 412/501 [00:18<00:03, 22.62it/s]Extracting frames:  83%|████████▎ | 415/501 [00:18<00:03, 22.51it/s]Extracting frames:  83%|████████▎ | 418/501 [00:18<00:03, 22.51it/s]Extracting frames:  84%|████████▍ | 421/501 [00:18<00:03, 22.43it/s]Extracting frames:  85%|████████▍ | 424/501 [00:18<00:03, 22.52it/s]Extracting frames:  85%|████████▌ | 427/501 [00:19<00:03, 22.50it/s]Extracting frames:  86%|████████▌ | 430/501 [00:19<00:03, 22.64it/s]Extracting frames:  86%|████████▋ | 433/501 [00:19<00:03, 22.64it/s]Extracting frames:  87%|████████▋ | 436/501 [00:19<00:02, 22.62it/s]Extracting frames:  88%|████████▊ | 439/501 [00:19<00:02, 22.49it/s]Extracting frames:  88%|████████▊ | 442/501 [00:19<00:02, 22.24it/s]Extracting frames:  89%|████████▉ | 445/501 [00:19<00:02, 22.21it/s]Extracting frames:  89%|████████▉ | 448/501 [00:19<00:02, 22.20it/s]Extracting frames:  90%|█████████ | 451/501 [00:20<00:02, 22.05it/s]Extracting frames:  91%|█████████ | 454/501 [00:20<00:02, 22.09it/s]Extracting frames:  91%|█████████ | 457/501 [00:20<00:01, 22.09it/s]Extracting frames:  92%|█████████▏| 460/501 [00:20<00:01, 22.11it/s]Extracting frames:  92%|█████████▏| 463/501 [00:20<00:01, 22.27it/s]Extracting frames:  93%|█████████▎| 466/501 [00:20<00:01, 22.66it/s]Extracting frames:  94%|█████████▎| 469/501 [00:20<00:01, 22.85it/s]Extracting frames:  94%|█████████▍| 472/501 [00:21<00:01, 22.85it/s]Extracting frames:  95%|█████████▍| 475/501 [00:21<00:01, 23.03it/s]Extracting frames:  95%|█████████▌| 478/501 [00:21<00:00, 23.19it/s]Extracting frames:  96%|█████████▌| 481/501 [00:21<00:00, 23.26it/s]Extracting frames:  97%|█████████▋| 484/501 [00:21<00:00, 23.29it/s]Extracting frames:  97%|█████████▋| 487/501 [00:21<00:00, 23.39it/s]Extracting frames:  98%|█████████▊| 490/501 [00:21<00:00, 23.43it/s]Extracting frames:  98%|█████████▊| 493/501 [00:21<00:00, 23.53it/s]Extracting frames:  99%|█████████▉| 496/501 [00:22<00:00, 23.46it/s]Extracting frames: 100%|█████████▉| 499/501 [00:22<00:00, 23.53it/s]Extracting frames: 100%|██████████| 501/501 [00:22<00:00, 22.47it/s]
/home/sasi/miniconda3/lib/python3.14/multiprocessing/resource_tracker.py:475: UserWarning: resource_tracker: There appear to be 1 leaked semaphore objects to clean up at shutdown: {'/mp-st3fx7m9'}
  warnings.warn(
Killed
