
Root grid = 4 x 8 x 1 MeshBlocks
Total number of MeshBlocks = 32
Number of logical  levels of refinement = 3 (4 levels total)
Number of physical levels of refinement = 0 (1 levels total)
Number of parallel ranks = 1
### WARNING in /home/sasi/Projects/SubgridCGMModel/athenak/src/parameter_input.cpp: input parameter <mesh>/ix3_bc = periodic was not used by the code (check for a typo)
### WARNING in /home/sasi/Projects/SubgridCGMModel/athenak/src/parameter_input.cpp: input parameter <mesh>/ox3_bc = periodic was not used by the code (check for a typo)
### WARNING in /home/sasi/Projects/SubgridCGMModel/athenak/src/parameter_input.cpp: input parameter <meshblock>/nx3 = 1 was not used by the code (check for a typo)

Setup complete, executing task list(s)...

elapsed=6.635375e-02 cycle=0 time=0.000000e+00 dt=4.314425e-05
elapsed=7.900403e+00 cycle=1000 time=4.299008e-02 dt=4.259503e-05
elapsed=1.557481e+01 cycle=2000 time=8.486306e-02 dt=4.133056e-05
elapsed=2.323036e+01 cycle=3000 time=1.241028e-01 dt=3.910659e-05
elapsed=3.097130e+01 cycle=4000 time=1.620209e-01 dt=3.506213e-05
elapsed=3.857168e+01 cycle=5000 time=1.996861e-01 dt=3.805018e-05
elapsed=4.636160e+01 cycle=6000 time=2.362569e-01 dt=3.711400e-05
elapsed=5.406583e+01 cycle=7000 time=2.734918e-01 dt=3.667578e-05
elapsed=6.185320e+01 cycle=8000 time=3.104299e-01 dt=3.564677e-05
elapsed=6.948616e+01 cycle=9000 time=3.464321e-01 dt=3.587469e-05
elapsed=7.721750e+01 cycle=10000 time=3.814520e-01 dt=3.463059e-05
elapsed=8.481837e+01 cycle=11000 time=4.154795e-01 dt=3.573644e-05
elapsed=9.246833e+01 cycle=12000 time=4.505109e-01 dt=3.581813e-05
elapsed=1.001323e+02 cycle=13000 time=4.862472e-01 dt=3.510919e-05
elapsed=1.077305e+02 cycle=14000 time=5.219088e-01 dt=3.589783e-05
elapsed=1.152898e+02 cycle=15000 time=5.584701e-01 dt=3.393083e-05
elapsed=1.229662e+02 cycle=16000 time=5.947610e-01 dt=3.497806e-05
elapsed=1.305113e+02 cycle=17000 time=6.291939e-01 dt=3.382816e-05
elapsed=1.381976e+02 cycle=18000 time=6.609842e-01 dt=3.401708e-05
elapsed=1.458279e+02 cycle=19000 time=6.944247e-01 dt=3.244848e-05
elapsed=1.534656e+02 cycle=20000 time=7.278838e-01 dt=3.553984e-05
elapsed=1.611434e+02 cycle=21000 time=7.612747e-01 dt=3.635942e-05
elapsed=1.687128e+02 cycle=22000 time=7.946644e-01 dt=3.144424e-05
elapsed=1.763462e+02 cycle=23000 time=8.278455e-01 dt=3.594118e-05
elapsed=1.840186e+02 cycle=24000 time=8.632704e-01 dt=3.403942e-05
elapsed=1.916184e+02 cycle=25000 time=8.966913e-01 dt=3.472551e-05
elapsed=1.993057e+02 cycle=26000 time=9.326995e-01 dt=3.680202e-05
elapsed=2.069689e+02 cycle=27000 time=9.675008e-01 dt=3.344796e-05
elapsed=2.146865e+02 cycle=28000 time=1.002281e+00 dt=3.490465e-05
elapsed=2.223280e+02 cycle=29000 time=1.036260e+00 dt=3.344394e-05
elapsed=2.300181e+02 cycle=30000 time=1.070840e+00 dt=3.562468e-05
elapsed=2.376565e+02 cycle=31000 time=1.104095e+00 dt=3.261685e-05
elapsed=2.452314e+02 cycle=32000 time=1.135985e+00 dt=3.550074e-05
elapsed=2.528533e+02 cycle=33000 time=1.169847e+00 dt=3.502076e-05
elapsed=2.604567e+02 cycle=34000 time=1.204033e+00 dt=3.605228e-05
elapsed=2.681038e+02 cycle=35000 time=1.238238e+00 dt=3.339167e-05
elapsed=2.756012e+02 cycle=36000 time=1.269614e+00 dt=3.075509e-05
elapsed=2.832811e+02 cycle=37000 time=1.303126e+00 dt=3.370892e-05
elapsed=2.910064e+02 cycle=38000 time=1.334865e+00 dt=3.216246e-05
elapsed=2.986847e+02 cycle=39000 time=1.367568e+00 dt=3.533831e-05
elapsed=3.062451e+02 cycle=40000 time=1.403383e+00 dt=3.605718e-05
elapsed=3.139175e+02 cycle=41000 time=1.438263e+00 dt=3.374615e-05
elapsed=3.216289e+02 cycle=42000 time=1.471700e+00 dt=3.386873e-05
elapsed=3.292136e+02 cycle=43000 time=1.503098e+00 dt=3.206179e-05
elapsed=3.368339e+02 cycle=44000 time=1.536125e+00 dt=2.901424e-05
elapsed=3.443966e+02 cycle=45000 time=1.567505e+00 dt=3.126546e-05
elapsed=3.521162e+02 cycle=46000 time=1.600118e+00 dt=3.517532e-05
elapsed=3.596404e+02 cycle=47000 time=1.632344e+00 dt=3.284635e-05
elapsed=3.672863e+02 cycle=48000 time=1.665383e+00 dt=2.783990e-05
elapsed=3.748314e+02 cycle=49000 time=1.698173e+00 dt=3.428159e-05
elapsed=3.824738e+02 cycle=50000 time=1.729566e+00 dt=3.245385e-05
elapsed=3.902878e+02 cycle=51000 time=1.762622e+00 dt=3.554740e-05
elapsed=3.979079e+02 cycle=52000 time=1.797070e+00 dt=3.333685e-05
elapsed=4.056068e+02 cycle=53000 time=1.831047e+00 dt=3.341928e-05
elapsed=4.131909e+02 cycle=54000 time=1.865242e+00 dt=3.360210e-05
elapsed=4.207935e+02 cycle=55000 time=1.897796e+00 dt=2.940727e-05
elapsed=4.284835e+02 cycle=56000 time=1.930880e+00 dt=3.428850e-05
elapsed=4.361619e+02 cycle=57000 time=1.964335e+00 dt=3.393910e-05
elapsed=4.438348e+02 cycle=58000 time=1.996477e+00 dt=3.419246e-05
elapsed=4.515400e+02 cycle=59000 time=2.031517e+00 dt=3.614309e-05
elapsed=4.591611e+02 cycle=60000 time=2.066829e+00 dt=3.408910e-05
elapsed=4.667929e+02 cycle=61000 time=2.097779e+00 dt=3.188433e-05
elapsed=4.744685e+02 cycle=62000 time=2.130237e+00 dt=3.199394e-05
elapsed=4.821179e+02 cycle=63000 time=2.162639e+00 dt=3.350355e-05
elapsed=4.896713e+02 cycle=64000 time=2.195310e+00 dt=3.193476e-05
elapsed=4.972866e+02 cycle=65000 time=2.227712e+00 dt=3.237677e-05
elapsed=5.050477e+02 cycle=66000 time=2.260112e+00 dt=3.289348e-05
elapsed=5.127455e+02 cycle=67000 time=2.292112e+00 dt=3.024060e-05
elapsed=5.203745e+02 cycle=68000 time=2.320587e+00 dt=2.941398e-05
elapsed=5.279504e+02 cycle=69000 time=2.349690e+00 dt=2.997881e-05
elapsed=5.357061e+02 cycle=70000 time=2.381429e+00 dt=3.336726e-05
elapsed=5.433590e+02 cycle=71000 time=2.414218e+00 dt=3.116664e-05
elapsed=5.510061e+02 cycle=72000 time=2.442024e+00 dt=2.822942e-05
elapsed=5.586240e+02 cycle=73000 time=2.472370e+00 dt=3.186387e-05
elapsed=5.663265e+02 cycle=74000 time=2.503559e+00 dt=3.127723e-05
elapsed=5.738737e+02 cycle=75000 time=2.534475e+00 dt=3.083106e-05
elapsed=5.815090e+02 cycle=76000 time=2.564498e+00 dt=2.815583e-05
elapsed=5.891958e+02 cycle=77000 time=2.594491e+00 dt=3.107010e-05
elapsed=5.968759e+02 cycle=78000 time=2.625246e+00 dt=3.030252e-05
elapsed=6.044538e+02 cycle=79000 time=2.654101e+00 dt=2.972848e-05
elapsed=6.120930e+02 cycle=80000 time=2.683538e+00 dt=2.854251e-05
elapsed=6.196679e+02 cycle=81000 time=2.713645e+00 dt=2.868753e-05
elapsed=6.272867e+02 cycle=82000 time=2.742544e+00 dt=3.380339e-05
elapsed=6.348757e+02 cycle=83000 time=2.775360e+00 dt=3.220447e-05
elapsed=6.424440e+02 cycle=84000 time=2.805624e+00 dt=2.936279e-05
elapsed=6.500255e+02 cycle=85000 time=2.836562e+00 dt=3.348230e-05
elapsed=6.576482e+02 cycle=86000 time=2.869203e+00 dt=3.132018e-05
elapsed=6.653427e+02 cycle=87000 time=2.899324e+00 dt=2.908889e-05
elapsed=6.731343e+02 cycle=88000 time=2.931628e+00 dt=3.262312e-05
elapsed=6.806951e+02 cycle=89000 time=2.964860e+00 dt=3.250468e-05
elapsed=6.883212e+02 cycle=90000 time=2.996711e+00 dt=3.411753e-05
elapsed=6.959135e+02 cycle=91000 time=3.027995e+00 dt=3.535094e-05
elapsed=7.036575e+02 cycle=92000 time=3.063161e+00 dt=3.370966e-05
elapsed=7.112007e+02 cycle=93000 time=3.095856e+00 dt=3.146224e-05
elapsed=7.188540e+02 cycle=94000 time=3.128791e+00 dt=3.645267e-05
elapsed=7.264612e+02 cycle=95000 time=3.164323e+00 dt=3.163661e-05
elapsed=7.340753e+02 cycle=96000 time=3.196526e+00 dt=3.443875e-05
elapsed=7.416991e+02 cycle=97000 time=3.231111e+00 dt=3.411093e-05
elapsed=7.493570e+02 cycle=98000 time=3.264515e+00 dt=3.568154e-05
elapsed=7.570006e+02 cycle=99000 time=3.297492e+00 dt=3.114442e-05
elapsed=7.647056e+02 cycle=100000 time=3.331504e+00 dt=3.444576e-05
elapsed=7.723358e+02 cycle=101000 time=3.362156e+00 dt=3.001964e-05
elapsed=7.798684e+02 cycle=102000 time=3.391943e+00 dt=2.883564e-05
elapsed=7.875229e+02 cycle=103000 time=3.422276e+00 dt=2.932784e-05
elapsed=7.950362e+02 cycle=104000 time=3.453975e+00 dt=2.896716e-05
elapsed=8.027123e+02 cycle=105000 time=3.481713e+00 dt=2.312821e-05
elapsed=8.102650e+02 cycle=106000 time=3.511392e+00 dt=2.881075e-05
elapsed=8.179248e+02 cycle=107000 time=3.541280e+00 dt=2.897942e-05
elapsed=8.255144e+02 cycle=108000 time=3.571801e+00 dt=3.066186e-05
elapsed=8.331140e+02 cycle=109000 time=3.602396e+00 dt=3.368211e-05
elapsed=8.407001e+02 cycle=110000 time=3.634294e+00 dt=2.892824e-05
elapsed=8.483575e+02 cycle=111000 time=3.664372e+00 dt=2.910130e-05
elapsed=8.559419e+02 cycle=112000 time=3.694161e+00 dt=2.885958e-05
elapsed=8.636113e+02 cycle=113000 time=3.724557e+00 dt=3.098620e-05
elapsed=8.711977e+02 cycle=114000 time=3.752912e+00 dt=2.535268e-05
elapsed=8.788633e+02 cycle=115000 time=3.784362e+00 dt=3.275446e-05
elapsed=8.864581e+02 cycle=116000 time=3.816587e+00 dt=2.767175e-05
elapsed=8.941170e+02 cycle=117000 time=3.847680e+00 dt=3.261025e-05
elapsed=9.016932e+02 cycle=118000 time=3.878532e+00 dt=2.927621e-05
elapsed=9.093416e+02 cycle=119000 time=3.908849e+00 dt=3.162906e-05
elapsed=9.170021e+02 cycle=120000 time=3.940473e+00 dt=3.109049e-05
elapsed=9.246015e+02 cycle=121000 time=3.970454e+00 dt=2.637034e-05
elapsed=9.321704e+02 cycle=122000 time=3.997877e+00 dt=3.188064e-05
elapsed=9.398174e+02 cycle=123000 time=4.029632e+00 dt=3.280066e-05
elapsed=9.474983e+02 cycle=124000 time=4.061823e+00 dt=3.256302e-05
elapsed=9.549989e+02 cycle=125000 time=4.093752e+00 dt=3.133823e-05
elapsed=9.626943e+02 cycle=126000 time=4.124316e+00 dt=2.821039e-05
elapsed=9.701992e+02 cycle=127000 time=4.152908e+00 dt=2.683071e-05
elapsed=9.777976e+02 cycle=128000 time=4.183822e+00 dt=3.030357e-05
elapsed=9.853913e+02 cycle=129000 time=4.214271e+00 dt=3.111250e-05
elapsed=9.930740e+02 cycle=130000 time=4.243429e+00 dt=3.033559e-05
elapsed=1.000679e+03 cycle=131000 time=4.272387e+00 dt=2.701192e-05
elapsed=1.008246e+03 cycle=132000 time=4.300669e+00 dt=2.974910e-05
elapsed=1.015720e+03 cycle=133000 time=4.330109e+00 dt=2.613343e-05
elapsed=1.023245e+03 cycle=134000 time=4.358617e+00 dt=2.707622e-05
elapsed=1.030797e+03 cycle=135000 time=4.385811e+00 dt=2.598661e-05
elapsed=1.038406e+03 cycle=136000 time=4.412473e+00 dt=2.614222e-05
elapsed=1.045817e+03 cycle=137000 time=4.437566e+00 dt=2.871087e-05
elapsed=1.053426e+03 cycle=138000 time=4.465923e+00 dt=2.766230e-05
elapsed=1.060963e+03 cycle=139000 time=4.494435e+00 dt=2.916774e-05
elapsed=1.068564e+03 cycle=140000 time=4.521461e+00 dt=2.548075e-05
elapsed=1.076062e+03 cycle=141000 time=4.547732e+00 dt=2.740459e-05
elapsed=1.083668e+03 cycle=142000 time=4.577466e+00 dt=2.957452e-05
elapsed=1.091211e+03 cycle=143000 time=4.606124e+00 dt=2.731472e-05
elapsed=1.098871e+03 cycle=144000 time=4.634140e+00 dt=2.727607e-05
elapsed=1.106447e+03 cycle=145000 time=4.663537e+00 dt=3.008806e-05
elapsed=1.114094e+03 cycle=146000 time=4.691778e+00 dt=2.758911e-05
elapsed=1.121642e+03 cycle=147000 time=4.720912e+00 dt=2.667329e-05
elapsed=1.129238e+03 cycle=148000 time=4.749927e+00 dt=2.867363e-05
elapsed=1.136959e+03 cycle=149000 time=4.780019e+00 dt=3.169123e-05
elapsed=1.144633e+03 cycle=150000 time=4.810321e+00 dt=3.086457e-05
elapsed=1.152259e+03 cycle=151000 time=4.840598e+00 dt=3.004424e-05
elapsed=1.159830e+03 cycle=152000 time=4.872576e+00 dt=3.439076e-05
elapsed=1.167387e+03 cycle=153000 time=4.906055e+00 dt=3.374805e-05
elapsed=1.175057e+03 cycle=154000 time=4.939134e+00 dt=3.113603e-05
elapsed=1.182634e+03 cycle=155000 time=4.967974e+00 dt=2.978813e-05
elapsed=1.190290e+03 cycle=156000 time=4.997103e+00 dt=2.777452e-05
elapsed=1.197884e+03 cycle=157000 time=5.027497e+00 dt=2.902779e-05
elapsed=1.205521e+03 cycle=158000 time=5.058191e+00 dt=3.028787e-05
elapsed=1.213123e+03 cycle=159000 time=5.088673e+00 dt=3.049987e-05
elapsed=1.220744e+03 cycle=160000 time=5.118701e+00 dt=2.931435e-05
elapsed=1.228226e+03 cycle=161000 time=5.149181e+00 dt=3.220358e-05
elapsed=1.235877e+03 cycle=162000 time=5.179556e+00 dt=3.137180e-05
elapsed=1.243540e+03 cycle=163000 time=5.210728e+00 dt=3.202669e-05
elapsed=1.251121e+03 cycle=164000 time=5.242855e+00 dt=3.061776e-05
elapsed=1.258669e+03 cycle=165000 time=5.273070e+00 dt=2.954419e-05
elapsed=1.266166e+03 cycle=166000 time=5.302743e+00 dt=3.222657e-05
elapsed=1.273799e+03 cycle=167000 time=5.335337e+00 dt=3.332737e-05
elapsed=1.281458e+03 cycle=168000 time=5.366198e+00 dt=3.268780e-05
elapsed=1.289115e+03 cycle=169000 time=5.395864e+00 dt=2.907232e-05
elapsed=1.296693e+03 cycle=170000 time=5.427019e+00 dt=3.232287e-05
elapsed=1.304371e+03 cycle=171000 time=5.461303e+00 dt=3.444808e-05
elapsed=1.311943e+03 cycle=172000 time=5.493638e+00 dt=3.503197e-05
elapsed=1.319538e+03 cycle=173000 time=5.526674e+00 dt=3.377869e-05
elapsed=1.327078e+03 cycle=174000 time=5.558009e+00 dt=2.789224e-05
elapsed=1.334792e+03 cycle=175000 time=5.590052e+00 dt=3.086373e-05
elapsed=1.342276e+03 cycle=176000 time=5.622161e+00 dt=3.524060e-05
elapsed=1.349867e+03 cycle=177000 time=5.656122e+00 dt=3.262172e-05
elapsed=1.357412e+03 cycle=178000 time=5.689862e+00 dt=3.383858e-05
elapsed=1.365137e+03 cycle=179000 time=5.722622e+00 dt=3.393571e-05
elapsed=1.372669e+03 cycle=180000 time=5.754262e+00 dt=3.181350e-05
elapsed=1.380291e+03 cycle=181000 time=5.788869e+00 dt=3.211109e-05
elapsed=1.387939e+03 cycle=182000 time=5.823758e+00 dt=3.333680e-05
elapsed=1.395545e+03 cycle=183000 time=5.859185e+00 dt=3.509716e-05
elapsed=1.403272e+03 cycle=184000 time=5.894985e+00 dt=3.787447e-05
elapsed=1.410872e+03 cycle=185000 time=5.932078e+00 dt=3.704621e-05
elapsed=1.418326e+03 cycle=186000 time=5.968762e+00 dt=3.544596e-05
elapsed=1.425997e+03 cycle=187000 time=6.002294e+00 dt=2.955849e-05
elapsed=1.433558e+03 cycle=188000 time=6.037576e+00 dt=3.413624e-05
elapsed=1.441221e+03 cycle=189000 time=6.071882e+00 dt=3.498581e-05
elapsed=1.448955e+03 cycle=190000 time=6.106336e+00 dt=3.169078e-05
elapsed=1.456505e+03 cycle=191000 time=6.139438e+00 dt=3.427610e-05
elapsed=1.464084e+03 cycle=192000 time=6.173764e+00 dt=3.342073e-05
elapsed=1.471629e+03 cycle=193000 time=6.207423e+00 dt=3.293095e-05
elapsed=1.479309e+03 cycle=194000 time=6.241146e+00 dt=3.461539e-05
elapsed=1.486851e+03 cycle=195000 time=6.274603e+00 dt=3.402793e-05
elapsed=1.494453e+03 cycle=196000 time=6.309087e+00 dt=3.469653e-05
elapsed=1.502045e+03 cycle=197000 time=6.343333e+00 dt=3.317914e-05
elapsed=1.509668e+03 cycle=198000 time=6.376255e+00 dt=3.445154e-05
elapsed=1.517284e+03 cycle=199000 time=6.407453e+00 dt=3.304851e-05
elapsed=1.524885e+03 cycle=200000 time=6.439676e+00 dt=3.220260e-05
elapsed=1.532507e+03 cycle=201000 time=6.471362e+00 dt=3.273237e-05
elapsed=1.540116e+03 cycle=202000 time=6.501556e+00 dt=3.107859e-05
elapsed=1.547702e+03 cycle=203000 time=6.531411e+00 dt=2.972147e-05
elapsed=1.555365e+03 cycle=204000 time=6.565237e+00 dt=3.388107e-05
elapsed=1.562969e+03 cycle=205000 time=6.597101e+00 dt=2.616553e-05
elapsed=1.570613e+03 cycle=206000 time=6.627487e+00 dt=3.164036e-05
elapsed=1.578192e+03 cycle=207000 time=6.659000e+00 dt=3.467814e-05
elapsed=1.585974e+03 cycle=208000 time=6.692474e+00 dt=3.297655e-05
elapsed=1.593554e+03 cycle=209000 time=6.725126e+00 dt=3.302158e-05
elapsed=1.601214e+03 cycle=210000 time=6.756405e+00 dt=3.068229e-05
elapsed=1.608757e+03 cycle=211000 time=6.789308e+00 dt=2.744297e-05
elapsed=1.616428e+03 cycle=212000 time=6.821048e+00 dt=3.447770e-05
elapsed=1.624121e+03 cycle=213000 time=6.855014e+00 dt=3.399205e-05
elapsed=1.631671e+03 cycle=214000 time=6.887291e+00 dt=3.104583e-05
elapsed=1.639237e+03 cycle=215000 time=6.917703e+00 dt=3.170400e-05
elapsed=1.646879e+03 cycle=216000 time=6.948338e+00 dt=3.045175e-05
elapsed=1.654492e+03 cycle=217000 time=6.977121e+00 dt=2.817342e-05
elapsed=1.662145e+03 cycle=218000 time=7.008115e+00 dt=3.087903e-05
elapsed=1.669740e+03 cycle=219000 time=7.037660e+00 dt=2.978006e-05
elapsed=1.677393e+03 cycle=220000 time=7.068008e+00 dt=3.036308e-05
elapsed=1.684974e+03 cycle=221000 time=7.097835e+00 dt=2.722787e-05
elapsed=1.692628e+03 cycle=222000 time=7.126466e+00 dt=2.928618e-05
elapsed=1.700299e+03 cycle=223000 time=7.154985e+00 dt=2.695538e-05
elapsed=1.707872e+03 cycle=224000 time=7.183286e+00 dt=3.030756e-05
elapsed=1.715442e+03 cycle=225000 time=7.212238e+00 dt=2.689574e-05
elapsed=1.722930e+03 cycle=226000 time=7.239456e+00 dt=2.817303e-05
elapsed=1.730611e+03 cycle=227000 time=7.267356e+00 dt=2.645816e-05
elapsed=1.738188e+03 cycle=228000 time=7.294345e+00 dt=2.699242e-05
elapsed=1.745739e+03 cycle=229000 time=7.324356e+00 dt=3.242202e-05
elapsed=1.753201e+03 cycle=230000 time=7.354409e+00 dt=2.913434e-05
elapsed=1.760811e+03 cycle=231000 time=7.384692e+00 dt=3.343716e-05
elapsed=1.768329e+03 cycle=232000 time=7.416083e+00 dt=2.984589e-05
elapsed=1.775946e+03 cycle=233000 time=7.447422e+00 dt=3.292273e-05
elapsed=1.783579e+03 cycle=234000 time=7.480401e+00 dt=3.168315e-05
elapsed=1.791200e+03 cycle=235000 time=7.511166e+00 dt=2.938658e-05
elapsed=1.798827e+03 cycle=236000 time=7.541387e+00 dt=3.095905e-05
elapsed=1.806491e+03 cycle=237000 time=7.572563e+00 dt=3.217427e-05
elapsed=1.814052e+03 cycle=238000 time=7.605872e+00 dt=3.263723e-05
elapsed=1.821648e+03 cycle=239000 time=7.637315e+00 dt=2.969000e-05
elapsed=1.829186e+03 cycle=240000 time=7.668081e+00 dt=3.210384e-05
elapsed=1.836833e+03 cycle=241000 time=7.701679e+00 dt=3.209698e-05
elapsed=1.844505e+03 cycle=242000 time=7.733365e+00 dt=3.245234e-05
elapsed=1.852113e+03 cycle=243000 time=7.765225e+00 dt=3.240104e-05
elapsed=1.859630e+03 cycle=244000 time=7.798327e+00 dt=3.014819e-05
elapsed=1.867201e+03 cycle=245000 time=7.829823e+00 dt=2.884900e-05
elapsed=1.874679e+03 cycle=246000 time=7.857109e+00 dt=2.886454e-05
elapsed=1.882217e+03 cycle=247000 time=7.885532e+00 dt=2.785426e-05
elapsed=1.889742e+03 cycle=248000 time=7.917770e+00 dt=3.440675e-05
elapsed=1.897248e+03 cycle=249000 time=7.949750e+00 dt=3.098399e-05
elapsed=1.904807e+03 cycle=250000 time=7.981169e+00 dt=3.073015e-05
elapsed=1.912325e+03 cycle=251000 time=8.010990e+00 dt=2.922728e-05
elapsed=1.919706e+03 cycle=252000 time=8.039477e+00 dt=3.167380e-05
elapsed=1.927139e+03 cycle=253000 time=8.069463e+00 dt=3.175058e-05
elapsed=1.934689e+03 cycle=254000 time=8.100841e+00 dt=3.403325e-05
elapsed=1.942121e+03 cycle=255000 time=8.131588e+00 dt=2.758570e-05
elapsed=1.949572e+03 cycle=256000 time=8.158872e+00 dt=2.646200e-05
elapsed=1.957085e+03 cycle=257000 time=8.188259e+00 dt=2.894463e-05
elapsed=1.964597e+03 cycle=258000 time=8.220809e+00 dt=3.024763e-05
elapsed=1.972092e+03 cycle=259000 time=8.252552e+00 dt=2.987371e-05
elapsed=1.979525e+03 cycle=260000 time=8.283692e+00 dt=3.183033e-05
elapsed=1.986937e+03 cycle=261000 time=8.313048e+00 dt=3.029376e-05
elapsed=1.994423e+03 cycle=262000 time=8.343544e+00 dt=3.112695e-05
elapsed=2.001927e+03 cycle=263000 time=8.373202e+00 dt=2.943453e-05
elapsed=2.009444e+03 cycle=264000 time=8.403396e+00 dt=3.064297e-05
elapsed=2.016884e+03 cycle=265000 time=8.432923e+00 dt=3.255715e-05
elapsed=2.024407e+03 cycle=266000 time=8.465648e+00 dt=3.563033e-05
elapsed=2.031971e+03 cycle=267000 time=8.501002e+00 dt=3.534757e-05
elapsed=2.039565e+03 cycle=268000 time=8.532359e+00 dt=2.948985e-05
elapsed=2.047005e+03 cycle=269000 time=8.564894e+00 dt=3.261469e-05
elapsed=2.054522e+03 cycle=270000 time=8.599433e+00 dt=3.349944e-05
elapsed=2.062044e+03 cycle=271000 time=8.633130e+00 dt=3.343395e-05
elapsed=2.069517e+03 cycle=272000 time=8.667930e+00 dt=3.476405e-05
elapsed=2.077081e+03 cycle=273000 time=8.701908e+00 dt=3.559306e-05
elapsed=2.084530e+03 cycle=274000 time=8.737362e+00 dt=3.831748e-05
