
Root grid = 4 x 8 x 1 MeshBlocks
Total number of MeshBlocks = 32
Number of logical  levels of refinement = 3 (4 levels total)
Number of physical levels of refinement = 0 (1 levels total)
Number of parallel ranks = 1
### WARNING in /home/sasi/Projects/SubgridCGMModel/athenak/src/parameter_input.cpp: input parameter <mesh>/ix3_bc = periodic was not used by the code (check for a typo)
### WARNING in /home/sasi/Projects/SubgridCGMModel/athenak/src/parameter_input.cpp: input parameter <mesh>/ox3_bc = periodic was not used by the code (check for a typo)
### WARNING in /home/sasi/Projects/SubgridCGMModel/athenak/src/parameter_input.cpp: input parameter <meshblock>/nx3 = 1 was not used by the code (check for a typo)

Setup complete, executing task list(s)...

elapsed=2.624544e-02 cycle=0 time=0.000000e+00 dt=8.628850e-05
elapsed=2.509968e+00 cycle=1000 time=8.526612e-02 dt=8.409624e-05
elapsed=4.953932e+00 cycle=2000 time=1.663623e-01 dt=7.621343e-05
elapsed=7.402809e+00 cycle=3000 time=2.430385e-01 dt=7.779119e-05
elapsed=9.842376e+00 cycle=4000 time=3.211293e-01 dt=7.747182e-05
elapsed=1.225868e+01 cycle=5000 time=3.948668e-01 dt=6.502528e-05
elapsed=1.466896e+01 cycle=6000 time=4.683654e-01 dt=6.607599e-05
elapsed=1.707101e+01 cycle=7000 time=5.429378e-01 dt=7.859103e-05
elapsed=1.947872e+01 cycle=8000 time=6.209937e-01 dt=7.959371e-05
elapsed=2.186961e+01 cycle=9000 time=6.978771e-01 dt=7.313804e-05
elapsed=2.426481e+01 cycle=10000 time=7.727625e-01 dt=7.710315e-05
elapsed=2.665537e+01 cycle=11000 time=8.467567e-01 dt=7.493826e-05
elapsed=2.905856e+01 cycle=12000 time=9.216043e-01 dt=7.350566e-05
elapsed=3.143995e+01 cycle=13000 time=9.903509e-01 dt=6.574315e-05
elapsed=3.382807e+01 cycle=14000 time=1.064058e+00 dt=7.717420e-05
elapsed=3.621931e+01 cycle=15000 time=1.136310e+00 dt=6.008478e-05
elapsed=3.860906e+01 cycle=16000 time=1.207244e+00 dt=7.104457e-05
elapsed=4.099745e+01 cycle=17000 time=1.275002e+00 dt=6.949478e-05
elapsed=4.336618e+01 cycle=18000 time=1.338747e+00 dt=6.395398e-05
elapsed=4.575205e+01 cycle=19000 time=1.403018e+00 dt=6.485994e-05
elapsed=4.813896e+01 cycle=20000 time=1.470553e+00 dt=6.586288e-05
elapsed=5.050891e+01 cycle=21000 time=1.537520e+00 dt=6.867509e-05
elapsed=5.289876e+01 cycle=22000 time=1.608569e+00 dt=7.238003e-05
elapsed=5.530597e+01 cycle=23000 time=1.681022e+00 dt=7.382545e-05
elapsed=5.768295e+01 cycle=24000 time=1.749560e+00 dt=6.512484e-05
elapsed=6.007099e+01 cycle=25000 time=1.812186e+00 dt=6.608189e-05
elapsed=6.244715e+01 cycle=26000 time=1.878535e+00 dt=6.339758e-05
elapsed=6.482129e+01 cycle=27000 time=1.938902e+00 dt=7.188885e-05
elapsed=6.721571e+01 cycle=28000 time=2.005725e+00 dt=5.684765e-05
elapsed=6.960611e+01 cycle=29000 time=2.073142e+00 dt=6.186875e-05
elapsed=7.196113e+01 cycle=30000 time=2.127899e+00 dt=5.597105e-05
elapsed=7.433140e+01 cycle=31000 time=2.189514e+00 dt=5.724096e-05
elapsed=7.671112e+01 cycle=32000 time=2.247042e+00 dt=5.671797e-05
elapsed=7.908255e+01 cycle=33000 time=2.305715e+00 dt=5.300099e-05
elapsed=8.145449e+01 cycle=34000 time=2.367373e+00 dt=6.210271e-05
elapsed=8.383061e+01 cycle=35000 time=2.426503e+00 dt=7.040447e-05
elapsed=8.622052e+01 cycle=36000 time=2.494736e+00 dt=7.041944e-05
elapsed=8.861708e+01 cycle=37000 time=2.561236e+00 dt=6.521452e-05
elapsed=9.099107e+01 cycle=38000 time=2.623393e+00 dt=6.285311e-05
elapsed=9.338476e+01 cycle=39000 time=2.691195e+00 dt=6.714112e-05
elapsed=9.576243e+01 cycle=40000 time=2.758145e+00 dt=5.954611e-05
elapsed=9.815160e+01 cycle=41000 time=2.821835e+00 dt=6.522957e-05
elapsed=1.005311e+02 cycle=42000 time=2.889218e+00 dt=6.971620e-05
elapsed=1.029250e+02 cycle=43000 time=2.956692e+00 dt=7.308498e-05
elapsed=1.053218e+02 cycle=44000 time=3.026595e+00 dt=6.697865e-05
elapsed=1.077025e+02 cycle=45000 time=3.088960e+00 dt=6.101901e-05
elapsed=1.100950e+02 cycle=46000 time=3.157320e+00 dt=6.489848e-05
elapsed=1.124839e+02 cycle=47000 time=3.220727e+00 dt=7.367821e-05
elapsed=1.148572e+02 cycle=48000 time=3.289260e+00 dt=7.067866e-05
elapsed=1.172458e+02 cycle=49000 time=3.356822e+00 dt=6.728334e-05
elapsed=1.196181e+02 cycle=50000 time=3.418601e+00 dt=5.375561e-05
elapsed=1.219811e+02 cycle=51000 time=3.472446e+00 dt=5.431740e-05
elapsed=1.243484e+02 cycle=52000 time=3.532800e+00 dt=6.460497e-05
elapsed=1.267261e+02 cycle=53000 time=3.595048e+00 dt=6.783394e-05
elapsed=1.291047e+02 cycle=54000 time=3.657703e+00 dt=6.354464e-05
elapsed=1.314968e+02 cycle=55000 time=3.721309e+00 dt=5.895890e-05
elapsed=1.338782e+02 cycle=56000 time=3.782482e+00 dt=5.318263e-05
elapsed=1.362430e+02 cycle=57000 time=3.840615e+00 dt=5.583643e-05
elapsed=1.386148e+02 cycle=58000 time=3.901832e+00 dt=6.430500e-05
elapsed=1.409987e+02 cycle=59000 time=3.967405e+00 dt=6.976884e-05
elapsed=1.433948e+02 cycle=60000 time=4.036115e+00 dt=6.615344e-05
elapsed=1.457797e+02 cycle=61000 time=4.101364e+00 dt=6.684742e-05
elapsed=1.481509e+02 cycle=62000 time=4.168074e+00 dt=6.427040e-05
elapsed=1.505351e+02 cycle=63000 time=4.233953e+00 dt=6.567224e-05
elapsed=1.529019e+02 cycle=64000 time=4.297122e+00 dt=5.843704e-05
elapsed=1.552866e+02 cycle=65000 time=4.358118e+00 dt=6.267108e-05
elapsed=1.576797e+02 cycle=66000 time=4.418196e+00 dt=6.132593e-05
elapsed=1.600675e+02 cycle=67000 time=4.479240e+00 dt=5.828817e-05
elapsed=1.624554e+02 cycle=68000 time=4.536569e+00 dt=5.605374e-05
elapsed=1.648299e+02 cycle=69000 time=4.592694e+00 dt=5.722575e-05
elapsed=1.671932e+02 cycle=70000 time=4.649737e+00 dt=5.149230e-05
elapsed=1.695642e+02 cycle=71000 time=4.704779e+00 dt=6.161790e-05
elapsed=1.719337e+02 cycle=72000 time=4.765563e+00 dt=6.036255e-05
elapsed=1.742964e+02 cycle=73000 time=4.823483e+00 dt=5.609546e-05
elapsed=1.766561e+02 cycle=74000 time=4.884848e+00 dt=5.949950e-05
elapsed=1.790178e+02 cycle=75000 time=4.945218e+00 dt=5.692627e-05
elapsed=1.814076e+02 cycle=76000 time=5.015139e+00 dt=7.101136e-05
elapsed=1.837987e+02 cycle=77000 time=5.088568e+00 dt=7.458041e-05
elapsed=1.861743e+02 cycle=78000 time=5.155698e+00 dt=5.968400e-05
elapsed=1.885352e+02 cycle=79000 time=5.218424e+00 dt=6.589850e-05
elapsed=1.909156e+02 cycle=80000 time=5.282164e+00 dt=6.291058e-05
elapsed=1.932823e+02 cycle=81000 time=5.347949e+00 dt=6.342350e-05
elapsed=1.956457e+02 cycle=82000 time=5.409738e+00 dt=6.083108e-05
elapsed=1.980071e+02 cycle=83000 time=5.469511e+00 dt=6.324002e-05
elapsed=2.003717e+02 cycle=84000 time=5.529613e+00 dt=6.586105e-05
elapsed=2.027517e+02 cycle=85000 time=5.596610e+00 dt=6.245382e-05
elapsed=2.051178e+02 cycle=86000 time=5.659444e+00 dt=6.591948e-05
elapsed=2.074987e+02 cycle=87000 time=5.723490e+00 dt=6.459874e-05
elapsed=2.098810e+02 cycle=88000 time=5.790532e+00 dt=6.776073e-05
elapsed=2.122665e+02 cycle=89000 time=5.860246e+00 dt=6.879481e-05
elapsed=2.146525e+02 cycle=90000 time=5.932895e+00 dt=6.883568e-05
elapsed=2.170238e+02 cycle=91000 time=5.999353e+00 dt=6.783516e-05
elapsed=2.194153e+02 cycle=92000 time=6.069616e+00 dt=6.527490e-05
elapsed=2.218100e+02 cycle=93000 time=6.139112e+00 dt=6.140080e-05
elapsed=2.241992e+02 cycle=94000 time=6.206002e+00 dt=6.961520e-05
elapsed=2.265890e+02 cycle=95000 time=6.275870e+00 dt=7.090320e-05
elapsed=2.289744e+02 cycle=96000 time=6.343577e+00 dt=7.145776e-05
elapsed=2.313589e+02 cycle=97000 time=6.414369e+00 dt=6.591917e-05
elapsed=2.337519e+02 cycle=98000 time=6.487096e+00 dt=7.145164e-05
elapsed=2.361556e+02 cycle=99000 time=6.557504e+00 dt=6.803332e-05
elapsed=2.385447e+02 cycle=100000 time=6.622214e+00 dt=6.080874e-05
elapsed=2.409280e+02 cycle=101000 time=6.680154e+00 dt=5.524405e-05
elapsed=2.432810e+02 cycle=102000 time=6.738595e+00 dt=6.192434e-05
elapsed=2.456515e+02 cycle=103000 time=6.799389e+00 dt=5.932198e-05
elapsed=2.480247e+02 cycle=104000 time=6.858790e+00 dt=6.402015e-05
elapsed=2.504157e+02 cycle=105000 time=6.921806e+00 dt=6.353818e-05
elapsed=2.527854e+02 cycle=106000 time=6.986259e+00 dt=5.899951e-05
elapsed=2.551669e+02 cycle=107000 time=7.052056e+00 dt=6.407835e-05
elapsed=2.575474e+02 cycle=108000 time=7.121389e+00 dt=6.950423e-05
elapsed=2.599135e+02 cycle=109000 time=7.187904e+00 dt=6.933819e-05
elapsed=2.623087e+02 cycle=110000 time=7.261264e+00 dt=7.366770e-05
elapsed=2.646876e+02 cycle=111000 time=7.334276e+00 dt=7.206870e-05
elapsed=2.670659e+02 cycle=112000 time=7.407003e+00 dt=7.184062e-05
elapsed=2.694536e+02 cycle=113000 time=7.479628e+00 dt=7.008397e-05
elapsed=2.718475e+02 cycle=114000 time=7.551759e+00 dt=7.335986e-05
elapsed=2.742272e+02 cycle=115000 time=7.623317e+00 dt=7.849547e-05
elapsed=2.766255e+02 cycle=116000 time=7.700392e+00 dt=7.499284e-05
elapsed=2.789905e+02 cycle=117000 time=7.765414e+00 dt=7.108450e-05
elapsed=2.813693e+02 cycle=118000 time=7.830498e+00 dt=6.740085e-05
elapsed=2.837329e+02 cycle=119000 time=7.898664e+00 dt=7.162793e-05
elapsed=2.861118e+02 cycle=120000 time=7.969636e+00 dt=7.188272e-05
elapsed=2.884905e+02 cycle=121000 time=8.035511e+00 dt=5.388866e-05
elapsed=2.908545e+02 cycle=122000 time=8.097110e+00 dt=5.853691e-05
elapsed=2.932239e+02 cycle=123000 time=8.158079e+00 dt=6.652782e-05
elapsed=2.956044e+02 cycle=124000 time=8.222349e+00 dt=6.157392e-05
elapsed=2.979890e+02 cycle=125000 time=8.291274e+00 dt=7.421412e-05
elapsed=3.003715e+02 cycle=126000 time=8.364732e+00 dt=7.706647e-05
elapsed=3.027733e+02 cycle=127000 time=8.442552e+00 dt=7.751420e-05
elapsed=3.051572e+02 cycle=128000 time=8.515391e+00 dt=6.852096e-05
elapsed=3.075422e+02 cycle=129000 time=8.588166e+00 dt=8.108772e-05
elapsed=3.099446e+02 cycle=130000 time=8.667896e+00 dt=7.575342e-05
elapsed=3.123232e+02 cycle=131000 time=8.739068e+00 dt=6.957187e-05
elapsed=3.147240e+02 cycle=132000 time=8.813584e+00 dt=7.707012e-05
elapsed=3.171128e+02 cycle=133000 time=8.888524e+00 dt=7.393576e-05
elapsed=3.195143e+02 cycle=134000 time=8.964101e+00 dt=7.589472e-05
elapsed=3.219094e+02 cycle=135000 time=9.038886e+00 dt=7.358018e-05
elapsed=3.242980e+02 cycle=136000 time=9.107292e+00 dt=6.544766e-05
elapsed=3.266852e+02 cycle=137000 time=9.172310e+00 dt=7.114089e-05
elapsed=3.290545e+02 cycle=138000 time=9.234271e+00 dt=5.872965e-05
elapsed=3.314387e+02 cycle=139000 time=9.300449e+00 dt=7.104741e-05
elapsed=3.338265e+02 cycle=140000 time=9.370626e+00 dt=6.444552e-05
elapsed=3.361961e+02 cycle=141000 time=9.433690e+00 dt=7.230225e-05
elapsed=3.385843e+02 cycle=142000 time=9.503916e+00 dt=7.216510e-05
elapsed=3.409822e+02 cycle=143000 time=9.571119e+00 dt=5.991935e-05
elapsed=3.433646e+02 cycle=144000 time=9.638209e+00 dt=6.636068e-05
elapsed=3.457401e+02 cycle=145000 time=9.699537e+00 dt=4.778495e-05
elapsed=3.481105e+02 cycle=146000 time=9.760590e+00 dt=6.017550e-05
elapsed=3.504807e+02 cycle=147000 time=9.824570e+00 dt=6.125175e-05
elapsed=3.528582e+02 cycle=148000 time=9.886066e+00 dt=5.561084e-05
elapsed=3.552313e+02 cycle=149000 time=9.945770e+00 dt=6.126786e-05

Terminating on time limit
time=1.000000e+01 cycle=149936
tlim=1.000000e+01 nlim=-1

MeshBlock-cycles = 4797952
cpu time used  = 3.574304e+02
zone-cycles/cpu_second = 5.498249e+07
particle-updates/cpu_second = 0.000000e+00
