
Root grid = 2 x 4 x 1 MeshBlocks
Total number of MeshBlocks = 8
Number of logical  levels of refinement = 2 (3 levels total)
Number of physical levels of refinement = 0 (1 levels total)
Number of parallel ranks = 1

Setup complete, executing task list(s)...

elapsed=1.266808e-02 cycle=0 time=0.000000e+00 dt=2.761232e-03
elapsed=1.184919e-01 cycle=100 time=2.744363e-01 dt=2.744320e-03
elapsed=2.188536e-01 cycle=200 time=5.438160e-01 dt=2.397856e-03
elapsed=3.181988e-01 cycle=300 time=8.137094e-01 dt=2.708901e-03
elapsed=4.151645e-01 cycle=400 time=1.083020e+00 dt=2.712416e-03
elapsed=5.117116e-01 cycle=500 time=1.354229e+00 dt=2.696416e-03
elapsed=6.071174e-01 cycle=600 time=1.623667e+00 dt=2.718497e-03
elapsed=7.003613e-01 cycle=700 time=1.889370e+00 dt=2.678010e-03
elapsed=7.986693e-01 cycle=800 time=2.160182e+00 dt=2.736565e-03
elapsed=8.957928e-01 cycle=900 time=2.431776e+00 dt=2.727813e-03
elapsed=9.927795e-01 cycle=1000 time=2.704104e+00 dt=2.735445e-03
elapsed=1.089358e+00 cycle=1100 time=2.973891e+00 dt=2.669802e-03
elapsed=1.184213e+00 cycle=1200 time=3.239675e+00 dt=2.679556e-03
elapsed=1.281166e+00 cycle=1300 time=3.509397e+00 dt=2.700271e-03
elapsed=1.378204e+00 cycle=1400 time=3.777300e+00 dt=2.682569e-03
elapsed=1.473347e+00 cycle=1500 time=4.039136e+00 dt=2.580508e-03
elapsed=1.569391e+00 cycle=1600 time=4.303716e+00 dt=2.690589e-03
elapsed=1.665780e+00 cycle=1700 time=4.571844e+00 dt=2.646746e-03
elapsed=1.759756e+00 cycle=1800 time=4.835673e+00 dt=2.657284e-03
elapsed=1.851185e+00 cycle=1900 time=5.089077e+00 dt=2.575716e-03
elapsed=1.942503e+00 cycle=2000 time=5.339984e+00 dt=2.456455e-03
elapsed=2.034501e+00 cycle=2100 time=5.586804e+00 dt=2.594346e-03
elapsed=2.126782e+00 cycle=2200 time=5.837935e+00 dt=2.611517e-03
elapsed=2.221204e+00 cycle=2300 time=6.097314e+00 dt=2.615184e-03
elapsed=2.315278e+00 cycle=2400 time=6.353103e+00 dt=2.641181e-03
elapsed=2.407429e+00 cycle=2500 time=6.609912e+00 dt=2.579646e-03
elapsed=2.503348e+00 cycle=2600 time=6.870291e+00 dt=2.577215e-03
elapsed=2.595398e+00 cycle=2700 time=7.129106e+00 dt=2.524654e-03
elapsed=2.689223e+00 cycle=2800 time=7.381144e+00 dt=2.544787e-03
elapsed=2.778824e+00 cycle=2900 time=7.628847e+00 dt=2.309619e-03
elapsed=2.868400e+00 cycle=3000 time=7.869173e+00 dt=2.406181e-03
elapsed=2.960235e+00 cycle=3100 time=8.110910e+00 dt=2.365603e-03
elapsed=3.049978e+00 cycle=3200 time=8.352878e+00 dt=2.536944e-03
elapsed=3.139701e+00 cycle=3300 time=8.595321e+00 dt=2.392798e-03
elapsed=3.229943e+00 cycle=3400 time=8.839581e+00 dt=2.396293e-03
elapsed=3.325240e+00 cycle=3500 time=9.098927e+00 dt=2.660140e-03
elapsed=3.422581e+00 cycle=3600 time=9.364475e+00 dt=2.668805e-03
elapsed=3.519200e+00 cycle=3700 time=9.632093e+00 dt=2.682294e-03
elapsed=3.613590e+00 cycle=3800 time=9.899798e+00 dt=2.701088e-03

Terminating on time limit
time=1.000000e+01 cycle=3838
tlim=1.000000e+01 nlim=-1

MeshBlock-cycles = 30704
cpu time used  = 3.638617e+00
zone-cycles/cpu_second = 1.350139e+05
particle-updates/cpu_second = 0.000000e+00
