Authorization required, but no authorization protocol specified
Authorization required, but no authorization protocol specified

Root grid = 4 x 8 x 1 MeshBlocks
Total number of MeshBlocks = 32
Number of logical  levels of refinement = 3 (4 levels total)
Number of physical levels of refinement = 0 (1 levels total)
Number of parallel ranks = 16
  Rank = 0: 2 MeshBlocks, cost = 2
  Rank = 1: 2 MeshBlocks, cost = 2
  Rank = 2: 2 MeshBlocks, cost = 2
  Rank = 3: 2 MeshBlocks, cost = 2
  Rank = 4: 2 MeshBlocks, cost = 2
  Rank = 5: 2 MeshBlocks, cost = 2
  Rank = 6: 2 MeshBlocks, cost = 2
  Rank = 7: 2 MeshBlocks, cost = 2
  Rank = 8: 2 MeshBlocks, cost = 2
  Rank = 9: 2 MeshBlocks, cost = 2
  Rank = 10: 2 MeshBlocks, cost = 2
  Rank = 11: 2 MeshBlocks, cost = 2
  Rank = 12: 2 MeshBlocks, cost = 2
  Rank = 13: 2 MeshBlocks, cost = 2
  Rank = 14: 2 MeshBlocks, cost = 2
  Rank = 15: 2 MeshBlocks, cost = 2
Load Balancing:
  Maximum normalized cost = 1, Average = 1

Setup complete, executing task list(s)...

elapsed=9.486954e-03 cycle=0 time=0.000000e+00 dt=1.730258e-04
elapsed=3.726979e-01 cycle=100 time=1.729951e-02 dt=1.730212e-04
elapsed=6.537058e-01 cycle=200 time=3.460184e-02 dt=1.730243e-04
elapsed=8.275429e-01 cycle=300 time=5.189722e-02 dt=1.728106e-04
elapsed=1.014507e+00 cycle=400 time=6.919938e-02 dt=1.730936e-04
elapsed=1.218133e+00 cycle=500 time=8.646484e-02 dt=1.718866e-04
elapsed=1.424128e+00 cycle=600 time=1.035818e-01 dt=1.714525e-04
elapsed=1.631410e+00 cycle=700 time=1.207066e-01 dt=1.708633e-04
elapsed=2.088707e+00 cycle=800 time=1.377190e-01 dt=1.685491e-04
elapsed=2.598607e+00 cycle=900 time=1.546087e-01 dt=1.686964e-04
elapsed=2.845261e+00 cycle=1000 time=1.714904e-01 dt=1.691761e-04
elapsed=3.046933e+00 cycle=1100 time=1.883560e-01 dt=1.681931e-04
elapsed=3.213941e+00 cycle=1200 time=2.050858e-01 dt=1.674604e-04
elapsed=3.380116e+00 cycle=1300 time=2.217767e-01 dt=1.660149e-04
elapsed=3.542449e+00 cycle=1400 time=2.384083e-01 dt=1.665639e-04
elapsed=3.706886e+00 cycle=1500 time=2.549822e-01 dt=1.654057e-04
elapsed=3.871569e+00 cycle=1600 time=2.715091e-01 dt=1.661022e-04
elapsed=4.033362e+00 cycle=1700 time=2.881021e-01 dt=1.655998e-04
elapsed=4.198340e+00 cycle=1800 time=3.046264e-01 dt=1.650396e-04
elapsed=4.363649e+00 cycle=1900 time=3.210966e-01 dt=1.651222e-04
elapsed=4.526624e+00 cycle=2000 time=3.376048e-01 dt=1.650949e-04
elapsed=4.692627e+00 cycle=2100 time=3.540936e-01 dt=1.641210e-04
elapsed=4.858738e+00 cycle=2200 time=3.705357e-01 dt=1.652298e-04
elapsed=5.022808e+00 cycle=2300 time=3.869978e-01 dt=1.644601e-04
elapsed=5.190031e+00 cycle=2400 time=4.032983e-01 dt=1.622311e-04
elapsed=5.355507e+00 cycle=2500 time=4.196088e-01 dt=1.637507e-04
elapsed=5.524124e+00 cycle=2600 time=4.360031e-01 dt=1.641572e-04
elapsed=5.693266e+00 cycle=2700 time=4.523780e-01 dt=1.626606e-04
elapsed=5.861012e+00 cycle=2800 time=4.686480e-01 dt=1.616555e-04
elapsed=6.031283e+00 cycle=2900 time=4.847275e-01 dt=1.605537e-04
elapsed=6.202021e+00 cycle=3000 time=5.007386e-01 dt=1.607927e-04
elapsed=6.371284e+00 cycle=3100 time=5.167887e-01 dt=1.592597e-04
elapsed=6.543974e+00 cycle=3200 time=5.328242e-01 dt=1.631410e-04
elapsed=6.714158e+00 cycle=3300 time=5.490165e-01 dt=1.586707e-04
elapsed=6.887658e+00 cycle=3400 time=5.649848e-01 dt=1.615616e-04
elapsed=7.061849e+00 cycle=3500 time=5.811353e-01 dt=1.611062e-04
elapsed=7.234009e+00 cycle=3600 time=5.972417e-01 dt=1.600251e-04
elapsed=7.410710e+00 cycle=3700 time=6.131597e-01 dt=1.576054e-04
elapsed=7.583035e+00 cycle=3800 time=6.288327e-01 dt=1.562438e-04
elapsed=7.758339e+00 cycle=3900 time=6.443262e-01 dt=1.545734e-04
elapsed=7.931652e+00 cycle=4000 time=6.598856e-01 dt=1.572866e-04
elapsed=8.107917e+00 cycle=4100 time=6.757064e-01 dt=1.585433e-04
elapsed=8.285565e+00 cycle=4200 time=6.914309e-01 dt=1.547268e-04
elapsed=8.461025e+00 cycle=4300 time=7.070304e-01 dt=1.603001e-04
elapsed=8.640171e+00 cycle=4400 time=7.230727e-01 dt=1.617445e-04
elapsed=8.816944e+00 cycle=4500 time=7.391547e-01 dt=1.595626e-04
elapsed=8.996263e+00 cycle=4600 time=7.550056e-01 dt=1.574253e-04
elapsed=9.175877e+00 cycle=4700 time=7.706732e-01 dt=1.582814e-04
elapsed=9.329961e+00 cycle=4800 time=7.866328e-01 dt=1.604255e-04
elapsed=9.482107e+00 cycle=4900 time=8.024544e-01 dt=1.522640e-04
elapsed=9.631542e+00 cycle=5000 time=8.180100e-01 dt=1.552855e-04
elapsed=9.783251e+00 cycle=5100 time=8.338547e-01 dt=1.598582e-04
elapsed=9.932696e+00 cycle=5200 time=8.497761e-01 dt=1.594593e-04
elapsed=1.008453e+01 cycle=5300 time=8.656909e-01 dt=1.589360e-04
elapsed=1.023575e+01 cycle=5400 time=8.815780e-01 dt=1.579639e-04
elapsed=1.038523e+01 cycle=5500 time=8.972755e-01 dt=1.555654e-04
elapsed=1.053773e+01 cycle=5600 time=9.128002e-01 dt=1.551229e-04
elapsed=1.068798e+01 cycle=5700 time=9.284379e-01 dt=1.575848e-04
elapsed=1.084080e+01 cycle=5800 time=9.440555e-01 dt=1.560190e-04
elapsed=1.099180e+01 cycle=5900 time=9.595621e-01 dt=1.545713e-04
elapsed=1.114458e+01 cycle=6000 time=9.749288e-01 dt=1.534976e-04
elapsed=1.129723e+01 cycle=6100 time=9.902336e-01 dt=1.534253e-04
elapsed=1.144899e+01 cycle=6200 time=1.005501e+00 dt=1.529393e-04
elapsed=1.160153e+01 cycle=6300 time=1.020774e+00 dt=1.519309e-04
elapsed=1.175222e+01 cycle=6400 time=1.035993e+00 dt=1.524994e-04
elapsed=1.190496e+01 cycle=6500 time=1.051199e+00 dt=1.516244e-04
elapsed=1.205567e+01 cycle=6600 time=1.066400e+00 dt=1.515485e-04
elapsed=1.221045e+01 cycle=6700 time=1.081370e+00 dt=1.467695e-04
elapsed=1.236098e+01 cycle=6800 time=1.095918e+00 dt=1.435467e-04
elapsed=1.251392e+01 cycle=6900 time=1.110111e+00 dt=1.409352e-04
elapsed=1.266473e+01 cycle=7000 time=1.124410e+00 dt=1.443065e-04
elapsed=1.281699e+01 cycle=7100 time=1.138764e+00 dt=1.433187e-04
elapsed=1.297073e+01 cycle=7200 time=1.153085e+00 dt=1.431948e-04
elapsed=1.312174e+01 cycle=7300 time=1.166961e+00 dt=1.320471e-04
elapsed=1.327315e+01 cycle=7400 time=1.179843e+00 dt=1.385898e-04
elapsed=1.342734e+01 cycle=7500 time=1.193443e+00 dt=1.338857e-04
elapsed=1.357835e+01 cycle=7600 time=1.206818e+00 dt=1.331845e-04
elapsed=1.373164e+01 cycle=7700 time=1.220832e+00 dt=1.440905e-04
elapsed=1.388231e+01 cycle=7800 time=1.235032e+00 dt=1.411544e-04
elapsed=1.403205e+01 cycle=7900 time=1.249258e+00 dt=1.413660e-04
elapsed=1.418449e+01 cycle=8000 time=1.263482e+00 dt=1.445553e-04
elapsed=1.433605e+01 cycle=8100 time=1.277920e+00 dt=1.437681e-04
elapsed=1.448950e+01 cycle=8200 time=1.292441e+00 dt=1.462333e-04
elapsed=1.464122e+01 cycle=8300 time=1.307198e+00 dt=1.478392e-04
elapsed=1.479515e+01 cycle=8400 time=1.321994e+00 dt=1.470330e-04
elapsed=1.494702e+01 cycle=8500 time=1.336732e+00 dt=1.464015e-04
elapsed=1.510135e+01 cycle=8600 time=1.351248e+00 dt=1.441389e-04
elapsed=1.525251e+01 cycle=8700 time=1.365452e+00 dt=1.405201e-04
elapsed=1.540445e+01 cycle=8800 time=1.379372e+00 dt=1.439984e-04
elapsed=1.555930e+01 cycle=8900 time=1.393841e+00 dt=1.436730e-04
elapsed=1.571250e+01 cycle=9000 time=1.407663e+00 dt=1.345072e-04
elapsed=1.586775e+01 cycle=9100 time=1.420730e+00 dt=1.214221e-04
elapsed=1.602090e+01 cycle=9200 time=1.432465e+00 dt=1.187242e-04
elapsed=1.617474e+01 cycle=9300 time=1.445773e+00 dt=1.440049e-04
elapsed=1.633052e+01 cycle=9400 time=1.460253e+00 dt=1.441830e-04
elapsed=1.648429e+01 cycle=9500 time=1.474342e+00 dt=1.350295e-04
elapsed=1.663815e+01 cycle=9600 time=1.487597e+00 dt=1.289138e-04
elapsed=1.679287e+01 cycle=9700 time=1.499917e+00 dt=1.190795e-04
elapsed=1.695431e+01 cycle=9800 time=1.512243e+00 dt=1.471824e-04
elapsed=1.736981e+01 cycle=9900 time=1.527584e+00 dt=1.529773e-04
elapsed=1.772552e+01 cycle=10000 time=1.542701e+00 dt=1.514805e-04
elapsed=1.789700e+01 cycle=10100 time=1.558126e+00 dt=1.566788e-04
elapsed=1.807160e+01 cycle=10200 time=1.574228e+00 dt=1.596429e-04
elapsed=1.824535e+01 cycle=10300 time=1.589916e+00 dt=1.537621e-04
elapsed=1.885216e+01 cycle=10400 time=1.605432e+00 dt=1.583156e-04
elapsed=1.957847e+01 cycle=10500 time=1.621246e+00 dt=1.598460e-04
elapsed=2.030760e+01 cycle=10600 time=1.636972e+00 dt=1.536933e-04
elapsed=2.104421e+01 cycle=10700 time=1.652333e+00 dt=1.538677e-04
elapsed=2.178280e+01 cycle=10800 time=1.667476e+00 dt=1.510633e-04
elapsed=2.252964e+01 cycle=10900 time=1.682447e+00 dt=1.492803e-04
elapsed=2.327961e+01 cycle=11000 time=1.697007e+00 dt=1.392414e-04
elapsed=2.403572e+01 cycle=11100 time=1.711043e+00 dt=1.454288e-04
elapsed=2.479624e+01 cycle=11200 time=1.726418e+00 dt=1.580920e-04
elapsed=2.556320e+01 cycle=11300 time=1.742069e+00 dt=1.557719e-04
elapsed=2.633300e+01 cycle=11400 time=1.757574e+00 dt=1.553433e-04
elapsed=2.713054e+01 cycle=11500 time=1.773020e+00 dt=1.520321e-04
elapsed=2.791139e+01 cycle=11600 time=1.788141e+00 dt=1.515925e-04
elapsed=2.870143e+01 cycle=11700 time=1.803238e+00 dt=1.522157e-04
elapsed=2.949408e+01 cycle=11800 time=1.818368e+00 dt=1.503232e-04
elapsed=3.029436e+01 cycle=11900 time=1.833309e+00 dt=1.491332e-04
elapsed=3.109671e+01 cycle=12000 time=1.848242e+00 dt=1.488408e-04
elapsed=3.190498e+01 cycle=12100 time=1.863038e+00 dt=1.478116e-04
elapsed=3.271276e+01 cycle=12200 time=1.877777e+00 dt=1.460251e-04
elapsed=3.352436e+01 cycle=12300 time=1.891887e+00 dt=1.337100e-04
elapsed=3.432986e+01 cycle=12400 time=1.904700e+00 dt=1.341183e-04
elapsed=3.511040e+01 cycle=12500 time=1.919950e+00 dt=1.558664e-04
elapsed=3.587927e+01 cycle=12600 time=1.935300e+00 dt=1.494468e-04
elapsed=3.662141e+01 cycle=12700 time=1.949749e+00 dt=1.408318e-04
elapsed=3.735320e+01 cycle=12800 time=1.963473e+00 dt=1.347815e-04
elapsed=3.808291e+01 cycle=12900 time=1.976676e+00 dt=1.314278e-04
elapsed=3.880434e+01 cycle=13000 time=1.989771e+00 dt=1.292239e-04
elapsed=3.950230e+01 cycle=13100 time=2.002560e+00 dt=1.273186e-04
elapsed=4.016790e+01 cycle=13200 time=2.015155e+00 dt=1.345430e-04
elapsed=4.080568e+01 cycle=13300 time=2.029703e+00 dt=1.501747e-04
elapsed=4.143475e+01 cycle=13400 time=2.044673e+00 dt=1.495215e-04
elapsed=4.204358e+01 cycle=13500 time=2.059520e+00 dt=1.479937e-04
elapsed=4.262167e+01 cycle=13600 time=2.074240e+00 dt=1.472313e-04
elapsed=4.317278e+01 cycle=13700 time=2.088959e+00 dt=1.461818e-04
elapsed=4.371827e+01 cycle=13800 time=2.103617e+00 dt=1.479401e-04
elapsed=4.423435e+01 cycle=13900 time=2.118464e+00 dt=1.499245e-04
elapsed=4.474691e+01 cycle=14000 time=2.133505e+00 dt=1.507699e-04
elapsed=4.525533e+01 cycle=14100 time=2.148522e+00 dt=1.471678e-04
elapsed=4.575216e+01 cycle=14200 time=2.162809e+00 dt=1.397687e-04
elapsed=4.623947e+01 cycle=14300 time=2.177214e+00 dt=1.503575e-04
elapsed=4.672638e+01 cycle=14400 time=2.192197e+00 dt=1.497435e-04
elapsed=4.720862e+01 cycle=14500 time=2.206854e+00 dt=1.501760e-04
elapsed=4.769169e+01 cycle=14600 time=2.221858e+00 dt=1.501468e-04
elapsed=4.817225e+01 cycle=14700 time=2.236938e+00 dt=1.507784e-04
elapsed=4.865405e+01 cycle=14800 time=2.251801e+00 dt=1.461340e-04
elapsed=4.913055e+01 cycle=14900 time=2.266165e+00 dt=1.417671e-04
elapsed=4.958829e+01 cycle=15000 time=2.280251e+00 dt=1.404960e-04
elapsed=5.001678e+01 cycle=15100 time=2.294372e+00 dt=1.413796e-04
elapsed=5.041362e+01 cycle=15200 time=2.308528e+00 dt=1.422256e-04
elapsed=5.079525e+01 cycle=15300 time=2.322812e+00 dt=1.427155e-04
elapsed=5.113908e+01 cycle=15400 time=2.337088e+00 dt=1.430446e-04
elapsed=5.145699e+01 cycle=15500 time=2.351225e+00 dt=1.362433e-04
elapsed=5.175758e+01 cycle=15600 time=2.365283e+00 dt=1.396016e-04
elapsed=5.204621e+01 cycle=15700 time=2.379032e+00 dt=1.352035e-04
elapsed=5.233634e+01 cycle=15800 time=2.392374e+00 dt=1.320842e-04
elapsed=5.262358e+01 cycle=15900 time=2.405518e+00 dt=1.308986e-04
elapsed=5.291011e+01 cycle=16000 time=2.418637e+00 dt=1.311881e-04
elapsed=5.319786e+01 cycle=16100 time=2.431444e+00 dt=1.268624e-04
elapsed=5.348250e+01 cycle=16200 time=2.445052e+00 dt=1.407703e-04
elapsed=5.376784e+01 cycle=16300 time=2.459453e+00 dt=1.445674e-04
elapsed=5.405600e+01 cycle=16400 time=2.474670e+00 dt=1.532713e-04
elapsed=5.433873e+01 cycle=16500 time=2.489860e+00 dt=1.509050e-04
elapsed=5.462149e+01 cycle=16600 time=2.504803e+00 dt=1.467066e-04
elapsed=5.490105e+01 cycle=16700 time=2.519290e+00 dt=1.422809e-04
elapsed=5.518269e+01 cycle=16800 time=2.533142e+00 dt=1.342675e-04
elapsed=5.545990e+01 cycle=16900 time=2.547001e+00 dt=1.353864e-04
elapsed=5.573746e+01 cycle=17000 time=2.560331e+00 dt=1.362360e-04
elapsed=5.601148e+01 cycle=17100 time=2.574674e+00 dt=1.429723e-04
elapsed=5.628302e+01 cycle=17200 time=2.589056e+00 dt=1.458606e-04
elapsed=5.655558e+01 cycle=17300 time=2.603947e+00 dt=1.490793e-04
elapsed=5.682597e+01 cycle=17400 time=2.618773e+00 dt=1.481126e-04
elapsed=5.709841e+01 cycle=17500 time=2.633437e+00 dt=1.448614e-04
elapsed=5.736781e+01 cycle=17600 time=2.647826e+00 dt=1.435789e-04
elapsed=5.763890e+01 cycle=17700 time=2.662311e+00 dt=1.470724e-04
elapsed=5.790717e+01 cycle=17800 time=2.677078e+00 dt=1.457565e-04
elapsed=5.817809e+01 cycle=17900 time=2.691466e+00 dt=1.432624e-04
elapsed=5.844638e+01 cycle=18000 time=2.705716e+00 dt=1.411484e-04
elapsed=5.871527e+01 cycle=18100 time=2.719647e+00 dt=1.376652e-04
elapsed=5.898713e+01 cycle=18200 time=2.734062e+00 dt=1.500748e-04
elapsed=5.925840e+01 cycle=18300 time=2.750029e+00 dt=1.624319e-04
elapsed=5.952701e+01 cycle=18400 time=2.766153e+00 dt=1.578574e-04
elapsed=5.979877e+01 cycle=18500 time=2.781601e+00 dt=1.526155e-04
elapsed=6.007513e+01 cycle=18600 time=2.796800e+00 dt=1.514604e-04
elapsed=6.035569e+01 cycle=18700 time=2.811918e+00 dt=1.490878e-04
elapsed=6.062538e+01 cycle=18800 time=2.826735e+00 dt=1.469177e-04
elapsed=6.089728e+01 cycle=18900 time=2.841634e+00 dt=1.521254e-04
elapsed=6.116657e+01 cycle=19000 time=2.856729e+00 dt=1.486310e-04
elapsed=6.143886e+01 cycle=19100 time=2.871425e+00 dt=1.461021e-04
elapsed=6.170930e+01 cycle=19200 time=2.886008e+00 dt=1.452941e-04
elapsed=6.198174e+01 cycle=19300 time=2.900336e+00 dt=1.402713e-04
elapsed=6.225114e+01 cycle=19400 time=2.914287e+00 dt=1.399131e-04
elapsed=6.252083e+01 cycle=19500 time=2.927953e+00 dt=1.320875e-04
elapsed=6.279240e+01 cycle=19600 time=2.941843e+00 dt=1.455103e-04
elapsed=6.306230e+01 cycle=19700 time=2.956570e+00 dt=1.480218e-04
elapsed=6.333484e+01 cycle=19800 time=2.971429e+00 dt=1.479651e-04
elapsed=6.360428e+01 cycle=19900 time=2.986378e+00 dt=1.524379e-04
elapsed=6.387786e+01 cycle=20000 time=3.000960e+00 dt=1.356271e-04
elapsed=6.414812e+01 cycle=20100 time=3.014260e+00 dt=1.398428e-04
elapsed=6.441840e+01 cycle=20200 time=3.029170e+00 dt=1.434689e-04
elapsed=6.469073e+01 cycle=20300 time=3.042970e+00 dt=1.347255e-04
elapsed=6.496006e+01 cycle=20400 time=3.056892e+00 dt=1.447434e-04
elapsed=6.523250e+01 cycle=20500 time=3.072557e+00 dt=1.601263e-04
elapsed=6.550262e+01 cycle=20600 time=3.088366e+00 dt=1.564859e-04
elapsed=6.577475e+01 cycle=20700 time=3.103810e+00 dt=1.541308e-04
elapsed=6.604490e+01 cycle=20800 time=3.119056e+00 dt=1.500454e-04
elapsed=6.631772e+01 cycle=20900 time=3.133740e+00 dt=1.489821e-04
elapsed=6.658903e+01 cycle=21000 time=3.149184e+00 dt=1.556725e-04
elapsed=6.686365e+01 cycle=21100 time=3.164705e+00 dt=1.550827e-04
elapsed=6.714109e+01 cycle=21200 time=3.180119e+00 dt=1.540325e-04
elapsed=6.741892e+01 cycle=21300 time=3.195650e+00 dt=1.541607e-04
elapsed=6.770092e+01 cycle=21400 time=3.211056e+00 dt=1.547914e-04
elapsed=6.798267e+01 cycle=21500 time=3.226664e+00 dt=1.565396e-04
elapsed=6.826791e+01 cycle=21600 time=3.242349e+00 dt=1.567451e-04
elapsed=6.855370e+01 cycle=21700 time=3.258135e+00 dt=1.593772e-04
elapsed=6.884236e+01 cycle=21800 time=3.273923e+00 dt=1.587002e-04
elapsed=6.912887e+01 cycle=21900 time=3.289793e+00 dt=1.574333e-04
elapsed=6.941793e+01 cycle=22000 time=3.305490e+00 dt=1.572370e-04
elapsed=6.970741e+01 cycle=22100 time=3.321184e+00 dt=1.563168e-04
elapsed=6.999663e+01 cycle=22200 time=3.336266e+00 dt=1.468152e-04
elapsed=7.028949e+01 cycle=22300 time=3.350680e+00 dt=1.431752e-04
elapsed=7.058133e+01 cycle=22400 time=3.365251e+00 dt=1.454674e-04
elapsed=7.087850e+01 cycle=22500 time=3.380797e+00 dt=1.577918e-04
elapsed=7.117726e+01 cycle=22600 time=3.396515e+00 dt=1.563452e-04
elapsed=7.148159e+01 cycle=22700 time=3.412138e+00 dt=1.561453e-04
elapsed=7.178817e+01 cycle=22800 time=3.427609e+00 dt=1.536159e-04
elapsed=7.210236e+01 cycle=22900 time=3.442784e+00 dt=1.518563e-04
elapsed=7.241874e+01 cycle=23000 time=3.458048e+00 dt=1.529070e-04
elapsed=7.274205e+01 cycle=23100 time=3.473520e+00 dt=1.562332e-04
elapsed=7.306559e+01 cycle=23200 time=3.489155e+00 dt=1.564554e-04
elapsed=7.339163e+01 cycle=23300 time=3.504617e+00 dt=1.531800e-04
elapsed=7.371512e+01 cycle=23400 time=3.519492e+00 dt=1.415254e-04
elapsed=7.403998e+01 cycle=23500 time=3.534102e+00 dt=1.480314e-04
elapsed=7.436153e+01 cycle=23600 time=3.548805e+00 dt=1.468161e-04
elapsed=7.468392e+01 cycle=23700 time=3.563512e+00 dt=1.470779e-04
elapsed=7.500344e+01 cycle=23800 time=3.578166e+00 dt=1.463777e-04
elapsed=7.532330e+01 cycle=23900 time=3.592797e+00 dt=1.457048e-04
elapsed=7.564016e+01 cycle=24000 time=3.607388e+00 dt=1.446405e-04
elapsed=7.595841e+01 cycle=24100 time=3.621949e+00 dt=1.466502e-04
elapsed=7.627388e+01 cycle=24200 time=3.636616e+00 dt=1.466525e-04
elapsed=7.659071e+01 cycle=24300 time=3.651335e+00 dt=1.476826e-04
elapsed=7.690394e+01 cycle=24400 time=3.666051e+00 dt=1.466330e-04
elapsed=7.721932e+01 cycle=24500 time=3.680619e+00 dt=1.460688e-04
elapsed=7.753124e+01 cycle=24600 time=3.695077e+00 dt=1.441697e-04
elapsed=7.784196e+01 cycle=24700 time=3.709533e+00 dt=1.451584e-04
elapsed=7.815536e+01 cycle=24800 time=3.724101e+00 dt=1.460652e-04
elapsed=7.846655e+01 cycle=24900 time=3.738705e+00 dt=1.463470e-04
elapsed=7.877982e+01 cycle=25000 time=3.753354e+00 dt=1.464020e-04
elapsed=7.909051e+01 cycle=25100 time=3.768021e+00 dt=1.476929e-04
elapsed=7.940341e+01 cycle=25200 time=3.782875e+00 dt=1.494437e-04
elapsed=7.971316e+01 cycle=25300 time=3.797796e+00 dt=1.493403e-04
elapsed=8.002461e+01 cycle=25400 time=3.812363e+00 dt=1.400908e-04
elapsed=8.033391e+01 cycle=25500 time=3.825746e+00 dt=1.263927e-04
elapsed=8.064348e+01 cycle=25600 time=3.839077e+00 dt=1.395237e-04
elapsed=8.095471e+01 cycle=25700 time=3.852924e+00 dt=1.423833e-04
elapsed=8.126408e+01 cycle=25800 time=3.867141e+00 dt=1.416314e-04
elapsed=8.157531e+01 cycle=25900 time=3.881213e+00 dt=1.400281e-04
elapsed=8.188408e+01 cycle=26000 time=3.895029e+00 dt=1.363249e-04
elapsed=8.219326e+01 cycle=26100 time=3.908429e+00 dt=1.319255e-04
elapsed=8.250511e+01 cycle=26200 time=3.921302e+00 dt=1.266716e-04
elapsed=8.281427e+01 cycle=26300 time=3.933707e+00 dt=1.220879e-04
elapsed=8.312275e+01 cycle=26400 time=3.946018e+00 dt=1.252699e-04
elapsed=8.343077e+01 cycle=26500 time=3.958870e+00 dt=1.317268e-04
elapsed=8.374195e+01 cycle=26600 time=3.972204e+00 dt=1.351906e-04
elapsed=8.404946e+01 cycle=26700 time=3.985803e+00 dt=1.354178e-04
elapsed=8.435772e+01 cycle=26800 time=3.999101e+00 dt=1.329363e-04
elapsed=8.466905e+01 cycle=26900 time=4.012337e+00 dt=1.313501e-04
elapsed=8.497522e+01 cycle=27000 time=4.025512e+00 dt=1.332003e-04
elapsed=8.528049e+01 cycle=27100 time=4.038652e+00 dt=1.285797e-04
elapsed=8.558642e+01 cycle=27200 time=4.052998e+00 dt=1.446988e-04
elapsed=8.588823e+01 cycle=27300 time=4.068217e+00 dt=1.511598e-04
elapsed=8.618953e+01 cycle=27400 time=4.082950e+00 dt=1.437834e-04
elapsed=8.648534e+01 cycle=27500 time=4.097023e+00 dt=1.389346e-04
elapsed=8.678051e+01 cycle=27600 time=4.110895e+00 dt=1.379059e-04
elapsed=8.707120e+01 cycle=27700 time=4.124449e+00 dt=1.335772e-04
elapsed=8.736436e+01 cycle=27800 time=4.137912e+00 dt=1.371190e-04
elapsed=8.766595e+01 cycle=27900 time=4.151532e+00 dt=1.316435e-04
elapsed=8.796143e+01 cycle=28000 time=4.164227e+00 dt=1.243901e-04
elapsed=8.825395e+01 cycle=28100 time=4.175979e+00 dt=1.210873e-04
elapsed=8.853963e+01 cycle=28200 time=4.189521e+00 dt=1.345316e-04
elapsed=8.882505e+01 cycle=28300 time=4.202862e+00 dt=1.321901e-04
elapsed=8.910591e+01 cycle=28400 time=4.216121e+00 dt=1.351662e-04
elapsed=8.938616e+01 cycle=28500 time=4.229616e+00 dt=1.347783e-04
elapsed=8.966853e+01 cycle=28600 time=4.243178e+00 dt=1.350996e-04
elapsed=8.994938e+01 cycle=28700 time=4.256495e+00 dt=1.326826e-04
elapsed=9.021454e+01 cycle=28800 time=4.269835e+00 dt=1.338347e-04
elapsed=9.044295e+01 cycle=28900 time=4.283505e+00 dt=1.403047e-04
elapsed=9.064020e+01 cycle=29000 time=4.297949e+00 dt=1.459746e-04
elapsed=9.082540e+01 cycle=29100 time=4.312490e+00 dt=1.456547e-04
elapsed=9.100397e+01 cycle=29200 time=4.326787e+00 dt=1.375538e-04
elapsed=9.116904e+01 cycle=29300 time=4.340183e+00 dt=1.358293e-04
elapsed=9.133030e+01 cycle=29400 time=4.354068e+00 dt=1.421698e-04
elapsed=9.149167e+01 cycle=29500 time=4.368098e+00 dt=1.417364e-04
elapsed=9.165475e+01 cycle=29600 time=4.382075e+00 dt=1.377343e-04
elapsed=9.181456e+01 cycle=29700 time=4.395821e+00 dt=1.380855e-04
elapsed=9.197361e+01 cycle=29800 time=4.409953e+00 dt=1.409936e-04
elapsed=9.213354e+01 cycle=29900 time=4.423765e+00 dt=1.333091e-04
elapsed=9.229028e+01 cycle=30000 time=4.436881e+00 dt=1.378999e-04
elapsed=9.244842e+01 cycle=30100 time=4.450904e+00 dt=1.390469e-04
elapsed=9.260388e+01 cycle=30200 time=4.464840e+00 dt=1.417661e-04
elapsed=9.275850e+01 cycle=30300 time=4.479333e+00 dt=1.456831e-04
elapsed=9.291500e+01 cycle=30400 time=4.493308e+00 dt=1.343947e-04
elapsed=9.306862e+01 cycle=30500 time=4.506374e+00 dt=1.290260e-04
elapsed=9.322439e+01 cycle=30600 time=4.520071e+00 dt=1.491888e-04
elapsed=9.337973e+01 cycle=30700 time=4.534632e+00 dt=1.406065e-04
elapsed=9.353669e+01 cycle=30800 time=4.548646e+00 dt=1.390920e-04
elapsed=9.369759e+01 cycle=30900 time=4.562436e+00 dt=1.351438e-04
elapsed=9.385561e+01 cycle=31000 time=4.575507e+00 dt=1.254221e-04
elapsed=9.401174e+01 cycle=31100 time=4.587692e+00 dt=1.182752e-04
elapsed=9.416729e+01 cycle=31200 time=4.599196e+00 dt=1.211588e-04
elapsed=9.432466e+01 cycle=31300 time=4.612408e+00 dt=1.375150e-04
elapsed=9.447948e+01 cycle=31400 time=4.625959e+00 dt=1.382780e-04
elapsed=9.463482e+01 cycle=31500 time=4.639628e+00 dt=1.346341e-04
elapsed=9.479255e+01 cycle=31600 time=4.652628e+00 dt=1.251162e-04
elapsed=9.494745e+01 cycle=31700 time=4.664653e+00 dt=1.157375e-04
elapsed=9.510235e+01 cycle=31800 time=4.675973e+00 dt=1.127785e-04
elapsed=9.525727e+01 cycle=31900 time=4.687610e+00 dt=1.209819e-04
elapsed=9.541392e+01 cycle=32000 time=4.700145e+00 dt=1.284898e-04
elapsed=9.556819e+01 cycle=32100 time=4.713663e+00 dt=1.416585e-04
elapsed=9.572240e+01 cycle=32200 time=4.727962e+00 dt=1.417190e-04
elapsed=9.587905e+01 cycle=32300 time=4.741894e+00 dt=1.390956e-04
elapsed=9.603322e+01 cycle=32400 time=4.756017e+00 dt=1.417156e-04
elapsed=9.619081e+01 cycle=32500 time=4.770322e+00 dt=1.439755e-04
elapsed=9.635019e+01 cycle=32600 time=4.784693e+00 dt=1.427818e-04
elapsed=9.651114e+01 cycle=32700 time=4.798836e+00 dt=1.383434e-04
elapsed=9.667245e+01 cycle=32800 time=4.812248e+00 dt=1.313295e-04
elapsed=9.683231e+01 cycle=32900 time=4.825131e+00 dt=1.254758e-04
elapsed=9.699354e+01 cycle=33000 time=4.837223e+00 dt=1.178585e-04
elapsed=9.715510e+01 cycle=33100 time=4.849160e+00 dt=1.229326e-04
elapsed=9.731773e+01 cycle=33200 time=4.862902e+00 dt=1.412880e-04
elapsed=9.747752e+01 cycle=33300 time=4.876428e+00 dt=1.302166e-04
elapsed=9.763643e+01 cycle=33400 time=4.888781e+00 dt=1.249302e-04
elapsed=9.779832e+01 cycle=33500 time=4.901730e+00 dt=1.311472e-04
elapsed=9.796048e+01 cycle=33600 time=4.915165e+00 dt=1.372908e-04
elapsed=9.812187e+01 cycle=33700 time=4.928707e+00 dt=1.348831e-04
elapsed=9.828650e+01 cycle=33800 time=4.941948e+00 dt=1.349796e-04
elapsed=9.844802e+01 cycle=33900 time=4.955635e+00 dt=1.289134e-04
elapsed=9.861068e+01 cycle=34000 time=4.967749e+00 dt=1.297158e-04
elapsed=9.877523e+01 cycle=34100 time=4.981667e+00 dt=1.377150e-04
elapsed=9.893750e+01 cycle=34200 time=4.995367e+00 dt=1.375826e-04
elapsed=9.910460e+01 cycle=34300 time=5.008974e+00 dt=1.354884e-04
elapsed=9.927283e+01 cycle=34400 time=5.023352e+00 dt=1.430567e-04
elapsed=9.943762e+01 cycle=34500 time=5.037587e+00 dt=1.400905e-04
elapsed=9.960391e+01 cycle=34600 time=5.051289e+00 dt=1.359692e-04
elapsed=9.976589e+01 cycle=34700 time=5.064941e+00 dt=1.374638e-04
elapsed=9.992654e+01 cycle=34800 time=5.078738e+00 dt=1.340470e-04
elapsed=1.000893e+02 cycle=34900 time=5.092285e+00 dt=1.397778e-04
elapsed=1.002483e+02 cycle=35000 time=5.105412e+00 dt=1.246496e-04
elapsed=1.004051e+02 cycle=35100 time=5.118141e+00 dt=1.262808e-04
elapsed=1.005633e+02 cycle=35200 time=5.130437e+00 dt=1.189664e-04
elapsed=1.007186e+02 cycle=35300 time=5.142626e+00 dt=1.285421e-04
elapsed=1.008760e+02 cycle=35400 time=5.155337e+00 dt=1.256400e-04
elapsed=1.010373e+02 cycle=35500 time=5.167967e+00 dt=1.267539e-04
elapsed=1.012039e+02 cycle=35600 time=5.180437e+00 dt=1.219954e-04
elapsed=1.013691e+02 cycle=35700 time=5.193478e+00 dt=1.359553e-04
elapsed=1.015318e+02 cycle=35800 time=5.206613e+00 dt=1.256499e-04
elapsed=1.016944e+02 cycle=35900 time=5.218591e+00 dt=1.129052e-04
elapsed=1.018592e+02 cycle=36000 time=5.230298e+00 dt=1.354490e-04
elapsed=1.020200e+02 cycle=36100 time=5.244324e+00 dt=1.465506e-04
elapsed=1.021799e+02 cycle=36200 time=5.258964e+00 dt=1.420169e-04
elapsed=1.023425e+02 cycle=36300 time=5.272830e+00 dt=1.363831e-04
elapsed=1.025031e+02 cycle=36400 time=5.286020e+00 dt=1.285484e-04
elapsed=1.026640e+02 cycle=36500 time=5.298979e+00 dt=1.291688e-04
elapsed=1.028261e+02 cycle=36600 time=5.312211e+00 dt=1.486161e-04
elapsed=1.029843e+02 cycle=36700 time=5.327016e+00 dt=1.489662e-04
elapsed=1.031423e+02 cycle=36800 time=5.341886e+00 dt=1.473676e-04
elapsed=1.032994e+02 cycle=36900 time=5.356479e+00 dt=1.447022e-04
elapsed=1.034608e+02 cycle=37000 time=5.370622e+00 dt=1.408573e-04
elapsed=1.036238e+02 cycle=37100 time=5.384720e+00 dt=1.427695e-04
elapsed=1.037871e+02 cycle=37200 time=5.398840e+00 dt=1.401857e-04
elapsed=1.039537e+02 cycle=37300 time=5.412762e+00 dt=1.360599e-04
elapsed=1.041168e+02 cycle=37400 time=5.426092e+00 dt=1.295909e-04
elapsed=1.042810e+02 cycle=37500 time=5.438922e+00 dt=1.273766e-04
elapsed=1.044452e+02 cycle=37600 time=5.451889e+00 dt=1.361511e-04
elapsed=1.046065e+02 cycle=37700 time=5.466611e+00 dt=1.548108e-04
elapsed=1.047694e+02 cycle=37800 time=5.482038e+00 dt=1.520607e-04
elapsed=1.049293e+02 cycle=37900 time=5.497610e+00 dt=1.550267e-04
elapsed=1.050907e+02 cycle=38000 time=5.512652e+00 dt=1.459230e-04
elapsed=1.052491e+02 cycle=38100 time=5.526851e+00 dt=1.362767e-04
elapsed=1.054078e+02 cycle=38200 time=5.540182e+00 dt=1.306731e-04
elapsed=1.055638e+02 cycle=38300 time=5.553110e+00 dt=1.265665e-04
elapsed=1.057199e+02 cycle=38400 time=5.565533e+00 dt=1.237481e-04
elapsed=1.058776e+02 cycle=38500 time=5.578902e+00 dt=1.360263e-04
elapsed=1.060381e+02 cycle=38600 time=5.592040e+00 dt=1.269677e-04
elapsed=1.061967e+02 cycle=38700 time=5.604631e+00 dt=1.265819e-04
elapsed=1.063569e+02 cycle=38800 time=5.617508e+00 dt=1.318611e-04
elapsed=1.065201e+02 cycle=38900 time=5.631155e+00 dt=1.414768e-04
elapsed=1.066822e+02 cycle=39000 time=5.645646e+00 dt=1.498784e-04
elapsed=1.068480e+02 cycle=39100 time=5.660787e+00 dt=1.511704e-04
elapsed=1.070134e+02 cycle=39200 time=5.675656e+00 dt=1.467212e-04
elapsed=1.071812e+02 cycle=39300 time=5.690153e+00 dt=1.428554e-04
elapsed=1.073478e+02 cycle=39400 time=5.704280e+00 dt=1.390479e-04
elapsed=1.075146e+02 cycle=39500 time=5.718077e+00 dt=1.356572e-04
elapsed=1.076849e+02 cycle=39600 time=5.731523e+00 dt=1.326477e-04
elapsed=1.078536e+02 cycle=39700 time=5.744716e+00 dt=1.305474e-04
elapsed=1.080228e+02 cycle=39800 time=5.757629e+00 dt=1.276908e-04
elapsed=1.081949e+02 cycle=39900 time=5.770127e+00 dt=1.225340e-04
elapsed=1.083646e+02 cycle=40000 time=5.782092e+00 dt=1.175988e-04
elapsed=1.085343e+02 cycle=40100 time=5.793605e+00 dt=1.133450e-04
elapsed=1.087041e+02 cycle=40200 time=5.804645e+00 dt=1.083597e-04
elapsed=1.088730e+02 cycle=40300 time=5.815278e+00 dt=1.048113e-04
elapsed=1.090409e+02 cycle=40400 time=5.825766e+00 dt=1.054454e-04
elapsed=1.092077e+02 cycle=40500 time=5.836452e+00 dt=1.098686e-04
elapsed=1.093747e+02 cycle=40600 time=5.847681e+00 dt=1.129057e-04
elapsed=1.095423e+02 cycle=40700 time=5.859320e+00 dt=1.203050e-04
elapsed=1.097136e+02 cycle=40800 time=5.871764e+00 dt=1.259855e-04
elapsed=1.098827e+02 cycle=40900 time=5.883926e+00 dt=1.178499e-04
elapsed=1.100519e+02 cycle=41000 time=5.895351e+00 dt=1.110409e-04
elapsed=1.102209e+02 cycle=41100 time=5.906178e+00 dt=1.068181e-04
elapsed=1.103901e+02 cycle=41200 time=5.916884e+00 dt=1.076269e-04
elapsed=1.105589e+02 cycle=41300 time=5.927739e+00 dt=1.092471e-04
elapsed=1.107289e+02 cycle=41400 time=5.938762e+00 dt=1.113647e-04
elapsed=1.109008e+02 cycle=41500 time=5.950282e+00 dt=1.181876e-04
elapsed=1.110703e+02 cycle=41600 time=5.962406e+00 dt=1.284507e-04
elapsed=1.112402e+02 cycle=41700 time=5.975153e+00 dt=1.266580e-04
elapsed=1.114127e+02 cycle=41800 time=5.987644e+00 dt=1.217905e-04
elapsed=1.115888e+02 cycle=41900 time=5.999240e+00 dt=1.114615e-04
elapsed=1.117805e+02 cycle=42000 time=6.010543e+00 dt=1.243492e-04
elapsed=1.119685e+02 cycle=42100 time=6.025237e+00 dt=1.573517e-04
elapsed=1.121590e+02 cycle=42200 time=6.040824e+00 dt=1.544911e-04
elapsed=1.123518e+02 cycle=42300 time=6.056087e+00 dt=1.503882e-04
elapsed=1.125500e+02 cycle=42400 time=6.070923e+00 dt=1.471133e-04
elapsed=1.127488e+02 cycle=42500 time=6.085786e+00 dt=1.513936e-04
elapsed=1.129518e+02 cycle=42600 time=6.100860e+00 dt=1.501687e-04
elapsed=1.131523e+02 cycle=42700 time=6.115779e+00 dt=1.480434e-04
elapsed=1.133569e+02 cycle=42800 time=6.130605e+00 dt=1.492545e-04
elapsed=1.135594e+02 cycle=42900 time=6.145681e+00 dt=1.509293e-04
elapsed=1.137620e+02 cycle=43000 time=6.160773e+00 dt=1.511191e-04
elapsed=1.139608e+02 cycle=43100 time=6.175797e+00 dt=1.502662e-04
elapsed=1.141634e+02 cycle=43200 time=6.190674e+00 dt=1.467313e-04
elapsed=1.143655e+02 cycle=43300 time=6.205255e+00 dt=1.446209e-04
elapsed=1.145689e+02 cycle=43400 time=6.219637e+00 dt=1.430946e-04
elapsed=1.147770e+02 cycle=43500 time=6.233908e+00 dt=1.426262e-04
elapsed=1.149872e+02 cycle=43600 time=6.247763e+00 dt=1.348377e-04
elapsed=1.151970e+02 cycle=43700 time=6.261218e+00 dt=1.377835e-04
elapsed=1.154034e+02 cycle=43800 time=6.275294e+00 dt=1.432384e-04
elapsed=1.156105e+02 cycle=43900 time=6.289923e+00 dt=1.505329e-04
elapsed=1.158211e+02 cycle=44000 time=6.304908e+00 dt=1.496709e-04
elapsed=1.160300e+02 cycle=44100 time=6.319943e+00 dt=1.505463e-04
elapsed=1.162392e+02 cycle=44200 time=6.334983e+00 dt=1.497459e-04
elapsed=1.164470e+02 cycle=44300 time=6.350004e+00 dt=1.512870e-04
elapsed=1.166517e+02 cycle=44400 time=6.364988e+00 dt=1.514882e-04
elapsed=1.168577e+02 cycle=44500 time=6.380293e+00 dt=1.535064e-04
elapsed=1.170614e+02 cycle=44600 time=6.395762e+00 dt=1.549305e-04
elapsed=1.172673e+02 cycle=44700 time=6.411206e+00 dt=1.531718e-04
elapsed=1.174706e+02 cycle=44800 time=6.426236e+00 dt=1.470560e-04
elapsed=1.176754e+02 cycle=44900 time=6.440549e+00 dt=1.478919e-04
elapsed=1.178770e+02 cycle=45000 time=6.455542e+00 dt=1.513927e-04
elapsed=1.180802e+02 cycle=45100 time=6.470534e+00 dt=1.478551e-04
elapsed=1.182815e+02 cycle=45200 time=6.485183e+00 dt=1.467568e-04
elapsed=1.184846e+02 cycle=45300 time=6.500024e+00 dt=1.490597e-04
elapsed=1.186854e+02 cycle=45400 time=6.514986e+00 dt=1.546501e-04
elapsed=1.188877e+02 cycle=45500 time=6.530404e+00 dt=1.516738e-04
elapsed=1.190874e+02 cycle=45600 time=6.545466e+00 dt=1.519890e-04
elapsed=1.192884e+02 cycle=45700 time=6.560785e+00 dt=1.529725e-04
elapsed=1.194871e+02 cycle=45800 time=6.575847e+00 dt=1.488146e-04
elapsed=1.196852e+02 cycle=45900 time=6.589892e+00 dt=1.345716e-04
elapsed=1.198855e+02 cycle=46000 time=6.604735e+00 dt=1.497878e-04
elapsed=1.200820e+02 cycle=46100 time=6.619501e+00 dt=1.466106e-04
elapsed=1.202807e+02 cycle=46200 time=6.634444e+00 dt=1.513325e-04
elapsed=1.204761e+02 cycle=46300 time=6.649617e+00 dt=1.504755e-04
elapsed=1.206727e+02 cycle=46400 time=6.664186e+00 dt=1.432275e-04
elapsed=1.208659e+02 cycle=46500 time=6.678699e+00 dt=1.499998e-04
elapsed=1.210598e+02 cycle=46600 time=6.693580e+00 dt=1.481053e-04
elapsed=1.212505e+02 cycle=46700 time=6.708030e+00 dt=1.410540e-04
elapsed=1.214446e+02 cycle=46800 time=6.722214e+00 dt=1.438133e-04
elapsed=1.216364e+02 cycle=46900 time=6.736893e+00 dt=1.491695e-04
elapsed=1.218303e+02 cycle=47000 time=6.751934e+00 dt=1.493779e-04
elapsed=1.220231e+02 cycle=47100 time=6.766638e+00 dt=1.451649e-04
elapsed=1.222182e+02 cycle=47200 time=6.781171e+00 dt=1.451941e-04
elapsed=1.224110e+02 cycle=47300 time=6.795162e+00 dt=1.447098e-04
elapsed=1.226036e+02 cycle=47400 time=6.809505e+00 dt=1.428412e-04
elapsed=1.227968e+02 cycle=47500 time=6.823606e+00 dt=1.395151e-04
elapsed=1.229888e+02 cycle=47600 time=6.837464e+00 dt=1.367098e-04
elapsed=1.231841e+02 cycle=47700 time=6.850396e+00 dt=1.182742e-04
elapsed=1.233783e+02 cycle=47800 time=6.864155e+00 dt=1.566672e-04
elapsed=1.235717e+02 cycle=47900 time=6.879563e+00 dt=1.518082e-04
elapsed=1.237663e+02 cycle=48000 time=6.894738e+00 dt=1.535967e-04
elapsed=1.239579e+02 cycle=48100 time=6.909952e+00 dt=1.479895e-04
elapsed=1.241516e+02 cycle=48200 time=6.924843e+00 dt=1.469847e-04
elapsed=1.243429e+02 cycle=48300 time=6.939592e+00 dt=1.503187e-04
elapsed=1.245367e+02 cycle=48400 time=6.954572e+00 dt=1.483520e-04
elapsed=1.247275e+02 cycle=48500 time=6.969428e+00 dt=1.488527e-04
elapsed=1.249201e+02 cycle=48600 time=6.984245e+00 dt=1.467299e-04
elapsed=1.251096e+02 cycle=48700 time=6.998663e+00 dt=1.409437e-04
elapsed=1.253026e+02 cycle=48800 time=7.012652e+00 dt=1.388326e-04
elapsed=1.254921e+02 cycle=48900 time=7.026517e+00 dt=1.374615e-04
elapsed=1.256841e+02 cycle=49000 time=7.040119e+00 dt=1.351322e-04
elapsed=1.258739e+02 cycle=49100 time=7.053752e+00 dt=1.374785e-04
elapsed=1.260637e+02 cycle=49200 time=7.067299e+00 dt=1.324168e-04
elapsed=1.262552e+02 cycle=49300 time=7.080208e+00 dt=1.253712e-04
elapsed=1.264446e+02 cycle=49400 time=7.092472e+00 dt=1.207655e-04
elapsed=1.266348e+02 cycle=49500 time=7.104441e+00 dt=1.195161e-04
elapsed=1.268251e+02 cycle=49600 time=7.116573e+00 dt=1.217977e-04
elapsed=1.270153e+02 cycle=49700 time=7.128838e+00 dt=1.235764e-04
elapsed=1.272087e+02 cycle=49800 time=7.141096e+00 dt=1.260353e-04
elapsed=1.274000e+02 cycle=49900 time=7.154476e+00 dt=1.370956e-04
elapsed=1.275930e+02 cycle=50000 time=7.168056e+00 dt=1.389348e-04
elapsed=1.277899e+02 cycle=50100 time=7.182521e+00 dt=1.435325e-04
elapsed=1.279856e+02 cycle=50200 time=7.196891e+00 dt=1.476340e-04
elapsed=1.281841e+02 cycle=50300 time=7.211655e+00 dt=1.465062e-04
elapsed=1.283804e+02 cycle=50400 time=7.226197e+00 dt=1.439261e-04
elapsed=1.285784e+02 cycle=50500 time=7.240284e+00 dt=1.387319e-04
elapsed=1.287737e+02 cycle=50600 time=7.253864e+00 dt=1.317160e-04
elapsed=1.289691e+02 cycle=50700 time=7.266719e+00 dt=1.250382e-04
elapsed=1.291642e+02 cycle=50800 time=7.278733e+00 dt=1.148658e-04
elapsed=1.293592e+02 cycle=50900 time=7.289547e+00 dt=1.022499e-04
elapsed=1.295524e+02 cycle=51000 time=7.299484e+00 dt=1.025000e-04
elapsed=1.297468e+02 cycle=51100 time=7.311757e+00 dt=1.316978e-04
elapsed=1.299377e+02 cycle=51200 time=7.324978e+00 dt=1.345221e-04
elapsed=1.301266e+02 cycle=51300 time=7.338649e+00 dt=1.387705e-04
elapsed=1.303153e+02 cycle=51400 time=7.352319e+00 dt=1.412279e-04
elapsed=1.304991e+02 cycle=51500 time=7.366363e+00 dt=1.393966e-04
elapsed=1.306844e+02 cycle=51600 time=7.380221e+00 dt=1.370836e-04
elapsed=1.308706e+02 cycle=51700 time=7.394114e+00 dt=1.401607e-04
elapsed=1.310565e+02 cycle=51800 time=7.408235e+00 dt=1.415834e-04
elapsed=1.312397e+02 cycle=51900 time=7.422277e+00 dt=1.398682e-04
elapsed=1.314182e+02 cycle=52000 time=7.435902e+00 dt=1.320074e-04
elapsed=1.315960e+02 cycle=52100 time=7.449167e+00 dt=1.354791e-04
elapsed=1.317778e+02 cycle=52200 time=7.462977e+00 dt=1.386459e-04
elapsed=1.319536e+02 cycle=52300 time=7.476844e+00 dt=1.378242e-04
elapsed=1.321300e+02 cycle=52400 time=7.490543e+00 dt=1.370852e-04
elapsed=1.323025e+02 cycle=52500 time=7.504121e+00 dt=1.354454e-04
elapsed=1.324737e+02 cycle=52600 time=7.517992e+00 dt=1.394664e-04
elapsed=1.326452e+02 cycle=52700 time=7.531450e+00 dt=1.295327e-04
elapsed=1.328129e+02 cycle=52800 time=7.545228e+00 dt=1.405664e-04
elapsed=1.329804e+02 cycle=52900 time=7.559075e+00 dt=1.368736e-04
elapsed=1.332559e+02 cycle=53000 time=7.572737e+00 dt=1.360807e-04
elapsed=1.335409e+02 cycle=53100 time=7.586282e+00 dt=1.396485e-04
elapsed=1.338327e+02 cycle=53200 time=7.600783e+00 dt=1.454366e-04
elapsed=1.341088e+02 cycle=53300 time=7.615536e+00 dt=1.458139e-04
elapsed=1.344090e+02 cycle=53400 time=7.629636e+00 dt=1.325259e-04
elapsed=1.347150e+02 cycle=53500 time=7.643517e+00 dt=1.492931e-04
elapsed=1.350221e+02 cycle=53600 time=7.658428e+00 dt=1.485918e-04
elapsed=1.353364e+02 cycle=53700 time=7.673159e+00 dt=1.465090e-04
elapsed=1.356570e+02 cycle=53800 time=7.687742e+00 dt=1.448148e-04
elapsed=1.359897e+02 cycle=53900 time=7.702244e+00 dt=1.460024e-04
elapsed=1.363278e+02 cycle=54000 time=7.716959e+00 dt=1.469234e-04
elapsed=1.366772e+02 cycle=54100 time=7.731494e+00 dt=1.438685e-04
elapsed=1.370326e+02 cycle=54200 time=7.745755e+00 dt=1.422272e-04
elapsed=1.373941e+02 cycle=54300 time=7.759909e+00 dt=1.414674e-04
elapsed=1.377619e+02 cycle=54400 time=7.774001e+00 dt=1.403982e-04
elapsed=1.381312e+02 cycle=54500 time=7.787994e+00 dt=1.396065e-04
elapsed=1.385061e+02 cycle=54600 time=7.801907e+00 dt=1.363480e-04
elapsed=1.388825e+02 cycle=54700 time=7.815019e+00 dt=1.251892e-04
elapsed=1.392628e+02 cycle=54800 time=7.827023e+00 dt=1.163846e-04
elapsed=1.396470e+02 cycle=54900 time=7.839022e+00 dt=1.255644e-04
elapsed=1.400363e+02 cycle=55000 time=7.852031e+00 dt=1.358511e-04
elapsed=1.404286e+02 cycle=55100 time=7.866020e+00 dt=1.403528e-04
elapsed=1.408257e+02 cycle=55200 time=7.879750e+00 dt=1.359211e-04
elapsed=1.412478e+02 cycle=55300 time=7.893191e+00 dt=1.305853e-04
elapsed=1.416485e+02 cycle=55400 time=7.905955e+00 dt=1.249268e-04
elapsed=1.420491e+02 cycle=55500 time=7.918956e+00 dt=1.390555e-04
elapsed=1.424523e+02 cycle=55600 time=7.932941e+00 dt=1.405909e-04
elapsed=1.429571e+02 cycle=55700 time=7.946991e+00 dt=1.386010e-04
elapsed=1.434817e+02 cycle=55800 time=7.960517e+00 dt=1.312831e-04
elapsed=1.440010e+02 cycle=55900 time=7.973107e+00 dt=1.198677e-04
elapsed=1.445183e+02 cycle=56000 time=7.984680e+00 dt=1.142938e-04
elapsed=1.450389e+02 cycle=56100 time=7.996426e+00 dt=1.261034e-04
elapsed=1.455599e+02 cycle=56200 time=8.009982e+00 dt=1.353090e-04
elapsed=1.460796e+02 cycle=56300 time=8.024153e+00 dt=1.424910e-04
elapsed=1.465980e+02 cycle=56400 time=8.038530e+00 dt=1.446380e-04
elapsed=1.471212e+02 cycle=56500 time=8.052833e+00 dt=1.412193e-04
elapsed=1.476585e+02 cycle=56600 time=8.066795e+00 dt=1.385682e-04
elapsed=1.481782e+02 cycle=56700 time=8.080608e+00 dt=1.370533e-04
elapsed=1.486951e+02 cycle=56800 time=8.094112e+00 dt=1.316613e-04
elapsed=1.492132e+02 cycle=56900 time=8.106602e+00 dt=1.180760e-04
elapsed=1.497309e+02 cycle=57000 time=8.118133e+00 dt=1.175261e-04
elapsed=1.502517e+02 cycle=57100 time=8.130548e+00 dt=1.251595e-04
elapsed=1.507724e+02 cycle=57200 time=8.142999e+00 dt=1.247491e-04
elapsed=1.511340e+02 cycle=57300 time=8.155533e+00 dt=1.255592e-04
elapsed=1.513268e+02 cycle=57400 time=8.168228e+00 dt=1.271376e-04
elapsed=1.515199e+02 cycle=57500 time=8.180893e+00 dt=1.222791e-04
elapsed=1.517091e+02 cycle=57600 time=8.192898e+00 dt=1.176487e-04
elapsed=1.518980e+02 cycle=57700 time=8.204261e+00 dt=1.106549e-04
elapsed=1.520840e+02 cycle=57800 time=8.217542e+00 dt=1.405637e-04
elapsed=1.522744e+02 cycle=57900 time=8.231266e+00 dt=1.367437e-04
elapsed=1.524648e+02 cycle=58000 time=8.244549e+00 dt=1.329905e-04
elapsed=1.526557e+02 cycle=58100 time=8.258071e+00 dt=1.372371e-04
elapsed=1.528484e+02 cycle=58200 time=8.272053e+00 dt=1.385511e-04
elapsed=1.530355e+02 cycle=58300 time=8.285300e+00 dt=1.237082e-04
elapsed=1.532258e+02 cycle=58400 time=8.299242e+00 dt=1.517615e-04
elapsed=1.534198e+02 cycle=58500 time=8.314375e+00 dt=1.522623e-04
elapsed=1.536102e+02 cycle=58600 time=8.329719e+00 dt=1.557537e-04
elapsed=1.538026e+02 cycle=58700 time=8.345306e+00 dt=1.533329e-04
elapsed=1.539940e+02 cycle=58800 time=8.360274e+00 dt=1.520222e-04
elapsed=1.541836e+02 cycle=58900 time=8.375292e+00 dt=1.504069e-04
elapsed=1.543762e+02 cycle=59000 time=8.390381e+00 dt=1.522006e-04
elapsed=1.545670e+02 cycle=59100 time=8.405806e+00 dt=1.578988e-04
elapsed=1.547609e+02 cycle=59200 time=8.421663e+00 dt=1.573489e-04
elapsed=1.549529e+02 cycle=59300 time=8.437208e+00 dt=1.544879e-04
elapsed=1.551477e+02 cycle=59400 time=8.452849e+00 dt=1.568967e-04
elapsed=1.553406e+02 cycle=59500 time=8.468432e+00 dt=1.551811e-04
elapsed=1.555365e+02 cycle=59600 time=8.483978e+00 dt=1.569081e-04
elapsed=1.557305e+02 cycle=59700 time=8.499750e+00 dt=1.582836e-04
elapsed=1.559273e+02 cycle=59800 time=8.515544e+00 dt=1.570931e-04
elapsed=1.561240e+02 cycle=59900 time=8.531091e+00 dt=1.543483e-04
elapsed=1.563181e+02 cycle=60000 time=8.546587e+00 dt=1.566265e-04
elapsed=1.565130e+02 cycle=60100 time=8.562203e+00 dt=1.551802e-04
elapsed=1.567058e+02 cycle=60200 time=8.577730e+00 dt=1.541028e-04
elapsed=1.569017e+02 cycle=60300 time=8.593050e+00 dt=1.530144e-04
elapsed=1.570958e+02 cycle=60400 time=8.608283e+00 dt=1.520292e-04
elapsed=1.572929e+02 cycle=60500 time=8.623459e+00 dt=1.511649e-04
elapsed=1.574891e+02 cycle=60600 time=8.638476e+00 dt=1.493715e-04
elapsed=1.576884e+02 cycle=60700 time=8.653319e+00 dt=1.479270e-04
elapsed=1.578863e+02 cycle=60800 time=8.668161e+00 dt=1.495216e-04
elapsed=1.580874e+02 cycle=60900 time=8.683266e+00 dt=1.517962e-04
elapsed=1.582885e+02 cycle=61000 time=8.698423e+00 dt=1.507900e-04
elapsed=1.584934e+02 cycle=61100 time=8.713335e+00 dt=1.473282e-04
elapsed=1.586955e+02 cycle=61200 time=8.727973e+00 dt=1.451191e-04
elapsed=1.588982e+02 cycle=61300 time=8.742303e+00 dt=1.417643e-04
elapsed=1.590988e+02 cycle=61400 time=8.756259e+00 dt=1.399687e-04
elapsed=1.593014e+02 cycle=61500 time=8.770299e+00 dt=1.412155e-04
elapsed=1.595015e+02 cycle=61600 time=8.784207e+00 dt=1.429404e-04
elapsed=1.597012e+02 cycle=61700 time=8.798698e+00 dt=1.418402e-04
elapsed=1.599024e+02 cycle=61800 time=8.812513e+00 dt=1.341544e-04
elapsed=1.600996e+02 cycle=61900 time=8.825728e+00 dt=1.303228e-04
elapsed=1.602957e+02 cycle=62000 time=8.838761e+00 dt=1.294634e-04
elapsed=1.604928e+02 cycle=62100 time=8.851677e+00 dt=1.294334e-04
elapsed=1.606873e+02 cycle=62200 time=8.864850e+00 dt=1.336735e-04
elapsed=1.608825e+02 cycle=62300 time=8.878161e+00 dt=1.324111e-04
elapsed=1.610804e+02 cycle=62400 time=8.891425e+00 dt=1.345772e-04
elapsed=1.612769e+02 cycle=62500 time=8.904903e+00 dt=1.345481e-04
elapsed=1.614733e+02 cycle=62600 time=8.918167e+00 dt=1.303215e-04
elapsed=1.616708e+02 cycle=62700 time=8.931312e+00 dt=1.311764e-04
elapsed=1.618664e+02 cycle=62800 time=8.944449e+00 dt=1.320990e-04
elapsed=1.620623e+02 cycle=62900 time=8.957626e+00 dt=1.315140e-04
elapsed=1.622614e+02 cycle=63000 time=8.970445e+00 dt=1.239180e-04
elapsed=1.624585e+02 cycle=63100 time=8.982351e+00 dt=1.138843e-04
elapsed=1.626561e+02 cycle=63200 time=8.993421e+00 dt=1.076755e-04
elapsed=1.628547e+02 cycle=63300 time=9.004209e+00 dt=1.094295e-04
elapsed=1.630513e+02 cycle=63400 time=9.015396e+00 dt=1.138202e-04
elapsed=1.632483e+02 cycle=63500 time=9.026856e+00 dt=1.176442e-04
elapsed=1.634456e+02 cycle=63600 time=9.038630e+00 dt=1.188989e-04
elapsed=1.636427e+02 cycle=63700 time=9.050708e+00 dt=1.189378e-04
elapsed=1.638356e+02 cycle=63800 time=9.062797e+00 dt=1.297784e-04
elapsed=1.640324e+02 cycle=63900 time=9.077142e+00 dt=1.538667e-04
elapsed=1.642308e+02 cycle=64000 time=9.092212e+00 dt=1.481161e-04
elapsed=1.644273e+02 cycle=64100 time=9.106947e+00 dt=1.488030e-04
elapsed=1.646259e+02 cycle=64200 time=9.121738e+00 dt=1.472048e-04
elapsed=1.648216e+02 cycle=64300 time=9.136886e+00 dt=1.544240e-04
elapsed=1.650196e+02 cycle=64400 time=9.152214e+00 dt=1.521618e-04
elapsed=1.652148e+02 cycle=64500 time=9.167771e+00 dt=1.555747e-04
elapsed=1.654134e+02 cycle=64600 time=9.183431e+00 dt=1.576160e-04
elapsed=1.656107e+02 cycle=64700 time=9.199061e+00 dt=1.539280e-04
elapsed=1.658110e+02 cycle=64800 time=9.214489e+00 dt=1.538871e-04
elapsed=1.660084e+02 cycle=64900 time=9.229863e+00 dt=1.540801e-04
elapsed=1.662767e+02 cycle=65000 time=9.245307e+00 dt=1.551787e-04
elapsed=1.666800e+02 cycle=65100 time=9.260944e+00 dt=1.568190e-04
elapsed=1.670806e+02 cycle=65200 time=9.276594e+00 dt=1.552112e-04
elapsed=1.674837e+02 cycle=65300 time=9.292198e+00 dt=1.560771e-04
elapsed=1.678846e+02 cycle=65400 time=9.307848e+00 dt=1.557844e-04
elapsed=1.682874e+02 cycle=65500 time=9.323317e+00 dt=1.529272e-04
elapsed=1.686884e+02 cycle=65600 time=9.338593e+00 dt=1.517892e-04
elapsed=1.690923e+02 cycle=65700 time=9.353772e+00 dt=1.521402e-04
elapsed=1.694937e+02 cycle=65800 time=9.368732e+00 dt=1.487155e-04
elapsed=1.698291e+02 cycle=65900 time=9.383839e+00 dt=1.507384e-04
elapsed=1.700365e+02 cycle=66000 time=9.398756e+00 dt=1.460098e-04
elapsed=1.702475e+02 cycle=66100 time=9.413219e+00 dt=1.431122e-04
elapsed=1.704579e+02 cycle=66200 time=9.427433e+00 dt=1.409382e-04
elapsed=1.706703e+02 cycle=66300 time=9.441340e+00 dt=1.382435e-04
elapsed=1.708817e+02 cycle=66400 time=9.455044e+00 dt=1.370034e-04
elapsed=1.710940e+02 cycle=66500 time=9.468689e+00 dt=1.373540e-04
elapsed=1.714797e+02 cycle=66600 time=9.482519e+00 dt=1.402885e-04
elapsed=1.718808e+02 cycle=66700 time=9.496578e+00 dt=1.454946e-04
elapsed=1.722836e+02 cycle=66800 time=9.511493e+00 dt=1.503122e-04
elapsed=1.726838e+02 cycle=66900 time=9.526580e+00 dt=1.521345e-04
elapsed=1.730865e+02 cycle=67000 time=9.541782e+00 dt=1.517565e-04
elapsed=1.734875e+02 cycle=67100 time=9.556775e+00 dt=1.483859e-04
elapsed=1.738902e+02 cycle=67200 time=9.571525e+00 dt=1.471690e-04
elapsed=1.742899e+02 cycle=67300 time=9.586203e+00 dt=1.468182e-04
elapsed=1.746911e+02 cycle=67400 time=9.601033e+00 dt=1.502503e-04
elapsed=1.750902e+02 cycle=67500 time=9.616236e+00 dt=1.539225e-04
elapsed=1.754929e+02 cycle=67600 time=9.631738e+00 dt=1.547067e-04
elapsed=1.758926e+02 cycle=67700 time=9.647277e+00 dt=1.553167e-04
elapsed=1.762951e+02 cycle=67800 time=9.662802e+00 dt=1.545862e-04
elapsed=1.766945e+02 cycle=67900 time=9.678097e+00 dt=1.520066e-04
elapsed=1.770953e+02 cycle=68000 time=9.692937e+00 dt=1.452979e-04
elapsed=1.774951e+02 cycle=68100 time=9.707338e+00 dt=1.361139e-04
elapsed=1.778969e+02 cycle=68200 time=9.720651e+00 dt=1.321033e-04
elapsed=1.782960e+02 cycle=68300 time=9.734059e+00 dt=1.343005e-04
elapsed=1.786951e+02 cycle=68400 time=9.747459e+00 dt=1.375649e-04
elapsed=1.790975e+02 cycle=68500 time=9.761821e+00 dt=1.453563e-04
elapsed=1.794976e+02 cycle=68600 time=9.775762e+00 dt=1.416211e-04
elapsed=1.798979e+02 cycle=68700 time=9.789771e+00 dt=1.411561e-04
elapsed=1.802994e+02 cycle=68800 time=9.804296e+00 dt=1.448711e-04
elapsed=1.806992e+02 cycle=68900 time=9.818296e+00 dt=1.348590e-04
elapsed=1.811011e+02 cycle=69000 time=9.831345e+00 dt=1.281248e-04
elapsed=1.815004e+02 cycle=69100 time=9.844032e+00 dt=1.253685e-04
elapsed=1.819006e+02 cycle=69200 time=9.856471e+00 dt=1.251773e-04
elapsed=1.822996e+02 cycle=69300 time=9.869145e+00 dt=1.284996e-04
elapsed=1.827011e+02 cycle=69400 time=9.882409e+00 dt=1.333669e-04
elapsed=1.831013e+02 cycle=69500 time=9.895798e+00 dt=1.345071e-04
elapsed=1.835010e+02 cycle=69600 time=9.908686e+00 dt=1.215792e-04
elapsed=1.839022e+02 cycle=69700 time=9.920936e+00 dt=1.299184e-04
elapsed=1.843001e+02 cycle=69800 time=9.934952e+00 dt=1.447306e-04
elapsed=1.846988e+02 cycle=69900 time=9.949602e+00 dt=1.465950e-04
elapsed=1.851013e+02 cycle=70000 time=9.964425e+00 dt=1.498217e-04
elapsed=1.855011e+02 cycle=70100 time=9.979575e+00 dt=1.518486e-04
elapsed=1.859012e+02 cycle=70200 time=9.994818e+00 dt=1.545563e-04

Terminating on time limit
time=1.000000e+01 cycle=70234
tlim=1.000000e+01 nlim=-1

MeshBlock-cycles = 2247488
cpu time used  = 1.860313e+02
zone-cycles/cpu_second = 1.237119e+07
particle-updates/cpu_second = 0.000000e+00
