Determining if the include file experimental/mdspan exists failed with the following output:
Change Dir: /home/dipay/SubgridCGMModel/AthenaK_legacy/laptop_build_hr/CMakeFiles/CMakeTmp

Run Build Command(s):/usr/bin/make cmTC_3d06d/fast && /usr/bin/make -f CMakeFiles/cmTC_3d06d.dir/build.make CMakeFiles/cmTC_3d06d.dir/build
make[1]: Entering directory '/home/dipay/SubgridCGMModel/AthenaK_legacy/laptop_build_hr/CMakeFiles/CMakeTmp'
Building CXX object CMakeFiles/cmTC_3d06d.dir/CheckIncludeFile.cxx.o
/home/dipay/micromamba/envs/gpuenv/bin/x86_64-conda-linux-gnu-c++    -fvisibility-inlines-hidden -fmessage-length=0 -march=nocona -mtune=haswell -ftree-vectorize -fPIC -fstack-protector-strong -fno-plt -O2 -ffunction-sections -pipe -isystem /home/dipay/micromamba/envs/gpuenv/include  -I/home/dipay/micromamba/envs/gpuenv/targets/x86_64-linux/include    -std=c++17 -o CMakeFiles/cmTC_3d06d.dir/CheckIncludeFile.cxx.o -c /home/dipay/SubgridCGMModel/AthenaK_legacy/laptop_build_hr/CMakeFiles/CMakeTmp/CheckIncludeFile.cxx
/home/dipay/SubgridCGMModel/AthenaK_legacy/laptop_build_hr/CMakeFiles/CMakeTmp/CheckIncludeFile.cxx:1:10: fatal error: experimental/mdspan: No such file or directory
    1 | #include <experimental/mdspan>
      |          ^~~~~~~~~~~~~~~~~~~~~
compilation terminated.
make[1]: *** [CMakeFiles/cmTC_3d06d.dir/build.make:66: CMakeFiles/cmTC_3d06d.dir/CheckIncludeFile.cxx.o] Error 1
make[1]: Leaving directory '/home/dipay/SubgridCGMModel/AthenaK_legacy/laptop_build_hr/CMakeFiles/CMakeTmp'
make: *** [Makefile:121: cmTC_3d06d/fast] Error 2



Determining if the include file mdspan exists failed with the following output:
Change Dir: /home/dipay/SubgridCGMModel/AthenaK_legacy/laptop_build_hr/CMakeFiles/CMakeTmp

Run Build Command(s):/usr/bin/make cmTC_9b7b7/fast && /usr/bin/make -f CMakeFiles/cmTC_9b7b7.dir/build.make CMakeFiles/cmTC_9b7b7.dir/build
make[1]: Entering directory '/home/dipay/SubgridCGMModel/AthenaK_legacy/laptop_build_hr/CMakeFiles/CMakeTmp'
Building CXX object CMakeFiles/cmTC_9b7b7.dir/CheckIncludeFile.cxx.o
/home/dipay/micromamba/envs/gpuenv/bin/x86_64-conda-linux-gnu-c++    -fvisibility-inlines-hidden -fmessage-length=0 -march=nocona -mtune=haswell -ftree-vectorize -fPIC -fstack-protector-strong -fno-plt -O2 -ffunction-sections -pipe -isystem /home/dipay/micromamba/envs/gpuenv/include  -I/home/dipay/micromamba/envs/gpuenv/targets/x86_64-linux/include    -std=c++17 -o CMakeFiles/cmTC_9b7b7.dir/CheckIncludeFile.cxx.o -c /home/dipay/SubgridCGMModel/AthenaK_legacy/laptop_build_hr/CMakeFiles/CMakeTmp/CheckIncludeFile.cxx
/home/dipay/SubgridCGMModel/AthenaK_legacy/laptop_build_hr/CMakeFiles/CMakeTmp/CheckIncludeFile.cxx:1:10: fatal error: mdspan: No such file or directory
    1 | #include <mdspan>
      |          ^~~~~~~~
compilation terminated.
make[1]: *** [CMakeFiles/cmTC_9b7b7.dir/build.make:66: CMakeFiles/cmTC_9b7b7.dir/CheckIncludeFile.cxx.o] Error 1
make[1]: Leaving directory '/home/dipay/SubgridCGMModel/AthenaK_legacy/laptop_build_hr/CMakeFiles/CMakeTmp'
make: *** [Makefile:121: cmTC_9b7b7/fast] Error 2



