
Root grid = 2 x 4 x 1 MeshBlocks
Total number of MeshBlocks = 8
Number of logical  levels of refinement = 2 (3 levels total)
Number of physical levels of refinement = 0 (1 levels total)
Number of parallel ranks = 1
### WARNING in /home/sasi/Projects/SubgridCGMModel/athenak/src/parameter_input.cpp: input parameter <mesh>/ix3_bc = periodic was not used by the code (check for a typo)
### WARNING in /home/sasi/Projects/SubgridCGMModel/athenak/src/parameter_input.cpp: input parameter <mesh>/ox3_bc = periodic was not used by the code (check for a typo)
### WARNING in /home/sasi/Projects/SubgridCGMModel/athenak/src/parameter_input.cpp: input parameter <meshblock>/nx3 = 1 was not used by the code (check for a typo)

Setup complete, executing task list(s)...

elapsed=5.615911e-03 cycle=0 time=0.000000e+00 dt=2.761232e-03
elapsed=9.411161e-01 cycle=1000 time=2.704104e+00 dt=2.735445e-03
elapsed=1.842463e+00 cycle=2000 time=5.339984e+00 dt=2.456455e-03
elapsed=2.729702e+00 cycle=3000 time=7.869173e+00 dt=2.406181e-03

Terminating on time limit
time=1.000000e+01 cycle=3838
tlim=1.000000e+01 nlim=-1

MeshBlock-cycles = 30704
cpu time used  = 3.472077e+00
zone-cycles/cpu_second = 1.414900e+05
particle-updates/cpu_second = 0.000000e+00
