Authorization required, but no authorization protocol specified
Authorization required, but no authorization protocol specified

Root grid = 4 x 4 x 1 MeshBlocks
Total number of MeshBlocks = 16
Number of logical  levels of refinement = 2 (3 levels total)
Number of physical levels of refinement = 0 (1 levels total)
Number of parallel ranks = 16
  Rank = 0: 1 MeshBlocks, cost = 1
  Rank = 1: 1 MeshBlocks, cost = 1
  Rank = 2: 1 MeshBlocks, cost = 1
  Rank = 3: 1 MeshBlocks, cost = 1
  Rank = 4: 1 MeshBlocks, cost = 1
  Rank = 5: 1 MeshBlocks, cost = 1
  Rank = 6: 1 MeshBlocks, cost = 1
  Rank = 7: 1 MeshBlocks, cost = 1
  Rank = 8: 1 MeshBlocks, cost = 1
  Rank = 9: 1 MeshBlocks, cost = 1
  Rank = 10: 1 MeshBlocks, cost = 1
  Rank = 11: 1 MeshBlocks, cost = 1
  Rank = 12: 1 MeshBlocks, cost = 1
  Rank = 13: 1 MeshBlocks, cost = 1
  Rank = 14: 1 MeshBlocks, cost = 1
  Rank = 15: 1 MeshBlocks, cost = 1
Load Balancing:
  Maximum normalized cost = 1, Average = 1

Setup complete, executing task list(s)...

elapsed=8.309955e-03 cycle=0 time=0.000000e+00 dt=1.730258e-04
elapsed=2.555560e-01 cycle=100 time=1.730210e-02 dt=1.730640e-04
elapsed=4.585131e-01 cycle=200 time=3.461028e-02 dt=1.730998e-04
elapsed=6.625538e-01 cycle=300 time=5.191681e-02 dt=1.729569e-04
elapsed=8.648756e-01 cycle=400 time=6.922948e-02 dt=1.732264e-04
elapsed=1.071196e+00 cycle=500 time=8.651783e-02 dt=1.722446e-04
elapsed=1.277978e+00 cycle=600 time=1.036669e-01 dt=1.717218e-04
elapsed=1.485907e+00 cycle=700 time=1.208210e-01 dt=1.713620e-04
elapsed=1.693619e+00 cycle=800 time=1.378597e-01 dt=1.691595e-04
elapsed=1.903620e+00 cycle=900 time=1.547811e-01 dt=1.692533e-04
elapsed=2.113372e+00 cycle=1000 time=1.716839e-01 dt=1.688053e-04
elapsed=2.321963e+00 cycle=1100 time=1.885435e-01 dt=1.684932e-04
elapsed=2.535904e+00 cycle=1200 time=2.053287e-01 dt=1.679209e-04
elapsed=2.759624e+00 cycle=1300 time=2.220467e-01 dt=1.663186e-04
elapsed=3.007463e+00 cycle=1400 time=2.386809e-01 dt=1.664727e-04
elapsed=3.258974e+00 cycle=1500 time=2.552615e-01 dt=1.652043e-04
elapsed=3.512402e+00 cycle=1600 time=2.718557e-01 dt=1.667422e-04
elapsed=4.197155e+00 cycle=1700 time=2.885048e-01 dt=1.656225e-04
elapsed=4.531105e+00 cycle=1800 time=3.050937e-01 dt=1.662126e-04
elapsed=4.789333e+00 cycle=1900 time=3.216990e-01 dt=1.657379e-04
elapsed=5.034298e+00 cycle=2000 time=3.382400e-01 dt=1.653528e-04
elapsed=5.277849e+00 cycle=2100 time=3.547939e-01 dt=1.652746e-04
elapsed=5.523671e+00 cycle=2200 time=3.712930e-01 dt=1.652288e-04
elapsed=5.768748e+00 cycle=2300 time=3.877533e-01 dt=1.645703e-04
elapsed=6.018715e+00 cycle=2400 time=4.041371e-01 dt=1.634453e-04
elapsed=6.271855e+00 cycle=2500 time=4.204948e-01 dt=1.633164e-04
elapsed=6.523462e+00 cycle=2600 time=4.368651e-01 dt=1.640232e-04
elapsed=6.779027e+00 cycle=2700 time=4.532481e-01 dt=1.637089e-04
elapsed=7.035158e+00 cycle=2800 time=4.696247e-01 dt=1.636222e-04
elapsed=7.295972e+00 cycle=2900 time=4.858944e-01 dt=1.622343e-04
elapsed=7.557809e+00 cycle=3000 time=5.020257e-01 dt=1.601825e-04
elapsed=7.819044e+00 cycle=3100 time=5.181551e-01 dt=1.642807e-04
elapsed=8.084910e+00 cycle=3200 time=5.345052e-01 dt=1.630597e-04
elapsed=8.353489e+00 cycle=3300 time=5.507562e-01 dt=1.629017e-04
elapsed=8.621770e+00 cycle=3400 time=5.670437e-01 dt=1.634601e-04
elapsed=8.894255e+00 cycle=3500 time=5.833737e-01 dt=1.626223e-04
elapsed=9.166802e+00 cycle=3600 time=5.995241e-01 dt=1.603452e-04
elapsed=9.444718e+00 cycle=3700 time=6.152821e-01 dt=1.553120e-04
elapsed=9.725031e+00 cycle=3800 time=6.307342e-01 dt=1.542706e-04
elapsed=1.000462e+01 cycle=3900 time=6.463119e-01 dt=1.571957e-04
elapsed=1.032098e+01 cycle=4000 time=6.621902e-01 dt=1.595301e-04
elapsed=1.060498e+01 cycle=4100 time=6.782080e-01 dt=1.602624e-04
elapsed=1.089374e+01 cycle=4200 time=6.940289e-01 dt=1.547562e-04
elapsed=1.118334e+01 cycle=4300 time=7.094060e-01 dt=1.511063e-04
elapsed=1.147715e+01 cycle=4400 time=7.249501e-01 dt=1.575249e-04
elapsed=1.177421e+01 cycle=4500 time=7.406313e-01 dt=1.557576e-04
elapsed=1.207126e+01 cycle=4600 time=7.561387e-01 dt=1.572951e-04
elapsed=1.237323e+01 cycle=4700 time=7.716641e-01 dt=1.481472e-04
elapsed=1.267476e+01 cycle=4800 time=7.864697e-01 dt=1.599021e-04
elapsed=1.298020e+01 cycle=4900 time=8.016536e-01 dt=1.589241e-04
elapsed=1.328664e+01 cycle=5000 time=8.175642e-01 dt=1.594298e-04
elapsed=1.359815e+01 cycle=5100 time=8.336292e-01 dt=1.637368e-04
elapsed=1.390976e+01 cycle=5200 time=8.499854e-01 dt=1.632050e-04
elapsed=1.422603e+01 cycle=5300 time=8.662381e-01 dt=1.619866e-04
elapsed=1.454546e+01 cycle=5400 time=8.821992e-01 dt=1.579474e-04
elapsed=1.486357e+01 cycle=5500 time=8.980777e-01 dt=1.593135e-04
elapsed=1.518526e+01 cycle=5600 time=9.139338e-01 dt=1.579656e-04
elapsed=1.550715e+01 cycle=5700 time=9.296151e-01 dt=1.552447e-04
elapsed=1.583319e+01 cycle=5800 time=9.449024e-01 dt=1.525178e-04
elapsed=1.616036e+01 cycle=5900 time=9.602086e-01 dt=1.526166e-04
elapsed=1.648669e+01 cycle=6000 time=9.753817e-01 dt=1.505610e-04
elapsed=1.681631e+01 cycle=6100 time=9.904188e-01 dt=1.482927e-04
elapsed=1.714605e+01 cycle=6200 time=1.005137e+00 dt=1.426511e-04
elapsed=1.747433e+01 cycle=6300 time=1.019340e+00 dt=1.494574e-04
elapsed=1.780578e+01 cycle=6400 time=1.035166e+00 dt=1.598181e-04
elapsed=1.813874e+01 cycle=6500 time=1.051152e+00 dt=1.608067e-04
elapsed=1.847063e+01 cycle=6600 time=1.067049e+00 dt=1.571917e-04
elapsed=1.880593e+01 cycle=6700 time=1.082808e+00 dt=1.601320e-04
elapsed=1.914060e+01 cycle=6800 time=1.098872e+00 dt=1.601924e-04
elapsed=1.948066e+01 cycle=6900 time=1.115028e+00 dt=1.630408e-04
elapsed=1.982454e+01 cycle=7000 time=1.131213e+00 dt=1.612205e-04
elapsed=2.016892e+01 cycle=7100 time=1.147311e+00 dt=1.604262e-04
elapsed=2.051785e+01 cycle=7200 time=1.163281e+00 dt=1.595880e-04
elapsed=2.086792e+01 cycle=7300 time=1.179337e+00 dt=1.605025e-04
elapsed=2.122251e+01 cycle=7400 time=1.195344e+00 dt=1.595192e-04
elapsed=2.157939e+01 cycle=7500 time=1.211193e+00 dt=1.572631e-04
elapsed=2.193582e+01 cycle=7600 time=1.226863e+00 dt=1.563365e-04
elapsed=2.229647e+01 cycle=7700 time=1.242524e+00 dt=1.572490e-04
elapsed=2.265732e+01 cycle=7800 time=1.258155e+00 dt=1.535821e-04
elapsed=2.302224e+01 cycle=7900 time=1.273856e+00 dt=1.582568e-04
elapsed=2.338662e+01 cycle=8000 time=1.289685e+00 dt=1.581750e-04
elapsed=2.375578e+01 cycle=8100 time=1.305481e+00 dt=1.576744e-04
elapsed=2.412674e+01 cycle=8200 time=1.321126e+00 dt=1.555238e-04
elapsed=2.449707e+01 cycle=8300 time=1.336573e+00 dt=1.536631e-04
elapsed=2.487004e+01 cycle=8400 time=1.351956e+00 dt=1.546410e-04
elapsed=2.524213e+01 cycle=8500 time=1.367485e+00 dt=1.563405e-04
elapsed=2.561866e+01 cycle=8600 time=1.383163e+00 dt=1.555550e-04
elapsed=2.599584e+01 cycle=8700 time=1.398762e+00 dt=1.562742e-04
elapsed=2.637749e+01 cycle=8800 time=1.414408e+00 dt=1.538504e-04
elapsed=2.675900e+01 cycle=8900 time=1.429205e+00 dt=1.452315e-04
elapsed=2.714537e+01 cycle=9000 time=1.443035e+00 dt=1.433307e-04
elapsed=2.753215e+01 cycle=9100 time=1.458504e+00 dt=1.554367e-04
elapsed=2.792396e+01 cycle=9200 time=1.474029e+00 dt=1.551609e-04
elapsed=2.831739e+01 cycle=9300 time=1.489497e+00 dt=1.538611e-04
elapsed=2.871551e+01 cycle=9400 time=1.504817e+00 dt=1.519106e-04
elapsed=2.911517e+01 cycle=9500 time=1.519974e+00 dt=1.507571e-04
elapsed=2.951856e+01 cycle=9600 time=1.535131e+00 dt=1.523270e-04
elapsed=2.992589e+01 cycle=9700 time=1.550341e+00 dt=1.511804e-04
elapsed=3.033503e+01 cycle=9800 time=1.565491e+00 dt=1.518457e-04
elapsed=3.074983e+01 cycle=9900 time=1.580717e+00 dt=1.524445e-04
elapsed=3.116529e+01 cycle=10000 time=1.596020e+00 dt=1.536194e-04
elapsed=3.158586e+01 cycle=10100 time=1.611373e+00 dt=1.478966e-04
elapsed=3.200712e+01 cycle=10200 time=1.625827e+00 dt=1.585241e-04
elapsed=3.243267e+01 cycle=10300 time=1.641862e+00 dt=1.602969e-04
elapsed=3.285928e+01 cycle=10400 time=1.657865e+00 dt=1.589866e-04
elapsed=3.329079e+01 cycle=10500 time=1.673624e+00 dt=1.552646e-04
elapsed=3.372176e+01 cycle=10600 time=1.689029e+00 dt=1.517809e-04
elapsed=3.415742e+01 cycle=10700 time=1.704093e+00 dt=1.499949e-04
elapsed=3.459363e+01 cycle=10800 time=1.719162e+00 dt=1.510659e-04
elapsed=3.503550e+01 cycle=10900 time=1.734014e+00 dt=1.467531e-04
elapsed=3.547804e+01 cycle=11000 time=1.748398e+00 dt=1.423552e-04
elapsed=3.592247e+01 cycle=11100 time=1.762588e+00 dt=1.425525e-04
elapsed=3.636658e+01 cycle=11200 time=1.776990e+00 dt=1.449937e-04
elapsed=3.681526e+01 cycle=11300 time=1.791575e+00 dt=1.468903e-04
elapsed=3.726082e+01 cycle=11400 time=1.805817e+00 dt=1.392704e-04
elapsed=3.770900e+01 cycle=11500 time=1.819670e+00 dt=1.382138e-04
elapsed=3.816320e+01 cycle=11600 time=1.833444e+00 dt=1.365538e-04
elapsed=3.861711e+01 cycle=11700 time=1.846948e+00 dt=1.349672e-04
elapsed=3.907378e+01 cycle=11800 time=1.860305e+00 dt=1.264668e-04
elapsed=3.953096e+01 cycle=11900 time=1.872407e+00 dt=1.193654e-04
elapsed=3.999012e+01 cycle=12000 time=1.884312e+00 dt=1.191172e-04
elapsed=4.045250e+01 cycle=12100 time=1.897699e+00 dt=1.572993e-04
elapsed=4.091958e+01 cycle=12200 time=1.913146e+00 dt=1.609844e-04
elapsed=4.138876e+01 cycle=12300 time=1.929317e+00 dt=1.609693e-04
elapsed=4.186346e+01 cycle=12400 time=1.945384e+00 dt=1.605666e-04
elapsed=4.234126e+01 cycle=12500 time=1.961393e+00 dt=1.588414e-04
elapsed=4.282061e+01 cycle=12600 time=1.977201e+00 dt=1.577722e-04
elapsed=4.330498e+01 cycle=12700 time=1.992863e+00 dt=1.563006e-04
elapsed=4.379231e+01 cycle=12800 time=2.008473e+00 dt=1.544594e-04
elapsed=4.428372e+01 cycle=12900 time=2.023919e+00 dt=1.555735e-04
elapsed=4.477303e+01 cycle=13000 time=2.039430e+00 dt=1.554584e-04
elapsed=4.526325e+01 cycle=13100 time=2.054862e+00 dt=1.514395e-04
elapsed=4.575769e+01 cycle=13200 time=2.069849e+00 dt=1.500881e-04
elapsed=4.625821e+01 cycle=13300 time=2.084803e+00 dt=1.530884e-04
elapsed=4.675734e+01 cycle=13400 time=2.099812e+00 dt=1.477365e-04
elapsed=4.725925e+01 cycle=13500 time=2.114412e+00 dt=1.557888e-04
elapsed=4.776419e+01 cycle=13600 time=2.130114e+00 dt=1.546485e-04
elapsed=4.826960e+01 cycle=13700 time=2.145174e+00 dt=1.453159e-04
elapsed=4.877238e+01 cycle=13800 time=2.159324e+00 dt=1.380334e-04
elapsed=4.927862e+01 cycle=13900 time=2.173033e+00 dt=1.365032e-04
elapsed=4.978520e+01 cycle=14000 time=2.186934e+00 dt=1.422477e-04
elapsed=5.029540e+01 cycle=14100 time=2.201244e+00 dt=1.419710e-04
elapsed=5.080502e+01 cycle=14200 time=2.215587e+00 dt=1.460596e-04
elapsed=5.131930e+01 cycle=14300 time=2.230589e+00 dt=1.517844e-04
elapsed=5.183313e+01 cycle=14400 time=2.245905e+00 dt=1.538791e-04
elapsed=5.235215e+01 cycle=14500 time=2.261322e+00 dt=1.541072e-04
elapsed=5.287147e+01 cycle=14600 time=2.276326e+00 dt=1.454522e-04
elapsed=5.339459e+01 cycle=14700 time=2.291808e+00 dt=1.546815e-04
elapsed=5.391856e+01 cycle=14800 time=2.307081e+00 dt=1.479938e-04
elapsed=5.444597e+01 cycle=14900 time=2.322410e+00 dt=1.548975e-04
elapsed=5.497215e+01 cycle=15000 time=2.337969e+00 dt=1.562435e-04
elapsed=5.550144e+01 cycle=15100 time=2.353581e+00 dt=1.557006e-04
elapsed=5.603110e+01 cycle=15200 time=2.369163e+00 dt=1.556221e-04
elapsed=5.656508e+01 cycle=15300 time=2.384693e+00 dt=1.546837e-04
elapsed=5.710074e+01 cycle=15400 time=2.400025e+00 dt=1.517214e-04
elapsed=5.763436e+01 cycle=15500 time=2.415217e+00 dt=1.520804e-04
elapsed=5.817198e+01 cycle=15600 time=2.430642e+00 dt=1.558774e-04
elapsed=5.870561e+01 cycle=15700 time=2.446277e+00 dt=1.564874e-04
elapsed=5.923939e+01 cycle=15800 time=2.461882e+00 dt=1.541028e-04
elapsed=5.977494e+01 cycle=15900 time=2.477244e+00 dt=1.529092e-04
elapsed=6.031364e+01 cycle=16000 time=2.492448e+00 dt=1.516845e-04
elapsed=6.084970e+01 cycle=16100 time=2.507501e+00 dt=1.494708e-04
elapsed=6.138766e+01 cycle=16200 time=2.522051e+00 dt=1.417175e-04
elapsed=6.192411e+01 cycle=16300 time=2.536717e+00 dt=1.563322e-04
elapsed=6.246416e+01 cycle=16400 time=2.552951e+00 dt=1.648081e-04
elapsed=6.300281e+01 cycle=16500 time=2.569395e+00 dt=1.649375e-04
elapsed=6.354504e+01 cycle=16600 time=2.585937e+00 dt=1.656516e-04
elapsed=6.408851e+01 cycle=16700 time=2.602220e+00 dt=1.604923e-04
elapsed=6.463079e+01 cycle=16800 time=2.618222e+00 dt=1.593315e-04
elapsed=6.517629e+01 cycle=16900 time=2.634082e+00 dt=1.601754e-04
elapsed=6.572261e+01 cycle=17000 time=2.650096e+00 dt=1.618779e-04
elapsed=6.626812e+01 cycle=17100 time=2.666124e+00 dt=1.577997e-04
elapsed=6.681750e+01 cycle=17200 time=2.681611e+00 dt=1.508013e-04
elapsed=6.736700e+01 cycle=17300 time=2.696346e+00 dt=1.456668e-04
elapsed=6.791773e+01 cycle=17400 time=2.710991e+00 dt=1.476012e-04
elapsed=6.846382e+01 cycle=17500 time=2.725955e+00 dt=1.502099e-04
elapsed=6.900630e+01 cycle=17600 time=2.740562e+00 dt=1.397150e-04
elapsed=6.954672e+01 cycle=17700 time=2.754166e+00 dt=1.306109e-04
elapsed=7.009153e+01 cycle=17800 time=2.767381e+00 dt=1.533727e-04
elapsed=7.064697e+01 cycle=17900 time=2.782725e+00 dt=1.472910e-04
elapsed=7.120914e+01 cycle=18000 time=2.796585e+00 dt=1.363199e-04
elapsed=7.177676e+01 cycle=18100 time=2.810767e+00 dt=1.426828e-04
elapsed=7.234571e+01 cycle=18200 time=2.825768e+00 dt=1.596219e-04
elapsed=7.291877e+01 cycle=18300 time=2.841887e+00 dt=1.631588e-04
elapsed=7.349267e+01 cycle=18400 time=2.858255e+00 dt=1.625889e-04
elapsed=7.407173e+01 cycle=18500 time=2.874396e+00 dt=1.597059e-04
elapsed=7.465625e+01 cycle=18600 time=2.890360e+00 dt=1.618701e-04
elapsed=7.524246e+01 cycle=18700 time=2.906638e+00 dt=1.616781e-04
elapsed=7.583039e+01 cycle=18800 time=2.922673e+00 dt=1.565127e-04
elapsed=7.641590e+01 cycle=18900 time=2.938000e+00 dt=1.500811e-04
elapsed=7.700294e+01 cycle=19000 time=2.952885e+00 dt=1.474317e-04
elapsed=7.758800e+01 cycle=19100 time=2.967351e+00 dt=1.400923e-04
elapsed=7.816447e+01 cycle=19200 time=2.980823e+00 dt=1.322970e-04
elapsed=7.873053e+01 cycle=19300 time=2.993889e+00 dt=1.456793e-04
elapsed=7.929790e+01 cycle=19400 time=3.008556e+00 dt=1.540217e-04
elapsed=7.986582e+01 cycle=19500 time=3.023983e+00 dt=1.527773e-04
elapsed=8.043232e+01 cycle=19600 time=3.039210e+00 dt=1.507251e-04
elapsed=8.101114e+01 cycle=19700 time=3.054016e+00 dt=1.427281e-04
elapsed=8.159292e+01 cycle=19800 time=3.068456e+00 dt=1.545588e-04
elapsed=8.217735e+01 cycle=19900 time=3.083681e+00 dt=1.499935e-04
elapsed=8.276542e+01 cycle=20000 time=3.098582e+00 dt=1.484026e-04
elapsed=8.335310e+01 cycle=20100 time=3.113505e+00 dt=1.505693e-04
elapsed=8.393807e+01 cycle=20200 time=3.128604e+00 dt=1.523003e-04
elapsed=8.452532e+01 cycle=20300 time=3.143950e+00 dt=1.545603e-04
elapsed=8.511052e+01 cycle=20400 time=3.159284e+00 dt=1.509125e-04
elapsed=8.569750e+01 cycle=20500 time=3.174017e+00 dt=1.446472e-04
elapsed=8.628245e+01 cycle=20600 time=3.188359e+00 dt=1.431032e-04
elapsed=8.687443e+01 cycle=20700 time=3.202650e+00 dt=1.428022e-04
elapsed=8.746317e+01 cycle=20800 time=3.216910e+00 dt=1.415290e-04
elapsed=8.805345e+01 cycle=20900 time=3.230855e+00 dt=1.351085e-04
elapsed=8.864347e+01 cycle=21000 time=3.243616e+00 dt=1.226745e-04
elapsed=8.923346e+01 cycle=21100 time=3.256790e+00 dt=1.465431e-04
elapsed=8.981316e+01 cycle=21200 time=3.272067e+00 dt=1.536197e-04
elapsed=9.038800e+01 cycle=21300 time=3.287373e+00 dt=1.574850e-04
elapsed=9.096565e+01 cycle=21400 time=3.302372e+00 dt=1.425530e-04
elapsed=9.155399e+01 cycle=21500 time=3.317211e+00 dt=1.512971e-04
elapsed=9.214634e+01 cycle=21600 time=3.332359e+00 dt=1.512837e-04
elapsed=9.273719e+01 cycle=21700 time=3.347535e+00 dt=1.513234e-04
elapsed=9.333562e+01 cycle=21800 time=3.362446e+00 dt=1.470318e-04
elapsed=9.392713e+01 cycle=21900 time=3.376887e+00 dt=1.508293e-04
elapsed=9.452179e+01 cycle=22000 time=3.392148e+00 dt=1.526654e-04
elapsed=9.511737e+01 cycle=22100 time=3.407603e+00 dt=1.545216e-04
elapsed=9.571475e+01 cycle=22200 time=3.422898e+00 dt=1.517823e-04
elapsed=9.630669e+01 cycle=22300 time=3.437814e+00 dt=1.476081e-04
elapsed=9.690354e+01 cycle=22400 time=3.452515e+00 dt=1.459254e-04
elapsed=9.750188e+01 cycle=22500 time=3.466524e+00 dt=1.321998e-04
elapsed=9.809578e+01 cycle=22600 time=3.480464e+00 dt=1.476012e-04
elapsed=9.868628e+01 cycle=22700 time=3.495109e+00 dt=1.451988e-04
elapsed=9.927430e+01 cycle=22800 time=3.509225e+00 dt=1.348681e-04
elapsed=9.986536e+01 cycle=22900 time=3.523365e+00 dt=1.433133e-04
elapsed=1.004574e+02 cycle=23000 time=3.537540e+00 dt=1.460962e-04
elapsed=1.010576e+02 cycle=23100 time=3.552214e+00 dt=1.496110e-04
elapsed=1.016517e+02 cycle=23200 time=3.567182e+00 dt=1.459605e-04
elapsed=1.022518e+02 cycle=23300 time=3.582651e+00 dt=1.563826e-04
elapsed=1.028459e+02 cycle=23400 time=3.598344e+00 dt=1.579899e-04
elapsed=1.034383e+02 cycle=23500 time=3.614164e+00 dt=1.577812e-04
elapsed=1.040124e+02 cycle=23600 time=3.629849e+00 dt=1.568906e-04
elapsed=1.045695e+02 cycle=23700 time=3.645517e+00 dt=1.555876e-04
elapsed=1.051146e+02 cycle=23800 time=3.661158e+00 dt=1.567351e-04
elapsed=1.056526e+02 cycle=23900 time=3.676807e+00 dt=1.558863e-04
elapsed=1.061738e+02 cycle=24000 time=3.692311e+00 dt=1.534460e-04
elapsed=1.066774e+02 cycle=24100 time=3.707442e+00 dt=1.507354e-04
elapsed=1.071620e+02 cycle=24200 time=3.722592e+00 dt=1.536085e-04
elapsed=1.076441e+02 cycle=24300 time=3.738016e+00 dt=1.562935e-04
elapsed=1.081202e+02 cycle=24400 time=3.753706e+00 dt=1.561177e-04
elapsed=1.085855e+02 cycle=24500 time=3.769073e+00 dt=1.519882e-04
elapsed=1.090474e+02 cycle=24600 time=3.784095e+00 dt=1.488217e-04
elapsed=1.094879e+02 cycle=24700 time=3.798764e+00 dt=1.421512e-04
elapsed=1.099131e+02 cycle=24800 time=3.813424e+00 dt=1.463857e-04
elapsed=1.103120e+02 cycle=24900 time=3.827713e+00 dt=1.395575e-04
elapsed=1.106988e+02 cycle=25000 time=3.841879e+00 dt=1.433361e-04
elapsed=1.110839e+02 cycle=25100 time=3.856356e+00 dt=1.449795e-04
elapsed=1.114646e+02 cycle=25200 time=3.870687e+00 dt=1.416145e-04
elapsed=1.118419e+02 cycle=25300 time=3.884759e+00 dt=1.381753e-04
elapsed=1.121910e+02 cycle=25400 time=3.898438e+00 dt=1.363133e-04
elapsed=1.125308e+02 cycle=25500 time=3.911739e+00 dt=1.277211e-04
elapsed=1.128696e+02 cycle=25600 time=3.924318e+00 dt=1.298568e-04
elapsed=1.132006e+02 cycle=25700 time=3.938101e+00 dt=1.409351e-04
elapsed=1.135310e+02 cycle=25800 time=3.952100e+00 dt=1.358515e-04
elapsed=1.138630e+02 cycle=25900 time=3.965608e+00 dt=1.366843e-04
elapsed=1.141885e+02 cycle=26000 time=3.979462e+00 dt=1.385904e-04
elapsed=1.145140e+02 cycle=26100 time=3.992916e+00 dt=1.316155e-04
elapsed=1.148364e+02 cycle=26200 time=4.005735e+00 dt=1.259461e-04
elapsed=1.151614e+02 cycle=26300 time=4.017970e+00 dt=1.179026e-04
elapsed=1.154815e+02 cycle=26400 time=4.029464e+00 dt=1.185418e-04
elapsed=1.158073e+02 cycle=26500 time=4.042571e+00 dt=1.378905e-04
elapsed=1.161297e+02 cycle=26600 time=4.056185e+00 dt=1.348808e-04
elapsed=1.164509e+02 cycle=26700 time=4.069478e+00 dt=1.313580e-04
elapsed=1.167741e+02 cycle=26800 time=4.082887e+00 dt=1.349377e-04
elapsed=1.170992e+02 cycle=26900 time=4.096242e+00 dt=1.331298e-04
elapsed=1.174197e+02 cycle=27000 time=4.109585e+00 dt=1.331500e-04
elapsed=1.177438e+02 cycle=27100 time=4.122669e+00 dt=1.287288e-04
elapsed=1.180699e+02 cycle=27200 time=4.135359e+00 dt=1.267390e-04
elapsed=1.183918e+02 cycle=27300 time=4.147663e+00 dt=1.231346e-04
elapsed=1.187122e+02 cycle=27400 time=4.159628e+00 dt=1.147515e-04
elapsed=1.190347e+02 cycle=27500 time=4.171411e+00 dt=1.176146e-04
elapsed=1.193603e+02 cycle=27600 time=4.182839e+00 dt=1.108006e-04
elapsed=1.196814e+02 cycle=27700 time=4.193742e+00 dt=1.083003e-04
elapsed=1.200076e+02 cycle=27800 time=4.204709e+00 dt=1.080174e-04
elapsed=1.203280e+02 cycle=27900 time=4.215110e+00 dt=1.003214e-04
elapsed=1.206483e+02 cycle=28000 time=4.225243e+00 dt=1.036903e-04
elapsed=1.209683e+02 cycle=28100 time=4.235790e+00 dt=1.069320e-04
elapsed=1.212913e+02 cycle=28200 time=4.246629e+00 dt=1.056391e-04
elapsed=1.216108e+02 cycle=28300 time=4.257055e+00 dt=1.041401e-04
elapsed=1.219337e+02 cycle=28400 time=4.268306e+00 dt=1.258682e-04
elapsed=1.222593e+02 cycle=28500 time=4.281590e+00 dt=1.394896e-04
elapsed=1.225792e+02 cycle=28600 time=4.295772e+00 dt=1.388261e-04
elapsed=1.228983e+02 cycle=28700 time=4.309273e+00 dt=1.309796e-04
elapsed=1.232244e+02 cycle=28800 time=4.322259e+00 dt=1.278652e-04
elapsed=1.235428e+02 cycle=28900 time=4.334628e+00 dt=1.147141e-04
elapsed=1.238606e+02 cycle=29000 time=4.345728e+00 dt=1.098397e-04
elapsed=1.241852e+02 cycle=29100 time=4.357772e+00 dt=1.279909e-04
elapsed=1.245069e+02 cycle=29200 time=4.370578e+00 dt=1.290215e-04
elapsed=1.248258e+02 cycle=29300 time=4.383794e+00 dt=1.324967e-04
elapsed=1.251409e+02 cycle=29400 time=4.397014e+00 dt=1.296344e-04
elapsed=1.254589e+02 cycle=29500 time=4.409863e+00 dt=1.294954e-04
elapsed=1.257751e+02 cycle=29600 time=4.423262e+00 dt=1.324835e-04
elapsed=1.260854e+02 cycle=29700 time=4.436329e+00 dt=1.303399e-04
elapsed=1.263932e+02 cycle=29800 time=4.449552e+00 dt=1.359887e-04
elapsed=1.266988e+02 cycle=29900 time=4.463168e+00 dt=1.385771e-04
elapsed=1.270028e+02 cycle=30000 time=4.477347e+00 dt=1.427576e-04
elapsed=1.273114e+02 cycle=30100 time=4.491642e+00 dt=1.431477e-04
elapsed=1.276267e+02 cycle=30200 time=4.505996e+00 dt=1.432458e-04
elapsed=1.279442e+02 cycle=30300 time=4.520243e+00 dt=1.405953e-04
elapsed=1.282679e+02 cycle=30400 time=4.534234e+00 dt=1.442651e-04
elapsed=1.285913e+02 cycle=30500 time=4.548949e+00 dt=1.445181e-04
elapsed=1.289172e+02 cycle=30600 time=4.563039e+00 dt=1.365695e-04
elapsed=1.292402e+02 cycle=30700 time=4.576507e+00 dt=1.343937e-04
elapsed=1.295640e+02 cycle=30800 time=4.589901e+00 dt=1.357269e-04
elapsed=1.298853e+02 cycle=30900 time=4.603954e+00 dt=1.423390e-04
elapsed=1.302067e+02 cycle=31000 time=4.617990e+00 dt=1.378832e-04
elapsed=1.305318e+02 cycle=31100 time=4.631461e+00 dt=1.284515e-04
elapsed=1.308520e+02 cycle=31200 time=4.643738e+00 dt=1.180763e-04
elapsed=1.311729e+02 cycle=31300 time=4.656364e+00 dt=1.309566e-04
elapsed=1.314979e+02 cycle=31400 time=4.669598e+00 dt=1.358219e-04
elapsed=1.318263e+02 cycle=31500 time=4.684435e+00 dt=1.522445e-04
elapsed=1.321525e+02 cycle=31600 time=4.699714e+00 dt=1.525333e-04
elapsed=1.324877e+02 cycle=31700 time=4.714755e+00 dt=1.460401e-04
elapsed=1.328073e+02 cycle=31800 time=4.729118e+00 dt=1.406984e-04
elapsed=1.331204e+02 cycle=31900 time=4.743083e+00 dt=1.388746e-04
elapsed=1.334198e+02 cycle=32000 time=4.757045e+00 dt=1.400173e-04
elapsed=1.337113e+02 cycle=32100 time=4.771175e+00 dt=1.414334e-04
elapsed=1.339976e+02 cycle=32200 time=4.785386e+00 dt=1.427143e-04
elapsed=1.342794e+02 cycle=32300 time=4.799680e+00 dt=1.421695e-04
elapsed=1.345525e+02 cycle=32400 time=4.813792e+00 dt=1.397521e-04
elapsed=1.348126e+02 cycle=32500 time=4.827551e+00 dt=1.362986e-04
elapsed=1.350727e+02 cycle=32600 time=4.841012e+00 dt=1.336892e-04
elapsed=1.353216e+02 cycle=32700 time=4.854033e+00 dt=1.262764e-04
elapsed=1.355631e+02 cycle=32800 time=4.866761e+00 dt=1.317962e-04
elapsed=1.358013e+02 cycle=32900 time=4.879839e+00 dt=1.296048e-04
elapsed=1.360315e+02 cycle=33000 time=4.893052e+00 dt=1.328776e-04
elapsed=1.362554e+02 cycle=33100 time=4.906274e+00 dt=1.303690e-04
elapsed=1.364771e+02 cycle=33200 time=4.919000e+00 dt=1.246527e-04
elapsed=1.366953e+02 cycle=33300 time=4.931044e+00 dt=1.168177e-04
elapsed=1.369082e+02 cycle=33400 time=4.942272e+00 dt=1.084464e-04
elapsed=1.371119e+02 cycle=33500 time=4.952845e+00 dt=1.038983e-04
elapsed=1.373100e+02 cycle=33600 time=4.963255e+00 dt=1.054621e-04
elapsed=1.375011e+02 cycle=33700 time=4.974113e+00 dt=1.105550e-04
elapsed=1.376855e+02 cycle=33800 time=4.985459e+00 dt=1.155380e-04
elapsed=1.378645e+02 cycle=33900 time=4.997402e+00 dt=1.290708e-04
elapsed=1.380392e+02 cycle=34000 time=5.010657e+00 dt=1.352913e-04
elapsed=1.382013e+02 cycle=34100 time=5.023925e+00 dt=1.307215e-04
elapsed=1.383608e+02 cycle=34200 time=5.037408e+00 dt=1.384898e-04
elapsed=1.385225e+02 cycle=34300 time=5.051556e+00 dt=1.447985e-04
elapsed=1.386837e+02 cycle=34400 time=5.066110e+00 dt=1.457098e-04
elapsed=1.388472e+02 cycle=34500 time=5.080700e+00 dt=1.465827e-04
elapsed=1.390066e+02 cycle=34600 time=5.095273e+00 dt=1.440848e-04
elapsed=1.391661e+02 cycle=34700 time=5.109669e+00 dt=1.439532e-04
elapsed=1.393276e+02 cycle=34800 time=5.123978e+00 dt=1.420413e-04
elapsed=1.394864e+02 cycle=34900 time=5.138018e+00 dt=1.386002e-04
elapsed=1.396475e+02 cycle=35000 time=5.151632e+00 dt=1.340768e-04
elapsed=1.398066e+02 cycle=35100 time=5.164896e+00 dt=1.316509e-04
elapsed=1.399665e+02 cycle=35200 time=5.177720e+00 dt=1.277087e-04
elapsed=1.401315e+02 cycle=35300 time=5.190293e+00 dt=1.255510e-04
elapsed=1.402958e+02 cycle=35400 time=5.202991e+00 dt=1.291798e-04
elapsed=1.404587e+02 cycle=35500 time=5.216068e+00 dt=1.309609e-04
elapsed=1.406220e+02 cycle=35600 time=5.228072e+00 dt=1.132867e-04
elapsed=1.407871e+02 cycle=35700 time=5.240143e+00 dt=1.355487e-04
elapsed=1.409521e+02 cycle=35800 time=5.253736e+00 dt=1.317218e-04
elapsed=1.411138e+02 cycle=35900 time=5.267132e+00 dt=1.318339e-04
elapsed=1.412747e+02 cycle=36000 time=5.280659e+00 dt=1.421270e-04
elapsed=1.414328e+02 cycle=36100 time=5.294610e+00 dt=1.405342e-04
elapsed=1.415891e+02 cycle=36200 time=5.309068e+00 dt=1.442981e-04
elapsed=1.417479e+02 cycle=36300 time=5.322960e+00 dt=1.276589e-04
elapsed=1.419063e+02 cycle=36400 time=5.335013e+00 dt=1.194920e-04
elapsed=1.420587e+02 cycle=36500 time=5.346610e+00 dt=1.170073e-04
elapsed=1.422093e+02 cycle=36600 time=5.359607e+00 dt=1.413208e-04
elapsed=1.423629e+02 cycle=36700 time=5.373614e+00 dt=1.379530e-04
elapsed=1.425122e+02 cycle=36800 time=5.387258e+00 dt=1.339117e-04
elapsed=1.426653e+02 cycle=36900 time=5.400850e+00 dt=1.399395e-04
elapsed=1.428134e+02 cycle=37000 time=5.415026e+00 dt=1.444209e-04
elapsed=1.429628e+02 cycle=37100 time=5.429777e+00 dt=1.502741e-04
elapsed=1.431146e+02 cycle=37200 time=5.444460e+00 dt=1.497546e-04
elapsed=1.432645e+02 cycle=37300 time=5.458918e+00 dt=1.419821e-04
elapsed=1.434177e+02 cycle=37400 time=5.473042e+00 dt=1.350116e-04
elapsed=1.435715e+02 cycle=37500 time=5.485878e+00 dt=1.249621e-04
elapsed=1.437288e+02 cycle=37600 time=5.499222e+00 dt=1.377926e-04
elapsed=1.438867e+02 cycle=37700 time=5.513212e+00 dt=1.406259e-04
elapsed=1.440430e+02 cycle=37800 time=5.527918e+00 dt=1.508643e-04
elapsed=1.442010e+02 cycle=37900 time=5.542949e+00 dt=1.497514e-04
elapsed=1.443563e+02 cycle=38000 time=5.557810e+00 dt=1.475234e-04
elapsed=1.445131e+02 cycle=38100 time=5.572328e+00 dt=1.425703e-04
elapsed=1.446721e+02 cycle=38200 time=5.586293e+00 dt=1.346650e-04
elapsed=1.448305e+02 cycle=38300 time=5.598838e+00 dt=1.167988e-04
elapsed=1.449908e+02 cycle=38400 time=5.610448e+00 dt=1.206061e-04
elapsed=1.451490e+02 cycle=38500 time=5.623049e+00 dt=1.353480e-04
elapsed=1.453066e+02 cycle=38600 time=5.637071e+00 dt=1.413763e-04
elapsed=1.454662e+02 cycle=38700 time=5.651255e+00 dt=1.398668e-04
elapsed=1.456244e+02 cycle=38800 time=5.665076e+00 dt=1.387201e-04
elapsed=1.457817e+02 cycle=38900 time=5.678757e+00 dt=1.337328e-04
elapsed=1.459406e+02 cycle=39000 time=5.691998e+00 dt=1.314072e-04
elapsed=1.460982e+02 cycle=39100 time=5.705136e+00 dt=1.313885e-04
elapsed=1.462516e+02 cycle=39200 time=5.718464e+00 dt=1.369220e-04
elapsed=1.464038e+02 cycle=39300 time=5.731896e+00 dt=1.401969e-04
elapsed=1.465510e+02 cycle=39400 time=5.745797e+00 dt=1.404220e-04
elapsed=1.467010e+02 cycle=39500 time=5.759212e+00 dt=1.298081e-04
elapsed=1.468583e+02 cycle=39600 time=5.771908e+00 dt=1.244314e-04
elapsed=1.470137e+02 cycle=39700 time=5.785445e+00 dt=1.447837e-04
elapsed=1.471689e+02 cycle=39800 time=5.799627e+00 dt=1.385158e-04
elapsed=1.473259e+02 cycle=39900 time=5.813194e+00 dt=1.284238e-04
elapsed=1.474805e+02 cycle=40000 time=5.826970e+00 dt=1.504130e-04
elapsed=1.476373e+02 cycle=40100 time=5.842010e+00 dt=1.484786e-04
elapsed=1.477907e+02 cycle=40200 time=5.856549e+00 dt=1.390816e-04
elapsed=1.479408e+02 cycle=40300 time=5.870010e+00 dt=1.337192e-04
elapsed=1.480917e+02 cycle=40400 time=5.883362e+00 dt=1.296407e-04
elapsed=1.482446e+02 cycle=40500 time=5.896248e+00 dt=1.278348e-04
elapsed=1.484013e+02 cycle=40600 time=5.909712e+00 dt=1.474016e-04
elapsed=1.485605e+02 cycle=40700 time=5.924454e+00 dt=1.432438e-04
elapsed=1.487209e+02 cycle=40800 time=5.938491e+00 dt=1.450235e-04
elapsed=1.488899e+02 cycle=40900 time=5.953188e+00 dt=1.544360e-04
elapsed=1.490550e+02 cycle=41000 time=5.968711e+00 dt=1.566009e-04
elapsed=1.492215e+02 cycle=41100 time=5.984266e+00 dt=1.501601e-04
elapsed=1.493859e+02 cycle=41200 time=5.998590e+00 dt=1.396879e-04
elapsed=1.495544e+02 cycle=41300 time=6.012147e+00 dt=1.318293e-04
elapsed=1.497200e+02 cycle=41400 time=6.025268e+00 dt=1.309457e-04
elapsed=1.498811e+02 cycle=41500 time=6.038216e+00 dt=1.282059e-04
elapsed=1.500410e+02 cycle=41600 time=6.051263e+00 dt=1.316092e-04
elapsed=1.501973e+02 cycle=41700 time=6.063936e+00 dt=1.202948e-04
elapsed=1.503524e+02 cycle=41800 time=6.075189e+00 dt=1.085953e-04
elapsed=1.504994e+02 cycle=41900 time=6.087111e+00 dt=1.396586e-04
elapsed=1.506450e+02 cycle=42000 time=6.101891e+00 dt=1.468764e-04
elapsed=1.507895e+02 cycle=42100 time=6.116591e+00 dt=1.428894e-04
elapsed=1.509433e+02 cycle=42200 time=6.130374e+00 dt=1.372928e-04
elapsed=1.511038e+02 cycle=42300 time=6.143946e+00 dt=1.268923e-04
elapsed=1.512646e+02 cycle=42400 time=6.155431e+00 dt=1.089482e-04
elapsed=1.514216e+02 cycle=42500 time=6.168193e+00 dt=1.543859e-04
elapsed=1.515840e+02 cycle=42600 time=6.183734e+00 dt=1.569879e-04
elapsed=1.517510e+02 cycle=42700 time=6.199354e+00 dt=1.556125e-04
elapsed=1.519239e+02 cycle=42800 time=6.215112e+00 dt=1.590625e-04
elapsed=1.520965e+02 cycle=42900 time=6.231111e+00 dt=1.610929e-04
elapsed=1.522647e+02 cycle=43000 time=6.247408e+00 dt=1.638221e-04
elapsed=1.524334e+02 cycle=43100 time=6.263571e+00 dt=1.610751e-04
elapsed=1.526003e+02 cycle=43200 time=6.279172e+00 dt=1.480278e-04
elapsed=1.527699e+02 cycle=43300 time=6.294022e+00 dt=1.642949e-04
elapsed=1.529424e+02 cycle=43400 time=6.310281e+00 dt=1.607746e-04
elapsed=1.531132e+02 cycle=43500 time=6.326313e+00 dt=1.597042e-04
elapsed=1.532828e+02 cycle=43600 time=6.341934e+00 dt=1.523149e-04
elapsed=1.534515e+02 cycle=43700 time=6.356905e+00 dt=1.479618e-04
elapsed=1.536239e+02 cycle=43800 time=6.371781e+00 dt=1.474218e-04
elapsed=1.537955e+02 cycle=43900 time=6.386624e+00 dt=1.490959e-04
elapsed=1.539711e+02 cycle=44000 time=6.401518e+00 dt=1.492117e-04
elapsed=1.541451e+02 cycle=44100 time=6.416476e+00 dt=1.508028e-04
elapsed=1.543153e+02 cycle=44200 time=6.431452e+00 dt=1.492649e-04
elapsed=1.544780e+02 cycle=44300 time=6.446180e+00 dt=1.473273e-04
elapsed=1.546421e+02 cycle=44400 time=6.461221e+00 dt=1.551557e-04
elapsed=1.548014e+02 cycle=44500 time=6.476922e+00 dt=1.562509e-04
elapsed=1.549663e+02 cycle=44600 time=6.492327e+00 dt=1.524326e-04
elapsed=1.551302e+02 cycle=44700 time=6.507538e+00 dt=1.512190e-04
elapsed=1.552946e+02 cycle=44800 time=6.521985e+00 dt=1.373630e-04
elapsed=1.554608e+02 cycle=44900 time=6.535514e+00 dt=1.369749e-04
elapsed=1.556292e+02 cycle=45000 time=6.549607e+00 dt=1.396281e-04
elapsed=1.558057e+02 cycle=45100 time=6.563385e+00 dt=1.355036e-04
elapsed=1.559843e+02 cycle=45200 time=6.576904e+00 dt=1.336069e-04
elapsed=1.561712e+02 cycle=45300 time=6.590305e+00 dt=1.333958e-04
elapsed=1.563518e+02 cycle=45400 time=6.604000e+00 dt=1.460903e-04
elapsed=1.565307e+02 cycle=45500 time=6.619663e+00 dt=1.612445e-04
elapsed=1.567130e+02 cycle=45600 time=6.635803e+00 dt=1.624661e-04
elapsed=1.568963e+02 cycle=45700 time=6.651920e+00 dt=1.595905e-04
elapsed=1.570820e+02 cycle=45800 time=6.667576e+00 dt=1.565735e-04
elapsed=1.572704e+02 cycle=45900 time=6.682965e+00 dt=1.537750e-04
elapsed=1.574538e+02 cycle=46000 time=6.698332e+00 dt=1.537786e-04
elapsed=1.576386e+02 cycle=46100 time=6.713738e+00 dt=1.544103e-04
elapsed=1.578218e+02 cycle=46200 time=6.729056e+00 dt=1.523712e-04
elapsed=1.580082e+02 cycle=46300 time=6.744419e+00 dt=1.533986e-04
elapsed=1.581974e+02 cycle=46400 time=6.759675e+00 dt=1.516337e-04
elapsed=1.583905e+02 cycle=46500 time=6.774810e+00 dt=1.507173e-04
elapsed=1.585813e+02 cycle=46600 time=6.789688e+00 dt=1.472779e-04
elapsed=1.587743e+02 cycle=46700 time=6.804175e+00 dt=1.425239e-04
elapsed=1.589647e+02 cycle=46800 time=6.818320e+00 dt=1.404943e-04
elapsed=1.591567e+02 cycle=46900 time=6.832342e+00 dt=1.404326e-04
elapsed=1.593448e+02 cycle=47000 time=6.846426e+00 dt=1.403232e-04
elapsed=1.595338e+02 cycle=47100 time=6.860213e+00 dt=1.329827e-04
elapsed=1.597192e+02 cycle=47200 time=6.873192e+00 dt=1.267182e-04
elapsed=1.599046e+02 cycle=47300 time=6.886306e+00 dt=1.385239e-04
elapsed=1.600944e+02 cycle=47400 time=6.900928e+00 dt=1.486230e-04
elapsed=1.602864e+02 cycle=47500 time=6.915419e+00 dt=1.407673e-04
elapsed=1.604791e+02 cycle=47600 time=6.929604e+00 dt=1.399111e-04
elapsed=1.606731e+02 cycle=47700 time=6.942823e+00 dt=1.242930e-04
elapsed=1.608663e+02 cycle=47800 time=6.954905e+00 dt=1.279726e-04
elapsed=1.610594e+02 cycle=47900 time=6.968482e+00 dt=1.309175e-04
elapsed=1.612546e+02 cycle=48000 time=6.980982e+00 dt=1.185309e-04
elapsed=1.614461e+02 cycle=48100 time=6.992609e+00 dt=1.161538e-04
elapsed=1.616387e+02 cycle=48200 time=7.005401e+00 dt=1.395609e-04
elapsed=1.618294e+02 cycle=48300 time=7.019416e+00 dt=1.409284e-04
elapsed=1.620219e+02 cycle=48400 time=7.033250e+00 dt=1.366516e-04
elapsed=1.622125e+02 cycle=48500 time=7.046457e+00 dt=1.295263e-04
elapsed=1.624038e+02 cycle=48600 time=7.059478e+00 dt=1.285591e-04
elapsed=1.625959e+02 cycle=48700 time=7.072193e+00 dt=1.267832e-04
elapsed=1.627857e+02 cycle=48800 time=7.084979e+00 dt=1.301651e-04
elapsed=1.629752e+02 cycle=48900 time=7.098376e+00 dt=1.374026e-04
elapsed=1.631633e+02 cycle=49000 time=7.112369e+00 dt=1.414587e-04
elapsed=1.633526e+02 cycle=49100 time=7.126582e+00 dt=1.432065e-04
elapsed=1.635412e+02 cycle=49200 time=7.141168e+00 dt=1.486116e-04
elapsed=1.637212e+02 cycle=49300 time=7.156161e+00 dt=1.493223e-04
elapsed=1.639004e+02 cycle=49400 time=7.170960e+00 dt=1.466243e-04
elapsed=1.640744e+02 cycle=49500 time=7.185730e+00 dt=1.488583e-04
elapsed=1.642518e+02 cycle=49600 time=7.200692e+00 dt=1.503284e-04
elapsed=1.644255e+02 cycle=49700 time=7.215835e+00 dt=1.529371e-04
elapsed=1.646026e+02 cycle=49800 time=7.231043e+00 dt=1.499714e-04
elapsed=1.647805e+02 cycle=49900 time=7.245918e+00 dt=1.469738e-04
elapsed=1.649670e+02 cycle=50000 time=7.260301e+00 dt=1.391717e-04
elapsed=1.651519e+02 cycle=50100 time=7.273586e+00 dt=1.261908e-04
elapsed=1.653415e+02 cycle=50200 time=7.286663e+00 dt=1.511664e-04
elapsed=1.655333e+02 cycle=50300 time=7.301903e+00 dt=1.541634e-04
elapsed=1.657216e+02 cycle=50400 time=7.317244e+00 dt=1.538705e-04
elapsed=1.659125e+02 cycle=50500 time=7.332692e+00 dt=1.546174e-04
elapsed=1.660992e+02 cycle=50600 time=7.348105e+00 dt=1.538126e-04
elapsed=1.662870e+02 cycle=50700 time=7.363379e+00 dt=1.519977e-04
elapsed=1.664701e+02 cycle=50800 time=7.378459e+00 dt=1.496660e-04
elapsed=1.666532e+02 cycle=50900 time=7.393292e+00 dt=1.458494e-04
elapsed=1.668309e+02 cycle=51000 time=7.407621e+00 dt=1.393405e-04
elapsed=1.670078e+02 cycle=51100 time=7.421354e+00 dt=1.346484e-04
elapsed=1.671804e+02 cycle=51200 time=7.434577e+00 dt=1.307517e-04
elapsed=1.673508e+02 cycle=51300 time=7.447589e+00 dt=1.297227e-04
elapsed=1.675209e+02 cycle=51400 time=7.460647e+00 dt=1.319470e-04
elapsed=1.676863e+02 cycle=51500 time=7.473937e+00 dt=1.318640e-04
elapsed=1.678493e+02 cycle=51600 time=7.486813e+00 dt=1.249727e-04
elapsed=1.680101e+02 cycle=51700 time=7.498970e+00 dt=1.193780e-04
elapsed=1.681708e+02 cycle=51800 time=7.510974e+00 dt=1.210575e-04
elapsed=1.683271e+02 cycle=51900 time=7.523565e+00 dt=1.301147e-04
elapsed=1.684820e+02 cycle=52000 time=7.536312e+00 dt=1.243945e-04
elapsed=1.686364e+02 cycle=52100 time=7.548694e+00 dt=1.247214e-04
elapsed=1.687923e+02 cycle=52200 time=7.561261e+00 dt=1.248149e-04
elapsed=1.689459e+02 cycle=52300 time=7.574030e+00 dt=1.326235e-04
elapsed=1.691001e+02 cycle=52400 time=7.587826e+00 dt=1.407512e-04
elapsed=1.692572e+02 cycle=52500 time=7.601819e+00 dt=1.384587e-04
elapsed=1.694161e+02 cycle=52600 time=7.615433e+00 dt=1.341517e-04
elapsed=1.695746e+02 cycle=52700 time=7.628690e+00 dt=1.306313e-04
elapsed=1.697324e+02 cycle=52800 time=7.641566e+00 dt=1.268575e-04
elapsed=1.698879e+02 cycle=52900 time=7.654019e+00 dt=1.224470e-04
elapsed=1.700423e+02 cycle=53000 time=7.666410e+00 dt=1.315071e-04
elapsed=1.701964e+02 cycle=53100 time=7.679712e+00 dt=1.347313e-04
elapsed=1.703528e+02 cycle=53200 time=7.693080e+00 dt=1.338818e-04
elapsed=1.705068e+02 cycle=53300 time=7.706566e+00 dt=1.330931e-04
elapsed=1.706628e+02 cycle=53400 time=7.720280e+00 dt=1.410133e-04
elapsed=1.708167e+02 cycle=53500 time=7.733803e+00 dt=1.225636e-04
elapsed=1.709710e+02 cycle=53600 time=7.746378e+00 dt=1.276356e-04
elapsed=1.711256e+02 cycle=53700 time=7.758583e+00 dt=1.174561e-04
elapsed=1.712823e+02 cycle=53800 time=7.770319e+00 dt=1.172990e-04
elapsed=1.714368e+02 cycle=53900 time=7.782215e+00 dt=1.202688e-04
elapsed=1.715915e+02 cycle=54000 time=7.795083e+00 dt=1.399131e-04
elapsed=1.717467e+02 cycle=54100 time=7.808832e+00 dt=1.356789e-04
elapsed=1.719049e+02 cycle=54200 time=7.822275e+00 dt=1.342503e-04
elapsed=1.720609e+02 cycle=54300 time=7.835990e+00 dt=1.397980e-04
elapsed=1.722196e+02 cycle=54400 time=7.850117e+00 dt=1.411729e-04
elapsed=1.723759e+02 cycle=54500 time=7.864029e+00 dt=1.347001e-04
elapsed=1.725317e+02 cycle=54600 time=7.876872e+00 dt=1.260615e-04
elapsed=1.726873e+02 cycle=54700 time=7.889694e+00 dt=1.321972e-04
elapsed=1.728447e+02 cycle=54800 time=7.903006e+00 dt=1.339716e-04
elapsed=1.729990e+02 cycle=54900 time=7.916278e+00 dt=1.332661e-04
elapsed=1.731527e+02 cycle=55000 time=7.929188e+00 dt=1.248922e-04
elapsed=1.733088e+02 cycle=55100 time=7.941794e+00 dt=1.282134e-04
elapsed=1.734627e+02 cycle=55200 time=7.955274e+00 dt=1.375252e-04
elapsed=1.736178e+02 cycle=55300 time=7.968938e+00 dt=1.349207e-04
elapsed=1.737761e+02 cycle=55400 time=7.982212e+00 dt=1.294655e-04
elapsed=1.739327e+02 cycle=55500 time=7.994890e+00 dt=1.254633e-04
elapsed=1.740887e+02 cycle=55600 time=8.007472e+00 dt=1.257733e-04
elapsed=1.742435e+02 cycle=55700 time=8.020019e+00 dt=1.247265e-04
elapsed=1.743962e+02 cycle=55800 time=8.032643e+00 dt=1.280591e-04
elapsed=1.745477e+02 cycle=55900 time=8.045431e+00 dt=1.244307e-04
elapsed=1.746994e+02 cycle=56000 time=8.057535e+00 dt=1.229696e-04
elapsed=1.748535e+02 cycle=56100 time=8.070905e+00 dt=1.393713e-04
elapsed=1.750045e+02 cycle=56200 time=8.085523e+00 dt=1.486439e-04
elapsed=1.751560e+02 cycle=56300 time=8.100260e+00 dt=1.442376e-04
elapsed=1.753053e+02 cycle=56400 time=8.114635e+00 dt=1.429632e-04
elapsed=1.754557e+02 cycle=56500 time=8.128808e+00 dt=1.404586e-04
elapsed=1.756116e+02 cycle=56600 time=8.142813e+00 dt=1.415742e-04
elapsed=1.757670e+02 cycle=56700 time=8.157004e+00 dt=1.428466e-04
elapsed=1.759234e+02 cycle=56800 time=8.171544e+00 dt=1.447614e-04
elapsed=1.760782e+02 cycle=56900 time=8.185843e+00 dt=1.410652e-04
elapsed=1.762325e+02 cycle=57000 time=8.199844e+00 dt=1.363375e-04
elapsed=1.763894e+02 cycle=57100 time=8.212886e+00 dt=1.237004e-04
elapsed=1.765438e+02 cycle=57200 time=8.225048e+00 dt=1.217440e-04
elapsed=1.766992e+02 cycle=57300 time=8.238062e+00 dt=1.326586e-04
elapsed=1.768563e+02 cycle=57400 time=8.251212e+00 dt=1.310282e-04
elapsed=1.770109e+02 cycle=57500 time=8.264249e+00 dt=1.300807e-04
elapsed=1.771665e+02 cycle=57600 time=8.277222e+00 dt=1.299738e-04
elapsed=1.773238e+02 cycle=57700 time=8.290282e+00 dt=1.320360e-04
elapsed=1.774790e+02 cycle=57800 time=8.303595e+00 dt=1.355482e-04
elapsed=1.776334e+02 cycle=57900 time=8.317386e+00 dt=1.393928e-04
elapsed=1.777910e+02 cycle=58000 time=8.330796e+00 dt=1.266739e-04
elapsed=1.779484e+02 cycle=58100 time=8.343061e+00 dt=1.194202e-04
elapsed=1.781050e+02 cycle=58200 time=8.354818e+00 dt=1.147919e-04
elapsed=1.782619e+02 cycle=58300 time=8.366000e+00 dt=1.091311e-04
elapsed=1.784192e+02 cycle=58400 time=8.376676e+00 dt=1.064245e-04
elapsed=1.785749e+02 cycle=58500 time=8.387849e+00 dt=1.235233e-04
elapsed=1.787314e+02 cycle=58600 time=8.401032e+00 dt=1.342397e-04
elapsed=1.788851e+02 cycle=58700 time=8.414479e+00 dt=1.336846e-04
elapsed=1.792096e+02 cycle=58800 time=8.427949e+00 dt=1.358425e-04
elapsed=1.796663e+02 cycle=58900 time=8.441606e+00 dt=1.359403e-04
elapsed=1.801187e+02 cycle=59000 time=8.454815e+00 dt=1.292897e-04
elapsed=1.805699e+02 cycle=59100 time=8.467310e+00 dt=1.207867e-04
elapsed=1.810176e+02 cycle=59200 time=8.478901e+00 dt=1.120310e-04
elapsed=1.814680e+02 cycle=59300 time=8.489764e+00 dt=1.056830e-04
elapsed=1.819167e+02 cycle=59400 time=8.500100e+00 dt=1.017644e-04
elapsed=1.823599e+02 cycle=59500 time=8.509866e+00 dt=9.554810e-05
elapsed=1.828116e+02 cycle=59600 time=8.519558e+00 dt=1.006791e-04
elapsed=1.832670e+02 cycle=59700 time=8.530442e+00 dt=1.105741e-04
elapsed=1.837156e+02 cycle=59800 time=8.541153e+00 dt=1.122010e-04
elapsed=1.841692e+02 cycle=59900 time=8.554413e+00 dt=1.349654e-04
elapsed=1.846224e+02 cycle=60000 time=8.567537e+00 dt=1.281064e-04
elapsed=1.850780e+02 cycle=60100 time=8.580145e+00 dt=1.248460e-04
elapsed=1.855313e+02 cycle=60200 time=8.592389e+00 dt=1.191563e-04
elapsed=1.859819e+02 cycle=60300 time=8.604067e+00 dt=1.147584e-04
elapsed=1.864348e+02 cycle=60400 time=8.615456e+00 dt=1.119121e-04
elapsed=1.868875e+02 cycle=60500 time=8.626517e+00 dt=1.095289e-04
elapsed=1.873392e+02 cycle=60600 time=8.637337e+00 dt=1.075347e-04
elapsed=1.877898e+02 cycle=60700 time=8.648036e+00 dt=1.061965e-04
elapsed=1.882381e+02 cycle=60800 time=8.658721e+00 dt=1.075559e-04
elapsed=1.886915e+02 cycle=60900 time=8.669635e+00 dt=1.126514e-04
elapsed=1.891473e+02 cycle=61000 time=8.681044e+00 dt=1.126032e-04
elapsed=1.895981e+02 cycle=61100 time=8.692110e+00 dt=1.098395e-04
elapsed=1.900442e+02 cycle=61200 time=8.703116e+00 dt=1.118238e-04
elapsed=1.904873e+02 cycle=61300 time=8.714508e+00 dt=1.166215e-04
elapsed=1.909261e+02 cycle=61400 time=8.726241e+00 dt=1.166256e-04
elapsed=1.913612e+02 cycle=61500 time=8.738032e+00 dt=1.164596e-04
elapsed=1.918179e+02 cycle=61600 time=8.749651e+00 dt=1.141986e-04
elapsed=1.922789e+02 cycle=61700 time=8.761168e+00 dt=1.179346e-04
elapsed=1.927374e+02 cycle=61800 time=8.773815e+00 dt=1.325155e-04
elapsed=1.931971e+02 cycle=61900 time=8.786947e+00 dt=1.299080e-04
elapsed=1.936573e+02 cycle=62000 time=8.799831e+00 dt=1.291228e-04
elapsed=1.941211e+02 cycle=62100 time=8.813013e+00 dt=1.329036e-04
elapsed=1.945741e+02 cycle=62200 time=8.826083e+00 dt=1.326938e-04
elapsed=1.950202e+02 cycle=62300 time=8.839140e+00 dt=1.264103e-04
elapsed=1.954644e+02 cycle=62400 time=8.851222e+00 dt=1.148839e-04
elapsed=1.959078e+02 cycle=62500 time=8.862855e+00 dt=1.273162e-04
elapsed=1.963479e+02 cycle=62600 time=8.875330e+00 dt=1.167612e-04
elapsed=1.967854e+02 cycle=62700 time=8.886760e+00 dt=1.158900e-04
elapsed=1.972366e+02 cycle=62800 time=8.899026e+00 dt=1.290355e-04
elapsed=1.976936e+02 cycle=62900 time=8.912210e+00 dt=1.307277e-04
elapsed=1.981480e+02 cycle=63000 time=8.925035e+00 dt=1.273777e-04
elapsed=1.985950e+02 cycle=63100 time=8.938333e+00 dt=1.418739e-04
elapsed=1.990512e+02 cycle=63200 time=8.952677e+00 dt=1.398457e-04
elapsed=1.995057e+02 cycle=63300 time=8.965435e+00 dt=1.196181e-04
elapsed=1.999525e+02 cycle=63400 time=8.977303e+00 dt=1.200922e-04
elapsed=2.004038e+02 cycle=63500 time=8.989748e+00 dt=1.318668e-04
elapsed=2.008588e+02 cycle=63600 time=9.003506e+00 dt=1.400025e-04
elapsed=2.013033e+02 cycle=63700 time=9.017429e+00 dt=1.372941e-04
elapsed=2.017584e+02 cycle=63800 time=9.031014e+00 dt=1.352135e-04
elapsed=2.022109e+02 cycle=63900 time=9.044105e+00 dt=1.256089e-04
elapsed=2.026530e+02 cycle=64000 time=9.056084e+00 dt=1.152004e-04
elapsed=2.031012e+02 cycle=64100 time=9.067756e+00 dt=1.260338e-04
elapsed=2.035602e+02 cycle=64200 time=9.081182e+00 dt=1.387312e-04
elapsed=2.040174e+02 cycle=64300 time=9.095612e+00 dt=1.483575e-04
elapsed=2.042896e+02 cycle=64400 time=9.110606e+00 dt=1.507366e-04
elapsed=2.044474e+02 cycle=64500 time=9.125679e+00 dt=1.509623e-04
elapsed=2.046056e+02 cycle=64600 time=9.140579e+00 dt=1.470377e-04
elapsed=2.047607e+02 cycle=64700 time=9.155035e+00 dt=1.422534e-04
elapsed=2.049158e+02 cycle=64800 time=9.169224e+00 dt=1.406951e-04
elapsed=2.050730e+02 cycle=64900 time=9.183371e+00 dt=1.433203e-04
elapsed=2.052218e+02 cycle=65000 time=9.197429e+00 dt=1.390578e-04
elapsed=2.053724e+02 cycle=65100 time=9.211461e+00 dt=1.419076e-04
elapsed=2.055270e+02 cycle=65200 time=9.225920e+00 dt=1.442479e-04
elapsed=2.056832e+02 cycle=65300 time=9.240044e+00 dt=1.393601e-04
elapsed=2.058365e+02 cycle=65400 time=9.254109e+00 dt=1.430889e-04
elapsed=2.059915e+02 cycle=65500 time=9.268549e+00 dt=1.443381e-04
elapsed=2.061505e+02 cycle=65600 time=9.282683e+00 dt=1.360932e-04
elapsed=2.063071e+02 cycle=65700 time=9.296382e+00 dt=1.448316e-04
elapsed=2.064654e+02 cycle=65800 time=9.310909e+00 dt=1.460160e-04
elapsed=2.066214e+02 cycle=65900 time=9.325850e+00 dt=1.516666e-04
elapsed=2.067796e+02 cycle=66000 time=9.340739e+00 dt=1.472661e-04
elapsed=2.069356e+02 cycle=66100 time=9.355166e+00 dt=1.427660e-04
elapsed=2.070917e+02 cycle=66200 time=9.369233e+00 dt=1.358631e-04
elapsed=2.072502e+02 cycle=66300 time=9.382615e+00 dt=1.312416e-04
elapsed=2.074063e+02 cycle=66400 time=9.396233e+00 dt=1.391087e-04
elapsed=2.075643e+02 cycle=66500 time=9.410049e+00 dt=1.400086e-04
elapsed=2.077191e+02 cycle=66600 time=9.423580e+00 dt=1.329358e-04
elapsed=2.080199e+02 cycle=66700 time=9.436730e+00 dt=1.294087e-04
elapsed=2.084556e+02 cycle=66800 time=9.449603e+00 dt=1.303235e-04
elapsed=2.088918e+02 cycle=66900 time=9.462790e+00 dt=1.312356e-04
elapsed=2.093406e+02 cycle=67000 time=9.475881e+00 dt=1.313357e-04
elapsed=2.097878e+02 cycle=67100 time=9.489107e+00 dt=1.309458e-04
elapsed=2.102351e+02 cycle=67200 time=9.502338e+00 dt=1.347861e-04
elapsed=2.106873e+02 cycle=67300 time=9.515871e+00 dt=1.327113e-04
elapsed=2.111425e+02 cycle=67400 time=9.528826e+00 dt=1.277706e-04
elapsed=2.115983e+02 cycle=67500 time=9.541197e+00 dt=1.231296e-04
elapsed=2.120433e+02 cycle=67600 time=9.554123e+00 dt=1.303625e-04
elapsed=2.124948e+02 cycle=67700 time=9.568032e+00 dt=1.519635e-04
elapsed=2.129548e+02 cycle=67800 time=9.583271e+00 dt=1.520211e-04
elapsed=2.134065e+02 cycle=67900 time=9.598367e+00 dt=1.486286e-04
elapsed=2.138600e+02 cycle=68000 time=9.612880e+00 dt=1.392937e-04
elapsed=2.142985e+02 cycle=68100 time=9.626385e+00 dt=1.274916e-04
elapsed=2.147397e+02 cycle=68200 time=9.638604e+00 dt=1.230405e-04
elapsed=2.151872e+02 cycle=68300 time=9.651753e+00 dt=1.304882e-04
elapsed=2.156459e+02 cycle=68400 time=9.664674e+00 dt=1.376951e-04
elapsed=2.161095e+02 cycle=68500 time=9.678681e+00 dt=1.413818e-04
elapsed=2.165756e+02 cycle=68600 time=9.693142e+00 dt=1.469534e-04
elapsed=2.170348e+02 cycle=68700 time=9.707801e+00 dt=1.468945e-04
elapsed=2.174990e+02 cycle=68800 time=9.722748e+00 dt=1.502105e-04
elapsed=2.179600e+02 cycle=68900 time=9.737701e+00 dt=1.485071e-04
elapsed=2.184226e+02 cycle=69000 time=9.752474e+00 dt=1.477999e-04
elapsed=2.188779e+02 cycle=69100 time=9.766948e+00 dt=1.413032e-04
elapsed=2.193392e+02 cycle=69200 time=9.780936e+00 dt=1.392423e-04
elapsed=2.197979e+02 cycle=69300 time=9.794945e+00 dt=1.412110e-04
elapsed=2.202552e+02 cycle=69400 time=9.809219e+00 dt=1.445546e-04
elapsed=2.207150e+02 cycle=69500 time=9.823700e+00 dt=1.448719e-04
elapsed=2.211648e+02 cycle=69600 time=9.838067e+00 dt=1.416826e-04
elapsed=2.216183e+02 cycle=69700 time=9.852081e+00 dt=1.425102e-04
elapsed=2.220798e+02 cycle=69800 time=9.866460e+00 dt=1.434046e-04
elapsed=2.225433e+02 cycle=69900 time=9.880459e+00 dt=1.363832e-04
elapsed=2.229901e+02 cycle=70000 time=9.893849e+00 dt=1.320628e-04
elapsed=2.234371e+02 cycle=70100 time=9.907084e+00 dt=1.325265e-04
elapsed=2.239008e+02 cycle=70200 time=9.920560e+00 dt=1.372895e-04
elapsed=2.243629e+02 cycle=70300 time=9.934230e+00 dt=1.324793e-04
elapsed=2.248208e+02 cycle=70400 time=9.947410e+00 dt=1.447525e-04
elapsed=2.252861e+02 cycle=70500 time=9.961671e+00 dt=1.399499e-04
elapsed=2.257491e+02 cycle=70600 time=9.975393e+00 dt=1.345380e-04
elapsed=2.262128e+02 cycle=70700 time=9.988525e+00 dt=1.284565e-04

Terminating on time limit
time=1.000000e+01 cycle=70790
tlim=1.000000e+01 nlim=-1

MeshBlock-cycles = 1132640
cpu time used  = 2.266220e+02
zone-cycles/cpu_second = 1.023575e+07
particle-updates/cpu_second = 0.000000e+00
