Authorization required, but no authorization protocol specified
Authorization required, but no authorization protocol specified
Authorization required, but no authorization protocol specified

Root grid = 1 x 1 x 1 MeshBlocks
Total number of MeshBlocks = 1
Number of logical  levels of refinement = 0 (1 levels total)
Number of physical levels of refinement = 0 (1 levels total)
Number of parallel ranks = 1

Setup complete, executing task list(s)...

elapsed=1.158396e-02 cycle=0 time=0.000000e+00 dt=2.768412e-03
elapsed=3.591139e-02 cycle=100 time=2.773078e-01 dt=2.777853e-03
elapsed=5.027395e-02 cycle=200 time=5.555401e-01 dt=2.786691e-03
elapsed=6.458994e-02 cycle=300 time=8.346270e-01 dt=2.794942e-03
elapsed=7.868586e-02 cycle=400 time=1.114505e+00 dt=2.802559e-03
elapsed=9.257861e-02 cycle=500 time=1.395112e+00 dt=2.809475e-03
elapsed=1.061930e-01 cycle=600 time=1.676365e+00 dt=2.815507e-03
elapsed=1.199202e-01 cycle=700 time=1.958183e+00 dt=2.820764e-03
elapsed=1.334646e-01 cycle=800 time=2.240486e+00 dt=2.825191e-03
elapsed=1.468947e-01 cycle=900 time=2.523190e+00 dt=2.828805e-03
elapsed=1.608215e-01 cycle=1000 time=2.806209e+00 dt=2.831324e-03
elapsed=1.745554e-01 cycle=1100 time=3.089391e+00 dt=2.832011e-03
elapsed=1.883435e-01 cycle=1200 time=3.372561e+00 dt=2.831133e-03
elapsed=2.018686e-01 cycle=1300 time=3.655566e+00 dt=2.828721e-03
elapsed=2.152291e-01 cycle=1400 time=3.938256e+00 dt=2.824826e-03
elapsed=2.287327e-01 cycle=1500 time=4.220513e+00 dt=2.820152e-03
elapsed=2.421084e-01 cycle=1600 time=4.502255e+00 dt=2.814444e-03
elapsed=2.556057e-01 cycle=1700 time=4.783353e+00 dt=2.806639e-03
elapsed=2.693420e-01 cycle=1800 time=5.056326e+00 dt=2.715665e-03
elapsed=2.838530e-01 cycle=1900 time=5.330519e+00 dt=2.745946e-03
elapsed=2.984083e-01 cycle=2000 time=5.606953e+00 dt=2.770395e-03
elapsed=3.128224e-01 cycle=2100 time=5.883477e+00 dt=2.770128e-03
elapsed=3.271346e-01 cycle=2200 time=6.156615e+00 dt=2.641912e-03
elapsed=3.410371e-01 cycle=2300 time=6.406528e+00 dt=2.496668e-03
elapsed=3.552449e-01 cycle=2400 time=6.674381e+00 dt=2.675982e-03
elapsed=3.695177e-01 cycle=2500 time=6.946105e+00 dt=2.699066e-03
elapsed=3.839663e-01 cycle=2600 time=7.220239e+00 dt=2.747698e-03
elapsed=3.980624e-01 cycle=2700 time=7.491791e+00 dt=2.675315e-03
elapsed=4.122236e-01 cycle=2800 time=7.757966e+00 dt=2.712747e-03
elapsed=4.265264e-01 cycle=2900 time=8.028945e+00 dt=2.756760e-03
elapsed=4.409890e-01 cycle=3000 time=8.303747e+00 dt=2.751550e-03
elapsed=4.551734e-01 cycle=3100 time=8.573680e+00 dt=2.751783e-03
elapsed=4.695325e-01 cycle=3200 time=8.841653e+00 dt=2.685451e-03
elapsed=4.837574e-01 cycle=3300 time=9.107541e+00 dt=2.523123e-03
elapsed=4.976590e-01 cycle=3400 time=9.358698e+00 dt=2.476106e-03
elapsed=5.117686e-01 cycle=3500 time=9.611992e+00 dt=2.570464e-03
elapsed=5.261013e-01 cycle=3600 time=9.871968e+00 dt=2.688684e-03

Terminating on time limit
time=1.000000e+01 cycle=3649
tlim=1.000000e+01 nlim=-1

MeshBlock-cycles = 3649
cpu time used  = 5.217081e-01
zone-cycles/cpu_second = 8.952745e+05
particle-updates/cpu_second = 0.000000e+00
