
Root grid = 1 x 1 x 1 MeshBlocks
Total number of MeshBlocks = 1
Number of logical  levels of refinement = 0 (1 levels total)
Number of physical levels of refinement = 0 (1 levels total)
Number of parallel ranks = 1

Setup complete, executing task list(s)...

elapsed=2.072199e-03 cycle=0 time=0.000000e+00 dt=1.384206e-03
elapsed=1.658888e+00 cycle=5 time=6.919981e-03 dt=1.383376e-03
elapsed=2.005134e+00 cycle=10 time=1.383297e-02 dt=1.381929e-03
elapsed=2.360670e+00 cycle=15 time=2.074343e-02 dt=1.382455e-03
elapsed=2.712154e+00 cycle=20 time=2.765722e-02 dt=1.383131e-03
elapsed=3.057419e+00 cycle=25 time=3.457427e-02 dt=1.383856e-03
elapsed=3.410989e+00 cycle=30 time=4.149431e-02 dt=1.384082e-03
elapsed=3.762249e+00 cycle=35 time=4.841439e-02 dt=1.383893e-03
elapsed=4.112030e+00 cycle=40 time=5.533384e-02 dt=1.383947e-03
elapsed=4.467811e+00 cycle=45 time=6.225422e-02 dt=1.384208e-03
elapsed=4.816596e+00 cycle=50 time=6.917530e-02 dt=1.384240e-03
elapsed=5.169545e+00 cycle=55 time=7.609655e-02 dt=1.384249e-03
elapsed=5.512275e+00 cycle=60 time=8.301780e-02 dt=1.384238e-03
elapsed=5.866032e+00 cycle=65 time=8.993893e-02 dt=1.384223e-03
elapsed=6.214570e+00 cycle=70 time=9.686006e-02 dt=1.384189e-03
elapsed=6.564824e+00 cycle=75 time=1.037810e-01 dt=1.384205e-03
elapsed=6.912787e+00 cycle=80 time=1.107020e-01 dt=1.384194e-03
elapsed=7.258363e+00 cycle=85 time=1.176230e-01 dt=1.384198e-03
elapsed=7.604205e+00 cycle=90 time=1.245439e-01 dt=1.384167e-03
elapsed=7.955828e+00 cycle=95 time=1.314648e-01 dt=1.384197e-03
elapsed=8.309939e+00 cycle=100 time=1.383858e-01 dt=1.384167e-03
elapsed=8.663965e+00 cycle=105 time=1.453065e-01 dt=1.384115e-03
elapsed=9.013679e+00 cycle=110 time=1.522269e-01 dt=1.384014e-03
elapsed=9.361945e+00 cycle=115 time=1.591467e-01 dt=1.383888e-03
elapsed=9.713655e+00 cycle=120 time=1.660660e-01 dt=1.383808e-03
elapsed=1.006794e+01 cycle=125 time=1.729849e-01 dt=1.383717e-03
elapsed=1.041642e+01 cycle=130 time=1.799033e-01 dt=1.383653e-03
elapsed=1.078089e+01 cycle=135 time=1.868215e-01 dt=1.383624e-03
elapsed=1.112869e+01 cycle=140 time=1.937396e-01 dt=1.383614e-03
elapsed=1.148359e+01 cycle=145 time=2.006576e-01 dt=1.383581e-03
elapsed=1.183647e+01 cycle=150 time=2.075754e-01 dt=1.383553e-03
elapsed=1.218846e+01 cycle=155 time=2.144932e-01 dt=1.383558e-03
elapsed=1.254744e+01 cycle=160 time=2.214111e-01 dt=1.383593e-03
elapsed=1.290255e+01 cycle=165 time=2.283291e-01 dt=1.383645e-03
elapsed=1.325424e+01 cycle=170 time=2.352478e-01 dt=1.383736e-03
elapsed=1.360073e+01 cycle=175 time=2.421663e-01 dt=1.383676e-03
elapsed=1.395508e+01 cycle=180 time=2.490847e-01 dt=1.383702e-03
elapsed=1.430931e+01 cycle=185 time=2.560032e-01 dt=1.383714e-03
elapsed=1.467265e+01 cycle=190 time=2.629218e-01 dt=1.383727e-03
elapsed=1.502888e+01 cycle=195 time=2.698407e-01 dt=1.383946e-03
elapsed=1.538668e+01 cycle=200 time=2.767609e-01 dt=1.384127e-03
elapsed=1.574454e+01 cycle=205 time=2.836816e-01 dt=1.384178e-03
elapsed=1.610145e+01 cycle=210 time=2.906026e-01 dt=1.384202e-03
elapsed=1.646157e+01 cycle=215 time=2.975236e-01 dt=1.384193e-03
elapsed=1.682869e+01 cycle=220 time=3.044445e-01 dt=1.384192e-03
elapsed=1.718609e+01 cycle=225 time=3.113655e-01 dt=1.384186e-03
elapsed=1.754548e+01 cycle=230 time=3.182864e-01 dt=1.384191e-03
elapsed=1.790489e+01 cycle=235 time=3.252074e-01 dt=1.384208e-03
elapsed=1.826138e+01 cycle=240 time=3.321285e-01 dt=1.384220e-03
elapsed=1.861844e+01 cycle=245 time=3.390496e-01 dt=1.384221e-03
elapsed=1.898090e+01 cycle=250 time=3.459707e-01 dt=1.384219e-03
elapsed=1.933590e+01 cycle=255 time=3.528918e-01 dt=1.384220e-03
elapsed=1.969181e+01 cycle=260 time=3.598129e-01 dt=1.384215e-03
elapsed=2.005164e+01 cycle=265 time=3.667339e-01 dt=1.384202e-03
elapsed=2.040875e+01 cycle=270 time=3.736549e-01 dt=1.384200e-03
elapsed=2.077257e+01 cycle=275 time=3.805759e-01 dt=1.384180e-03
elapsed=2.112872e+01 cycle=280 time=3.874967e-01 dt=1.384129e-03
elapsed=2.148419e+01 cycle=285 time=3.944172e-01 dt=1.384074e-03
elapsed=2.183657e+01 cycle=290 time=4.013375e-01 dt=1.384030e-03
elapsed=2.218976e+01 cycle=295 time=4.082576e-01 dt=1.383982e-03
elapsed=2.254111e+01 cycle=300 time=4.151774e-01 dt=1.383940e-03
elapsed=2.289934e+01 cycle=305 time=4.220970e-01 dt=1.383917e-03
elapsed=2.325165e+01 cycle=310 time=4.290166e-01 dt=1.383919e-03
elapsed=2.360913e+01 cycle=315 time=4.359362e-01 dt=1.383916e-03
elapsed=2.396201e+01 cycle=320 time=4.428558e-01 dt=1.383909e-03
elapsed=2.430518e+01 cycle=325 time=4.497753e-01 dt=1.383891e-03
elapsed=2.465627e+01 cycle=330 time=4.566947e-01 dt=1.383850e-03
elapsed=2.520480e+01 cycle=335 time=4.636138e-01 dt=1.383814e-03
elapsed=2.558819e+01 cycle=340 time=4.705329e-01 dt=1.383820e-03
elapsed=2.594195e+01 cycle=345 time=4.774521e-01 dt=1.383854e-03
elapsed=2.629663e+01 cycle=350 time=4.843714e-01 dt=1.383887e-03
elapsed=2.664684e+01 cycle=355 time=4.912909e-01 dt=1.383915e-03
elapsed=2.699719e+01 cycle=360 time=4.982105e-01 dt=1.383932e-03
elapsed=2.734676e+01 cycle=365 time=5.051302e-01 dt=1.383932e-03
elapsed=2.770112e+01 cycle=370 time=5.120499e-01 dt=1.383953e-03
elapsed=2.805560e+01 cycle=375 time=5.189697e-01 dt=1.383984e-03
elapsed=2.840711e+01 cycle=380 time=5.258897e-01 dt=1.384004e-03
elapsed=2.875749e+01 cycle=385 time=5.328098e-01 dt=1.384048e-03
elapsed=2.911252e+01 cycle=390 time=5.397301e-01 dt=1.384063e-03
elapsed=2.946181e+01 cycle=395 time=5.466504e-01 dt=1.384066e-03
elapsed=2.981900e+01 cycle=400 time=5.535707e-01 dt=1.384073e-03
elapsed=3.017696e+01 cycle=405 time=5.604911e-01 dt=1.384094e-03
elapsed=3.053458e+01 cycle=410 time=5.674117e-01 dt=1.384126e-03
elapsed=3.089968e+01 cycle=415 time=5.743323e-01 dt=1.384155e-03
elapsed=3.129902e+01 cycle=420 time=5.812532e-01 dt=1.384188e-03
elapsed=3.164484e+01 cycle=425 time=5.881742e-01 dt=1.384187e-03
elapsed=3.199437e+01 cycle=430 time=5.950951e-01 dt=1.384172e-03
elapsed=3.234181e+01 cycle=435 time=6.020160e-01 dt=1.384204e-03
elapsed=3.268082e+01 cycle=440 time=6.089369e-01 dt=1.384138e-03
elapsed=3.303457e+01 cycle=445 time=6.158575e-01 dt=1.384123e-03
elapsed=3.339017e+01 cycle=450 time=6.227781e-01 dt=1.384125e-03
elapsed=3.374673e+01 cycle=455 time=6.296988e-01 dt=1.384148e-03
elapsed=3.410280e+01 cycle=460 time=6.366196e-01 dt=1.384204e-03
elapsed=3.445385e+01 cycle=465 time=6.435406e-01 dt=1.384192e-03
elapsed=3.481074e+01 cycle=470 time=6.504616e-01 dt=1.384188e-03
elapsed=3.516745e+01 cycle=475 time=6.573825e-01 dt=1.384186e-03
elapsed=3.551421e+01 cycle=480 time=6.643034e-01 dt=1.384180e-03
elapsed=3.585957e+01 cycle=485 time=6.712243e-01 dt=1.384149e-03
elapsed=3.621085e+01 cycle=490 time=6.781450e-01 dt=1.384139e-03
elapsed=3.656422e+01 cycle=495 time=6.850657e-01 dt=1.384125e-03
elapsed=3.691554e+01 cycle=500 time=6.919862e-01 dt=1.384095e-03
elapsed=3.727565e+01 cycle=505 time=6.989066e-01 dt=1.384039e-03
elapsed=3.762042e+01 cycle=510 time=7.058267e-01 dt=1.384030e-03
elapsed=3.795508e+01 cycle=515 time=7.127469e-01 dt=1.384025e-03
elapsed=3.826439e+01 cycle=520 time=7.196671e-01 dt=1.384056e-03
elapsed=3.857402e+01 cycle=525 time=7.265875e-01 dt=1.384087e-03
elapsed=3.888311e+01 cycle=530 time=7.335079e-01 dt=1.384088e-03
elapsed=3.919674e+01 cycle=535 time=7.404283e-01 dt=1.384072e-03
elapsed=3.950562e+01 cycle=540 time=7.473487e-01 dt=1.384062e-03
elapsed=3.981414e+01 cycle=545 time=7.542690e-01 dt=1.384069e-03
elapsed=4.012457e+01 cycle=550 time=7.611893e-01 dt=1.384081e-03
elapsed=4.043365e+01 cycle=555 time=7.681097e-01 dt=1.384068e-03
elapsed=4.074316e+01 cycle=560 time=7.750300e-01 dt=1.384042e-03
elapsed=4.105046e+01 cycle=565 time=7.819502e-01 dt=1.384048e-03
elapsed=4.136500e+01 cycle=570 time=7.888705e-01 dt=1.384056e-03
elapsed=4.167317e+01 cycle=575 time=7.957908e-01 dt=1.384082e-03
elapsed=4.198309e+01 cycle=580 time=8.027113e-01 dt=1.384117e-03
elapsed=4.229238e+01 cycle=585 time=8.096320e-01 dt=1.384165e-03
elapsed=4.260087e+01 cycle=590 time=8.165526e-01 dt=1.384122e-03
elapsed=4.290931e+01 cycle=595 time=8.234733e-01 dt=1.384151e-03
elapsed=4.322210e+01 cycle=600 time=8.303941e-01 dt=1.384149e-03
elapsed=4.353501e+01 cycle=605 time=8.373148e-01 dt=1.384125e-03
elapsed=4.384314e+01 cycle=610 time=8.442354e-01 dt=1.384115e-03
elapsed=4.415214e+01 cycle=615 time=8.511560e-01 dt=1.384142e-03
elapsed=4.446104e+01 cycle=620 time=8.580768e-01 dt=1.384195e-03
elapsed=4.476920e+01 cycle=625 time=8.649978e-01 dt=1.384195e-03
elapsed=4.507706e+01 cycle=630 time=8.719188e-01 dt=1.384207e-03
elapsed=4.539222e+01 cycle=635 time=8.788398e-01 dt=1.384177e-03
elapsed=4.570127e+01 cycle=640 time=8.857606e-01 dt=1.384133e-03
elapsed=4.600993e+01 cycle=645 time=8.926812e-01 dt=1.384133e-03
elapsed=4.631911e+01 cycle=650 time=8.996019e-01 dt=1.384165e-03
elapsed=4.662664e+01 cycle=655 time=9.065228e-01 dt=1.384152e-03
elapsed=4.693649e+01 cycle=660 time=9.134435e-01 dt=1.384135e-03
elapsed=4.724442e+01 cycle=665 time=9.203642e-01 dt=1.384158e-03
elapsed=4.755789e+01 cycle=670 time=9.272850e-01 dt=1.384122e-03
elapsed=4.786602e+01 cycle=675 time=9.342055e-01 dt=1.384081e-03
elapsed=4.817508e+01 cycle=680 time=9.411258e-01 dt=1.384069e-03
elapsed=4.848379e+01 cycle=685 time=9.480462e-01 dt=1.384074e-03
elapsed=4.879044e+01 cycle=690 time=9.549665e-01 dt=1.384062e-03
elapsed=4.909681e+01 cycle=695 time=9.618868e-01 dt=1.384055e-03
elapsed=4.940965e+01 cycle=700 time=9.688071e-01 dt=1.384072e-03
elapsed=4.971566e+01 cycle=705 time=9.757275e-01 dt=1.384092e-03
elapsed=5.002312e+01 cycle=710 time=9.826480e-01 dt=1.384085e-03
elapsed=5.033144e+01 cycle=715 time=9.895684e-01 dt=1.384074e-03
elapsed=5.063900e+01 cycle=720 time=9.964888e-01 dt=1.384061e-03
elapsed=5.094569e+01 cycle=725 time=1.003409e+00 dt=1.384039e-03
elapsed=5.125232e+01 cycle=730 time=1.010329e+00 dt=1.384036e-03
elapsed=5.156856e+01 cycle=735 time=1.017249e+00 dt=1.384053e-03
elapsed=5.187489e+01 cycle=740 time=1.024170e+00 dt=1.384094e-03
elapsed=5.218304e+01 cycle=745 time=1.031090e+00 dt=1.384124e-03
elapsed=5.248970e+01 cycle=750 time=1.038011e+00 dt=1.384130e-03
elapsed=5.279655e+01 cycle=755 time=1.044932e+00 dt=1.384128e-03
elapsed=5.310307e+01 cycle=760 time=1.051852e+00 dt=1.384083e-03
elapsed=5.341454e+01 cycle=765 time=1.058772e+00 dt=1.384045e-03
elapsed=5.372411e+01 cycle=770 time=1.065693e+00 dt=1.384068e-03
elapsed=5.403044e+01 cycle=775 time=1.072613e+00 dt=1.384116e-03
elapsed=5.433710e+01 cycle=780 time=1.079534e+00 dt=1.384169e-03
elapsed=5.464250e+01 cycle=785 time=1.086455e+00 dt=1.384178e-03
elapsed=5.494900e+01 cycle=790 time=1.093376e+00 dt=1.384177e-03
elapsed=5.525518e+01 cycle=795 time=1.100296e+00 dt=1.384135e-03
elapsed=5.556658e+01 cycle=800 time=1.107217e+00 dt=1.384115e-03
elapsed=5.587319e+01 cycle=805 time=1.114138e+00 dt=1.384115e-03
elapsed=5.618018e+01 cycle=810 time=1.121058e+00 dt=1.384138e-03
elapsed=5.648705e+01 cycle=815 time=1.127979e+00 dt=1.384165e-03
elapsed=5.679604e+01 cycle=820 time=1.134900e+00 dt=1.384180e-03
elapsed=5.710225e+01 cycle=825 time=1.141821e+00 dt=1.384157e-03
elapsed=5.740824e+01 cycle=830 time=1.148741e+00 dt=1.384126e-03
elapsed=5.772050e+01 cycle=835 time=1.155662e+00 dt=1.384104e-03
elapsed=5.802665e+01 cycle=840 time=1.162583e+00 dt=1.384096e-03
elapsed=5.833362e+01 cycle=845 time=1.169503e+00 dt=1.384114e-03
elapsed=5.863958e+01 cycle=850 time=1.176424e+00 dt=1.384136e-03
elapsed=5.894483e+01 cycle=855 time=1.183344e+00 dt=1.384134e-03
elapsed=5.925092e+01 cycle=860 time=1.190265e+00 dt=1.384119e-03
elapsed=5.956075e+01 cycle=865 time=1.197186e+00 dt=1.384100e-03
elapsed=5.986849e+01 cycle=870 time=1.204106e+00 dt=1.384082e-03
elapsed=6.017441e+01 cycle=875 time=1.211026e+00 dt=1.384104e-03
elapsed=6.047994e+01 cycle=880 time=1.217947e+00 dt=1.384137e-03
elapsed=6.078670e+01 cycle=885 time=1.224868e+00 dt=1.384109e-03
elapsed=6.109155e+01 cycle=890 time=1.231788e+00 dt=1.384070e-03
elapsed=6.139768e+01 cycle=895 time=1.238708e+00 dt=1.384059e-03
elapsed=6.171441e+01 cycle=900 time=1.245629e+00 dt=1.384074e-03
elapsed=6.201866e+01 cycle=905 time=1.252549e+00 dt=1.384097e-03
elapsed=6.232580e+01 cycle=910 time=1.259470e+00 dt=1.384119e-03
elapsed=6.263036e+01 cycle=915 time=1.266390e+00 dt=1.384131e-03
elapsed=6.296237e+01 cycle=920 time=1.273311e+00 dt=1.384109e-03
elapsed=6.326769e+01 cycle=925 time=1.280231e+00 dt=1.384084e-03
elapsed=6.357481e+01 cycle=930 time=1.287152e+00 dt=1.384089e-03
elapsed=6.388860e+01 cycle=935 time=1.294072e+00 dt=1.384113e-03
elapsed=6.419496e+01 cycle=940 time=1.300993e+00 dt=1.384144e-03
elapsed=6.450208e+01 cycle=945 time=1.307914e+00 dt=1.384131e-03
elapsed=6.480736e+01 cycle=950 time=1.314834e+00 dt=1.384096e-03
elapsed=6.511175e+01 cycle=955 time=1.321755e+00 dt=1.384071e-03
elapsed=6.541698e+01 cycle=960 time=1.328675e+00 dt=1.384058e-03
elapsed=6.572704e+01 cycle=965 time=1.335595e+00 dt=1.384064e-03
elapsed=6.603214e+01 cycle=970 time=1.342516e+00 dt=1.384087e-03
elapsed=6.633899e+01 cycle=975 time=1.349436e+00 dt=1.384113e-03
elapsed=6.664465e+01 cycle=980 time=1.356357e+00 dt=1.384098e-03
elapsed=6.695108e+01 cycle=985 time=1.363277e+00 dt=1.384062e-03
elapsed=6.725733e+01 cycle=990 time=1.370197e+00 dt=1.384033e-03
elapsed=6.756330e+01 cycle=995 time=1.377118e+00 dt=1.384024e-03
elapsed=6.787665e+01 cycle=1000 time=1.384038e+00 dt=1.384074e-03
elapsed=6.818223e+01 cycle=1005 time=1.390958e+00 dt=1.384113e-03
elapsed=6.848806e+01 cycle=1010 time=1.397879e+00 dt=1.384069e-03
elapsed=6.879398e+01 cycle=1015 time=1.404799e+00 dt=1.384002e-03
elapsed=6.909897e+01 cycle=1020 time=1.411719e+00 dt=1.383968e-03
elapsed=6.940384e+01 cycle=1025 time=1.418639e+00 dt=1.383977e-03
elapsed=6.970910e+01 cycle=1030 time=1.425559e+00 dt=1.384011e-03
elapsed=7.002143e+01 cycle=1035 time=1.432479e+00 dt=1.384047e-03
elapsed=7.032906e+01 cycle=1040 time=1.439399e+00 dt=1.384068e-03
elapsed=7.063619e+01 cycle=1045 time=1.446319e+00 dt=1.384034e-03
elapsed=7.094165e+01 cycle=1050 time=1.453239e+00 dt=1.383997e-03
elapsed=7.124737e+01 cycle=1055 time=1.460159e+00 dt=1.383989e-03
elapsed=7.155309e+01 cycle=1060 time=1.467079e+00 dt=1.383997e-03
elapsed=7.186430e+01 cycle=1065 time=1.473999e+00 dt=1.383998e-03
elapsed=7.217049e+01 cycle=1070 time=1.480919e+00 dt=1.383998e-03
elapsed=7.247643e+01 cycle=1075 time=1.487839e+00 dt=1.384021e-03
elapsed=7.278188e+01 cycle=1080 time=1.494759e+00 dt=1.384010e-03
elapsed=7.308799e+01 cycle=1085 time=1.501679e+00 dt=1.383994e-03
elapsed=7.339391e+01 cycle=1090 time=1.508599e+00 dt=1.383990e-03
elapsed=7.370066e+01 cycle=1095 time=1.515519e+00 dt=1.383989e-03
elapsed=7.401191e+01 cycle=1100 time=1.522439e+00 dt=1.383999e-03
elapsed=7.431871e+01 cycle=1105 time=1.529359e+00 dt=1.384018e-03
elapsed=7.462388e+01 cycle=1110 time=1.536280e+00 dt=1.384045e-03
elapsed=7.492917e+01 cycle=1115 time=1.543200e+00 dt=1.384059e-03
elapsed=7.523464e+01 cycle=1120 time=1.550120e+00 dt=1.384040e-03
elapsed=7.554029e+01 cycle=1125 time=1.557040e+00 dt=1.384008e-03
elapsed=7.584596e+01 cycle=1130 time=1.563960e+00 dt=1.383993e-03
elapsed=7.615716e+01 cycle=1135 time=1.570880e+00 dt=1.384002e-03
elapsed=7.646304e+01 cycle=1140 time=1.577800e+00 dt=1.384024e-03
elapsed=7.676953e+01 cycle=1145 time=1.584720e+00 dt=1.384062e-03
elapsed=7.707466e+01 cycle=1150 time=1.591641e+00 dt=1.384108e-03
elapsed=7.738104e+01 cycle=1155 time=1.598561e+00 dt=1.384138e-03
elapsed=7.768633e+01 cycle=1160 time=1.605482e+00 dt=1.384153e-03
elapsed=7.799826e+01 cycle=1165 time=1.612403e+00 dt=1.384157e-03
elapsed=7.830799e+01 cycle=1170 time=1.619324e+00 dt=1.384157e-03
elapsed=7.861296e+01 cycle=1175 time=1.626244e+00 dt=1.384143e-03
elapsed=7.891786e+01 cycle=1180 time=1.633165e+00 dt=1.384126e-03
elapsed=7.922296e+01 cycle=1185 time=1.640086e+00 dt=1.384120e-03
elapsed=7.952843e+01 cycle=1190 time=1.647006e+00 dt=1.384127e-03
elapsed=7.983388e+01 cycle=1195 time=1.653927e+00 dt=1.384124e-03
elapsed=8.014500e+01 cycle=1200 time=1.660848e+00 dt=1.384100e-03
elapsed=8.045326e+01 cycle=1205 time=1.667768e+00 dt=1.384056e-03
elapsed=8.076100e+01 cycle=1210 time=1.674688e+00 dt=1.384015e-03
elapsed=8.106675e+01 cycle=1215 time=1.681608e+00 dt=1.384040e-03
elapsed=8.137250e+01 cycle=1220 time=1.688529e+00 dt=1.384061e-03
elapsed=8.167787e+01 cycle=1225 time=1.695449e+00 dt=1.384015e-03
elapsed=8.198251e+01 cycle=1230 time=1.702369e+00 dt=1.383972e-03
elapsed=8.229940e+01 cycle=1235 time=1.709289e+00 dt=1.383944e-03
elapsed=8.260428e+01 cycle=1240 time=1.716208e+00 dt=1.383910e-03
elapsed=8.291031e+01 cycle=1245 time=1.723128e+00 dt=1.383865e-03
elapsed=8.321500e+01 cycle=1250 time=1.730047e+00 dt=1.383869e-03
elapsed=8.352248e+01 cycle=1255 time=1.736966e+00 dt=1.383914e-03
elapsed=8.382806e+01 cycle=1260 time=1.743886e+00 dt=1.383942e-03
elapsed=8.413940e+01 cycle=1265 time=1.750806e+00 dt=1.383945e-03
elapsed=8.444612e+01 cycle=1270 time=1.757726e+00 dt=1.383940e-03
elapsed=8.475112e+01 cycle=1275 time=1.764645e+00 dt=1.383965e-03
elapsed=8.505591e+01 cycle=1280 time=1.771565e+00 dt=1.384018e-03
elapsed=8.536191e+01 cycle=1285 time=1.778485e+00 dt=1.384049e-03
elapsed=8.566861e+01 cycle=1290 time=1.785406e+00 dt=1.383993e-03
elapsed=8.597377e+01 cycle=1295 time=1.792325e+00 dt=1.383937e-03
elapsed=8.630028e+01 cycle=1300 time=1.799245e+00 dt=1.383879e-03
elapsed=8.660663e+01 cycle=1305 time=1.806164e+00 dt=1.383929e-03
elapsed=8.691384e+01 cycle=1310 time=1.813084e+00 dt=1.383924e-03
elapsed=8.721891e+01 cycle=1315 time=1.820004e+00 dt=1.384035e-03
elapsed=8.752556e+01 cycle=1320 time=1.826924e+00 dt=1.384125e-03
elapsed=8.783068e+01 cycle=1325 time=1.833845e+00 dt=1.384196e-03
elapsed=8.813579e+01 cycle=1330 time=1.840766e+00 dt=1.384155e-03
elapsed=8.844993e+01 cycle=1335 time=1.847687e+00 dt=1.384151e-03
elapsed=8.875498e+01 cycle=1340 time=1.854607e+00 dt=1.384158e-03
elapsed=8.906008e+01 cycle=1345 time=1.861528e+00 dt=1.384052e-03
elapsed=8.936610e+01 cycle=1350 time=1.868448e+00 dt=1.383979e-03
elapsed=8.967112e+01 cycle=1355 time=1.875368e+00 dt=1.383966e-03
elapsed=8.997645e+01 cycle=1360 time=1.882288e+00 dt=1.384030e-03
elapsed=9.028714e+01 cycle=1365 time=1.889208e+00 dt=1.384190e-03
elapsed=9.059388e+01 cycle=1370 time=1.896129e+00 dt=1.384168e-03
elapsed=9.090163e+01 cycle=1375 time=1.903050e+00 dt=1.384170e-03
elapsed=9.120692e+01 cycle=1380 time=1.909971e+00 dt=1.384129e-03
elapsed=9.151247e+01 cycle=1385 time=1.916892e+00 dt=1.384131e-03
elapsed=9.181780e+01 cycle=1390 time=1.923812e+00 dt=1.384073e-03
elapsed=9.212238e+01 cycle=1395 time=1.930732e+00 dt=1.384022e-03
elapsed=9.243321e+01 cycle=1400 time=1.937652e+00 dt=1.383997e-03
elapsed=9.273863e+01 cycle=1405 time=1.944572e+00 dt=1.383883e-03
elapsed=9.304466e+01 cycle=1410 time=1.951491e+00 dt=1.383822e-03
elapsed=9.335033e+01 cycle=1415 time=1.958411e+00 dt=1.383844e-03
elapsed=9.365663e+01 cycle=1420 time=1.965330e+00 dt=1.383888e-03
elapsed=9.398699e+01 cycle=1425 time=1.972249e+00 dt=1.383916e-03
elapsed=9.429353e+01 cycle=1430 time=1.979169e+00 dt=1.383923e-03
elapsed=9.460517e+01 cycle=1435 time=1.986089e+00 dt=1.383963e-03
elapsed=9.491030e+01 cycle=1440 time=1.993008e+00 dt=1.383966e-03
elapsed=9.521482e+01 cycle=1445 time=1.999928e+00 dt=1.383954e-03
elapsed=9.552097e+01 cycle=1450 time=2.006848e+00 dt=1.383933e-03
elapsed=9.582659e+01 cycle=1455 time=2.013768e+00 dt=1.383865e-03
elapsed=9.613128e+01 cycle=1460 time=2.020687e+00 dt=1.383770e-03
elapsed=9.644416e+01 cycle=1465 time=2.027605e+00 dt=1.383738e-03
elapsed=9.674991e+01 cycle=1470 time=2.034524e+00 dt=1.383797e-03
elapsed=9.705620e+01 cycle=1475 time=2.041443e+00 dt=1.383936e-03
elapsed=9.736143e+01 cycle=1480 time=2.048364e+00 dt=1.384067e-03
elapsed=9.766620e+01 cycle=1485 time=2.055284e+00 dt=1.384073e-03
elapsed=9.797136e+01 cycle=1490 time=2.062204e+00 dt=1.384071e-03
elapsed=9.827741e+01 cycle=1495 time=2.069125e+00 dt=1.384092e-03
elapsed=9.858686e+01 cycle=1500 time=2.076045e+00 dt=1.384054e-03
elapsed=9.889126e+01 cycle=1505 time=2.082965e+00 dt=1.383968e-03
elapsed=9.919529e+01 cycle=1510 time=2.089885e+00 dt=1.383964e-03
elapsed=9.950149e+01 cycle=1515 time=2.096805e+00 dt=1.383996e-03
elapsed=9.980657e+01 cycle=1520 time=2.103725e+00 dt=1.384017e-03
elapsed=1.001112e+02 cycle=1525 time=2.110645e+00 dt=1.384048e-03
elapsed=1.004174e+02 cycle=1530 time=2.117565e+00 dt=1.384054e-03
elapsed=1.007329e+02 cycle=1535 time=2.124485e+00 dt=1.384099e-03
elapsed=1.011341e+02 cycle=1540 time=2.131406e+00 dt=1.384180e-03
elapsed=1.014988e+02 cycle=1545 time=2.138327e+00 dt=1.384191e-03
elapsed=1.018042e+02 cycle=1550 time=2.145248e+00 dt=1.384184e-03
elapsed=1.021090e+02 cycle=1555 time=2.152169e+00 dt=1.384179e-03
elapsed=1.024147e+02 cycle=1560 time=2.159090e+00 dt=1.384118e-03
elapsed=1.027224e+02 cycle=1565 time=2.166010e+00 dt=1.384026e-03
elapsed=1.030277e+02 cycle=1570 time=2.172930e+00 dt=1.383977e-03
elapsed=1.033335e+02 cycle=1575 time=2.179850e+00 dt=1.383980e-03
elapsed=1.036405e+02 cycle=1580 time=2.186770e+00 dt=1.383993e-03
elapsed=1.039454e+02 cycle=1585 time=2.193690e+00 dt=1.384013e-03
elapsed=1.042503e+02 cycle=1590 time=2.200610e+00 dt=1.384131e-03
elapsed=1.045586e+02 cycle=1595 time=2.207531e+00 dt=1.384131e-03
elapsed=1.048645e+02 cycle=1600 time=2.214452e+00 dt=1.384136e-03
elapsed=1.051692e+02 cycle=1605 time=2.221372e+00 dt=1.384150e-03
elapsed=1.054752e+02 cycle=1610 time=2.228293e+00 dt=1.384002e-03
elapsed=1.057806e+02 cycle=1615 time=2.235213e+00 dt=1.383820e-03
elapsed=1.060858e+02 cycle=1620 time=2.242131e+00 dt=1.383730e-03
elapsed=1.063928e+02 cycle=1625 time=2.249050e+00 dt=1.383761e-03
elapsed=1.067050e+02 cycle=1630 time=2.255969e+00 dt=1.383845e-03
elapsed=1.070123e+02 cycle=1635 time=2.262888e+00 dt=1.383914e-03
elapsed=1.073180e+02 cycle=1640 time=2.269808e+00 dt=1.383954e-03
elapsed=1.076240e+02 cycle=1645 time=2.276728e+00 dt=1.383915e-03
elapsed=1.079294e+02 cycle=1650 time=2.283647e+00 dt=1.383897e-03
elapsed=1.082348e+02 cycle=1655 time=2.290567e+00 dt=1.383882e-03
elapsed=1.085423e+02 cycle=1660 time=2.297486e+00 dt=1.383856e-03
elapsed=1.088528e+02 cycle=1665 time=2.304406e+00 dt=1.383896e-03
elapsed=1.091583e+02 cycle=1670 time=2.311325e+00 dt=1.383897e-03
elapsed=1.094635e+02 cycle=1675 time=2.318244e+00 dt=1.383863e-03
elapsed=1.097687e+02 cycle=1680 time=2.325164e+00 dt=1.383835e-03
elapsed=1.100738e+02 cycle=1685 time=2.332083e+00 dt=1.383829e-03
elapsed=1.103801e+02 cycle=1690 time=2.339002e+00 dt=1.383853e-03
elapsed=1.106921e+02 cycle=1695 time=2.345921e+00 dt=1.383895e-03
elapsed=1.109990e+02 cycle=1700 time=2.352841e+00 dt=1.383938e-03
elapsed=1.113048e+02 cycle=1705 time=2.359761e+00 dt=1.384005e-03
elapsed=1.116094e+02 cycle=1710 time=2.366681e+00 dt=1.384096e-03
elapsed=1.119142e+02 cycle=1715 time=2.373601e+00 dt=1.384073e-03
elapsed=1.122192e+02 cycle=1720 time=2.380522e+00 dt=1.384073e-03
elapsed=1.125263e+02 cycle=1725 time=2.387442e+00 dt=1.384040e-03
elapsed=1.128404e+02 cycle=1730 time=2.394362e+00 dt=1.383997e-03
elapsed=1.132052e+02 cycle=1735 time=2.401282e+00 dt=1.383959e-03
elapsed=1.135179e+02 cycle=1740 time=2.408202e+00 dt=1.383968e-03
elapsed=1.138223e+02 cycle=1745 time=2.415122e+00 dt=1.384030e-03
elapsed=1.141265e+02 cycle=1750 time=2.422042e+00 dt=1.384098e-03
elapsed=1.144322e+02 cycle=1755 time=2.428963e+00 dt=1.384143e-03
elapsed=1.147367e+02 cycle=1760 time=2.435884e+00 dt=1.384205e-03
elapsed=1.150436e+02 cycle=1765 time=2.442805e+00 dt=1.384212e-03
elapsed=1.153474e+02 cycle=1770 time=2.449726e+00 dt=1.384169e-03
elapsed=1.156524e+02 cycle=1775 time=2.456646e+00 dt=1.384046e-03
elapsed=1.159560e+02 cycle=1780 time=2.463566e+00 dt=1.383938e-03
elapsed=1.162609e+02 cycle=1785 time=2.470486e+00 dt=1.383894e-03
elapsed=1.165673e+02 cycle=1790 time=2.477405e+00 dt=1.383917e-03
elapsed=1.168753e+02 cycle=1795 time=2.484325e+00 dt=1.383965e-03
elapsed=1.171795e+02 cycle=1800 time=2.491245e+00 dt=1.384028e-03
elapsed=1.174836e+02 cycle=1805 time=2.498165e+00 dt=1.384048e-03
elapsed=1.177875e+02 cycle=1810 time=2.505085e+00 dt=1.384010e-03
elapsed=1.180919e+02 cycle=1815 time=2.512005e+00 dt=1.383959e-03
elapsed=1.183971e+02 cycle=1820 time=2.518925e+00 dt=1.383911e-03
elapsed=1.187024e+02 cycle=1825 time=2.525845e+00 dt=1.383885e-03
elapsed=1.190105e+02 cycle=1830 time=2.532764e+00 dt=1.383844e-03
elapsed=1.193153e+02 cycle=1835 time=2.539683e+00 dt=1.383790e-03
elapsed=1.196206e+02 cycle=1840 time=2.546602e+00 dt=1.383753e-03
elapsed=1.199257e+02 cycle=1845 time=2.553521e+00 dt=1.383764e-03
elapsed=1.202305e+02 cycle=1850 time=2.560440e+00 dt=1.383781e-03
elapsed=1.205356e+02 cycle=1855 time=2.567358e+00 dt=1.383781e-03
elapsed=1.208407e+02 cycle=1860 time=2.574277e+00 dt=1.383803e-03
elapsed=1.213788e+02 cycle=1865 time=2.581196e+00 dt=1.383828e-03
elapsed=1.217159e+02 cycle=1870 time=2.588116e+00 dt=1.383847e-03
elapsed=1.220200e+02 cycle=1875 time=2.595035e+00 dt=1.383870e-03
elapsed=1.223256e+02 cycle=1880 time=2.601954e+00 dt=1.383899e-03
elapsed=1.226307e+02 cycle=1885 time=2.608874e+00 dt=1.383914e-03
elapsed=1.229378e+02 cycle=1890 time=2.615793e+00 dt=1.383898e-03
elapsed=1.232431e+02 cycle=1895 time=2.622713e+00 dt=1.383865e-03
elapsed=1.235489e+02 cycle=1900 time=2.629632e+00 dt=1.383849e-03
elapsed=1.238538e+02 cycle=1905 time=2.636551e+00 dt=1.383860e-03
elapsed=1.241580e+02 cycle=1910 time=2.643471e+00 dt=1.383905e-03
elapsed=1.244635e+02 cycle=1915 time=2.650390e+00 dt=1.383974e-03
elapsed=1.247677e+02 cycle=1920 time=2.657310e+00 dt=1.384043e-03
elapsed=1.250748e+02 cycle=1925 time=2.664231e+00 dt=1.384094e-03
elapsed=1.254052e+02 cycle=1930 time=2.671151e+00 dt=1.384102e-03
elapsed=1.257091e+02 cycle=1935 time=2.678072e+00 dt=1.384068e-03
elapsed=1.260132e+02 cycle=1940 time=2.684992e+00 dt=1.384035e-03
elapsed=1.263186e+02 cycle=1945 time=2.691912e+00 dt=1.384025e-03
elapsed=1.266234e+02 cycle=1950 time=2.698832e+00 dt=1.384036e-03
elapsed=1.269288e+02 cycle=1955 time=2.705752e+00 dt=1.384055e-03
elapsed=1.272353e+02 cycle=1960 time=2.712673e+00 dt=1.384069e-03
elapsed=1.275399e+02 cycle=1965 time=2.719593e+00 dt=1.384066e-03
elapsed=1.278445e+02 cycle=1970 time=2.726513e+00 dt=1.384048e-03
elapsed=1.281486e+02 cycle=1975 time=2.733434e+00 dt=1.384038e-03
elapsed=1.284531e+02 cycle=1980 time=2.740354e+00 dt=1.384045e-03
elapsed=1.287574e+02 cycle=1985 time=2.747274e+00 dt=1.384070e-03
elapsed=1.290632e+02 cycle=1990 time=2.754195e+00 dt=1.384100e-03
elapsed=1.293725e+02 cycle=1995 time=2.761115e+00 dt=1.384105e-03
elapsed=1.296779e+02 cycle=2000 time=2.768036e+00 dt=1.384085e-03
elapsed=1.299828e+02 cycle=2005 time=2.774956e+00 dt=1.384033e-03
elapsed=1.302885e+02 cycle=2010 time=2.781876e+00 dt=1.383973e-03
elapsed=1.305943e+02 cycle=2015 time=2.788796e+00 dt=1.383945e-03
elapsed=1.309000e+02 cycle=2020 time=2.795715e+00 dt=1.383931e-03
elapsed=1.312072e+02 cycle=2025 time=2.802635e+00 dt=1.383929e-03
elapsed=1.315128e+02 cycle=2030 time=2.809555e+00 dt=1.383949e-03
elapsed=1.318179e+02 cycle=2035 time=2.816475e+00 dt=1.383968e-03
elapsed=1.321228e+02 cycle=2040 time=2.823394e+00 dt=1.383952e-03
elapsed=1.324283e+02 cycle=2045 time=2.830314e+00 dt=1.383913e-03
elapsed=1.327343e+02 cycle=2050 time=2.837234e+00 dt=1.383883e-03
elapsed=1.330400e+02 cycle=2055 time=2.844153e+00 dt=1.383886e-03
elapsed=1.333474e+02 cycle=2060 time=2.851072e+00 dt=1.383913e-03
elapsed=1.336527e+02 cycle=2065 time=2.857992e+00 dt=1.383951e-03
elapsed=1.339572e+02 cycle=2070 time=2.864912e+00 dt=1.383982e-03
elapsed=1.342620e+02 cycle=2075 time=2.871832e+00 dt=1.384009e-03
elapsed=1.345688e+02 cycle=2080 time=2.878752e+00 dt=1.384017e-03
elapsed=1.348729e+02 cycle=2085 time=2.885672e+00 dt=1.383999e-03
elapsed=1.351785e+02 cycle=2090 time=2.892592e+00 dt=1.383996e-03
elapsed=1.354847e+02 cycle=2095 time=2.899512e+00 dt=1.384035e-03
elapsed=1.357909e+02 cycle=2100 time=2.906432e+00 dt=1.384100e-03
elapsed=1.360956e+02 cycle=2105 time=2.913353e+00 dt=1.384164e-03
elapsed=1.364016e+02 cycle=2110 time=2.920274e+00 dt=1.384206e-03
elapsed=1.367075e+02 cycle=2115 time=2.927195e+00 dt=1.384211e-03
elapsed=1.370140e+02 cycle=2120 time=2.934116e+00 dt=1.384203e-03
elapsed=1.373229e+02 cycle=2125 time=2.941037e+00 dt=1.384171e-03
elapsed=1.376277e+02 cycle=2130 time=2.947958e+00 dt=1.384143e-03
elapsed=1.379328e+02 cycle=2135 time=2.954878e+00 dt=1.384131e-03
elapsed=1.382378e+02 cycle=2140 time=2.961799e+00 dt=1.384123e-03
elapsed=1.385439e+02 cycle=2145 time=2.968720e+00 dt=1.384121e-03
elapsed=1.388490e+02 cycle=2150 time=2.975640e+00 dt=1.384122e-03
elapsed=1.391534e+02 cycle=2155 time=2.982561e+00 dt=1.384117e-03
elapsed=1.394597e+02 cycle=2160 time=2.989481e+00 dt=1.384090e-03
elapsed=1.397645e+02 cycle=2165 time=2.996402e+00 dt=1.384048e-03
elapsed=1.400695e+02 cycle=2170 time=3.003322e+00 dt=1.384014e-03
elapsed=1.403751e+02 cycle=2175 time=3.010242e+00 dt=1.383996e-03
elapsed=1.406812e+02 cycle=2180 time=3.017162e+00 dt=1.383990e-03
elapsed=1.409860e+02 cycle=2185 time=3.024082e+00 dt=1.383990e-03
elapsed=1.412913e+02 cycle=2190 time=3.031002e+00 dt=1.383997e-03
elapsed=1.415989e+02 cycle=2195 time=3.037922e+00 dt=1.383979e-03
elapsed=1.419034e+02 cycle=2200 time=3.044842e+00 dt=1.383930e-03
elapsed=1.422080e+02 cycle=2205 time=3.051761e+00 dt=1.383891e-03
elapsed=1.425132e+02 cycle=2210 time=3.058681e+00 dt=1.383941e-03
elapsed=1.428193e+02 cycle=2215 time=3.065600e+00 dt=1.383919e-03
elapsed=1.431252e+02 cycle=2220 time=3.072520e+00 dt=1.383928e-03
elapsed=1.434332e+02 cycle=2225 time=3.079440e+00 dt=1.383936e-03
elapsed=1.437394e+02 cycle=2230 time=3.086359e+00 dt=1.383911e-03
elapsed=1.440453e+02 cycle=2235 time=3.093279e+00 dt=1.383856e-03
elapsed=1.443510e+02 cycle=2240 time=3.100198e+00 dt=1.383820e-03
elapsed=1.446560e+02 cycle=2245 time=3.107117e+00 dt=1.383832e-03
elapsed=1.449608e+02 cycle=2250 time=3.114036e+00 dt=1.383867e-03
elapsed=1.452665e+02 cycle=2255 time=3.120956e+00 dt=1.383901e-03
elapsed=1.455742e+02 cycle=2260 time=3.127875e+00 dt=1.383928e-03
elapsed=1.458792e+02 cycle=2265 time=3.134795e+00 dt=1.383950e-03
elapsed=1.461844e+02 cycle=2270 time=3.141715e+00 dt=1.383969e-03
elapsed=1.464901e+02 cycle=2275 time=3.148635e+00 dt=1.383979e-03
elapsed=1.467964e+02 cycle=2280 time=3.155554e+00 dt=1.383992e-03
elapsed=1.471019e+02 cycle=2285 time=3.162474e+00 dt=1.384020e-03
elapsed=1.474080e+02 cycle=2290 time=3.169395e+00 dt=1.384068e-03
elapsed=1.477155e+02 cycle=2295 time=3.176315e+00 dt=1.384110e-03
elapsed=1.480203e+02 cycle=2300 time=3.183236e+00 dt=1.384139e-03
elapsed=1.483255e+02 cycle=2305 time=3.190156e+00 dt=1.384151e-03
elapsed=1.486309e+02 cycle=2310 time=3.197077e+00 dt=1.384157e-03
elapsed=1.489351e+02 cycle=2315 time=3.203998e+00 dt=1.384168e-03
elapsed=1.492396e+02 cycle=2320 time=3.210919e+00 dt=1.384180e-03
elapsed=1.495471e+02 cycle=2325 time=3.217840e+00 dt=1.384191e-03
elapsed=1.498525e+02 cycle=2330 time=3.224761e+00 dt=1.384206e-03
elapsed=1.501577e+02 cycle=2335 time=3.231682e+00 dt=1.384207e-03
elapsed=1.504625e+02 cycle=2340 time=3.238603e+00 dt=1.384170e-03
elapsed=1.507691e+02 cycle=2345 time=3.245524e+00 dt=1.384129e-03
elapsed=1.510740e+02 cycle=2350 time=3.252444e+00 dt=1.384084e-03
elapsed=1.513791e+02 cycle=2355 time=3.259364e+00 dt=1.384052e-03
elapsed=1.516873e+02 cycle=2360 time=3.266285e+00 dt=1.384037e-03
elapsed=1.519921e+02 cycle=2365 time=3.273205e+00 dt=1.384034e-03
elapsed=1.522971e+02 cycle=2370 time=3.280125e+00 dt=1.384037e-03
elapsed=1.526024e+02 cycle=2375 time=3.287045e+00 dt=1.384049e-03
elapsed=1.529079e+02 cycle=2380 time=3.293965e+00 dt=1.384059e-03
elapsed=1.532128e+02 cycle=2385 time=3.300886e+00 dt=1.384052e-03
elapsed=1.535189e+02 cycle=2390 time=3.307806e+00 dt=1.384036e-03
elapsed=1.538266e+02 cycle=2395 time=3.314726e+00 dt=1.384023e-03
elapsed=1.541317e+02 cycle=2400 time=3.321646e+00 dt=1.384006e-03
elapsed=1.544374e+02 cycle=2405 time=3.328566e+00 dt=1.383984e-03
elapsed=1.547435e+02 cycle=2410 time=3.335486e+00 dt=1.383961e-03
elapsed=1.550494e+02 cycle=2415 time=3.342406e+00 dt=1.383947e-03
elapsed=1.553549e+02 cycle=2420 time=3.349326e+00 dt=1.383934e-03
elapsed=1.556627e+02 cycle=2425 time=3.356245e+00 dt=1.383927e-03
elapsed=1.559676e+02 cycle=2430 time=3.363165e+00 dt=1.383923e-03
elapsed=1.562984e+02 cycle=2435 time=3.370084e+00 dt=1.383939e-03
elapsed=1.566041e+02 cycle=2440 time=3.377004e+00 dt=1.383974e-03
elapsed=1.569104e+02 cycle=2445 time=3.383924e+00 dt=1.384009e-03
elapsed=1.572153e+02 cycle=2450 time=3.390844e+00 dt=1.384014e-03
elapsed=1.575206e+02 cycle=2455 time=3.397764e+00 dt=1.383990e-03
elapsed=1.578278e+02 cycle=2460 time=3.404684e+00 dt=1.383963e-03
elapsed=1.581323e+02 cycle=2465 time=3.411604e+00 dt=1.383953e-03
elapsed=1.584378e+02 cycle=2470 time=3.418524e+00 dt=1.383958e-03
elapsed=1.587425e+02 cycle=2475 time=3.425444e+00 dt=1.383980e-03
elapsed=1.590466e+02 cycle=2480 time=3.432364e+00 dt=1.384012e-03
elapsed=1.593510e+02 cycle=2485 time=3.439284e+00 dt=1.384038e-03
elapsed=1.596557e+02 cycle=2490 time=3.446204e+00 dt=1.384051e-03
elapsed=1.599629e+02 cycle=2495 time=3.453124e+00 dt=1.384062e-03
elapsed=1.602676e+02 cycle=2500 time=3.460044e+00 dt=1.384079e-03
elapsed=1.605724e+02 cycle=2505 time=3.466965e+00 dt=1.384095e-03
elapsed=1.608789e+02 cycle=2510 time=3.473885e+00 dt=1.384106e-03
elapsed=1.611829e+02 cycle=2515 time=3.480806e+00 dt=1.384103e-03
elapsed=1.614878e+02 cycle=2520 time=3.487726e+00 dt=1.384068e-03
elapsed=1.617951e+02 cycle=2525 time=3.494647e+00 dt=1.384056e-03
elapsed=1.620996e+02 cycle=2530 time=3.501567e+00 dt=1.384054e-03
elapsed=1.624051e+02 cycle=2535 time=3.508487e+00 dt=1.384041e-03
elapsed=1.627103e+02 cycle=2540 time=3.515407e+00 dt=1.384013e-03
elapsed=1.630169e+02 cycle=2545 time=3.522327e+00 dt=1.384000e-03
elapsed=1.633237e+02 cycle=2550 time=3.529247e+00 dt=1.384009e-03
elapsed=1.636297e+02 cycle=2555 time=3.536167e+00 dt=1.384010e-03
elapsed=1.639369e+02 cycle=2560 time=3.543088e+00 dt=1.384003e-03
elapsed=1.642415e+02 cycle=2565 time=3.550008e+00 dt=1.383992e-03
elapsed=1.645459e+02 cycle=2570 time=3.556927e+00 dt=1.383982e-03
elapsed=1.648514e+02 cycle=2575 time=3.563847e+00 dt=1.383960e-03
elapsed=1.651554e+02 cycle=2580 time=3.570767e+00 dt=1.383919e-03
elapsed=1.654602e+02 cycle=2585 time=3.577687e+00 dt=1.383878e-03
elapsed=1.657650e+02 cycle=2590 time=3.584606e+00 dt=1.383850e-03
elapsed=1.660720e+02 cycle=2595 time=3.591525e+00 dt=1.383830e-03
elapsed=1.663770e+02 cycle=2600 time=3.598444e+00 dt=1.383843e-03
elapsed=1.666815e+02 cycle=2605 time=3.605364e+00 dt=1.383877e-03
elapsed=1.669880e+02 cycle=2610 time=3.612283e+00 dt=1.383910e-03
elapsed=1.672920e+02 cycle=2615 time=3.619203e+00 dt=1.383936e-03
elapsed=1.675989e+02 cycle=2620 time=3.626122e+00 dt=1.383945e-03
elapsed=1.679049e+02 cycle=2625 time=3.633042e+00 dt=1.383943e-03
elapsed=1.682103e+02 cycle=2630 time=3.639962e+00 dt=1.383941e-03
elapsed=1.685154e+02 cycle=2635 time=3.646881e+00 dt=1.383936e-03
elapsed=1.688209e+02 cycle=2640 time=3.653801e+00 dt=1.383932e-03
elapsed=1.691257e+02 cycle=2645 time=3.660721e+00 dt=1.383945e-03
elapsed=1.694308e+02 cycle=2650 time=3.667641e+00 dt=1.383963e-03
elapsed=1.697353e+02 cycle=2655 time=3.674560e+00 dt=1.383981e-03
elapsed=1.700434e+02 cycle=2660 time=3.681480e+00 dt=1.384008e-03
elapsed=1.703482e+02 cycle=2665 time=3.688400e+00 dt=1.384020e-03
elapsed=1.706522e+02 cycle=2670 time=3.695321e+00 dt=1.384012e-03
elapsed=1.709588e+02 cycle=2675 time=3.702241e+00 dt=1.384013e-03
elapsed=1.712634e+02 cycle=2680 time=3.709161e+00 dt=1.384037e-03
elapsed=1.715684e+02 cycle=2685 time=3.716081e+00 dt=1.384068e-03
elapsed=1.718729e+02 cycle=2690 time=3.723001e+00 dt=1.384140e-03
elapsed=1.721793e+02 cycle=2695 time=3.729922e+00 dt=1.384091e-03
elapsed=1.724849e+02 cycle=2700 time=3.736842e+00 dt=1.384047e-03
elapsed=1.727906e+02 cycle=2705 time=3.743763e+00 dt=1.384021e-03
elapsed=1.730963e+02 cycle=2710 time=3.750683e+00 dt=1.383982e-03
elapsed=1.734019e+02 cycle=2715 time=3.757602e+00 dt=1.383930e-03
elapsed=1.737078e+02 cycle=2720 time=3.764522e+00 dt=1.383913e-03
elapsed=1.740137e+02 cycle=2725 time=3.771442e+00 dt=1.383953e-03
elapsed=1.743206e+02 cycle=2730 time=3.778362e+00 dt=1.384031e-03
elapsed=1.746249e+02 cycle=2735 time=3.785282e+00 dt=1.384023e-03
elapsed=1.749301e+02 cycle=2740 time=3.792202e+00 dt=1.383970e-03
elapsed=1.752341e+02 cycle=2745 time=3.799122e+00 dt=1.383920e-03
elapsed=1.755392e+02 cycle=2750 time=3.806041e+00 dt=1.383894e-03
elapsed=1.758439e+02 cycle=2755 time=3.812961e+00 dt=1.383883e-03
elapsed=1.761511e+02 cycle=2760 time=3.819880e+00 dt=1.383891e-03
elapsed=1.764571e+02 cycle=2765 time=3.826799e+00 dt=1.383908e-03
elapsed=1.767628e+02 cycle=2770 time=3.833719e+00 dt=1.383921e-03
elapsed=1.770689e+02 cycle=2775 time=3.840639e+00 dt=1.383911e-03
elapsed=1.773735e+02 cycle=2780 time=3.847558e+00 dt=1.383887e-03
elapsed=1.776780e+02 cycle=2785 time=3.854478e+00 dt=1.383873e-03
elapsed=1.779828e+02 cycle=2790 time=3.861397e+00 dt=1.383880e-03
elapsed=1.782905e+02 cycle=2795 time=3.868316e+00 dt=1.383904e-03
elapsed=1.785954e+02 cycle=2800 time=3.875236e+00 dt=1.383940e-03
elapsed=1.789004e+02 cycle=2805 time=3.882156e+00 dt=1.383985e-03
elapsed=1.792047e+02 cycle=2810 time=3.889076e+00 dt=1.384023e-03
elapsed=1.795093e+02 cycle=2815 time=3.895996e+00 dt=1.384030e-03
elapsed=1.798150e+02 cycle=2820 time=3.902916e+00 dt=1.384049e-03
elapsed=1.801199e+02 cycle=2825 time=3.909836e+00 dt=1.384051e-03
elapsed=1.804279e+02 cycle=2830 time=3.916756e+00 dt=1.383976e-03
elapsed=1.807333e+02 cycle=2835 time=3.923676e+00 dt=1.383920e-03
elapsed=1.810386e+02 cycle=2840 time=3.930596e+00 dt=1.383926e-03
elapsed=1.813436e+02 cycle=2845 time=3.937516e+00 dt=1.383974e-03
elapsed=1.816480e+02 cycle=2850 time=3.944435e+00 dt=1.384022e-03
elapsed=1.819516e+02 cycle=2855 time=3.951356e+00 dt=1.384071e-03
elapsed=1.822585e+02 cycle=2860 time=3.958276e+00 dt=1.384088e-03
elapsed=1.825647e+02 cycle=2865 time=3.965196e+00 dt=1.384044e-03
elapsed=1.828703e+02 cycle=2870 time=3.972117e+00 dt=1.384020e-03
elapsed=1.831759e+02 cycle=2875 time=3.979037e+00 dt=1.384007e-03
elapsed=1.834817e+02 cycle=2880 time=3.985957e+00 dt=1.384016e-03
elapsed=1.837875e+02 cycle=2885 time=3.992877e+00 dt=1.384001e-03
elapsed=1.840917e+02 cycle=2890 time=3.999797e+00 dt=1.383953e-03
elapsed=1.843999e+02 cycle=2895 time=4.006716e+00 dt=1.383907e-03
elapsed=1.847044e+02 cycle=2900 time=4.013636e+00 dt=1.383881e-03
elapsed=1.850097e+02 cycle=2905 time=4.020555e+00 dt=1.383852e-03
elapsed=1.853143e+02 cycle=2910 time=4.027474e+00 dt=1.383871e-03
elapsed=1.856189e+02 cycle=2915 time=4.034394e+00 dt=1.383923e-03
elapsed=1.859233e+02 cycle=2920 time=4.041314e+00 dt=1.383953e-03
elapsed=1.862280e+02 cycle=2925 time=4.048233e+00 dt=1.383947e-03
elapsed=1.865351e+02 cycle=2930 time=4.055153e+00 dt=1.383930e-03
elapsed=1.868412e+02 cycle=2935 time=4.062073e+00 dt=1.383900e-03
elapsed=1.871718e+02 cycle=2940 time=4.068992e+00 dt=1.383851e-03
elapsed=1.874763e+02 cycle=2945 time=4.075911e+00 dt=1.383813e-03
elapsed=1.877804e+02 cycle=2950 time=4.082830e+00 dt=1.383806e-03
elapsed=1.880845e+02 cycle=2955 time=4.089749e+00 dt=1.383813e-03
elapsed=1.883939e+02 cycle=2960 time=4.096668e+00 dt=1.383836e-03
elapsed=1.886984e+02 cycle=2965 time=4.103588e+00 dt=1.383838e-03
elapsed=1.890032e+02 cycle=2970 time=4.110507e+00 dt=1.383827e-03
elapsed=1.893073e+02 cycle=2975 time=4.117426e+00 dt=1.383806e-03
elapsed=1.896121e+02 cycle=2980 time=4.124345e+00 dt=1.383788e-03
elapsed=1.899169e+02 cycle=2985 time=4.131264e+00 dt=1.383789e-03
elapsed=1.902216e+02 cycle=2990 time=4.138183e+00 dt=1.383806e-03
elapsed=1.905305e+02 cycle=2995 time=4.145102e+00 dt=1.383834e-03
elapsed=1.908355e+02 cycle=3000 time=4.152021e+00 dt=1.383861e-03
elapsed=1.911399e+02 cycle=3005 time=4.158940e+00 dt=1.383901e-03
elapsed=1.914442e+02 cycle=3010 time=4.165860e+00 dt=1.383897e-03
elapsed=1.917486e+02 cycle=3015 time=4.172779e+00 dt=1.383887e-03
elapsed=1.920535e+02 cycle=3020 time=4.179699e+00 dt=1.383855e-03
elapsed=1.923585e+02 cycle=3025 time=4.186618e+00 dt=1.383825e-03
elapsed=1.926681e+02 cycle=3030 time=4.193537e+00 dt=1.383821e-03
elapsed=1.929743e+02 cycle=3035 time=4.200456e+00 dt=1.383855e-03
elapsed=1.933136e+02 cycle=3040 time=4.207376e+00 dt=1.383900e-03
elapsed=1.936198e+02 cycle=3045 time=4.214295e+00 dt=1.383929e-03
elapsed=1.939238e+02 cycle=3050 time=4.221215e+00 dt=1.383933e-03
elapsed=1.942281e+02 cycle=3055 time=4.228135e+00 dt=1.383905e-03
elapsed=1.945357e+02 cycle=3060 time=4.235054e+00 dt=1.383867e-03
elapsed=1.948404e+02 cycle=3065 time=4.241973e+00 dt=1.383841e-03
elapsed=1.951447e+02 cycle=3070 time=4.248892e+00 dt=1.383845e-03
elapsed=1.954500e+02 cycle=3075 time=4.255812e+00 dt=1.383863e-03
elapsed=1.957545e+02 cycle=3080 time=4.262731e+00 dt=1.383881e-03
elapsed=1.960586e+02 cycle=3085 time=4.269650e+00 dt=1.383875e-03
elapsed=1.963632e+02 cycle=3090 time=4.276570e+00 dt=1.383823e-03
elapsed=1.966711e+02 cycle=3095 time=4.283489e+00 dt=1.383781e-03
elapsed=1.969772e+02 cycle=3100 time=4.290408e+00 dt=1.383771e-03
elapsed=1.972818e+02 cycle=3105 time=4.297327e+00 dt=1.383787e-03
elapsed=1.975860e+02 cycle=3110 time=4.304246e+00 dt=1.383807e-03
elapsed=1.978905e+02 cycle=3115 time=4.311165e+00 dt=1.383813e-03
elapsed=1.981940e+02 cycle=3120 time=4.318084e+00 dt=1.383810e-03
elapsed=1.985005e+02 cycle=3125 time=4.325003e+00 dt=1.383799e-03
elapsed=1.988070e+02 cycle=3130 time=4.331922e+00 dt=1.383778e-03
elapsed=1.991123e+02 cycle=3135 time=4.338840e+00 dt=1.383756e-03
elapsed=1.994172e+02 cycle=3140 time=4.345759e+00 dt=1.383737e-03
elapsed=1.997215e+02 cycle=3145 time=4.352678e+00 dt=1.383729e-03
elapsed=2.000268e+02 cycle=3150 time=4.359597e+00 dt=1.383731e-03
elapsed=2.003318e+02 cycle=3155 time=4.366515e+00 dt=1.383736e-03
elapsed=2.006389e+02 cycle=3160 time=4.373434e+00 dt=1.383750e-03
elapsed=2.009443e+02 cycle=3165 time=4.380353e+00 dt=1.383753e-03
elapsed=2.012485e+02 cycle=3170 time=4.387271e+00 dt=1.383747e-03
elapsed=2.015540e+02 cycle=3175 time=4.394190e+00 dt=1.383748e-03
elapsed=2.018585e+02 cycle=3180 time=4.401109e+00 dt=1.383756e-03
elapsed=2.021629e+02 cycle=3185 time=4.408028e+00 dt=1.383790e-03
elapsed=2.024679e+02 cycle=3190 time=4.414947e+00 dt=1.383815e-03
elapsed=2.027755e+02 cycle=3195 time=4.421866e+00 dt=1.383804e-03
elapsed=2.030813e+02 cycle=3200 time=4.428785e+00 dt=1.383773e-03
elapsed=2.033859e+02 cycle=3205 time=4.435704e+00 dt=1.383763e-03
elapsed=2.036914e+02 cycle=3210 time=4.442622e+00 dt=1.383775e-03
elapsed=2.039959e+02 cycle=3215 time=4.449541e+00 dt=1.383807e-03
elapsed=2.043000e+02 cycle=3220 time=4.456460e+00 dt=1.383845e-03
elapsed=2.046051e+02 cycle=3225 time=4.463380e+00 dt=1.383863e-03
elapsed=2.049125e+02 cycle=3230 time=4.470299e+00 dt=1.383848e-03
elapsed=2.052170e+02 cycle=3235 time=4.477218e+00 dt=1.383828e-03
elapsed=2.055223e+02 cycle=3240 time=4.484137e+00 dt=1.383823e-03
elapsed=2.058262e+02 cycle=3245 time=4.491056e+00 dt=1.383826e-03
elapsed=2.061303e+02 cycle=3250 time=4.497976e+00 dt=1.383831e-03
elapsed=2.064357e+02 cycle=3255 time=4.504895e+00 dt=1.383839e-03
elapsed=2.067425e+02 cycle=3260 time=4.511814e+00 dt=1.383845e-03
elapsed=2.070485e+02 cycle=3265 time=4.518733e+00 dt=1.383836e-03
elapsed=2.073532e+02 cycle=3270 time=4.525652e+00 dt=1.383818e-03
elapsed=2.076575e+02 cycle=3275 time=4.532571e+00 dt=1.383796e-03
elapsed=2.079622e+02 cycle=3280 time=4.539490e+00 dt=1.383792e-03
elapsed=2.082672e+02 cycle=3285 time=4.546409e+00 dt=1.383798e-03
elapsed=2.085722e+02 cycle=3290 time=4.553328e+00 dt=1.383827e-03
elapsed=2.088794e+02 cycle=3295 time=4.560248e+00 dt=1.383855e-03
elapsed=2.091840e+02 cycle=3300 time=4.567167e+00 dt=1.383862e-03
elapsed=2.094890e+02 cycle=3305 time=4.574086e+00 dt=1.383858e-03
elapsed=2.097928e+02 cycle=3310 time=4.581005e+00 dt=1.383843e-03
elapsed=2.100971e+02 cycle=3315 time=4.587925e+00 dt=1.383831e-03
elapsed=2.104027e+02 cycle=3320 time=4.594844e+00 dt=1.383807e-03
elapsed=2.107077e+02 cycle=3325 time=4.601763e+00 dt=1.383796e-03
elapsed=2.110160e+02 cycle=3330 time=4.608682e+00 dt=1.383802e-03
elapsed=2.113835e+02 cycle=3335 time=4.615601e+00 dt=1.383804e-03
elapsed=2.116897e+02 cycle=3340 time=4.622520e+00 dt=1.383784e-03
elapsed=2.119942e+02 cycle=3345 time=4.629439e+00 dt=1.383763e-03
elapsed=2.122984e+02 cycle=3350 time=4.636357e+00 dt=1.383756e-03
elapsed=2.126035e+02 cycle=3355 time=4.643276e+00 dt=1.383751e-03
elapsed=2.129101e+02 cycle=3360 time=4.650195e+00 dt=1.383746e-03
elapsed=2.132169e+02 cycle=3365 time=4.657114e+00 dt=1.383738e-03
elapsed=2.135224e+02 cycle=3370 time=4.664032e+00 dt=1.383734e-03
elapsed=2.138267e+02 cycle=3375 time=4.670951e+00 dt=1.383751e-03
elapsed=2.141304e+02 cycle=3380 time=4.677870e+00 dt=1.383755e-03
elapsed=2.144356e+02 cycle=3385 time=4.684789e+00 dt=1.383727e-03
elapsed=2.147402e+02 cycle=3390 time=4.691707e+00 dt=1.383683e-03
elapsed=2.150478e+02 cycle=3395 time=4.698625e+00 dt=1.383663e-03
elapsed=2.153530e+02 cycle=3400 time=4.705544e+00 dt=1.383654e-03
elapsed=2.156573e+02 cycle=3405 time=4.712462e+00 dt=1.383645e-03
elapsed=2.159621e+02 cycle=3410 time=4.719380e+00 dt=1.383665e-03
elapsed=2.162681e+02 cycle=3415 time=4.726299e+00 dt=1.383693e-03
elapsed=2.165764e+02 cycle=3420 time=4.733217e+00 dt=1.383698e-03
elapsed=2.168834e+02 cycle=3425 time=4.740136e+00 dt=1.383695e-03
elapsed=2.171984e+02 cycle=3430 time=4.747054e+00 dt=1.383702e-03
elapsed=2.175060e+02 cycle=3435 time=4.753973e+00 dt=1.383734e-03
elapsed=2.178363e+02 cycle=3440 time=4.760891e+00 dt=1.383777e-03
elapsed=2.181411e+02 cycle=3445 time=4.767810e+00 dt=1.383810e-03
elapsed=2.184487e+02 cycle=3450 time=4.774729e+00 dt=1.383821e-03
elapsed=2.187542e+02 cycle=3455 time=4.781649e+00 dt=1.383807e-03
elapsed=2.190669e+02 cycle=3460 time=4.788567e+00 dt=1.383782e-03
elapsed=2.193845e+02 cycle=3465 time=4.795486e+00 dt=1.383779e-03
elapsed=2.196890e+02 cycle=3470 time=4.802405e+00 dt=1.383784e-03
elapsed=2.199935e+02 cycle=3475 time=4.809324e+00 dt=1.383792e-03
elapsed=2.202982e+02 cycle=3480 time=4.816243e+00 dt=1.383827e-03
elapsed=2.206029e+02 cycle=3485 time=4.823162e+00 dt=1.383884e-03
elapsed=2.209083e+02 cycle=3490 time=4.830082e+00 dt=1.383915e-03
elapsed=2.212150e+02 cycle=3495 time=4.837002e+00 dt=1.383916e-03
elapsed=2.215203e+02 cycle=3500 time=4.843921e+00 dt=1.383894e-03
elapsed=2.218243e+02 cycle=3505 time=4.850841e+00 dt=1.383853e-03
elapsed=2.221286e+02 cycle=3510 time=4.857760e+00 dt=1.383806e-03
elapsed=2.224336e+02 cycle=3515 time=4.864679e+00 dt=1.383774e-03
elapsed=2.227379e+02 cycle=3520 time=4.871598e+00 dt=1.383767e-03
elapsed=2.230457e+02 cycle=3525 time=4.878516e+00 dt=1.383741e-03
elapsed=2.233525e+02 cycle=3530 time=4.885435e+00 dt=1.383724e-03
elapsed=2.236583e+02 cycle=3535 time=4.892354e+00 dt=1.383706e-03
elapsed=2.239631e+02 cycle=3540 time=4.899272e+00 dt=1.383714e-03
elapsed=2.242681e+02 cycle=3545 time=4.906191e+00 dt=1.383773e-03
elapsed=2.245730e+02 cycle=3550 time=4.913110e+00 dt=1.383813e-03
elapsed=2.248769e+02 cycle=3555 time=4.920029e+00 dt=1.383804e-03
elapsed=2.256356e+02 cycle=3560 time=4.926948e+00 dt=1.383758e-03
elapsed=2.261007e+02 cycle=3565 time=4.933866e+00 dt=1.383723e-03
elapsed=2.264102e+02 cycle=3570 time=4.940785e+00 dt=1.383706e-03
elapsed=2.267148e+02 cycle=3575 time=4.947703e+00 dt=1.383676e-03
elapsed=2.270207e+02 cycle=3580 time=4.954622e+00 dt=1.383659e-03
elapsed=2.273296e+02 cycle=3585 time=4.961540e+00 dt=1.383665e-03
elapsed=2.276353e+02 cycle=3590 time=4.968458e+00 dt=1.383672e-03
elapsed=2.279406e+02 cycle=3595 time=4.975377e+00 dt=1.383661e-03
elapsed=2.282454e+02 cycle=3600 time=4.982295e+00 dt=1.383679e-03
elapsed=2.285518e+02 cycle=3605 time=4.989214e+00 dt=1.383721e-03
elapsed=2.288567e+02 cycle=3610 time=4.996132e+00 dt=1.383753e-03
elapsed=2.291633e+02 cycle=3615 time=5.003051e+00 dt=1.383756e-03
elapsed=2.294698e+02 cycle=3620 time=5.009970e+00 dt=1.383754e-03
elapsed=2.297750e+02 cycle=3625 time=5.016889e+00 dt=1.383759e-03
elapsed=2.300807e+02 cycle=3630 time=5.023807e+00 dt=1.383747e-03
elapsed=2.303865e+02 cycle=3635 time=5.030726e+00 dt=1.383732e-03
elapsed=2.306914e+02 cycle=3640 time=5.037645e+00 dt=1.383741e-03
elapsed=2.309975e+02 cycle=3645 time=5.044563e+00 dt=1.383752e-03
elapsed=2.313059e+02 cycle=3650 time=5.051482e+00 dt=1.383752e-03
elapsed=2.316116e+02 cycle=3655 time=5.058401e+00 dt=1.383751e-03
elapsed=2.319172e+02 cycle=3660 time=5.065320e+00 dt=1.383785e-03
elapsed=2.322221e+02 cycle=3665 time=5.072239e+00 dt=1.383840e-03
elapsed=2.325272e+02 cycle=3670 time=5.079158e+00 dt=1.383878e-03
elapsed=2.328323e+02 cycle=3675 time=5.086078e+00 dt=1.383876e-03
elapsed=2.331398e+02 cycle=3680 time=5.092997e+00 dt=1.383840e-03
elapsed=2.334480e+02 cycle=3685 time=5.099916e+00 dt=1.383788e-03
elapsed=2.337541e+02 cycle=3690 time=5.106835e+00 dt=1.383731e-03
elapsed=2.340594e+02 cycle=3695 time=5.113753e+00 dt=1.383709e-03
elapsed=2.343653e+02 cycle=3700 time=5.120672e+00 dt=1.383738e-03
elapsed=2.346702e+02 cycle=3705 time=5.127591e+00 dt=1.383804e-03
elapsed=2.349750e+02 cycle=3710 time=5.134510e+00 dt=1.383852e-03
elapsed=2.352822e+02 cycle=3715 time=5.141429e+00 dt=1.383867e-03
elapsed=2.355891e+02 cycle=3720 time=5.148349e+00 dt=1.383856e-03
elapsed=2.358948e+02 cycle=3725 time=5.155268e+00 dt=1.383819e-03
elapsed=2.362002e+02 cycle=3730 time=5.162187e+00 dt=1.383785e-03
elapsed=2.365061e+02 cycle=3735 time=5.169106e+00 dt=1.383765e-03
elapsed=2.368108e+02 cycle=3740 time=5.176024e+00 dt=1.383749e-03
elapsed=2.371179e+02 cycle=3745 time=5.182943e+00 dt=1.383749e-03
elapsed=2.374262e+02 cycle=3750 time=5.189862e+00 dt=1.383739e-03
elapsed=2.377316e+02 cycle=3755 time=5.196781e+00 dt=1.383715e-03
elapsed=2.380362e+02 cycle=3760 time=5.203699e+00 dt=1.383698e-03
elapsed=2.383421e+02 cycle=3765 time=5.210618e+00 dt=1.383706e-03
elapsed=2.386494e+02 cycle=3770 time=5.217536e+00 dt=1.383730e-03
elapsed=2.389564e+02 cycle=3775 time=5.224455e+00 dt=1.383749e-03
elapsed=2.392641e+02 cycle=3780 time=5.231374e+00 dt=1.383741e-03
elapsed=2.395733e+02 cycle=3785 time=5.238292e+00 dt=1.383716e-03
elapsed=2.398790e+02 cycle=3790 time=5.245211e+00 dt=1.383677e-03
elapsed=2.401842e+02 cycle=3795 time=5.252129e+00 dt=1.383600e-03
elapsed=2.404894e+02 cycle=3800 time=5.259047e+00 dt=1.383541e-03
elapsed=2.407955e+02 cycle=3805 time=5.265964e+00 dt=1.383493e-03
elapsed=2.411003e+02 cycle=3810 time=5.272882e+00 dt=1.383499e-03
elapsed=2.414085e+02 cycle=3815 time=5.279800e+00 dt=1.383565e-03
elapsed=2.417152e+02 cycle=3820 time=5.286717e+00 dt=1.383620e-03
elapsed=2.420201e+02 cycle=3825 time=5.293636e+00 dt=1.383629e-03
elapsed=2.423256e+02 cycle=3830 time=5.300554e+00 dt=1.383629e-03
elapsed=2.426312e+02 cycle=3835 time=5.307472e+00 dt=1.383579e-03
elapsed=2.429365e+02 cycle=3840 time=5.314390e+00 dt=1.383513e-03
elapsed=2.432429e+02 cycle=3845 time=5.321307e+00 dt=1.383462e-03
elapsed=2.435519e+02 cycle=3850 time=5.328224e+00 dt=1.383429e-03
elapsed=2.438573e+02 cycle=3855 time=5.335141e+00 dt=1.383420e-03
elapsed=2.441623e+02 cycle=3860 time=5.342059e+00 dt=1.383428e-03
elapsed=2.444673e+02 cycle=3865 time=5.348976e+00 dt=1.383426e-03
elapsed=2.447730e+02 cycle=3870 time=5.355893e+00 dt=1.383422e-03
elapsed=2.450782e+02 cycle=3875 time=5.362810e+00 dt=1.383439e-03
elapsed=2.453848e+02 cycle=3880 time=5.369727e+00 dt=1.383442e-03
elapsed=2.456920e+02 cycle=3885 time=5.376644e+00 dt=1.383458e-03
elapsed=2.459963e+02 cycle=3890 time=5.383562e+00 dt=1.383467e-03
elapsed=2.463016e+02 cycle=3895 time=5.390479e+00 dt=1.383485e-03
elapsed=2.466073e+02 cycle=3900 time=5.397396e+00 dt=1.383478e-03
elapsed=2.469135e+02 cycle=3905 time=5.404314e+00 dt=1.383415e-03
elapsed=2.472197e+02 cycle=3910 time=5.411231e+00 dt=1.383339e-03
elapsed=2.475255e+02 cycle=3915 time=5.418147e+00 dt=1.383295e-03
elapsed=2.478335e+02 cycle=3920 time=5.425064e+00 dt=1.383274e-03
elapsed=2.481389e+02 cycle=3925 time=5.431980e+00 dt=1.383273e-03
elapsed=2.484444e+02 cycle=3930 time=5.438896e+00 dt=1.383285e-03
elapsed=2.487493e+02 cycle=3935 time=5.445813e+00 dt=1.383310e-03
elapsed=2.490545e+02 cycle=3940 time=5.452730e+00 dt=1.383341e-03
elapsed=2.493858e+02 cycle=3945 time=5.459646e+00 dt=1.383356e-03
elapsed=2.496953e+02 cycle=3950 time=5.466563e+00 dt=1.383311e-03
elapsed=2.500006e+02 cycle=3955 time=5.473479e+00 dt=1.383256e-03
elapsed=2.503063e+02 cycle=3960 time=5.480396e+00 dt=1.383251e-03
elapsed=2.506118e+02 cycle=3965 time=5.487312e+00 dt=1.383306e-03
elapsed=2.509171e+02 cycle=3970 time=5.494229e+00 dt=1.383324e-03
elapsed=2.512229e+02 cycle=3975 time=5.501145e+00 dt=1.383346e-03
elapsed=2.515295e+02 cycle=3980 time=5.508062e+00 dt=1.383446e-03
elapsed=2.518376e+02 cycle=3985 time=5.514980e+00 dt=1.383504e-03
elapsed=2.521426e+02 cycle=3990 time=5.521897e+00 dt=1.383517e-03
elapsed=2.524481e+02 cycle=3995 time=5.528815e+00 dt=1.383509e-03
elapsed=2.527538e+02 cycle=4000 time=5.535732e+00 dt=1.383520e-03
elapsed=2.530594e+02 cycle=4005 time=5.542650e+00 dt=1.383542e-03
elapsed=2.533651e+02 cycle=4010 time=5.549568e+00 dt=1.383539e-03
elapsed=2.536721e+02 cycle=4015 time=5.556485e+00 dt=1.383477e-03
elapsed=2.539796e+02 cycle=4020 time=5.563402e+00 dt=1.383371e-03
elapsed=2.542856e+02 cycle=4025 time=5.570319e+00 dt=1.383284e-03
elapsed=2.545913e+02 cycle=4030 time=5.577235e+00 dt=1.383230e-03
elapsed=2.548962e+02 cycle=4035 time=5.584151e+00 dt=1.383231e-03
elapsed=2.552009e+02 cycle=4040 time=5.591068e+00 dt=1.383245e-03
elapsed=2.555068e+02 cycle=4045 time=5.597984e+00 dt=1.383253e-03
elapsed=2.558146e+02 cycle=4050 time=5.604900e+00 dt=1.383280e-03
elapsed=2.561197e+02 cycle=4055 time=5.611817e+00 dt=1.383221e-03
elapsed=2.564251e+02 cycle=4060 time=5.618732e+00 dt=1.383147e-03
elapsed=2.567302e+02 cycle=4065 time=5.625648e+00 dt=1.383095e-03
elapsed=2.570368e+02 cycle=4070 time=5.632563e+00 dt=1.383048e-03
elapsed=2.573420e+02 cycle=4075 time=5.639479e+00 dt=1.382954e-03
elapsed=2.576477e+02 cycle=4080 time=5.646393e+00 dt=1.382934e-03
elapsed=2.579559e+02 cycle=4085 time=5.653308e+00 dt=1.383005e-03
elapsed=2.582608e+02 cycle=4090 time=5.660223e+00 dt=1.383120e-03
elapsed=2.585661e+02 cycle=4095 time=5.667139e+00 dt=1.383223e-03
elapsed=2.588714e+02 cycle=4100 time=5.674055e+00 dt=1.383232e-03
elapsed=2.591765e+02 cycle=4105 time=5.680971e+00 dt=1.383169e-03
elapsed=2.594828e+02 cycle=4110 time=5.687887e+00 dt=1.383115e-03
elapsed=2.597883e+02 cycle=4115 time=5.694803e+00 dt=1.383072e-03
elapsed=2.600963e+02 cycle=4120 time=5.701718e+00 dt=1.383044e-03
elapsed=2.604017e+02 cycle=4125 time=5.708633e+00 dt=1.382867e-03
elapsed=2.607072e+02 cycle=4130 time=5.715547e+00 dt=1.382730e-03
elapsed=2.610140e+02 cycle=4135 time=5.722460e+00 dt=1.382742e-03
elapsed=2.613195e+02 cycle=4140 time=5.729374e+00 dt=1.382789e-03
elapsed=2.616252e+02 cycle=4145 time=5.736288e+00 dt=1.382886e-03
elapsed=2.619325e+02 cycle=4150 time=5.743203e+00 dt=1.383044e-03
elapsed=2.622375e+02 cycle=4155 time=5.750118e+00 dt=1.383157e-03
elapsed=2.625436e+02 cycle=4160 time=5.757035e+00 dt=1.383287e-03
elapsed=2.628480e+02 cycle=4165 time=5.763951e+00 dt=1.383359e-03
elapsed=2.631544e+02 cycle=4170 time=5.770868e+00 dt=1.383391e-03
elapsed=2.634602e+02 cycle=4175 time=5.777785e+00 dt=1.383352e-03
elapsed=2.637670e+02 cycle=4180 time=5.784701e+00 dt=1.383187e-03
elapsed=2.640749e+02 cycle=4185 time=5.791617e+00 dt=1.382976e-03
elapsed=2.643805e+02 cycle=4190 time=5.798531e+00 dt=1.382824e-03
elapsed=2.646857e+02 cycle=4195 time=5.805445e+00 dt=1.382752e-03
elapsed=2.649901e+02 cycle=4200 time=5.812359e+00 dt=1.382720e-03
elapsed=2.652948e+02 cycle=4205 time=5.819273e+00 dt=1.382707e-03
elapsed=2.656005e+02 cycle=4210 time=5.826186e+00 dt=1.382761e-03
elapsed=2.659052e+02 cycle=4215 time=5.833100e+00 dt=1.382886e-03
elapsed=2.662135e+02 cycle=4220 time=5.840015e+00 dt=1.383053e-03
elapsed=2.665185e+02 cycle=4225 time=5.846931e+00 dt=1.383231e-03
elapsed=2.668231e+02 cycle=4230 time=5.853847e+00 dt=1.383285e-03
elapsed=2.671294e+02 cycle=4235 time=5.860763e+00 dt=1.383157e-03
elapsed=2.674353e+02 cycle=4240 time=5.867679e+00 dt=1.382991e-03
elapsed=2.677407e+02 cycle=4245 time=5.874593e+00 dt=1.382887e-03
elapsed=2.680482e+02 cycle=4250 time=5.881508e+00 dt=1.382810e-03
elapsed=2.683545e+02 cycle=4255 time=5.888422e+00 dt=1.382749e-03
elapsed=2.686605e+02 cycle=4260 time=5.895335e+00 dt=1.382717e-03
elapsed=2.689657e+02 cycle=4265 time=5.902249e+00 dt=1.382797e-03
elapsed=2.692698e+02 cycle=4270 time=5.909163e+00 dt=1.382921e-03
elapsed=2.695749e+02 cycle=4275 time=5.916078e+00 dt=1.382943e-03
elapsed=2.698794e+02 cycle=4280 time=5.922993e+00 dt=1.382923e-03
elapsed=2.701869e+02 cycle=4285 time=5.929907e+00 dt=1.382959e-03
elapsed=2.704929e+02 cycle=4290 time=5.936822e+00 dt=1.382965e-03
elapsed=2.707985e+02 cycle=4295 time=5.943737e+00 dt=1.382852e-03
elapsed=2.711025e+02 cycle=4300 time=5.950651e+00 dt=1.382711e-03
elapsed=2.714080e+02 cycle=4305 time=5.957564e+00 dt=1.382627e-03
elapsed=2.717129e+02 cycle=4310 time=5.964477e+00 dt=1.382608e-03
elapsed=2.720174e+02 cycle=4315 time=5.971390e+00 dt=1.382607e-03
elapsed=2.723246e+02 cycle=4320 time=5.978303e+00 dt=1.382617e-03
elapsed=2.726297e+02 cycle=4325 time=5.985216e+00 dt=1.382661e-03
elapsed=2.729340e+02 cycle=4330 time=5.992130e+00 dt=1.382661e-03
elapsed=2.732400e+02 cycle=4335 time=5.999043e+00 dt=1.382640e-03
elapsed=2.735461e+02 cycle=4340 time=6.005956e+00 dt=1.382611e-03
elapsed=2.738514e+02 cycle=4345 time=6.012869e+00 dt=1.382649e-03
elapsed=2.741578e+02 cycle=4350 time=6.019783e+00 dt=1.382813e-03
elapsed=2.744641e+02 cycle=4355 time=6.026697e+00 dt=1.383018e-03
elapsed=2.747687e+02 cycle=4360 time=6.033613e+00 dt=1.383102e-03
elapsed=2.750729e+02 cycle=4365 time=6.040528e+00 dt=1.383041e-03
elapsed=2.753782e+02 cycle=4370 time=6.047443e+00 dt=1.382881e-03
elapsed=2.756835e+02 cycle=4375 time=6.054357e+00 dt=1.382774e-03
elapsed=2.759882e+02 cycle=4380 time=6.061271e+00 dt=1.382718e-03
elapsed=2.762952e+02 cycle=4385 time=6.068184e+00 dt=1.382681e-03
elapsed=2.766002e+02 cycle=4390 time=6.075098e+00 dt=1.382714e-03
elapsed=2.769045e+02 cycle=4395 time=6.082012e+00 dt=1.382832e-03
elapsed=2.772087e+02 cycle=4400 time=6.088926e+00 dt=1.382968e-03
elapsed=2.775141e+02 cycle=4405 time=6.095841e+00 dt=1.383026e-03
elapsed=2.778176e+02 cycle=4410 time=6.102756e+00 dt=1.382986e-03
elapsed=2.781216e+02 cycle=4415 time=6.109671e+00 dt=1.382919e-03
elapsed=2.784294e+02 cycle=4420 time=6.116585e+00 dt=1.382797e-03
elapsed=2.787337e+02 cycle=4425 time=6.123499e+00 dt=1.382570e-03
elapsed=2.790378e+02 cycle=4430 time=6.130411e+00 dt=1.382381e-03
elapsed=2.793421e+02 cycle=4435 time=6.137323e+00 dt=1.382285e-03
elapsed=2.796479e+02 cycle=4440 time=6.144234e+00 dt=1.382256e-03
elapsed=2.799525e+02 cycle=4445 time=6.151146e+00 dt=1.382333e-03
elapsed=2.802831e+02 cycle=4450 time=6.158058e+00 dt=1.382465e-03
elapsed=2.805882e+02 cycle=4455 time=6.164970e+00 dt=1.382564e-03
elapsed=2.808931e+02 cycle=4460 time=6.171883e+00 dt=1.382585e-03
elapsed=2.811971e+02 cycle=4465 time=6.178796e+00 dt=1.382555e-03
elapsed=2.815034e+02 cycle=4470 time=6.185709e+00 dt=1.382532e-03
elapsed=2.818076e+02 cycle=4475 time=6.192621e+00 dt=1.382538e-03
elapsed=2.821118e+02 cycle=4480 time=6.199534e+00 dt=1.382532e-03
elapsed=2.824210e+02 cycle=4485 time=6.206447e+00 dt=1.382474e-03
elapsed=2.827259e+02 cycle=4490 time=6.213359e+00 dt=1.382406e-03
elapsed=2.830322e+02 cycle=4495 time=6.220271e+00 dt=1.382320e-03
elapsed=2.833363e+02 cycle=4500 time=6.227182e+00 dt=1.382228e-03
elapsed=2.836429e+02 cycle=4505 time=6.234093e+00 dt=1.382166e-03
elapsed=2.839478e+02 cycle=4510 time=6.241004e+00 dt=1.382176e-03
elapsed=2.842520e+02 cycle=4515 time=6.247915e+00 dt=1.382245e-03
elapsed=2.845603e+02 cycle=4520 time=6.254826e+00 dt=1.382347e-03
elapsed=2.848645e+02 cycle=4525 time=6.261738e+00 dt=1.382422e-03
elapsed=2.851680e+02 cycle=4530 time=6.268650e+00 dt=1.382465e-03
elapsed=2.854740e+02 cycle=4535 time=6.275563e+00 dt=1.382556e-03
elapsed=2.857785e+02 cycle=4540 time=6.282476e+00 dt=1.382462e-03
elapsed=2.860822e+02 cycle=4545 time=6.289388e+00 dt=1.382373e-03
elapsed=2.863887e+02 cycle=4550 time=6.296300e+00 dt=1.382389e-03
elapsed=2.866965e+02 cycle=4555 time=6.303212e+00 dt=1.382401e-03
elapsed=2.870028e+02 cycle=4560 time=6.310123e+00 dt=1.382238e-03
elapsed=2.873072e+02 cycle=4565 time=6.317034e+00 dt=1.382157e-03
elapsed=2.876130e+02 cycle=4570 time=6.323945e+00 dt=1.382117e-03
elapsed=2.879182e+02 cycle=4575 time=6.330856e+00 dt=1.382146e-03
elapsed=2.882224e+02 cycle=4580 time=6.337766e+00 dt=1.382223e-03
elapsed=2.885308e+02 cycle=4585 time=6.344678e+00 dt=1.382310e-03
elapsed=2.888351e+02 cycle=4590 time=6.351589e+00 dt=1.382373e-03
elapsed=2.891392e+02 cycle=4595 time=6.358501e+00 dt=1.382395e-03
elapsed=2.894434e+02 cycle=4600 time=6.365413e+00 dt=1.382391e-03
elapsed=2.897485e+02 cycle=4605 time=6.372325e+00 dt=1.382351e-03
elapsed=2.900527e+02 cycle=4610 time=6.379237e+00 dt=1.382352e-03
elapsed=2.903578e+02 cycle=4615 time=6.386149e+00 dt=1.382301e-03
elapsed=2.906657e+02 cycle=4620 time=6.393060e+00 dt=1.382254e-03
elapsed=2.909713e+02 cycle=4625 time=6.399971e+00 dt=1.382273e-03
elapsed=2.912760e+02 cycle=4630 time=6.406883e+00 dt=1.382306e-03
elapsed=2.915838e+02 cycle=4635 time=6.413794e+00 dt=1.382355e-03
elapsed=2.918890e+02 cycle=4640 time=6.420706e+00 dt=1.382401e-03
elapsed=2.921932e+02 cycle=4645 time=6.427618e+00 dt=1.382415e-03
elapsed=2.924996e+02 cycle=4650 time=6.434530e+00 dt=1.382352e-03
elapsed=2.928063e+02 cycle=4655 time=6.441442e+00 dt=1.382321e-03
elapsed=2.931113e+02 cycle=4660 time=6.448353e+00 dt=1.382258e-03
elapsed=2.934158e+02 cycle=4665 time=6.455265e+00 dt=1.382197e-03
elapsed=2.937232e+02 cycle=4670 time=6.462175e+00 dt=1.382158e-03
elapsed=2.940269e+02 cycle=4675 time=6.469086e+00 dt=1.382141e-03
elapsed=2.943319e+02 cycle=4680 time=6.475997e+00 dt=1.382138e-03
elapsed=2.946404e+02 cycle=4685 time=6.482908e+00 dt=1.382164e-03
elapsed=2.949452e+02 cycle=4690 time=6.489819e+00 dt=1.382216e-03
elapsed=2.952505e+02 cycle=4695 time=6.496730e+00 dt=1.382267e-03
elapsed=2.955563e+02 cycle=4700 time=6.503641e+00 dt=1.382204e-03
elapsed=2.958611e+02 cycle=4705 time=6.510552e+00 dt=1.382063e-03
elapsed=2.961658e+02 cycle=4710 time=6.517462e+00 dt=1.381970e-03
elapsed=2.964707e+02 cycle=4715 time=6.524372e+00 dt=1.381932e-03
elapsed=2.967786e+02 cycle=4720 time=6.531281e+00 dt=1.381940e-03
elapsed=2.970845e+02 cycle=4725 time=6.538191e+00 dt=1.381969e-03
elapsed=2.973884e+02 cycle=4730 time=6.545101e+00 dt=1.381970e-03
elapsed=2.976942e+02 cycle=4735 time=6.552011e+00 dt=1.381941e-03
elapsed=2.979981e+02 cycle=4740 time=6.558920e+00 dt=1.381915e-03
elapsed=2.983033e+02 cycle=4745 time=6.565830e+00 dt=1.381904e-03
elapsed=2.986085e+02 cycle=4750 time=6.572739e+00 dt=1.381894e-03
elapsed=2.989157e+02 cycle=4755 time=6.579649e+00 dt=1.381854e-03
elapsed=2.992202e+02 cycle=4760 time=6.586558e+00 dt=1.381791e-03
elapsed=2.995256e+02 cycle=4765 time=6.593467e+00 dt=1.381713e-03
elapsed=2.998305e+02 cycle=4770 time=6.600375e+00 dt=1.381646e-03
elapsed=3.001352e+02 cycle=4775 time=6.607283e+00 dt=1.381618e-03
elapsed=3.004399e+02 cycle=4780 time=6.614191e+00 dt=1.381634e-03
elapsed=3.007482e+02 cycle=4785 time=6.621100e+00 dt=1.381653e-03
elapsed=3.010544e+02 cycle=4790 time=6.628008e+00 dt=1.381646e-03
elapsed=3.013597e+02 cycle=4795 time=6.634916e+00 dt=1.381649e-03
elapsed=3.016657e+02 cycle=4800 time=6.641824e+00 dt=1.381657e-03
elapsed=3.019702e+02 cycle=4805 time=6.648733e+00 dt=1.381630e-03
elapsed=3.022747e+02 cycle=4810 time=6.655641e+00 dt=1.381594e-03
elapsed=3.025810e+02 cycle=4815 time=6.662549e+00 dt=1.381591e-03
elapsed=3.028873e+02 cycle=4820 time=6.669457e+00 dt=1.381573e-03
elapsed=3.031931e+02 cycle=4825 time=6.676364e+00 dt=1.381550e-03
elapsed=3.034984e+02 cycle=4830 time=6.683272e+00 dt=1.381540e-03
elapsed=3.038054e+02 cycle=4835 time=6.690180e+00 dt=1.381551e-03
elapsed=3.041096e+02 cycle=4840 time=6.697088e+00 dt=1.381549e-03
elapsed=3.044146e+02 cycle=4845 time=6.703995e+00 dt=1.381544e-03
elapsed=3.047204e+02 cycle=4850 time=6.710903e+00 dt=1.381526e-03
elapsed=3.050270e+02 cycle=4855 time=6.717811e+00 dt=1.381490e-03
elapsed=3.053318e+02 cycle=4860 time=6.724718e+00 dt=1.381453e-03
elapsed=3.056374e+02 cycle=4865 time=6.731625e+00 dt=1.381417e-03
elapsed=3.059419e+02 cycle=4870 time=6.738532e+00 dt=1.381391e-03
elapsed=3.062469e+02 cycle=4875 time=6.745439e+00 dt=1.381383e-03
elapsed=3.065524e+02 cycle=4880 time=6.752346e+00 dt=1.381386e-03
elapsed=3.068593e+02 cycle=4885 time=6.759253e+00 dt=1.381377e-03
elapsed=3.071651e+02 cycle=4890 time=6.766160e+00 dt=1.381337e-03
elapsed=3.074704e+02 cycle=4895 time=6.773066e+00 dt=1.381280e-03
elapsed=3.077765e+02 cycle=4900 time=6.779973e+00 dt=1.381229e-03
elapsed=3.080812e+02 cycle=4905 time=6.786879e+00 dt=1.381191e-03
elapsed=3.083860e+02 cycle=4910 time=6.793785e+00 dt=1.381161e-03
elapsed=3.086914e+02 cycle=4915 time=6.800690e+00 dt=1.381124e-03
elapsed=3.089993e+02 cycle=4920 time=6.807596e+00 dt=1.381053e-03
elapsed=3.093046e+02 cycle=4925 time=6.814501e+00 dt=1.380970e-03
elapsed=3.096109e+02 cycle=4930 time=6.821406e+00 dt=1.380905e-03
elapsed=3.099166e+02 cycle=4935 time=6.828310e+00 dt=1.380861e-03
elapsed=3.102222e+02 cycle=4940 time=6.835214e+00 dt=1.380812e-03
elapsed=3.105285e+02 cycle=4945 time=6.842118e+00 dt=1.380730e-03
elapsed=3.108351e+02 cycle=4950 time=6.849022e+00 dt=1.380644e-03
elapsed=3.111675e+02 cycle=4955 time=6.855925e+00 dt=1.380581e-03
elapsed=3.114732e+02 cycle=4960 time=6.862828e+00 dt=1.380541e-03
elapsed=3.117790e+02 cycle=4965 time=6.869730e+00 dt=1.380485e-03
elapsed=3.120835e+02 cycle=4970 time=6.876633e+00 dt=1.380450e-03
elapsed=3.123881e+02 cycle=4975 time=6.883535e+00 dt=1.380412e-03
elapsed=3.126938e+02 cycle=4980 time=6.890437e+00 dt=1.380375e-03
elapsed=3.130003e+02 cycle=4985 time=6.897339e+00 dt=1.380343e-03
elapsed=3.133062e+02 cycle=4990 time=6.904240e+00 dt=1.380311e-03
elapsed=3.136135e+02 cycle=4995 time=6.911142e+00 dt=1.380285e-03
elapsed=3.139200e+02 cycle=5000 time=6.918043e+00 dt=1.380263e-03
elapsed=3.142247e+02 cycle=5005 time=6.924944e+00 dt=1.380237e-03
elapsed=3.145306e+02 cycle=5010 time=6.931845e+00 dt=1.380198e-03
elapsed=3.148347e+02 cycle=5015 time=6.938746e+00 dt=1.380151e-03
elapsed=3.151421e+02 cycle=5020 time=6.945647e+00 dt=1.380109e-03
elapsed=3.154469e+02 cycle=5025 time=6.952548e+00 dt=1.380091e-03
elapsed=3.157524e+02 cycle=5030 time=6.959448e+00 dt=1.380095e-03
elapsed=3.160571e+02 cycle=5035 time=6.966348e+00 dt=1.380100e-03
elapsed=3.163618e+02 cycle=5040 time=6.973249e+00 dt=1.380087e-03
elapsed=3.166667e+02 cycle=5045 time=6.980149e+00 dt=1.380075e-03
elapsed=3.169715e+02 cycle=5050 time=6.987050e+00 dt=1.380079e-03
elapsed=3.172808e+02 cycle=5055 time=6.993950e+00 dt=1.380110e-03
elapsed=3.175855e+02 cycle=5060 time=7.000851e+00 dt=1.380157e-03
elapsed=3.178904e+02 cycle=5065 time=7.007752e+00 dt=1.380203e-03
elapsed=3.181952e+02 cycle=5070 time=7.014653e+00 dt=1.380230e-03
elapsed=3.185007e+02 cycle=5075 time=7.021554e+00 dt=1.380227e-03
elapsed=3.188047e+02 cycle=5080 time=7.028455e+00 dt=1.380194e-03
elapsed=3.191109e+02 cycle=5085 time=7.035356e+00 dt=1.380143e-03
elapsed=3.194171e+02 cycle=5090 time=7.042257e+00 dt=1.380106e-03
elapsed=3.197230e+02 cycle=5095 time=7.049157e+00 dt=1.380109e-03
elapsed=3.200280e+02 cycle=5100 time=7.056058e+00 dt=1.380154e-03
elapsed=3.203324e+02 cycle=5105 time=7.062959e+00 dt=1.380199e-03
elapsed=3.206375e+02 cycle=5110 time=7.069860e+00 dt=1.380224e-03
elapsed=3.209429e+02 cycle=5115 time=7.076761e+00 dt=1.380219e-03
elapsed=3.212504e+02 cycle=5120 time=7.083662e+00 dt=1.380170e-03
elapsed=3.215558e+02 cycle=5125 time=7.090562e+00 dt=1.380126e-03
elapsed=3.218604e+02 cycle=5130 time=7.097463e+00 dt=1.380087e-03
elapsed=3.221653e+02 cycle=5135 time=7.104363e+00 dt=1.380025e-03
elapsed=3.224709e+02 cycle=5140 time=7.111263e+00 dt=1.379999e-03
elapsed=3.227756e+02 cycle=5145 time=7.118163e+00 dt=1.379941e-03
elapsed=3.230810e+02 cycle=5150 time=7.125063e+00 dt=1.379795e-03
elapsed=3.233873e+02 cycle=5155 time=7.131961e+00 dt=1.379620e-03
elapsed=3.236942e+02 cycle=5160 time=7.138859e+00 dt=1.379407e-03
elapsed=3.239993e+02 cycle=5165 time=7.145756e+00 dt=1.379188e-03
elapsed=3.243041e+02 cycle=5170 time=7.152651e+00 dt=1.379010e-03
elapsed=3.246093e+02 cycle=5175 time=7.159546e+00 dt=1.378923e-03
elapsed=3.249156e+02 cycle=5180 time=7.166440e+00 dt=1.378814e-03
elapsed=3.252224e+02 cycle=5185 time=7.173334e+00 dt=1.378727e-03
elapsed=3.255313e+02 cycle=5190 time=7.180228e+00 dt=1.378666e-03
elapsed=3.258367e+02 cycle=5195 time=7.187121e+00 dt=1.378507e-03
elapsed=3.261412e+02 cycle=5200 time=7.194013e+00 dt=1.378329e-03
elapsed=3.264476e+02 cycle=5205 time=7.200904e+00 dt=1.378197e-03
elapsed=3.267527e+02 cycle=5210 time=7.207795e+00 dt=1.378117e-03
elapsed=3.270586e+02 cycle=5215 time=7.214686e+00 dt=1.378063e-03
elapsed=3.273662e+02 cycle=5220 time=7.221576e+00 dt=1.378021e-03
elapsed=3.276724e+02 cycle=5225 time=7.228466e+00 dt=1.377977e-03
elapsed=3.279782e+02 cycle=5230 time=7.235356e+00 dt=1.377894e-03
elapsed=3.282828e+02 cycle=5235 time=7.242245e+00 dt=1.377781e-03
elapsed=3.285879e+02 cycle=5240 time=7.249134e+00 dt=1.377649e-03
elapsed=3.288923e+02 cycle=5245 time=7.256022e+00 dt=1.377526e-03
elapsed=3.291970e+02 cycle=5250 time=7.262909e+00 dt=1.377427e-03
elapsed=3.295057e+02 cycle=5255 time=7.269796e+00 dt=1.377347e-03
elapsed=3.298113e+02 cycle=5260 time=7.276683e+00 dt=1.377228e-03
elapsed=3.301176e+02 cycle=5265 time=7.283568e+00 dt=1.377049e-03
elapsed=3.304248e+02 cycle=5270 time=7.290453e+00 dt=1.376838e-03
elapsed=3.307313e+02 cycle=5275 time=7.297337e+00 dt=1.376614e-03
elapsed=3.310367e+02 cycle=5280 time=7.304220e+00 dt=1.376381e-03
elapsed=3.313416e+02 cycle=5285 time=7.311101e+00 dt=1.376180e-03
elapsed=3.316504e+02 cycle=5290 time=7.317982e+00 dt=1.376024e-03
elapsed=3.319559e+02 cycle=5295 time=7.324861e+00 dt=1.375887e-03
elapsed=3.322605e+02 cycle=5300 time=7.331741e+00 dt=1.375732e-03
elapsed=3.325653e+02 cycle=5305 time=7.338619e+00 dt=1.375541e-03
elapsed=3.328699e+02 cycle=5310 time=7.345496e+00 dt=1.375343e-03
elapsed=3.331757e+02 cycle=5315 time=7.352372e+00 dt=1.375157e-03
elapsed=3.334832e+02 cycle=5320 time=7.359248e+00 dt=1.375021e-03
elapsed=3.337897e+02 cycle=5325 time=7.366123e+00 dt=1.374977e-03
elapsed=3.340946e+02 cycle=5330 time=7.372998e+00 dt=1.374906e-03
elapsed=3.343995e+02 cycle=5335 time=7.379872e+00 dt=1.374780e-03
elapsed=3.347047e+02 cycle=5340 time=7.386746e+00 dt=1.374599e-03
elapsed=3.350097e+02 cycle=5345 time=7.393618e+00 dt=1.374355e-03
elapsed=3.353150e+02 cycle=5350 time=7.400489e+00 dt=1.374015e-03
elapsed=3.356229e+02 cycle=5355 time=7.407358e+00 dt=1.373435e-03
elapsed=3.359289e+02 cycle=5360 time=7.414224e+00 dt=1.372883e-03
elapsed=3.362332e+02 cycle=5365 time=7.421088e+00 dt=1.372394e-03
elapsed=3.365381e+02 cycle=5370 time=7.427949e+00 dt=1.372029e-03
elapsed=3.368429e+02 cycle=5375 time=7.434808e+00 dt=1.371696e-03
elapsed=3.371483e+02 cycle=5380 time=7.441667e+00 dt=1.371907e-03
elapsed=3.374529e+02 cycle=5385 time=7.448527e+00 dt=1.371903e-03
elapsed=3.377611e+02 cycle=5390 time=7.455385e+00 dt=1.371494e-03
elapsed=3.380659e+02 cycle=5395 time=7.462242e+00 dt=1.370865e-03
elapsed=3.383703e+02 cycle=5400 time=7.469095e+00 dt=1.370571e-03
elapsed=3.386762e+02 cycle=5405 time=7.475948e+00 dt=1.370288e-03
elapsed=3.389811e+02 cycle=5410 time=7.482798e+00 dt=1.369609e-03
elapsed=3.392854e+02 cycle=5415 time=7.489644e+00 dt=1.368918e-03
elapsed=3.395931e+02 cycle=5420 time=7.496488e+00 dt=1.368393e-03
elapsed=3.398993e+02 cycle=5425 time=7.503330e+00 dt=1.368567e-03
elapsed=3.402039e+02 cycle=5430 time=7.510173e+00 dt=1.368507e-03
elapsed=3.405099e+02 cycle=5435 time=7.517016e+00 dt=1.368786e-03
elapsed=3.408150e+02 cycle=5440 time=7.523861e+00 dt=1.369096e-03
elapsed=3.411193e+02 cycle=5445 time=7.530705e+00 dt=1.368622e-03
elapsed=3.414247e+02 cycle=5450 time=7.537550e+00 dt=1.369826e-03
elapsed=3.417327e+02 cycle=5455 time=7.544400e+00 dt=1.369891e-03
elapsed=3.420635e+02 cycle=5460 time=7.551249e+00 dt=1.369537e-03
elapsed=3.423679e+02 cycle=5465 time=7.558096e+00 dt=1.369340e-03
elapsed=3.426732e+02 cycle=5470 time=7.564942e+00 dt=1.368758e-03
elapsed=3.429781e+02 cycle=5475 time=7.571784e+00 dt=1.368355e-03
elapsed=3.432833e+02 cycle=5480 time=7.578626e+00 dt=1.368319e-03
elapsed=3.435890e+02 cycle=5485 time=7.585468e+00 dt=1.368230e-03
elapsed=3.438990e+02 cycle=5490 time=7.592308e+00 dt=1.367793e-03
elapsed=3.442032e+02 cycle=5495 time=7.599146e+00 dt=1.367099e-03
elapsed=3.445084e+02 cycle=5500 time=7.605978e+00 dt=1.365509e-03
elapsed=3.448134e+02 cycle=5505 time=7.612802e+00 dt=1.363759e-03
elapsed=3.451182e+02 cycle=5510 time=7.619618e+00 dt=1.362086e-03
elapsed=3.454228e+02 cycle=5515 time=7.626425e+00 dt=1.360875e-03
elapsed=3.457306e+02 cycle=5520 time=7.633230e+00 dt=1.360783e-03
elapsed=3.460367e+02 cycle=5525 time=7.640034e+00 dt=1.360795e-03
elapsed=3.463421e+02 cycle=5530 time=7.646837e+00 dt=1.360350e-03
elapsed=3.466476e+02 cycle=5535 time=7.653637e+00 dt=1.359431e-03
elapsed=3.469534e+02 cycle=5540 time=7.660432e+00 dt=1.358539e-03
elapsed=3.472589e+02 cycle=5545 time=7.667223e+00 dt=1.357364e-03
elapsed=3.475645e+02 cycle=5550 time=7.674006e+00 dt=1.355701e-03
elapsed=3.478738e+02 cycle=5555 time=7.680782e+00 dt=1.354613e-03
elapsed=3.481779e+02 cycle=5560 time=7.687554e+00 dt=1.354180e-03
elapsed=3.484844e+02 cycle=5565 time=7.694327e+00 dt=1.354909e-03
elapsed=3.487929e+02 cycle=5570 time=7.701102e+00 dt=1.354877e-03
elapsed=3.490980e+02 cycle=5575 time=7.707875e+00 dt=1.354371e-03
elapsed=3.494030e+02 cycle=5580 time=7.714646e+00 dt=1.354200e-03
elapsed=3.497081e+02 cycle=5585 time=7.721418e+00 dt=1.354279e-03
elapsed=3.500176e+02 cycle=5590 time=7.728188e+00 dt=1.353606e-03
elapsed=3.503225e+02 cycle=5595 time=7.734955e+00 dt=1.353009e-03
elapsed=3.506279e+02 cycle=5600 time=7.741719e+00 dt=1.353001e-03
elapsed=3.509328e+02 cycle=5605 time=7.748485e+00 dt=1.353074e-03
elapsed=3.512372e+02 cycle=5610 time=7.755251e+00 dt=1.353447e-03
elapsed=3.515423e+02 cycle=5615 time=7.762019e+00 dt=1.354228e-03
elapsed=3.518492e+02 cycle=5620 time=7.768792e+00 dt=1.354437e-03
elapsed=3.521543e+02 cycle=5625 time=7.775562e+00 dt=1.353371e-03
elapsed=3.524615e+02 cycle=5630 time=7.782326e+00 dt=1.352232e-03
elapsed=3.527661e+02 cycle=5635 time=7.789085e+00 dt=1.351084e-03
elapsed=3.530716e+02 cycle=5640 time=7.795839e+00 dt=1.350198e-03
elapsed=3.533754e+02 cycle=5645 time=7.802589e+00 dt=1.350171e-03
elapsed=3.536818e+02 cycle=5650 time=7.809341e+00 dt=1.350596e-03
elapsed=3.539895e+02 cycle=5655 time=7.816094e+00 dt=1.350753e-03
elapsed=3.542937e+02 cycle=5660 time=7.822848e+00 dt=1.350560e-03
elapsed=3.545985e+02 cycle=5665 time=7.829600e+00 dt=1.350457e-03
elapsed=3.549030e+02 cycle=5670 time=7.836352e+00 dt=1.349653e-03
elapsed=3.552075e+02 cycle=5675 time=7.843097e+00 dt=1.348421e-03
elapsed=3.555122e+02 cycle=5680 time=7.849841e+00 dt=1.349862e-03
elapsed=3.558171e+02 cycle=5685 time=7.856594e+00 dt=1.351466e-03
elapsed=3.561252e+02 cycle=5690 time=7.863352e+00 dt=1.351604e-03
elapsed=3.564305e+02 cycle=5695 time=7.870109e+00 dt=1.351205e-03
elapsed=3.567365e+02 cycle=5700 time=7.876865e+00 dt=1.351107e-03
elapsed=3.570423e+02 cycle=5705 time=7.883620e+00 dt=1.350818e-03
elapsed=3.573464e+02 cycle=5710 time=7.890373e+00 dt=1.350255e-03
elapsed=3.576518e+02 cycle=5715 time=7.897124e+00 dt=1.350237e-03
elapsed=3.579585e+02 cycle=5720 time=7.903876e+00 dt=1.350876e-03
elapsed=3.582641e+02 cycle=5725 time=7.910632e+00 dt=1.351649e-03
elapsed=3.585695e+02 cycle=5730 time=7.917392e+00 dt=1.352385e-03
elapsed=3.588735e+02 cycle=5735 time=7.924155e+00 dt=1.352734e-03
elapsed=3.591775e+02 cycle=5740 time=7.930919e+00 dt=1.352813e-03
elapsed=3.594822e+02 cycle=5745 time=7.937682e+00 dt=1.352597e-03
elapsed=3.597880e+02 cycle=5750 time=7.944444e+00 dt=1.351737e-03
elapsed=3.600958e+02 cycle=5755 time=7.951201e+00 dt=1.350836e-03
elapsed=3.604002e+02 cycle=5760 time=7.957952e+00 dt=1.349374e-03
elapsed=3.607050e+02 cycle=5765 time=7.964699e+00 dt=1.349739e-03
elapsed=3.610100e+02 cycle=5770 time=7.971450e+00 dt=1.350750e-03
elapsed=3.613142e+02 cycle=5775 time=7.978204e+00 dt=1.350969e-03
elapsed=3.616203e+02 cycle=5780 time=7.984960e+00 dt=1.351420e-03
elapsed=3.619250e+02 cycle=5785 time=7.991718e+00 dt=1.351779e-03
elapsed=3.622332e+02 cycle=5790 time=7.998476e+00 dt=1.351295e-03
elapsed=3.625382e+02 cycle=5795 time=8.005231e+00 dt=1.350640e-03
elapsed=3.628421e+02 cycle=5800 time=8.011984e+00 dt=1.350732e-03
elapsed=3.631476e+02 cycle=5805 time=8.018741e+00 dt=1.352451e-03
elapsed=3.634520e+02 cycle=5810 time=8.025506e+00 dt=1.353974e-03
elapsed=3.637571e+02 cycle=5815 time=8.032278e+00 dt=1.354887e-03
elapsed=3.640628e+02 cycle=5820 time=8.039054e+00 dt=1.355552e-03
elapsed=3.643701e+02 cycle=5825 time=8.045833e+00 dt=1.356035e-03
elapsed=3.646753e+02 cycle=5830 time=8.052612e+00 dt=1.355189e-03
elapsed=3.649799e+02 cycle=5835 time=8.059386e+00 dt=1.354433e-03
elapsed=3.652846e+02 cycle=5840 time=8.066160e+00 dt=1.355361e-03
elapsed=3.655904e+02 cycle=5845 time=8.072938e+00 dt=1.356035e-03
elapsed=3.658946e+02 cycle=5850 time=8.079720e+00 dt=1.356857e-03
elapsed=3.662029e+02 cycle=5855 time=8.086504e+00 dt=1.356360e-03
elapsed=3.665086e+02 cycle=5860 time=8.093283e+00 dt=1.354965e-03
elapsed=3.668127e+02 cycle=5865 time=8.100051e+00 dt=1.350718e-03
elapsed=3.671183e+02 cycle=5870 time=8.106797e+00 dt=1.348576e-03
elapsed=3.674233e+02 cycle=5875 time=8.113543e+00 dt=1.349861e-03
elapsed=3.677284e+02 cycle=5880 time=8.120293e+00 dt=1.350389e-03
elapsed=3.680334e+02 cycle=5885 time=8.127045e+00 dt=1.349810e-03
elapsed=3.683413e+02 cycle=5890 time=8.133792e+00 dt=1.349074e-03
elapsed=3.686473e+02 cycle=5895 time=8.140538e+00 dt=1.349958e-03
elapsed=3.689511e+02 cycle=5900 time=8.147291e+00 dt=1.351253e-03
elapsed=3.692558e+02 cycle=5905 time=8.154048e+00 dt=1.351734e-03
elapsed=3.695610e+02 cycle=5910 time=8.160807e+00 dt=1.351661e-03
elapsed=3.698657e+02 cycle=5915 time=8.167566e+00 dt=1.352504e-03
elapsed=3.701708e+02 cycle=5920 time=8.174332e+00 dt=1.354468e-03
elapsed=3.704801e+02 cycle=5925 time=8.181108e+00 dt=1.355871e-03
elapsed=3.707849e+02 cycle=5930 time=8.187888e+00 dt=1.356163e-03
elapsed=3.710899e+02 cycle=5935 time=8.194668e+00 dt=1.355572e-03
elapsed=3.713949e+02 cycle=5940 time=8.201444e+00 dt=1.354273e-03
elapsed=3.717001e+02 cycle=5945 time=8.208213e+00 dt=1.353186e-03
elapsed=3.720057e+02 cycle=5950 time=8.214978e+00 dt=1.353212e-03
elapsed=3.723130e+02 cycle=5955 time=8.221745e+00 dt=1.353258e-03
elapsed=3.726434e+02 cycle=5960 time=8.228512e+00 dt=1.353947e-03
elapsed=3.729475e+02 cycle=5965 time=8.235283e+00 dt=1.354803e-03
elapsed=3.732531e+02 cycle=5970 time=8.242059e+00 dt=1.355512e-03
elapsed=3.735574e+02 cycle=5975 time=8.248837e+00 dt=1.355775e-03
elapsed=3.738619e+02 cycle=5980 time=8.255616e+00 dt=1.355735e-03
elapsed=3.741666e+02 cycle=5985 time=8.262395e+00 dt=1.355703e-03
elapsed=3.744747e+02 cycle=5990 time=8.269173e+00 dt=1.355833e-03
elapsed=3.747795e+02 cycle=5995 time=8.275953e+00 dt=1.355824e-03
elapsed=3.750840e+02 cycle=6000 time=8.282731e+00 dt=1.355705e-03
elapsed=3.753881e+02 cycle=6005 time=8.289511e+00 dt=1.356211e-03
elapsed=3.756935e+02 cycle=6010 time=8.296294e+00 dt=1.357452e-03
elapsed=3.759988e+02 cycle=6015 time=8.303084e+00 dt=1.358608e-03
elapsed=3.763034e+02 cycle=6020 time=8.309878e+00 dt=1.359067e-03
elapsed=3.766121e+02 cycle=6025 time=8.316673e+00 dt=1.358769e-03
elapsed=3.769166e+02 cycle=6030 time=8.323466e+00 dt=1.358116e-03
elapsed=3.772225e+02 cycle=6035 time=8.330255e+00 dt=1.357093e-03
elapsed=3.775272e+02 cycle=6040 time=8.337036e+00 dt=1.355228e-03
elapsed=3.778318e+02 cycle=6045 time=8.343809e+00 dt=1.353865e-03
elapsed=3.781368e+02 cycle=6050 time=8.350577e+00 dt=1.352893e-03
elapsed=3.784453e+02 cycle=6055 time=8.357340e+00 dt=1.352510e-03
elapsed=3.787506e+02 cycle=6060 time=8.364105e+00 dt=1.353731e-03
elapsed=3.790549e+02 cycle=6065 time=8.370869e+00 dt=1.351461e-03
elapsed=3.793586e+02 cycle=6070 time=8.377621e+00 dt=1.349030e-03
elapsed=3.796643e+02 cycle=6075 time=8.384363e+00 dt=1.347048e-03
elapsed=3.799691e+02 cycle=6080 time=8.391094e+00 dt=1.345369e-03
elapsed=3.802747e+02 cycle=6085 time=8.397818e+00 dt=1.344191e-03
elapsed=3.805834e+02 cycle=6090 time=8.404539e+00 dt=1.344322e-03
elapsed=3.808888e+02 cycle=6095 time=8.411263e+00 dt=1.345536e-03
elapsed=3.811931e+02 cycle=6100 time=8.417995e+00 dt=1.347683e-03
elapsed=3.814989e+02 cycle=6105 time=8.424738e+00 dt=1.350087e-03
elapsed=3.818036e+02 cycle=6110 time=8.431494e+00 dt=1.352691e-03
elapsed=3.821081e+02 cycle=6115 time=8.438260e+00 dt=1.353850e-03
elapsed=3.824132e+02 cycle=6120 time=8.445031e+00 dt=1.355096e-03
elapsed=3.827212e+02 cycle=6125 time=8.451809e+00 dt=1.356382e-03
elapsed=3.830253e+02 cycle=6130 time=8.458594e+00 dt=1.357644e-03
elapsed=3.833313e+02 cycle=6135 time=8.465385e+00 dt=1.358888e-03
elapsed=3.836369e+02 cycle=6140 time=8.472179e+00 dt=1.358937e-03
elapsed=3.839423e+02 cycle=6145 time=8.478974e+00 dt=1.359015e-03
elapsed=3.842477e+02 cycle=6150 time=8.485770e+00 dt=1.359360e-03
elapsed=3.845549e+02 cycle=6155 time=8.492569e+00 dt=1.360432e-03
elapsed=3.848597e+02 cycle=6160 time=8.499372e+00 dt=1.361044e-03
elapsed=3.851649e+02 cycle=6165 time=8.506178e+00 dt=1.361272e-03
elapsed=3.854704e+02 cycle=6170 time=8.512983e+00 dt=1.360687e-03
elapsed=3.857767e+02 cycle=6175 time=8.519783e+00 dt=1.358898e-03
elapsed=3.860824e+02 cycle=6180 time=8.526575e+00 dt=1.357534e-03
elapsed=3.863873e+02 cycle=6185 time=8.533361e+00 dt=1.356649e-03
elapsed=3.866947e+02 cycle=6190 time=8.540142e+00 dt=1.355342e-03
elapsed=3.869998e+02 cycle=6195 time=8.546915e+00 dt=1.353781e-03
elapsed=3.873053e+02 cycle=6200 time=8.553681e+00 dt=1.352150e-03
elapsed=3.876104e+02 cycle=6205 time=8.560438e+00 dt=1.350544e-03
elapsed=3.879148e+02 cycle=6210 time=8.567187e+00 dt=1.348296e-03
elapsed=3.882200e+02 cycle=6215 time=8.573923e+00 dt=1.345863e-03
elapsed=3.885252e+02 cycle=6220 time=8.580649e+00 dt=1.344169e-03
elapsed=3.888322e+02 cycle=6225 time=8.587367e+00 dt=1.342755e-03
elapsed=3.891369e+02 cycle=6230 time=8.594078e+00 dt=1.341194e-03
elapsed=3.894413e+02 cycle=6235 time=8.600780e+00 dt=1.339504e-03
elapsed=3.897461e+02 cycle=6240 time=8.607475e+00 dt=1.337759e-03
elapsed=3.900508e+02 cycle=6245 time=8.614160e+00 dt=1.335940e-03
elapsed=3.903571e+02 cycle=6250 time=8.620836e+00 dt=1.333990e-03
elapsed=3.906641e+02 cycle=6255 time=8.627501e+00 dt=1.331953e-03
elapsed=3.909712e+02 cycle=6260 time=8.634157e+00 dt=1.329994e-03
elapsed=3.912763e+02 cycle=6265 time=8.640804e+00 dt=1.328228e-03
elapsed=3.915818e+02 cycle=6270 time=8.647442e+00 dt=1.326759e-03
elapsed=3.918868e+02 cycle=6275 time=8.654073e+00 dt=1.325738e-03
elapsed=3.921924e+02 cycle=6280 time=8.660700e+00 dt=1.324667e-03
elapsed=3.924973e+02 cycle=6285 time=8.667321e+00 dt=1.323455e-03
elapsed=3.928052e+02 cycle=6290 time=8.673937e+00 dt=1.322905e-03
elapsed=3.931106e+02 cycle=6295 time=8.680551e+00 dt=1.323045e-03
elapsed=3.934153e+02 cycle=6300 time=8.687168e+00 dt=1.323822e-03
elapsed=3.937219e+02 cycle=6305 time=8.693789e+00 dt=1.324795e-03
elapsed=3.940265e+02 cycle=6310 time=8.700414e+00 dt=1.325594e-03
elapsed=3.943324e+02 cycle=6315 time=8.707044e+00 dt=1.326420e-03
elapsed=3.946376e+02 cycle=6320 time=8.713678e+00 dt=1.327349e-03
elapsed=3.949451e+02 cycle=6325 time=8.720317e+00 dt=1.328342e-03
elapsed=3.952493e+02 cycle=6330 time=8.726960e+00 dt=1.329236e-03
elapsed=3.955542e+02 cycle=6335 time=8.733607e+00 dt=1.329721e-03
elapsed=3.958601e+02 cycle=6340 time=8.740258e+00 dt=1.330677e-03
elapsed=3.961672e+02 cycle=6345 time=8.746913e+00 dt=1.331738e-03
elapsed=3.964744e+02 cycle=6350 time=8.753574e+00 dt=1.332965e-03
elapsed=3.967816e+02 cycle=6355 time=8.760241e+00 dt=1.334022e-03
elapsed=3.970910e+02 cycle=6360 time=8.766914e+00 dt=1.335194e-03
elapsed=3.973955e+02 cycle=6365 time=8.773592e+00 dt=1.336350e-03
elapsed=3.977006e+02 cycle=6370 time=8.780276e+00 dt=1.337354e-03
elapsed=3.980050e+02 cycle=6375 time=8.786965e+00 dt=1.338409e-03
elapsed=3.983102e+02 cycle=6380 time=8.793659e+00 dt=1.339420e-03
elapsed=3.986150e+02 cycle=6385 time=8.800358e+00 dt=1.340349e-03
elapsed=3.989248e+02 cycle=6390 time=8.807061e+00 dt=1.341172e-03
elapsed=3.992294e+02 cycle=6395 time=8.813768e+00 dt=1.341840e-03
elapsed=3.995347e+02 cycle=6400 time=8.820479e+00 dt=1.342513e-03
elapsed=3.998392e+02 cycle=6405 time=8.827193e+00 dt=1.343303e-03
elapsed=4.001444e+02 cycle=6410 time=8.833911e+00 dt=1.343862e-03
elapsed=4.004488e+02 cycle=6415 time=8.840630e+00 dt=1.343887e-03
elapsed=4.007544e+02 cycle=6420 time=8.847349e+00 dt=1.343527e-03
elapsed=4.010637e+02 cycle=6425 time=8.854066e+00 dt=1.343005e-03
elapsed=4.013699e+02 cycle=6430 time=8.860780e+00 dt=1.342515e-03
elapsed=4.016774e+02 cycle=6435 time=8.867491e+00 dt=1.341960e-03
elapsed=4.019836e+02 cycle=6440 time=8.874200e+00 dt=1.341461e-03
elapsed=4.022915e+02 cycle=6445 time=8.880907e+00 dt=1.341003e-03
elapsed=4.025985e+02 cycle=6450 time=8.887611e+00 dt=1.340427e-03
elapsed=4.029041e+02 cycle=6455 time=8.894311e+00 dt=1.339562e-03
elapsed=4.032135e+02 cycle=6460 time=8.901007e+00 dt=1.338435e-03
elapsed=4.035456e+02 cycle=6465 time=8.907697e+00 dt=1.337405e-03
elapsed=4.038524e+02 cycle=6470 time=8.914382e+00 dt=1.336400e-03
elapsed=4.041578e+02 cycle=6475 time=8.921062e+00 dt=1.335444e-03
elapsed=4.044627e+02 cycle=6480 time=8.927737e+00 dt=1.334583e-03
elapsed=4.047688e+02 cycle=6485 time=8.934409e+00 dt=1.333877e-03
elapsed=4.050774e+02 cycle=6490 time=8.941077e+00 dt=1.333319e-03
elapsed=4.053830e+02 cycle=6495 time=8.947743e+00 dt=1.332844e-03
elapsed=4.056887e+02 cycle=6500 time=8.954406e+00 dt=1.332460e-03
elapsed=4.059951e+02 cycle=6505 time=8.961068e+00 dt=1.332310e-03
elapsed=4.063028e+02 cycle=6510 time=8.967730e+00 dt=1.332533e-03
elapsed=4.066101e+02 cycle=6515 time=8.974394e+00 dt=1.333269e-03
elapsed=4.069155e+02 cycle=6520 time=8.981062e+00 dt=1.334432e-03
elapsed=4.072233e+02 cycle=6525 time=8.987737e+00 dt=1.335630e-03
elapsed=4.075302e+02 cycle=6530 time=8.994417e+00 dt=1.336433e-03
elapsed=4.078363e+02 cycle=6535 time=9.001100e+00 dt=1.337094e-03
elapsed=4.081415e+02 cycle=6540 time=9.007787e+00 dt=1.337958e-03
elapsed=4.084478e+02 cycle=6545 time=9.014479e+00 dt=1.339359e-03
elapsed=4.087541e+02 cycle=6550 time=9.021180e+00 dt=1.341511e-03
elapsed=4.090615e+02 cycle=6555 time=9.027892e+00 dt=1.343435e-03
elapsed=4.093684e+02 cycle=6560 time=9.034612e+00 dt=1.344684e-03
elapsed=4.096749e+02 cycle=6565 time=9.041338e+00 dt=1.346154e-03
elapsed=4.099802e+02 cycle=6570 time=9.048072e+00 dt=1.347878e-03
elapsed=4.102868e+02 cycle=6575 time=9.054815e+00 dt=1.349527e-03
elapsed=4.105929e+02 cycle=6580 time=9.061566e+00 dt=1.351362e-03
elapsed=4.108987e+02 cycle=6585 time=9.068326e+00 dt=1.352787e-03
elapsed=4.112086e+02 cycle=6590 time=9.075092e+00 dt=1.353858e-03
elapsed=4.115175e+02 cycle=6595 time=9.081864e+00 dt=1.355272e-03
elapsed=4.118228e+02 cycle=6600 time=9.088644e+00 dt=1.356852e-03
elapsed=4.121279e+02 cycle=6605 time=9.095431e+00 dt=1.358222e-03
elapsed=4.124344e+02 cycle=6610 time=9.102223e+00 dt=1.358646e-03
elapsed=4.127407e+02 cycle=6615 time=9.109017e+00 dt=1.358777e-03
elapsed=4.130460e+02 cycle=6620 time=9.115809e+00 dt=1.358129e-03
elapsed=4.133539e+02 cycle=6625 time=9.122599e+00 dt=1.357563e-03
elapsed=4.136599e+02 cycle=6630 time=9.129386e+00 dt=1.357202e-03
elapsed=4.139654e+02 cycle=6635 time=9.136171e+00 dt=1.356982e-03
elapsed=4.142719e+02 cycle=6640 time=9.142956e+00 dt=1.357194e-03
elapsed=4.145773e+02 cycle=6645 time=9.149743e+00 dt=1.357566e-03
elapsed=4.148831e+02 cycle=6650 time=9.156532e+00 dt=1.357951e-03
elapsed=4.151913e+02 cycle=6655 time=9.163322e+00 dt=1.358097e-03
elapsed=4.154975e+02 cycle=6660 time=9.170112e+00 dt=1.357868e-03
elapsed=4.158033e+02 cycle=6665 time=9.176901e+00 dt=1.357490e-03
elapsed=4.161089e+02 cycle=6670 time=9.183686e+00 dt=1.356448e-03
elapsed=4.164146e+02 cycle=6675 time=9.190466e+00 dt=1.355328e-03
elapsed=4.167209e+02 cycle=6680 time=9.197240e+00 dt=1.353776e-03
elapsed=4.170270e+02 cycle=6685 time=9.204006e+00 dt=1.352230e-03
elapsed=4.173369e+02 cycle=6690 time=9.210765e+00 dt=1.351227e-03
elapsed=4.176423e+02 cycle=6695 time=9.217519e+00 dt=1.350472e-03
elapsed=4.179467e+02 cycle=6700 time=9.224270e+00 dt=1.349799e-03
elapsed=4.182514e+02 cycle=6705 time=9.231017e+00 dt=1.348778e-03
elapsed=4.185580e+02 cycle=6710 time=9.237759e+00 dt=1.347865e-03
elapsed=4.188637e+02 cycle=6715 time=9.244497e+00 dt=1.347093e-03
elapsed=4.191691e+02 cycle=6720 time=9.251231e+00 dt=1.346207e-03
elapsed=4.197904e+02 cycle=6725 time=9.257960e+00 dt=1.345084e-03
elapsed=4.201444e+02 cycle=6730 time=9.264683e+00 dt=1.344187e-03
elapsed=4.204505e+02 cycle=6735 time=9.271403e+00 dt=1.343486e-03
elapsed=4.207559e+02 cycle=6740 time=9.278119e+00 dt=1.342926e-03
elapsed=4.210621e+02 cycle=6745 time=9.284833e+00 dt=1.342662e-03
elapsed=4.213698e+02 cycle=6750 time=9.291546e+00 dt=1.342706e-03
elapsed=4.216758e+02 cycle=6755 time=9.298260e+00 dt=1.342896e-03
elapsed=4.219805e+02 cycle=6760 time=9.304975e+00 dt=1.342884e-03
elapsed=4.222873e+02 cycle=6765 time=9.311689e+00 dt=1.342755e-03
elapsed=4.225938e+02 cycle=6770 time=9.318402e+00 dt=1.342573e-03
elapsed=4.228988e+02 cycle=6775 time=9.325115e+00 dt=1.342487e-03
elapsed=4.232052e+02 cycle=6780 time=9.331827e+00 dt=1.342451e-03
elapsed=4.235150e+02 cycle=6785 time=9.338539e+00 dt=1.342229e-03
elapsed=4.238213e+02 cycle=6790 time=9.345250e+00 dt=1.342474e-03
elapsed=4.241270e+02 cycle=6795 time=9.351964e+00 dt=1.342815e-03
elapsed=4.244325e+02 cycle=6800 time=9.358677e+00 dt=1.342512e-03
elapsed=4.247393e+02 cycle=6805 time=9.365390e+00 dt=1.342972e-03
elapsed=4.250445e+02 cycle=6810 time=9.372105e+00 dt=1.343081e-03
elapsed=4.253495e+02 cycle=6815 time=9.378821e+00 dt=1.342821e-03
elapsed=4.256583e+02 cycle=6820 time=9.385534e+00 dt=1.342703e-03
elapsed=4.259635e+02 cycle=6825 time=9.392248e+00 dt=1.342828e-03
elapsed=4.262692e+02 cycle=6830 time=9.398962e+00 dt=1.342544e-03
elapsed=4.265765e+02 cycle=6835 time=9.405674e+00 dt=1.342112e-03
elapsed=4.268819e+02 cycle=6840 time=9.412382e+00 dt=1.340860e-03
elapsed=4.271882e+02 cycle=6845 time=9.419084e+00 dt=1.339540e-03
elapsed=4.274964e+02 cycle=6850 time=9.425780e+00 dt=1.338712e-03
elapsed=4.278024e+02 cycle=6855 time=9.432471e+00 dt=1.337720e-03
elapsed=4.281075e+02 cycle=6860 time=9.439159e+00 dt=1.337283e-03
elapsed=4.284139e+02 cycle=6865 time=9.445844e+00 dt=1.336449e-03
elapsed=4.287201e+02 cycle=6870 time=9.452525e+00 dt=1.336369e-03
elapsed=4.290249e+02 cycle=6875 time=9.459208e+00 dt=1.336375e-03
elapsed=4.293301e+02 cycle=6880 time=9.465887e+00 dt=1.335026e-03
elapsed=4.296383e+02 cycle=6885 time=9.472559e+00 dt=1.333289e-03
elapsed=4.299446e+02 cycle=6890 time=9.479222e+00 dt=1.331421e-03
elapsed=4.302504e+02 cycle=6895 time=9.485875e+00 dt=1.329621e-03
elapsed=4.305573e+02 cycle=6900 time=9.492521e+00 dt=1.328420e-03
elapsed=4.308629e+02 cycle=6905 time=9.499161e+00 dt=1.327604e-03
elapsed=4.311686e+02 cycle=6910 time=9.505798e+00 dt=1.327004e-03
elapsed=4.314739e+02 cycle=6915 time=9.512432e+00 dt=1.326510e-03
elapsed=4.317820e+02 cycle=6920 time=9.519063e+00 dt=1.325803e-03
elapsed=4.320873e+02 cycle=6925 time=9.525690e+00 dt=1.324861e-03
elapsed=4.323938e+02 cycle=6930 time=9.532313e+00 dt=1.324201e-03
elapsed=4.326997e+02 cycle=6935 time=9.538933e+00 dt=1.324063e-03
elapsed=4.330053e+02 cycle=6940 time=9.545555e+00 dt=1.324535e-03
elapsed=4.333118e+02 cycle=6945 time=9.552178e+00 dt=1.325137e-03
elapsed=4.336211e+02 cycle=6950 time=9.558805e+00 dt=1.325821e-03
elapsed=4.339270e+02 cycle=6955 time=9.565436e+00 dt=1.326626e-03
elapsed=4.342321e+02 cycle=6960 time=9.572071e+00 dt=1.327649e-03
elapsed=4.345391e+02 cycle=6965 time=9.578712e+00 dt=1.328720e-03
elapsed=4.348704e+02 cycle=6970 time=9.585357e+00 dt=1.329783e-03
elapsed=4.351752e+02 cycle=6975 time=9.592005e+00 dt=1.329328e-03
elapsed=4.354801e+02 cycle=6980 time=9.598651e+00 dt=1.328881e-03
elapsed=4.357892e+02 cycle=6985 time=9.605294e+00 dt=1.327965e-03
elapsed=4.360941e+02 cycle=6990 time=9.611932e+00 dt=1.327134e-03
elapsed=4.363999e+02 cycle=6995 time=9.618567e+00 dt=1.327190e-03
elapsed=4.367053e+02 cycle=7000 time=9.625204e+00 dt=1.327724e-03
elapsed=4.370107e+02 cycle=7005 time=9.631843e+00 dt=1.327831e-03
elapsed=4.373164e+02 cycle=7010 time=9.638482e+00 dt=1.327730e-03
elapsed=4.376219e+02 cycle=7015 time=9.645122e+00 dt=1.328339e-03
elapsed=4.379289e+02 cycle=7020 time=9.651765e+00 dt=1.329102e-03
elapsed=4.382339e+02 cycle=7025 time=9.658411e+00 dt=1.329302e-03
elapsed=4.385406e+02 cycle=7030 time=9.665058e+00 dt=1.329557e-03
elapsed=4.388455e+02 cycle=7035 time=9.671707e+00 dt=1.330061e-03
elapsed=4.391509e+02 cycle=7040 time=9.678358e+00 dt=1.330422e-03
elapsed=4.394561e+02 cycle=7045 time=9.685010e+00 dt=1.330400e-03
elapsed=4.397660e+02 cycle=7050 time=9.691663e+00 dt=1.330649e-03
elapsed=4.400714e+02 cycle=7055 time=9.698317e+00 dt=1.331121e-03
elapsed=4.403772e+02 cycle=7060 time=9.704973e+00 dt=1.331619e-03
elapsed=4.406835e+02 cycle=7065 time=9.711633e+00 dt=1.332336e-03
elapsed=4.409890e+02 cycle=7070 time=9.718296e+00 dt=1.333208e-03
elapsed=4.412942e+02 cycle=7075 time=9.724965e+00 dt=1.334023e-03
elapsed=4.416002e+02 cycle=7080 time=9.731633e+00 dt=1.333211e-03
elapsed=4.419084e+02 cycle=7085 time=9.738298e+00 dt=1.332961e-03
elapsed=4.422135e+02 cycle=7090 time=9.744963e+00 dt=1.332772e-03
elapsed=4.425210e+02 cycle=7095 time=9.751627e+00 dt=1.332732e-03
elapsed=4.428262e+02 cycle=7100 time=9.758290e+00 dt=1.332549e-03
elapsed=4.431322e+02 cycle=7105 time=9.764952e+00 dt=1.332533e-03
elapsed=4.434385e+02 cycle=7110 time=9.771615e+00 dt=1.332592e-03
elapsed=4.437448e+02 cycle=7115 time=9.778279e+00 dt=1.333063e-03
elapsed=4.440530e+02 cycle=7120 time=9.784945e+00 dt=1.332917e-03
elapsed=4.443584e+02 cycle=7125 time=9.791608e+00 dt=1.331999e-03
elapsed=4.446645e+02 cycle=7130 time=9.798266e+00 dt=1.331427e-03
elapsed=4.449696e+02 cycle=7135 time=9.804923e+00 dt=1.331152e-03
elapsed=4.452752e+02 cycle=7140 time=9.811578e+00 dt=1.330700e-03
elapsed=4.455818e+02 cycle=7145 time=9.818231e+00 dt=1.330586e-03
elapsed=4.458898e+02 cycle=7150 time=9.824885e+00 dt=1.331542e-03
elapsed=4.461957e+02 cycle=7155 time=9.831545e+00 dt=1.332203e-03
elapsed=4.465011e+02 cycle=7160 time=9.838207e+00 dt=1.332718e-03
elapsed=4.468075e+02 cycle=7165 time=9.844871e+00 dt=1.332991e-03
elapsed=4.471134e+02 cycle=7170 time=9.851536e+00 dt=1.333098e-03
elapsed=4.474185e+02 cycle=7175 time=9.858202e+00 dt=1.333551e-03
elapsed=4.477237e+02 cycle=7180 time=9.864871e+00 dt=1.334122e-03
elapsed=4.480310e+02 cycle=7185 time=9.871542e+00 dt=1.334319e-03
elapsed=4.483360e+02 cycle=7190 time=9.878214e+00 dt=1.334489e-03
elapsed=4.486423e+02 cycle=7195 time=9.884888e+00 dt=1.335005e-03
elapsed=4.489471e+02 cycle=7200 time=9.891565e+00 dt=1.335930e-03
elapsed=4.492519e+02 cycle=7205 time=9.898246e+00 dt=1.336888e-03
elapsed=4.495566e+02 cycle=7210 time=9.904932e+00 dt=1.337708e-03
elapsed=4.498609e+02 cycle=7215 time=9.911622e+00 dt=1.337597e-03
elapsed=4.501710e+02 cycle=7220 time=9.918308e+00 dt=1.336770e-03
elapsed=4.504775e+02 cycle=7225 time=9.924990e+00 dt=1.335980e-03
elapsed=4.507835e+02 cycle=7230 time=9.931669e+00 dt=1.335407e-03
elapsed=4.510891e+02 cycle=7235 time=9.938345e+00 dt=1.335128e-03
elapsed=4.513945e+02 cycle=7240 time=9.945022e+00 dt=1.335707e-03
elapsed=4.517012e+02 cycle=7245 time=9.951701e+00 dt=1.336192e-03
elapsed=4.520073e+02 cycle=7250 time=9.958383e+00 dt=1.336215e-03
elapsed=4.523126e+02 cycle=7255 time=9.965063e+00 dt=1.336145e-03
elapsed=4.526193e+02 cycle=7260 time=9.971744e+00 dt=1.336047e-03
elapsed=4.529237e+02 cycle=7265 time=9.978424e+00 dt=1.335849e-03
elapsed=4.532289e+02 cycle=7270 time=9.985103e+00 dt=1.335876e-03
elapsed=4.535338e+02 cycle=7275 time=9.991783e+00 dt=1.336193e-03
elapsed=4.538399e+02 cycle=7280 time=9.998465e+00 dt=1.336521e-03
Using device: cuda

Terminating on time limit
time=1.000000e+01 cycle=7282
tlim=1.000000e+01 nlim=-1

MeshBlock-cycles = 7282
cpu time used  = 4.540708e+02
zone-cycles/cpu_second = 8.211020e+03
particle-updates/cpu_second = 0.000000e+00
