Starting SG Anim...
Loading data...
Data loaded.
Computing pixel PDFs...
Shape: nt=500, bins=40, nx=16, ny=8
Computing coarse-grained temperature...
Creating animation...
Saving GIF...
Saved PDF snapshot → mocks/pdf/log_pdf_snapshot_t0.png
Saved temp snapshot → mocks/pdf/log_temp_snapshot_t0.png
Saved animation → mocks/pdf/log_pdf_animation.gif
Computing cooling rates (true vs CNN)...
Cooling computation done.
Creating global cooling scatter plot...
Saved global scatter plot.
Creating TRUE vs PRED PDF comparison animation...
Saving comparison GIF...
Saved comparison snapshot → mocks/pdf/log_pdf_compare_t0.png
Saved comparison animation → mocks/pdf/log_pdf_compare_animation.gif
Converting gif to mp4...
Deleting GIFs...
Conversion done.
