
Root grid = 4 x 8 x 1 MeshBlocks
Total number of MeshBlocks = 32
Number of logical  levels of refinement = 3 (4 levels total)
Number of physical levels of refinement = 0 (1 levels total)
Number of parallel ranks = 1
### WARNING in /home/sasi/Projects/SubgridCGMModel/athenak/src/parameter_input.cpp: input parameter <mesh>/ix3_bc = periodic was not used by the code (check for a typo)
### WARNING in /home/sasi/Projects/SubgridCGMModel/athenak/src/parameter_input.cpp: input parameter <mesh>/ox3_bc = periodic was not used by the code (check for a typo)
### WARNING in /home/sasi/Projects/SubgridCGMModel/athenak/src/parameter_input.cpp: input parameter <meshblock>/nx3 = 1 was not used by the code (check for a typo)

Setup complete, executing task list(s)...

elapsed=1.583870e-02 cycle=0 time=0.000000e+00 dt=1.725770e-04
elapsed=1.050755e+00 cycle=1000 time=1.692428e-01 dt=1.644133e-04
elapsed=2.084210e+00 cycle=2000 time=3.326386e-01 dt=1.630407e-04
elapsed=3.097954e+00 cycle=3000 time=4.937387e-01 dt=1.620245e-04
elapsed=4.109024e+00 cycle=4000 time=6.567991e-01 dt=1.605033e-04
elapsed=5.122271e+00 cycle=5000 time=8.168793e-01 dt=1.566176e-04
elapsed=6.126724e+00 cycle=6000 time=9.693341e-01 dt=1.538577e-04
elapsed=7.130354e+00 cycle=7000 time=1.115515e+00 dt=1.607348e-04
elapsed=8.143367e+00 cycle=8000 time=1.271222e+00 dt=1.585413e-04
elapsed=9.147669e+00 cycle=9000 time=1.426103e+00 dt=1.413431e-04
elapsed=1.013324e+01 cycle=10000 time=1.552827e+00 dt=1.109353e-04
elapsed=1.112523e+01 cycle=11000 time=1.692175e+00 dt=1.397199e-04
elapsed=1.211752e+01 cycle=12000 time=1.830255e+00 dt=1.506885e-04
elapsed=1.311128e+01 cycle=13000 time=1.978405e+00 dt=1.295559e-04
elapsed=1.411820e+01 cycle=14000 time=2.123828e+00 dt=1.299181e-04
elapsed=1.511542e+01 cycle=15000 time=2.265859e+00 dt=1.482583e-04
elapsed=1.612236e+01 cycle=16000 time=2.411064e+00 dt=1.386158e-04
elapsed=1.710669e+01 cycle=17000 time=2.548851e+00 dt=1.296422e-04
elapsed=1.811392e+01 cycle=18000 time=2.691988e+00 dt=1.283678e-04
elapsed=1.911157e+01 cycle=19000 time=2.837891e+00 dt=1.374998e-04
elapsed=2.011450e+01 cycle=20000 time=2.976325e+00 dt=1.284839e-04
elapsed=2.111234e+01 cycle=21000 time=3.109385e+00 dt=1.330004e-04
elapsed=2.210993e+01 cycle=22000 time=3.237820e+00 dt=1.256312e-04
elapsed=2.311385e+01 cycle=23000 time=3.375784e+00 dt=1.241109e-04
elapsed=2.410308e+01 cycle=24000 time=3.507030e+00 dt=1.421658e-04
elapsed=2.510469e+01 cycle=25000 time=3.645058e+00 dt=1.429364e-04
elapsed=2.610621e+01 cycle=26000 time=3.783598e+00 dt=1.335488e-04
elapsed=2.710079e+01 cycle=27000 time=3.913470e+00 dt=1.311360e-04
elapsed=2.809630e+01 cycle=28000 time=4.044198e+00 dt=1.374328e-04
elapsed=2.907210e+01 cycle=29000 time=4.167767e+00 dt=1.267821e-04
elapsed=3.005437e+01 cycle=30000 time=4.291112e+00 dt=9.905880e-05
elapsed=3.102609e+01 cycle=31000 time=4.412900e+00 dt=1.220828e-04
elapsed=3.203111e+01 cycle=32000 time=4.561002e+00 dt=1.508771e-04
elapsed=3.301979e+01 cycle=33000 time=4.695189e+00 dt=1.205130e-04
elapsed=3.401337e+01 cycle=34000 time=4.829477e+00 dt=1.385219e-04
elapsed=3.499879e+01 cycle=35000 time=4.955435e+00 dt=1.445380e-04
elapsed=3.599290e+01 cycle=36000 time=5.086601e+00 dt=1.231654e-04
elapsed=3.697785e+01 cycle=37000 time=5.207428e+00 dt=1.174848e-04
elapsed=3.795862e+01 cycle=38000 time=5.323049e+00 dt=1.103876e-04
elapsed=3.895424e+01 cycle=39000 time=5.465012e+00 dt=1.578456e-04
elapsed=3.995974e+01 cycle=40000 time=5.616556e+00 dt=1.411667e-04
elapsed=4.095282e+01 cycle=41000 time=5.746455e+00 dt=1.247515e-04
elapsed=4.193245e+01 cycle=42000 time=5.868896e+00 dt=1.392555e-04
elapsed=4.295130e+01 cycle=43000 time=6.011846e+00 dt=1.526112e-04
elapsed=4.394823e+01 cycle=44000 time=6.159467e+00 dt=1.487458e-04
elapsed=4.494860e+01 cycle=45000 time=6.298878e+00 dt=1.438906e-04
elapsed=4.595873e+01 cycle=46000 time=6.434077e+00 dt=1.480679e-04
elapsed=4.696386e+01 cycle=47000 time=6.570758e+00 dt=1.236814e-04
elapsed=4.794590e+01 cycle=48000 time=6.700789e+00 dt=1.210928e-04
elapsed=4.892497e+01 cycle=49000 time=6.838899e+00 dt=1.399405e-04
elapsed=4.991239e+01 cycle=50000 time=6.976895e+00 dt=1.447078e-04
elapsed=5.091105e+01 cycle=51000 time=7.123052e+00 dt=1.440849e-04
elapsed=5.189702e+01 cycle=52000 time=7.266898e+00 dt=1.404087e-04
elapsed=5.287039e+01 cycle=53000 time=7.393336e+00 dt=1.173808e-04
elapsed=5.382313e+01 cycle=54000 time=7.506159e+00 dt=1.344723e-04
elapsed=5.480866e+01 cycle=55000 time=7.648644e+00 dt=1.378840e-04
elapsed=5.579674e+01 cycle=56000 time=7.780594e+00 dt=1.161439e-04
elapsed=5.678494e+01 cycle=57000 time=7.918621e+00 dt=1.454702e-04
elapsed=5.778818e+01 cycle=58000 time=8.063163e+00 dt=1.514526e-04
elapsed=5.879505e+01 cycle=59000 time=8.211212e+00 dt=1.490504e-04
elapsed=5.979417e+01 cycle=60000 time=8.359382e+00 dt=1.440988e-04
elapsed=6.080189e+01 cycle=61000 time=8.498694e+00 dt=1.462414e-04
elapsed=6.179286e+01 cycle=62000 time=8.633686e+00 dt=1.170666e-04
elapsed=6.277305e+01 cycle=63000 time=8.766590e+00 dt=1.320131e-04
elapsed=6.376295e+01 cycle=64000 time=8.906584e+00 dt=1.465660e-04
elapsed=6.476165e+01 cycle=65000 time=9.052822e+00 dt=1.472095e-04
elapsed=6.575578e+01 cycle=66000 time=9.199309e+00 dt=1.413260e-04
elapsed=6.674664e+01 cycle=67000 time=9.328742e+00 dt=1.339930e-04
elapsed=6.773851e+01 cycle=68000 time=9.467948e+00 dt=1.489527e-04
elapsed=6.873545e+01 cycle=69000 time=9.614741e+00 dt=1.456623e-04
elapsed=6.972924e+01 cycle=70000 time=9.758650e+00 dt=1.373125e-04
elapsed=7.072104e+01 cycle=71000 time=9.897036e+00 dt=1.298771e-04

Terminating on time limit
time=1.000000e+01 cycle=71780
tlim=1.000000e+01 nlim=-1

MeshBlock-cycles = 2296960
cpu time used  = 7.148271e+01
zone-cycles/cpu_second = 3.290428e+07
particle-updates/cpu_second = 0.000000e+00
