
Root grid = 4 x 8 x 1 MeshBlocks
Total number of MeshBlocks = 32
Number of logical  levels of refinement = 3 (4 levels total)
Number of physical levels of refinement = 0 (1 levels total)
Number of parallel ranks = 1

Setup complete, executing task list(s)...

elapsed=2.378290e-02 cycle=0 time=0.000000e+00 dt=8.628850e-05
elapsed=3.423349e-01 cycle=100 time=8.603203e-03 dt=8.620110e-05
elapsed=6.734862e-01 cycle=200 time=1.722797e-02 dt=8.627508e-05
elapsed=1.004400e+00 cycle=300 time=2.585050e-02 dt=8.588205e-05
elapsed=1.333710e+00 cycle=400 time=3.445287e-02 dt=8.597744e-05
elapsed=1.662216e+00 cycle=500 time=4.300904e-02 dt=8.539054e-05
elapsed=1.991248e+00 cycle=600 time=5.152392e-02 dt=8.463728e-05
elapsed=2.306560e+00 cycle=700 time=5.996974e-02 dt=8.417787e-05
elapsed=2.635225e+00 cycle=800 time=6.835792e-02 dt=8.361008e-05
elapsed=2.964661e+00 cycle=900 time=7.671472e-02 dt=8.346194e-05
elapsed=3.293993e+00 cycle=1000 time=8.508212e-02 dt=8.365278e-05
elapsed=3.622309e+00 cycle=1100 time=9.331493e-02 dt=8.098268e-05
elapsed=3.950789e+00 cycle=1200 time=1.013989e-01 dt=8.078787e-05
elapsed=4.265357e+00 cycle=1300 time=1.094954e-01 dt=8.143333e-05
elapsed=4.593375e+00 cycle=1400 time=1.176379e-01 dt=8.143177e-05
elapsed=4.921878e+00 cycle=1500 time=1.257955e-01 dt=8.154197e-05
elapsed=5.250828e+00 cycle=1600 time=1.339271e-01 dt=8.116356e-05
elapsed=5.579456e+00 cycle=1700 time=1.420383e-01 dt=8.134892e-05
elapsed=5.908689e+00 cycle=1800 time=1.501123e-01 dt=8.007956e-05
elapsed=6.224249e+00 cycle=1900 time=1.580846e-01 dt=8.039962e-05
elapsed=6.553412e+00 cycle=2000 time=1.660845e-01 dt=7.946292e-05
elapsed=6.882119e+00 cycle=2100 time=1.739333e-01 dt=7.722315e-05
elapsed=7.211060e+00 cycle=2200 time=1.816927e-01 dt=7.779232e-05
elapsed=7.526363e+00 cycle=2300 time=1.895880e-01 dt=7.912034e-05
elapsed=7.854976e+00 cycle=2400 time=1.974383e-01 dt=7.885392e-05
elapsed=8.183679e+00 cycle=2500 time=2.053483e-01 dt=7.918963e-05
elapsed=8.511963e+00 cycle=2600 time=2.132982e-01 dt=7.970605e-05
elapsed=8.840513e+00 cycle=2700 time=2.212761e-01 dt=7.967617e-05
elapsed=9.155463e+00 cycle=2800 time=2.292311e-01 dt=7.930480e-05
elapsed=9.484046e+00 cycle=2900 time=2.371950e-01 dt=7.957973e-05
elapsed=9.812273e+00 cycle=3000 time=2.451400e-01 dt=7.913810e-05
elapsed=1.014053e+01 cycle=3100 time=2.530339e-01 dt=7.900700e-05
elapsed=1.046802e+01 cycle=3200 time=2.608704e-01 dt=7.776510e-05
elapsed=1.078226e+01 cycle=3300 time=2.685902e-01 dt=7.647469e-05
elapsed=1.110972e+01 cycle=3400 time=2.762147e-01 dt=7.600268e-05
elapsed=1.143711e+01 cycle=3500 time=2.838246e-01 dt=7.628592e-05
elapsed=1.176426e+01 cycle=3600 time=2.914476e-01 dt=7.689516e-05
elapsed=1.207807e+01 cycle=3700 time=2.991178e-01 dt=7.702486e-05
elapsed=1.240532e+01 cycle=3800 time=3.068165e-01 dt=7.768819e-05
elapsed=1.273278e+01 cycle=3900 time=3.145581e-01 dt=7.722878e-05
elapsed=1.306075e+01 cycle=4000 time=3.222434e-01 dt=7.679600e-05
elapsed=1.337459e+01 cycle=4100 time=3.297606e-01 dt=7.279067e-05
elapsed=1.370152e+01 cycle=4200 time=3.368220e-01 dt=6.841749e-05
elapsed=1.402853e+01 cycle=4300 time=3.435745e-01 dt=6.879644e-05
elapsed=1.435601e+01 cycle=4400 time=3.509697e-01 dt=7.647875e-05
elapsed=1.466947e+01 cycle=4500 time=3.583828e-01 dt=7.224739e-05
elapsed=1.499628e+01 cycle=4600 time=3.656700e-01 dt=7.802232e-05
elapsed=1.532370e+01 cycle=4700 time=3.734746e-01 dt=7.799997e-05
elapsed=1.565060e+01 cycle=4800 time=3.812406e-01 dt=7.714561e-05
elapsed=1.596397e+01 cycle=4900 time=3.889258e-01 dt=7.646171e-05
elapsed=1.629137e+01 cycle=5000 time=3.965413e-01 dt=7.610263e-05
elapsed=1.661822e+01 cycle=5100 time=4.040692e-01 dt=7.398393e-05
elapsed=1.694519e+01 cycle=5200 time=4.112510e-01 dt=7.188513e-05
elapsed=1.725869e+01 cycle=5300 time=4.184983e-01 dt=7.190432e-05
elapsed=1.758600e+01 cycle=5400 time=4.255441e-01 dt=6.757840e-05
elapsed=1.791300e+01 cycle=5500 time=4.323228e-01 dt=6.983747e-05
elapsed=1.822620e+01 cycle=5600 time=4.393236e-01 dt=6.906000e-05
elapsed=1.855284e+01 cycle=5700 time=4.462337e-01 dt=6.714413e-05
elapsed=1.887958e+01 cycle=5800 time=4.528969e-01 dt=6.477522e-05
elapsed=1.919253e+01 cycle=5900 time=4.596263e-01 dt=7.000947e-05
elapsed=1.951936e+01 cycle=6000 time=4.666782e-01 dt=7.231839e-05
elapsed=1.984571e+01 cycle=6100 time=4.738680e-01 dt=7.176445e-05
elapsed=2.017198e+01 cycle=6200 time=4.810105e-01 dt=7.003551e-05
elapsed=2.048418e+01 cycle=6300 time=4.881712e-01 dt=7.678636e-05
elapsed=2.081003e+01 cycle=6400 time=4.958880e-01 dt=7.706463e-05
elapsed=2.113572e+01 cycle=6500 time=5.035298e-01 dt=7.569699e-05
elapsed=2.146127e+01 cycle=6600 time=5.111374e-01 dt=7.636778e-05
elapsed=2.177281e+01 cycle=6700 time=5.189359e-01 dt=7.933117e-05
elapsed=2.209796e+01 cycle=6800 time=5.268048e-01 dt=7.901018e-05
elapsed=2.242276e+01 cycle=6900 time=5.346272e-01 dt=7.658149e-05
elapsed=2.274746e+01 cycle=7000 time=5.422947e-01 dt=7.749248e-05
elapsed=2.307213e+01 cycle=7100 time=5.500192e-01 dt=7.693929e-05
elapsed=2.338376e+01 cycle=7200 time=5.577300e-01 dt=7.729675e-05
elapsed=2.370951e+01 cycle=7300 time=5.653821e-01 dt=7.636111e-05
elapsed=2.403463e+01 cycle=7400 time=5.730526e-01 dt=7.628816e-05
elapsed=2.436029e+01 cycle=7500 time=5.806874e-01 dt=7.659591e-05
elapsed=2.467176e+01 cycle=7600 time=5.883424e-01 dt=7.620354e-05
elapsed=2.499633e+01 cycle=7700 time=5.958815e-01 dt=7.488346e-05
elapsed=2.532077e+01 cycle=7800 time=6.033688e-01 dt=7.479614e-05
elapsed=2.564483e+01 cycle=7900 time=6.108666e-01 dt=7.554148e-05
elapsed=2.595467e+01 cycle=8000 time=6.183613e-01 dt=7.425796e-05
elapsed=2.627758e+01 cycle=8100 time=6.256291e-01 dt=6.991810e-05
elapsed=2.659912e+01 cycle=8200 time=6.321182e-01 dt=6.157929e-05
elapsed=2.690663e+01 cycle=8300 time=6.389334e-01 dt=7.081803e-05
elapsed=2.722724e+01 cycle=8400 time=6.458458e-01 dt=6.787935e-05
elapsed=2.754728e+01 cycle=8500 time=6.526418e-01 dt=6.939130e-05
elapsed=2.785262e+01 cycle=8600 time=6.599441e-01 dt=7.614678e-05
elapsed=2.817073e+01 cycle=8700 time=6.676835e-01 dt=7.744629e-05
elapsed=2.848853e+01 cycle=8800 time=6.752929e-01 dt=7.566197e-05
elapsed=2.880587e+01 cycle=8900 time=6.828421e-01 dt=7.481645e-05
elapsed=2.912164e+01 cycle=9000 time=6.902221e-01 dt=7.270673e-05
elapsed=2.942247e+01 cycle=9100 time=6.974374e-01 dt=7.155269e-05
elapsed=2.973634e+01 cycle=9200 time=7.046039e-01 dt=7.178273e-05
elapsed=3.005025e+01 cycle=9300 time=7.118181e-01 dt=7.298264e-05
elapsed=3.035027e+01 cycle=9400 time=7.192102e-01 dt=7.391518e-05
elapsed=3.066343e+01 cycle=9500 time=7.266483e-01 dt=7.513387e-05
elapsed=3.097601e+01 cycle=9600 time=7.341996e-01 dt=7.647773e-05
elapsed=3.128862e+01 cycle=9700 time=7.418595e-01 dt=7.599337e-05
elapsed=3.158832e+01 cycle=9800 time=7.493008e-01 dt=7.356384e-05
elapsed=3.190267e+01 cycle=9900 time=7.565859e-01 dt=7.059327e-05
elapsed=3.221675e+01 cycle=10000 time=7.633883e-01 dt=6.542541e-05
elapsed=3.251746e+01 cycle=10100 time=7.697536e-01 dt=6.264757e-05
elapsed=3.283296e+01 cycle=10200 time=7.766831e-01 dt=7.343609e-05
elapsed=3.314854e+01 cycle=10300 time=7.842598e-01 dt=7.641666e-05
elapsed=3.346416e+01 cycle=10400 time=7.918917e-01 dt=7.630091e-05
elapsed=3.376672e+01 cycle=10500 time=7.994428e-01 dt=7.421021e-05
elapsed=3.408202e+01 cycle=10600 time=8.066113e-01 dt=6.929426e-05
elapsed=3.439712e+01 cycle=10700 time=8.133726e-01 dt=6.611358e-05
elapsed=3.469830e+01 cycle=10800 time=8.199753e-01 dt=6.731416e-05
elapsed=3.501207e+01 cycle=10900 time=8.266891e-01 dt=6.482713e-05
elapsed=3.532587e+01 cycle=11000 time=8.336037e-01 dt=7.197695e-05
elapsed=3.563961e+01 cycle=11100 time=8.407823e-01 dt=7.208136e-05
elapsed=3.593937e+01 cycle=11200 time=8.480033e-01 dt=7.243676e-05
elapsed=3.625194e+01 cycle=11300 time=8.553052e-01 dt=7.342565e-05
elapsed=3.656446e+01 cycle=11400 time=8.626388e-01 dt=7.318492e-05
elapsed=3.686325e+01 cycle=11500 time=8.699443e-01 dt=7.292661e-05
elapsed=3.717576e+01 cycle=11600 time=8.772084e-01 dt=7.268704e-05
elapsed=3.748835e+01 cycle=11700 time=8.845088e-01 dt=7.352598e-05
elapsed=3.780062e+01 cycle=11800 time=8.917804e-01 dt=7.227853e-05
elapsed=3.809958e+01 cycle=11900 time=8.990686e-01 dt=7.465535e-05
elapsed=3.841258e+01 cycle=12000 time=9.066078e-01 dt=7.512859e-05
elapsed=3.872601e+01 cycle=12100 time=9.140396e-01 dt=7.376880e-05
elapsed=3.903973e+01 cycle=12200 time=9.213142e-01 dt=7.195540e-05
elapsed=3.933957e+01 cycle=12300 time=9.281636e-01 dt=6.359365e-05
elapsed=3.965290e+01 cycle=12400 time=9.350145e-01 dt=7.617378e-05
elapsed=3.996693e+01 cycle=12500 time=9.423759e-01 dt=6.948538e-05
elapsed=4.026711e+01 cycle=12600 time=9.496171e-01 dt=7.332402e-05
elapsed=4.058044e+01 cycle=12700 time=9.569307e-01 dt=7.449215e-05
elapsed=4.089358e+01 cycle=12800 time=9.644077e-01 dt=7.270395e-05
elapsed=4.120687e+01 cycle=12900 time=9.715197e-01 dt=6.923916e-05
elapsed=4.150665e+01 cycle=13000 time=9.783792e-01 dt=6.810289e-05
elapsed=4.182057e+01 cycle=13100 time=9.847330e-01 dt=6.227771e-05
elapsed=4.213368e+01 cycle=13200 time=9.915083e-01 dt=7.143278e-05
elapsed=4.243321e+01 cycle=13300 time=9.987559e-01 dt=7.319806e-05
elapsed=4.274905e+01 cycle=13400 time=1.006127e+00 dt=7.341202e-05
elapsed=4.306209e+01 cycle=13500 time=1.013378e+00 dt=7.211221e-05
elapsed=4.337545e+01 cycle=13600 time=1.020552e+00 dt=7.175890e-05
elapsed=4.367591e+01 cycle=13700 time=1.027673e+00 dt=7.134240e-05
elapsed=4.399028e+01 cycle=13800 time=1.034767e+00 dt=7.134885e-05
elapsed=4.430469e+01 cycle=13900 time=1.041926e+00 dt=7.216420e-05
elapsed=4.460620e+01 cycle=14000 time=1.049007e+00 dt=6.958473e-05
elapsed=4.492125e+01 cycle=14100 time=1.056026e+00 dt=7.044738e-05
elapsed=4.523584e+01 cycle=14200 time=1.063086e+00 dt=7.130566e-05
elapsed=4.555084e+01 cycle=14300 time=1.070208e+00 dt=7.057870e-05
elapsed=4.585213e+01 cycle=14400 time=1.077169e+00 dt=7.085112e-05
elapsed=4.616730e+01 cycle=14500 time=1.084370e+00 dt=7.123113e-05
elapsed=4.648157e+01 cycle=14600 time=1.091260e+00 dt=6.634032e-05
elapsed=4.678267e+01 cycle=14700 time=1.097792e+00 dt=6.761155e-05
elapsed=4.709728e+01 cycle=14800 time=1.104710e+00 dt=7.001873e-05
elapsed=4.741228e+01 cycle=14900 time=1.111661e+00 dt=6.778871e-05
elapsed=4.771367e+01 cycle=15000 time=1.118265e+00 dt=6.503902e-05
elapsed=4.802888e+01 cycle=15100 time=1.125069e+00 dt=7.219491e-05
elapsed=4.834358e+01 cycle=15200 time=1.132231e+00 dt=7.204595e-05
elapsed=4.864483e+01 cycle=15300 time=1.139423e+00 dt=7.163880e-05
elapsed=4.895958e+01 cycle=15400 time=1.146531e+00 dt=6.998417e-05
elapsed=4.927435e+01 cycle=15500 time=1.153450e+00 dt=6.881179e-05
elapsed=4.958845e+01 cycle=15600 time=1.160130e+00 dt=6.484826e-05
elapsed=4.988978e+01 cycle=15700 time=1.166411e+00 dt=6.081714e-05
elapsed=5.020466e+01 cycle=15800 time=1.172356e+00 dt=5.829929e-05
elapsed=5.050523e+01 cycle=15900 time=1.178091e+00 dt=5.636645e-05
elapsed=5.081992e+01 cycle=16000 time=1.183968e+00 dt=6.232215e-05
elapsed=5.113437e+01 cycle=16100 time=1.190367e+00 dt=6.384016e-05
elapsed=5.143517e+01 cycle=16200 time=1.196779e+00 dt=6.502626e-05
elapsed=5.174933e+01 cycle=16300 time=1.203562e+00 dt=6.982671e-05
elapsed=5.206394e+01 cycle=16400 time=1.210391e+00 dt=6.610450e-05
elapsed=5.236500e+01 cycle=16500 time=1.216690e+00 dt=5.984819e-05
elapsed=5.267907e+01 cycle=16600 time=1.222568e+00 dt=5.890227e-05
elapsed=5.298004e+01 cycle=16700 time=1.229191e+00 dt=7.397914e-05
elapsed=5.329415e+01 cycle=16800 time=1.236642e+00 dt=7.342237e-05
elapsed=5.360893e+01 cycle=16900 time=1.243896e+00 dt=7.148517e-05
elapsed=5.392384e+01 cycle=17000 time=1.250910e+00 dt=6.974619e-05
elapsed=5.422506e+01 cycle=17100 time=1.257953e+00 dt=7.115870e-05
elapsed=5.453971e+01 cycle=17200 time=1.265121e+00 dt=7.277116e-05
elapsed=5.485501e+01 cycle=17300 time=1.271997e+00 dt=6.490940e-05
elapsed=5.515609e+01 cycle=17400 time=1.279116e+00 dt=7.459793e-05
elapsed=5.547008e+01 cycle=17500 time=1.286473e+00 dt=7.252803e-05
elapsed=5.578403e+01 cycle=17600 time=1.293660e+00 dt=7.141822e-05
elapsed=5.609802e+01 cycle=17700 time=1.300789e+00 dt=7.141604e-05
elapsed=5.639892e+01 cycle=17800 time=1.308101e+00 dt=7.480209e-05
elapsed=5.671371e+01 cycle=17900 time=1.315467e+00 dt=7.263026e-05
elapsed=5.702824e+01 cycle=18000 time=1.322786e+00 dt=7.024489e-05
elapsed=5.732910e+01 cycle=18100 time=1.329809e+00 dt=7.135518e-05
elapsed=5.764416e+01 cycle=18200 time=1.336896e+00 dt=7.172547e-05
elapsed=5.795867e+01 cycle=18300 time=1.343801e+00 dt=6.656796e-05
elapsed=5.827333e+01 cycle=18400 time=1.350761e+00 dt=7.386754e-05
elapsed=5.857438e+01 cycle=18500 time=1.358064e+00 dt=7.095320e-05
elapsed=5.888911e+01 cycle=18600 time=1.365433e+00 dt=7.416774e-05
elapsed=5.920320e+01 cycle=18700 time=1.372857e+00 dt=7.431708e-05
elapsed=5.951723e+01 cycle=18800 time=1.380293e+00 dt=7.432768e-05
elapsed=5.981786e+01 cycle=18900 time=1.387661e+00 dt=7.363837e-05
elapsed=6.013156e+01 cycle=19000 time=1.395023e+00 dt=7.350786e-05
elapsed=6.044587e+01 cycle=19100 time=1.402372e+00 dt=7.349238e-05
elapsed=6.074708e+01 cycle=19200 time=1.409670e+00 dt=7.226777e-05
elapsed=6.106230e+01 cycle=19300 time=1.416704e+00 dt=6.752132e-05
elapsed=6.137790e+01 cycle=19400 time=1.423616e+00 dt=7.331681e-05
elapsed=6.169341e+01 cycle=19500 time=1.430895e+00 dt=7.258956e-05
elapsed=6.199574e+01 cycle=19600 time=1.438166e+00 dt=7.260352e-05
elapsed=6.231103e+01 cycle=19700 time=1.445439e+00 dt=7.353616e-05
elapsed=6.262665e+01 cycle=19800 time=1.452815e+00 dt=7.386531e-05
elapsed=6.294200e+01 cycle=19900 time=1.460199e+00 dt=7.407542e-05
elapsed=6.324400e+01 cycle=20000 time=1.467630e+00 dt=7.457985e-05
elapsed=6.355939e+01 cycle=20100 time=1.475060e+00 dt=7.413216e-05
elapsed=6.387458e+01 cycle=20200 time=1.482443e+00 dt=7.350034e-05
elapsed=6.417761e+01 cycle=20300 time=1.489764e+00 dt=7.308982e-05
elapsed=6.449353e+01 cycle=20400 time=1.496967e+00 dt=7.207171e-05
elapsed=6.480944e+01 cycle=20500 time=1.504248e+00 dt=7.359822e-05
elapsed=6.512464e+01 cycle=20600 time=1.511588e+00 dt=7.220116e-05
elapsed=6.542660e+01 cycle=20700 time=1.518721e+00 dt=7.044014e-05
elapsed=6.574121e+01 cycle=20800 time=1.525687e+00 dt=7.018491e-05
elapsed=6.605608e+01 cycle=20900 time=1.532783e+00 dt=7.199818e-05
elapsed=6.637136e+01 cycle=21000 time=1.540055e+00 dt=7.347299e-05
elapsed=6.667318e+01 cycle=21100 time=1.547585e+00 dt=7.673500e-05
elapsed=6.698832e+01 cycle=21200 time=1.555197e+00 dt=7.478304e-05
elapsed=6.730262e+01 cycle=21300 time=1.562399e+00 dt=6.927386e-05
elapsed=6.760304e+01 cycle=21400 time=1.569175e+00 dt=6.686141e-05
elapsed=6.791738e+01 cycle=21500 time=1.575800e+00 dt=6.351226e-05
elapsed=6.823260e+01 cycle=21600 time=1.581967e+00 dt=6.480689e-05
elapsed=6.853429e+01 cycle=21700 time=1.589369e+00 dt=7.554776e-05
elapsed=6.885014e+01 cycle=21800 time=1.596453e+00 dt=6.579385e-05
elapsed=6.916497e+01 cycle=21900 time=1.603297e+00 dt=7.149137e-05
elapsed=6.947930e+01 cycle=22000 time=1.610668e+00 dt=7.460719e-05
elapsed=6.978026e+01 cycle=22100 time=1.618149e+00 dt=7.497159e-05
elapsed=7.009477e+01 cycle=22200 time=1.625628e+00 dt=7.418394e-05
elapsed=7.041048e+01 cycle=22300 time=1.632926e+00 dt=7.192089e-05
elapsed=7.072658e+01 cycle=22400 time=1.640080e+00 dt=7.144729e-05
elapsed=7.102799e+01 cycle=22500 time=1.647224e+00 dt=7.134901e-05
elapsed=7.134239e+01 cycle=22600 time=1.654368e+00 dt=7.166502e-05
elapsed=7.165658e+01 cycle=22700 time=1.661555e+00 dt=7.223971e-05
elapsed=7.195699e+01 cycle=22800 time=1.668776e+00 dt=7.142034e-05
elapsed=7.227021e+01 cycle=22900 time=1.675780e+00 dt=6.860254e-05
elapsed=7.258356e+01 cycle=23000 time=1.682615e+00 dt=6.766400e-05
elapsed=7.288358e+01 cycle=23100 time=1.689191e+00 dt=6.345662e-05
elapsed=7.319665e+01 cycle=23200 time=1.695658e+00 dt=7.197603e-05
elapsed=7.351020e+01 cycle=23300 time=1.702973e+00 dt=7.245925e-05
elapsed=7.382366e+01 cycle=23400 time=1.710108e+00 dt=6.983932e-05
elapsed=7.412368e+01 cycle=23500 time=1.717009e+00 dt=6.767175e-05
elapsed=7.443754e+01 cycle=23600 time=1.723607e+00 dt=6.476517e-05
elapsed=7.475209e+01 cycle=23700 time=1.730163e+00 dt=6.719102e-05
elapsed=7.505337e+01 cycle=23800 time=1.736867e+00 dt=6.781519e-05
elapsed=7.536861e+01 cycle=23900 time=1.743826e+00 dt=6.938805e-05
elapsed=7.568313e+01 cycle=24000 time=1.750714e+00 dt=6.771102e-05
elapsed=7.598478e+01 cycle=24100 time=1.757308e+00 dt=6.440307e-05
elapsed=7.630039e+01 cycle=24200 time=1.763643e+00 dt=6.285573e-05
elapsed=7.660241e+01 cycle=24300 time=1.769978e+00 dt=6.409858e-05
elapsed=7.691792e+01 cycle=24400 time=1.776567e+00 dt=6.766192e-05
elapsed=7.723272e+01 cycle=24500 time=1.783388e+00 dt=6.898476e-05
elapsed=7.754751e+01 cycle=24600 time=1.790213e+00 dt=6.735852e-05
elapsed=7.784896e+01 cycle=24700 time=1.796907e+00 dt=6.672455e-05
elapsed=7.816421e+01 cycle=24800 time=1.803456e+00 dt=6.411880e-05
elapsed=7.846695e+01 cycle=24900 time=1.809701e+00 dt=6.065673e-05
elapsed=7.878293e+01 cycle=25000 time=1.815691e+00 dt=6.072400e-05
elapsed=7.909847e+01 cycle=25100 time=1.822325e+00 dt=6.882279e-05
elapsed=7.940028e+01 cycle=25200 time=1.829119e+00 dt=6.690819e-05
elapsed=7.971585e+01 cycle=25300 time=1.835799e+00 dt=6.657309e-05
elapsed=8.003221e+01 cycle=25400 time=1.842296e+00 dt=6.301147e-05
elapsed=8.033530e+01 cycle=25500 time=1.848454e+00 dt=6.002358e-05
elapsed=8.065215e+01 cycle=25600 time=1.854394e+00 dt=5.928770e-05
elapsed=8.096849e+01 cycle=25700 time=1.860312e+00 dt=5.809422e-05
elapsed=8.127163e+01 cycle=25800 time=1.866067e+00 dt=5.669790e-05
elapsed=8.158775e+01 cycle=25900 time=1.872150e+00 dt=7.213965e-05
elapsed=8.188981e+01 cycle=26000 time=1.879003e+00 dt=6.505450e-05
elapsed=8.220493e+01 cycle=26100 time=1.886111e+00 dt=7.310763e-05
elapsed=8.251974e+01 cycle=26200 time=1.893343e+00 dt=7.139238e-05
elapsed=8.283406e+01 cycle=26300 time=1.900429e+00 dt=7.012236e-05
elapsed=8.313529e+01 cycle=26400 time=1.907244e+00 dt=6.611439e-05
elapsed=8.344982e+01 cycle=26500 time=1.913831e+00 dt=6.647596e-05
elapsed=8.376450e+01 cycle=26600 time=1.920667e+00 dt=6.991282e-05
elapsed=8.406600e+01 cycle=26700 time=1.927423e+00 dt=6.558417e-05
elapsed=8.438108e+01 cycle=26800 time=1.933890e+00 dt=6.468165e-05
elapsed=8.469612e+01 cycle=26900 time=1.940770e+00 dt=7.273835e-05
elapsed=8.499781e+01 cycle=27000 time=1.948087e+00 dt=7.379558e-05
elapsed=8.531255e+01 cycle=27100 time=1.955376e+00 dt=7.123473e-05
elapsed=8.562821e+01 cycle=27200 time=1.962222e+00 dt=6.641423e-05
elapsed=8.593022e+01 cycle=27300 time=1.968811e+00 dt=6.621158e-05
elapsed=8.624562e+01 cycle=27400 time=1.975511e+00 dt=6.615805e-05
elapsed=8.656108e+01 cycle=27500 time=1.982016e+00 dt=6.407180e-05
elapsed=8.686300e+01 cycle=27600 time=1.988346e+00 dt=6.242671e-05
elapsed=8.717896e+01 cycle=27700 time=1.994548e+00 dt=6.232236e-05
elapsed=8.749693e+01 cycle=27800 time=2.000770e+00 dt=6.213212e-05
elapsed=8.779873e+01 cycle=27900 time=2.006998e+00 dt=6.262545e-05
elapsed=8.811389e+01 cycle=28000 time=2.013356e+00 dt=6.428828e-05
elapsed=8.841558e+01 cycle=28100 time=2.019739e+00 dt=6.250441e-05
elapsed=8.873221e+01 cycle=28200 time=2.025805e+00 dt=5.877580e-05
elapsed=8.904832e+01 cycle=28300 time=2.031557e+00 dt=5.724626e-05
elapsed=8.935012e+01 cycle=28400 time=2.037310e+00 dt=5.973454e-05
elapsed=8.966520e+01 cycle=28500 time=2.043683e+00 dt=6.662901e-05
elapsed=8.998028e+01 cycle=28600 time=2.050374e+00 dt=6.648088e-05
elapsed=9.028212e+01 cycle=28700 time=2.057018e+00 dt=6.649031e-05
elapsed=9.059740e+01 cycle=28800 time=2.063618e+00 dt=6.553269e-05
elapsed=9.091383e+01 cycle=28900 time=2.070122e+00 dt=6.451789e-05
elapsed=9.121737e+01 cycle=29000 time=2.076539e+00 dt=6.372799e-05
elapsed=9.153397e+01 cycle=29100 time=2.082896e+00 dt=6.347800e-05
elapsed=9.183684e+01 cycle=29200 time=2.089291e+00 dt=6.412848e-05
elapsed=9.215347e+01 cycle=29300 time=2.095686e+00 dt=6.355254e-05
elapsed=9.246941e+01 cycle=29400 time=2.101993e+00 dt=6.348240e-05
elapsed=9.277195e+01 cycle=29500 time=2.108360e+00 dt=6.352178e-05
elapsed=9.308835e+01 cycle=29600 time=2.114723e+00 dt=6.416896e-05
elapsed=9.340496e+01 cycle=29700 time=2.121171e+00 dt=6.472996e-05
elapsed=9.370795e+01 cycle=29800 time=2.127693e+00 dt=6.586454e-05
elapsed=9.402462e+01 cycle=29900 time=2.134279e+00 dt=6.462582e-05
elapsed=9.434074e+01 cycle=30000 time=2.140746e+00 dt=6.427996e-05
elapsed=9.464330e+01 cycle=30100 time=2.147165e+00 dt=6.477036e-05
elapsed=9.495961e+01 cycle=30200 time=2.153514e+00 dt=5.914726e-05
elapsed=9.526261e+01 cycle=30300 time=2.159216e+00 dt=6.077095e-05
elapsed=9.557821e+01 cycle=30400 time=2.165526e+00 dt=6.361460e-05
elapsed=9.589204e+01 cycle=30500 time=2.171904e+00 dt=6.433203e-05
elapsed=9.619195e+01 cycle=30600 time=2.178527e+00 dt=6.668593e-05
elapsed=9.650547e+01 cycle=30700 time=2.185212e+00 dt=6.748452e-05
elapsed=9.681903e+01 cycle=30800 time=2.191985e+00 dt=6.758797e-05
elapsed=9.711920e+01 cycle=30900 time=2.198674e+00 dt=6.653856e-05
elapsed=9.743306e+01 cycle=31000 time=2.205284e+00 dt=6.546053e-05
elapsed=9.774740e+01 cycle=31100 time=2.211729e+00 dt=6.269862e-05
elapsed=9.804802e+01 cycle=31200 time=2.217734e+00 dt=5.736152e-05
elapsed=9.836300e+01 cycle=31300 time=2.223899e+00 dt=6.907052e-05
elapsed=9.867708e+01 cycle=31400 time=2.230789e+00 dt=6.868699e-05
elapsed=9.897768e+01 cycle=31500 time=2.237627e+00 dt=6.760314e-05
elapsed=9.929170e+01 cycle=31600 time=2.244290e+00 dt=6.591711e-05
elapsed=9.960627e+01 cycle=31700 time=2.250894e+00 dt=6.560340e-05
elapsed=9.990760e+01 cycle=31800 time=2.257402e+00 dt=6.464838e-05
elapsed=1.002221e+02 cycle=31900 time=2.263826e+00 dt=6.413081e-05
elapsed=1.005372e+02 cycle=32000 time=2.270207e+00 dt=6.290138e-05
elapsed=1.008381e+02 cycle=32100 time=2.276543e+00 dt=6.338504e-05
elapsed=1.011520e+02 cycle=32200 time=2.282801e+00 dt=6.239145e-05
elapsed=1.014531e+02 cycle=32300 time=2.289058e+00 dt=6.289543e-05
elapsed=1.017676e+02 cycle=32400 time=2.295388e+00 dt=6.223318e-05
elapsed=1.020816e+02 cycle=32500 time=2.301571e+00 dt=6.255487e-05
elapsed=1.023826e+02 cycle=32600 time=2.308099e+00 dt=6.585126e-05
elapsed=1.026971e+02 cycle=32700 time=2.314659e+00 dt=6.594099e-05
elapsed=1.030114e+02 cycle=32800 time=2.321634e+00 dt=7.124528e-05
elapsed=1.033124e+02 cycle=32900 time=2.328696e+00 dt=7.001727e-05
elapsed=1.036267e+02 cycle=33000 time=2.335613e+00 dt=6.883309e-05
elapsed=1.039407e+02 cycle=33100 time=2.342389e+00 dt=6.934348e-05
elapsed=1.042411e+02 cycle=33200 time=2.349301e+00 dt=6.839997e-05
elapsed=1.045543e+02 cycle=33300 time=2.356189e+00 dt=6.964948e-05
elapsed=1.048681e+02 cycle=33400 time=2.363204e+00 dt=6.977133e-05
elapsed=1.051819e+02 cycle=33500 time=2.370205e+00 dt=7.028120e-05
elapsed=1.054825e+02 cycle=33600 time=2.377259e+00 dt=7.131503e-05
elapsed=1.057972e+02 cycle=33700 time=2.384386e+00 dt=7.101293e-05
elapsed=1.061120e+02 cycle=33800 time=2.391541e+00 dt=7.210204e-05
elapsed=1.064134e+02 cycle=33900 time=2.398768e+00 dt=7.248474e-05
elapsed=1.067277e+02 cycle=34000 time=2.405953e+00 dt=7.151049e-05
elapsed=1.070423e+02 cycle=34100 time=2.413028e+00 dt=6.816566e-05
elapsed=1.073433e+02 cycle=34200 time=2.419478e+00 dt=6.175729e-05
elapsed=1.076582e+02 cycle=34300 time=2.426130e+00 dt=7.044993e-05
elapsed=1.079730e+02 cycle=34400 time=2.433189e+00 dt=7.061827e-05
elapsed=1.082865e+02 cycle=34500 time=2.440282e+00 dt=7.096406e-05
elapsed=1.085869e+02 cycle=34600 time=2.447299e+00 dt=6.770566e-05
elapsed=1.089007e+02 cycle=34700 time=2.454246e+00 dt=7.050235e-05
elapsed=1.092153e+02 cycle=34800 time=2.461429e+00 dt=7.246375e-05
elapsed=1.095164e+02 cycle=34900 time=2.468598e+00 dt=7.100525e-05
elapsed=1.098311e+02 cycle=35000 time=2.475633e+00 dt=6.990584e-05
elapsed=1.101455e+02 cycle=35100 time=2.482625e+00 dt=6.997210e-05
elapsed=1.104462e+02 cycle=35200 time=2.489636e+00 dt=7.026581e-05
elapsed=1.107601e+02 cycle=35300 time=2.496669e+00 dt=7.023568e-05
elapsed=1.110757e+02 cycle=35400 time=2.503685e+00 dt=7.062990e-05
elapsed=1.113899e+02 cycle=35500 time=2.510803e+00 dt=7.170433e-05
elapsed=1.116913e+02 cycle=35600 time=2.518009e+00 dt=7.104582e-05
elapsed=1.120061e+02 cycle=35700 time=2.525095e+00 dt=7.102229e-05
elapsed=1.123210e+02 cycle=35800 time=2.532196e+00 dt=7.058790e-05
elapsed=1.126216e+02 cycle=35900 time=2.539143e+00 dt=6.824638e-05
elapsed=1.129364e+02 cycle=36000 time=2.545863e+00 dt=6.641928e-05
elapsed=1.132503e+02 cycle=36100 time=2.552444e+00 dt=6.519027e-05
elapsed=1.135506e+02 cycle=36200 time=2.558890e+00 dt=6.382755e-05
elapsed=1.138650e+02 cycle=36300 time=2.565216e+00 dt=6.253050e-05
elapsed=1.141795e+02 cycle=36400 time=2.571428e+00 dt=6.188580e-05
elapsed=1.144803e+02 cycle=36500 time=2.577618e+00 dt=6.213097e-05
elapsed=1.147944e+02 cycle=36600 time=2.583883e+00 dt=6.360028e-05
elapsed=1.151092e+02 cycle=36700 time=2.590315e+00 dt=6.510370e-05
elapsed=1.154106e+02 cycle=36800 time=2.596838e+00 dt=6.488897e-05
elapsed=1.157255e+02 cycle=36900 time=2.603205e+00 dt=6.443023e-05
elapsed=1.160273e+02 cycle=37000 time=2.609423e+00 dt=6.056817e-05
elapsed=1.163429e+02 cycle=37100 time=2.616076e+00 dt=6.826702e-05
elapsed=1.166578e+02 cycle=37200 time=2.622873e+00 dt=6.753980e-05
elapsed=1.169591e+02 cycle=37300 time=2.629602e+00 dt=6.723823e-05
elapsed=1.172742e+02 cycle=37400 time=2.636196e+00 dt=6.483778e-05
elapsed=1.175890e+02 cycle=37500 time=2.642661e+00 dt=6.512713e-05
elapsed=1.178905e+02 cycle=37600 time=2.648958e+00 dt=6.011355e-05
elapsed=1.182056e+02 cycle=37700 time=2.654898e+00 dt=6.040724e-05
elapsed=1.185204e+02 cycle=37800 time=2.661489e+00 dt=7.088497e-05
elapsed=1.188224e+02 cycle=37900 time=2.668485e+00 dt=6.934644e-05
elapsed=1.191377e+02 cycle=38000 time=2.675400e+00 dt=6.934285e-05
elapsed=1.194530e+02 cycle=38100 time=2.682326e+00 dt=6.815283e-05
elapsed=1.197550e+02 cycle=38200 time=2.688908e+00 dt=6.329761e-05
elapsed=1.200711e+02 cycle=38300 time=2.695077e+00 dt=6.113972e-05
elapsed=1.203867e+02 cycle=38400 time=2.701386e+00 dt=6.295153e-05
elapsed=1.206885e+02 cycle=38500 time=2.708042e+00 dt=6.827388e-05
elapsed=1.210039e+02 cycle=38600 time=2.714742e+00 dt=6.759420e-05
elapsed=1.213189e+02 cycle=38700 time=2.721509e+00 dt=6.736818e-05
elapsed=1.216201e+02 cycle=38800 time=2.728330e+00 dt=6.675439e-05
elapsed=1.219345e+02 cycle=38900 time=2.734713e+00 dt=6.087577e-05
elapsed=1.222490e+02 cycle=39000 time=2.740605e+00 dt=6.285066e-05
elapsed=1.225500e+02 cycle=39100 time=2.747523e+00 dt=7.065668e-05
elapsed=1.228643e+02 cycle=39200 time=2.754534e+00 dt=6.971534e-05
elapsed=1.231788e+02 cycle=39300 time=2.761502e+00 dt=6.935761e-05
elapsed=1.234793e+02 cycle=39400 time=2.768440e+00 dt=6.949159e-05
elapsed=1.237938e+02 cycle=39500 time=2.775359e+00 dt=7.002476e-05
elapsed=1.241088e+02 cycle=39600 time=2.782340e+00 dt=6.973919e-05
elapsed=1.244104e+02 cycle=39700 time=2.789303e+00 dt=6.919619e-05
elapsed=1.247261e+02 cycle=39800 time=2.796247e+00 dt=6.958976e-05
elapsed=1.250418e+02 cycle=39900 time=2.803227e+00 dt=6.982034e-05
elapsed=1.253575e+02 cycle=40000 time=2.810170e+00 dt=6.837190e-05
elapsed=1.256595e+02 cycle=40100 time=2.816932e+00 dt=6.745219e-05
elapsed=1.259756e+02 cycle=40200 time=2.823704e+00 dt=6.769769e-05
elapsed=1.262919e+02 cycle=40300 time=2.830368e+00 dt=6.586907e-05
elapsed=1.265941e+02 cycle=40400 time=2.836650e+00 dt=6.532806e-05
elapsed=1.269088e+02 cycle=40500 time=2.843198e+00 dt=6.557707e-05
elapsed=1.272100e+02 cycle=40600 time=2.849785e+00 dt=6.597203e-05
elapsed=1.275285e+02 cycle=40700 time=2.856387e+00 dt=6.635348e-05
elapsed=1.278432e+02 cycle=40800 time=2.862803e+00 dt=6.099876e-05
elapsed=1.281443e+02 cycle=40900 time=2.868886e+00 dt=6.143926e-05
elapsed=1.284590e+02 cycle=41000 time=2.874871e+00 dt=5.823507e-05
elapsed=1.287735e+02 cycle=41100 time=2.881083e+00 dt=6.533891e-05
elapsed=1.290746e+02 cycle=41200 time=2.887575e+00 dt=6.453771e-05
elapsed=1.293889e+02 cycle=41300 time=2.894007e+00 dt=6.427996e-05
elapsed=1.297036e+02 cycle=41400 time=2.900427e+00 dt=6.426786e-05
elapsed=1.300048e+02 cycle=41500 time=2.906849e+00 dt=6.418366e-05
elapsed=1.303201e+02 cycle=41600 time=2.913313e+00 dt=6.503040e-05
elapsed=1.306212e+02 cycle=41700 time=2.919880e+00 dt=6.615066e-05
elapsed=1.309357e+02 cycle=41800 time=2.926551e+00 dt=6.638198e-05
elapsed=1.312504e+02 cycle=41900 time=2.933143e+00 dt=6.618869e-05
elapsed=1.315518e+02 cycle=42000 time=2.939875e+00 dt=6.843586e-05
elapsed=1.318665e+02 cycle=42100 time=2.946713e+00 dt=6.823030e-05
elapsed=1.321814e+02 cycle=42200 time=2.953419e+00 dt=6.516650e-05
elapsed=1.324830e+02 cycle=42300 time=2.959688e+00 dt=6.034530e-05
elapsed=1.327981e+02 cycle=42400 time=2.965638e+00 dt=5.928953e-05
elapsed=1.331127e+02 cycle=42500 time=2.971400e+00 dt=5.497816e-05
elapsed=1.334145e+02 cycle=42600 time=2.977128e+00 dt=5.931655e-05
elapsed=1.337298e+02 cycle=42700 time=2.983276e+00 dt=6.328964e-05
elapsed=1.340320e+02 cycle=42800 time=2.989596e+00 dt=6.212506e-05
elapsed=1.343481e+02 cycle=42900 time=2.995872e+00 dt=6.121891e-05
elapsed=1.346673e+02 cycle=43000 time=3.001913e+00 dt=6.045790e-05
elapsed=1.349703e+02 cycle=43100 time=3.007819e+00 dt=5.813353e-05
elapsed=1.352869e+02 cycle=43200 time=3.013717e+00 dt=6.070977e-05
elapsed=1.355895e+02 cycle=43300 time=3.019827e+00 dt=6.074568e-05
elapsed=1.359053e+02 cycle=43400 time=3.025873e+00 dt=5.971603e-05
elapsed=1.362207e+02 cycle=43500 time=3.031768e+00 dt=5.826036e-05
elapsed=1.365224e+02 cycle=43600 time=3.037620e+00 dt=5.983627e-05
elapsed=1.368375e+02 cycle=43700 time=3.044033e+00 dt=6.682345e-05
elapsed=1.371520e+02 cycle=43800 time=3.050703e+00 dt=6.630952e-05
elapsed=1.374533e+02 cycle=43900 time=3.057310e+00 dt=6.539984e-05
elapsed=1.377884e+02 cycle=44000 time=3.063755e+00 dt=6.362646e-05
elapsed=1.381028e+02 cycle=44100 time=3.070031e+00 dt=6.218171e-05
elapsed=1.384041e+02 cycle=44200 time=3.076227e+00 dt=6.187515e-05
elapsed=1.387184e+02 cycle=44300 time=3.082455e+00 dt=6.233563e-05
elapsed=1.390191e+02 cycle=44400 time=3.088554e+00 dt=5.940285e-05
elapsed=1.393334e+02 cycle=44500 time=3.094484e+00 dt=6.310605e-05
elapsed=1.396482e+02 cycle=44600 time=3.100863e+00 dt=6.360109e-05
elapsed=1.399502e+02 cycle=44700 time=3.107204e+00 dt=6.279530e-05
elapsed=1.402658e+02 cycle=44800 time=3.113242e+00 dt=5.968647e-05
elapsed=1.405675e+02 cycle=44900 time=3.119587e+00 dt=6.536246e-05
elapsed=1.408839e+02 cycle=45000 time=3.126156e+00 dt=6.629351e-05
elapsed=1.412006e+02 cycle=45100 time=3.132710e+00 dt=6.488309e-05
elapsed=1.415037e+02 cycle=45200 time=3.139013e+00 dt=5.948621e-05
elapsed=1.418204e+02 cycle=45300 time=3.144817e+00 dt=6.248207e-05
elapsed=1.421364e+02 cycle=45400 time=3.150805e+00 dt=5.683424e-05
elapsed=1.424387e+02 cycle=45500 time=3.156632e+00 dt=6.432533e-05
elapsed=1.427551e+02 cycle=45600 time=3.163067e+00 dt=6.416470e-05
elapsed=1.430577e+02 cycle=45700 time=3.169440e+00 dt=6.350658e-05
elapsed=1.433734e+02 cycle=45800 time=3.175728e+00 dt=6.182149e-05
elapsed=1.436893e+02 cycle=45900 time=3.181824e+00 dt=6.042893e-05
elapsed=1.439914e+02 cycle=46000 time=3.187889e+00 dt=6.102581e-05
elapsed=1.443071e+02 cycle=46100 time=3.194012e+00 dt=6.132158e-05
elapsed=1.446230e+02 cycle=46200 time=3.200184e+00 dt=6.245231e-05
elapsed=1.449263e+02 cycle=46300 time=3.206558e+00 dt=6.439773e-05
elapsed=1.452418e+02 cycle=46400 time=3.212983e+00 dt=6.421353e-05
elapsed=1.455437e+02 cycle=46500 time=3.219263e+00 dt=6.064694e-05
elapsed=1.458596e+02 cycle=46600 time=3.225187e+00 dt=5.684318e-05
elapsed=1.461747e+02 cycle=46700 time=3.230581e+00 dt=5.221814e-05
elapsed=1.464780e+02 cycle=46800 time=3.235983e+00 dt=5.566004e-05
elapsed=1.467951e+02 cycle=46900 time=3.241470e+00 dt=5.547528e-05
elapsed=1.470983e+02 cycle=47000 time=3.247101e+00 dt=5.690588e-05
elapsed=1.474148e+02 cycle=47100 time=3.252776e+00 dt=5.651449e-05
elapsed=1.477177e+02 cycle=47200 time=3.258453e+00 dt=5.722849e-05
elapsed=1.480342e+02 cycle=47300 time=3.264209e+00 dt=5.737578e-05
elapsed=1.483507e+02 cycle=47400 time=3.270115e+00 dt=5.926287e-05
elapsed=1.486542e+02 cycle=47500 time=3.276190e+00 dt=6.221997e-05
elapsed=1.489711e+02 cycle=47600 time=3.282427e+00 dt=6.081549e-05
elapsed=1.492751e+02 cycle=47700 time=3.288341e+00 dt=5.890712e-05
elapsed=1.495934e+02 cycle=47800 time=3.294398e+00 dt=6.054982e-05
elapsed=1.499121e+02 cycle=47900 time=3.300036e+00 dt=5.373336e-05
elapsed=1.502161e+02 cycle=48000 time=3.305548e+00 dt=5.930758e-05
elapsed=1.505335e+02 cycle=48100 time=3.311766e+00 dt=6.231169e-05
elapsed=1.508377e+02 cycle=48200 time=3.317936e+00 dt=6.110401e-05
elapsed=1.511553e+02 cycle=48300 time=3.323995e+00 dt=6.027166e-05
elapsed=1.514723e+02 cycle=48400 time=3.330012e+00 dt=6.059948e-05
elapsed=1.517765e+02 cycle=48500 time=3.336095e+00 dt=6.059150e-05
elapsed=1.520947e+02 cycle=48600 time=3.342099e+00 dt=5.955875e-05
elapsed=1.523994e+02 cycle=48700 time=3.348045e+00 dt=5.971962e-05
elapsed=1.527179e+02 cycle=48800 time=3.354064e+00 dt=6.061970e-05
elapsed=1.530364e+02 cycle=48900 time=3.360317e+00 dt=6.420890e-05
elapsed=1.533408e+02 cycle=49000 time=3.366719e+00 dt=6.389478e-05
elapsed=1.536587e+02 cycle=49100 time=3.373071e+00 dt=6.348997e-05
elapsed=1.539633e+02 cycle=49200 time=3.379360e+00 dt=6.177006e-05
elapsed=1.542804e+02 cycle=49300 time=3.385402e+00 dt=5.974863e-05
elapsed=1.545963e+02 cycle=49400 time=3.391320e+00 dt=5.871698e-05
elapsed=1.548985e+02 cycle=49500 time=3.397167e+00 dt=5.798036e-05
elapsed=1.552142e+02 cycle=49600 time=3.402748e+00 dt=5.263212e-05
elapsed=1.555173e+02 cycle=49700 time=3.408141e+00 dt=5.920371e-05
elapsed=1.558339e+02 cycle=49800 time=3.414229e+00 dt=5.975363e-05
elapsed=1.561504e+02 cycle=49900 time=3.420258e+00 dt=6.117414e-05
elapsed=1.564533e+02 cycle=50000 time=3.426711e+00 dt=6.522921e-05
elapsed=1.567693e+02 cycle=50100 time=3.433154e+00 dt=6.431699e-05
elapsed=1.570712e+02 cycle=50200 time=3.439722e+00 dt=6.445114e-05
elapsed=1.573867e+02 cycle=50300 time=3.445860e+00 dt=5.955833e-05
elapsed=1.577024e+02 cycle=50400 time=3.451788e+00 dt=6.036141e-05
elapsed=1.580050e+02 cycle=50500 time=3.458252e+00 dt=6.506966e-05
elapsed=1.583205e+02 cycle=50600 time=3.464693e+00 dt=6.408284e-05
elapsed=1.586355e+02 cycle=50700 time=3.471012e+00 dt=6.317686e-05
elapsed=1.589376e+02 cycle=50800 time=3.477754e+00 dt=7.032921e-05
elapsed=1.592535e+02 cycle=50900 time=3.484840e+00 dt=7.183051e-05
elapsed=1.595689e+02 cycle=51000 time=3.492081e+00 dt=7.229127e-05
elapsed=1.598717e+02 cycle=51100 time=3.499205e+00 dt=6.973319e-05
elapsed=1.601868e+02 cycle=51200 time=3.506069e+00 dt=6.757435e-05
elapsed=1.605007e+02 cycle=51300 time=3.512714e+00 dt=6.526991e-05
elapsed=1.608020e+02 cycle=51400 time=3.519128e+00 dt=6.319116e-05
elapsed=1.611173e+02 cycle=51500 time=3.525483e+00 dt=6.311270e-05
elapsed=1.614332e+02 cycle=51600 time=3.531726e+00 dt=6.193789e-05
elapsed=1.617355e+02 cycle=51700 time=3.537888e+00 dt=6.130410e-05
elapsed=1.620509e+02 cycle=51800 time=3.543972e+00 dt=6.096106e-05
elapsed=1.623656e+02 cycle=51900 time=3.550035e+00 dt=5.978035e-05
elapsed=1.626673e+02 cycle=52000 time=3.555921e+00 dt=5.793977e-05
elapsed=1.629833e+02 cycle=52100 time=3.561648e+00 dt=5.670212e-05
elapsed=1.632846e+02 cycle=52200 time=3.567208e+00 dt=5.454422e-05
elapsed=1.635987e+02 cycle=52300 time=3.572563e+00 dt=5.252855e-05
elapsed=1.638991e+02 cycle=52400 time=3.577773e+00 dt=5.185123e-05
elapsed=1.642132e+02 cycle=52500 time=3.583003e+00 dt=5.316376e-05
elapsed=1.645137e+02 cycle=52600 time=3.588439e+00 dt=5.558108e-05
elapsed=1.648280e+02 cycle=52700 time=3.594109e+00 dt=5.698127e-05
elapsed=1.651290e+02 cycle=52800 time=3.599698e+00 dt=5.467027e-05
elapsed=1.654441e+02 cycle=52900 time=3.605040e+00 dt=5.289544e-05
elapsed=1.657594e+02 cycle=53000 time=3.610613e+00 dt=5.700149e-05
elapsed=1.660611e+02 cycle=53100 time=3.616432e+00 dt=6.029979e-05
elapsed=1.663763e+02 cycle=53200 time=3.622648e+00 dt=6.249989e-05
elapsed=1.666782e+02 cycle=53300 time=3.628931e+00 dt=6.263460e-05
elapsed=1.669944e+02 cycle=53400 time=3.635129e+00 dt=6.124005e-05
elapsed=1.673115e+02 cycle=53500 time=3.641200e+00 dt=6.008790e-05
elapsed=1.676143e+02 cycle=53600 time=3.647123e+00 dt=5.853757e-05
elapsed=1.679310e+02 cycle=53700 time=3.652791e+00 dt=5.492894e-05
elapsed=1.682342e+02 cycle=53800 time=3.658078e+00 dt=5.049493e-05
elapsed=1.685507e+02 cycle=53900 time=3.662896e+00 dt=4.684076e-05
elapsed=1.688539e+02 cycle=54000 time=3.668050e+00 dt=6.202367e-05
elapsed=1.691708e+02 cycle=54100 time=3.674248e+00 dt=6.202939e-05
elapsed=1.694874e+02 cycle=54200 time=3.680481e+00 dt=6.282418e-05
elapsed=1.697905e+02 cycle=54300 time=3.686824e+00 dt=6.416108e-05
elapsed=1.701067e+02 cycle=54400 time=3.693256e+00 dt=6.419431e-05
elapsed=1.704081e+02 cycle=54500 time=3.699603e+00 dt=6.228304e-05
elapsed=1.707227e+02 cycle=54600 time=3.705553e+00 dt=5.842274e-05
elapsed=1.710372e+02 cycle=54700 time=3.711776e+00 dt=6.476438e-05
elapsed=1.713380e+02 cycle=54800 time=3.718240e+00 dt=6.343688e-05
elapsed=1.716515e+02 cycle=54900 time=3.724509e+00 dt=6.153185e-05
elapsed=1.719644e+02 cycle=55000 time=3.730583e+00 dt=5.990981e-05
elapsed=1.722640e+02 cycle=55100 time=3.736578e+00 dt=5.990889e-05
elapsed=1.725777e+02 cycle=55200 time=3.742517e+00 dt=5.982415e-05
elapsed=1.728779e+02 cycle=55300 time=3.748680e+00 dt=6.404092e-05
elapsed=1.731923e+02 cycle=55400 time=3.754866e+00 dt=6.224848e-05
elapsed=1.735064e+02 cycle=55500 time=3.761344e+00 dt=6.573049e-05
elapsed=1.738069e+02 cycle=55600 time=3.767863e+00 dt=6.523405e-05
elapsed=1.741213e+02 cycle=55700 time=3.774555e+00 dt=6.643668e-05
elapsed=1.744358e+02 cycle=55800 time=3.781003e+00 dt=6.228111e-05
elapsed=1.747369e+02 cycle=55900 time=3.787046e+00 dt=5.882061e-05
elapsed=1.750515e+02 cycle=56000 time=3.792920e+00 dt=5.934083e-05
elapsed=1.753527e+02 cycle=56100 time=3.798979e+00 dt=6.135067e-05
elapsed=1.756679e+02 cycle=56200 time=3.805006e+00 dt=5.755718e-05
elapsed=1.759822e+02 cycle=56300 time=3.810567e+00 dt=5.846908e-05
elapsed=1.762834e+02 cycle=56400 time=3.816869e+00 dt=6.447366e-05
elapsed=1.765979e+02 cycle=56500 time=3.823317e+00 dt=6.298816e-05
elapsed=1.768987e+02 cycle=56600 time=3.829429e+00 dt=6.152603e-05
elapsed=1.772127e+02 cycle=56700 time=3.836066e+00 dt=6.835506e-05
elapsed=1.775268e+02 cycle=56800 time=3.842443e+00 dt=6.032187e-05
elapsed=1.778281e+02 cycle=56900 time=3.848921e+00 dt=6.918547e-05
elapsed=1.781432e+02 cycle=57000 time=3.855602e+00 dt=6.395146e-05
elapsed=1.784586e+02 cycle=57100 time=3.861744e+00 dt=5.855579e-05
elapsed=1.787600e+02 cycle=57200 time=3.867660e+00 dt=5.950227e-05
elapsed=1.790741e+02 cycle=57300 time=3.873623e+00 dt=5.988118e-05
elapsed=1.793742e+02 cycle=57400 time=3.879663e+00 dt=6.083808e-05
elapsed=1.796875e+02 cycle=57500 time=3.885832e+00 dt=6.346426e-05
elapsed=1.800000e+02 cycle=57600 time=3.892370e+00 dt=6.658609e-05
elapsed=1.803000e+02 cycle=57700 time=3.898987e+00 dt=6.505048e-05
elapsed=1.806141e+02 cycle=57800 time=3.905429e+00 dt=6.398135e-05
elapsed=1.809280e+02 cycle=57900 time=3.911878e+00 dt=6.407750e-05
elapsed=1.812284e+02 cycle=58000 time=3.918247e+00 dt=6.303350e-05
elapsed=1.815419e+02 cycle=58100 time=3.924594e+00 dt=6.649178e-05
elapsed=1.818550e+02 cycle=58200 time=3.931331e+00 dt=6.575220e-05
elapsed=1.821550e+02 cycle=58300 time=3.938034e+00 dt=7.037735e-05
elapsed=1.824686e+02 cycle=58400 time=3.945068e+00 dt=6.932753e-05
elapsed=1.827821e+02 cycle=58500 time=3.951958e+00 dt=6.953966e-05
elapsed=1.830818e+02 cycle=58600 time=3.958891e+00 dt=6.913252e-05
elapsed=1.833947e+02 cycle=58700 time=3.965745e+00 dt=6.796512e-05
elapsed=1.837075e+02 cycle=58800 time=3.972446e+00 dt=6.596814e-05
elapsed=1.840067e+02 cycle=58900 time=3.978890e+00 dt=6.310036e-05
elapsed=1.843194e+02 cycle=59000 time=3.985222e+00 dt=6.335407e-05
elapsed=1.846327e+02 cycle=59100 time=3.991434e+00 dt=6.171379e-05
elapsed=1.849326e+02 cycle=59200 time=3.997536e+00 dt=6.222498e-05
elapsed=1.852486e+02 cycle=59300 time=4.004086e+00 dt=6.463794e-05
elapsed=1.855619e+02 cycle=59400 time=4.010434e+00 dt=6.238686e-05
elapsed=1.858613e+02 cycle=59500 time=4.016538e+00 dt=5.910220e-05
elapsed=1.861742e+02 cycle=59600 time=4.022258e+00 dt=5.559545e-05
elapsed=1.864742e+02 cycle=59700 time=4.027742e+00 dt=5.487765e-05
elapsed=1.867880e+02 cycle=59800 time=4.033252e+00 dt=5.775824e-05
elapsed=1.870883e+02 cycle=59900 time=4.039281e+00 dt=6.338081e-05
elapsed=1.874023e+02 cycle=60000 time=4.045674e+00 dt=6.353667e-05
elapsed=1.877164e+02 cycle=60100 time=4.052123e+00 dt=6.388517e-05
elapsed=1.880168e+02 cycle=60200 time=4.058307e+00 dt=5.871898e-05
elapsed=1.883306e+02 cycle=60300 time=4.064561e+00 dt=6.291013e-05
elapsed=1.886443e+02 cycle=60400 time=4.070813e+00 dt=6.237489e-05
elapsed=1.889446e+02 cycle=60500 time=4.077043e+00 dt=6.243300e-05
elapsed=1.892581e+02 cycle=60600 time=4.083422e+00 dt=6.496800e-05
elapsed=1.895714e+02 cycle=60700 time=4.090021e+00 dt=6.621977e-05
elapsed=1.898708e+02 cycle=60800 time=4.096689e+00 dt=6.691398e-05
elapsed=1.901838e+02 cycle=60900 time=4.103372e+00 dt=6.648351e-05
elapsed=1.904980e+02 cycle=61000 time=4.110024e+00 dt=6.832840e-05
elapsed=1.907983e+02 cycle=61100 time=4.116975e+00 dt=7.023230e-05
elapsed=1.911116e+02 cycle=61200 time=4.123972e+00 dt=6.881717e-05
elapsed=1.914257e+02 cycle=61300 time=4.130807e+00 dt=7.129442e-05
elapsed=1.917257e+02 cycle=61400 time=4.138063e+00 dt=7.178650e-05
elapsed=1.920391e+02 cycle=61500 time=4.145124e+00 dt=6.913769e-05
elapsed=1.923529e+02 cycle=61600 time=4.151922e+00 dt=6.789117e-05
elapsed=1.926525e+02 cycle=61700 time=4.158907e+00 dt=7.141313e-05
elapsed=1.929665e+02 cycle=61800 time=4.165666e+00 dt=6.707521e-05
elapsed=1.932799e+02 cycle=61900 time=4.172316e+00 dt=6.522237e-05
elapsed=1.935809e+02 cycle=62000 time=4.178765e+00 dt=6.457306e-05
elapsed=1.938957e+02 cycle=62100 time=4.185282e+00 dt=6.639835e-05
elapsed=1.942095e+02 cycle=62200 time=4.191949e+00 dt=6.597220e-05
elapsed=1.945091e+02 cycle=62300 time=4.198433e+00 dt=6.648606e-05
elapsed=1.948216e+02 cycle=62400 time=4.205471e+00 dt=7.264212e-05
elapsed=1.951337e+02 cycle=62500 time=4.212636e+00 dt=7.052109e-05
elapsed=1.954326e+02 cycle=62600 time=4.219609e+00 dt=6.984280e-05
elapsed=1.957460e+02 cycle=62700 time=4.226671e+00 dt=7.085067e-05
elapsed=1.960589e+02 cycle=62800 time=4.233874e+00 dt=7.310662e-05
elapsed=1.963717e+02 cycle=62900 time=4.241110e+00 dt=7.114063e-05
elapsed=1.966715e+02 cycle=63000 time=4.248198e+00 dt=7.125613e-05
elapsed=1.969843e+02 cycle=63100 time=4.255246e+00 dt=6.982025e-05
elapsed=1.972973e+02 cycle=63200 time=4.262226e+00 dt=6.999181e-05
elapsed=1.975968e+02 cycle=63300 time=4.269085e+00 dt=6.707964e-05
elapsed=1.979100e+02 cycle=63400 time=4.275730e+00 dt=6.620359e-05
elapsed=1.982234e+02 cycle=63500 time=4.282356e+00 dt=6.679801e-05
elapsed=1.985233e+02 cycle=63600 time=4.289089e+00 dt=6.829658e-05
elapsed=1.988365e+02 cycle=63700 time=4.296073e+00 dt=7.155616e-05
elapsed=1.991496e+02 cycle=63800 time=4.303342e+00 dt=7.359665e-05
elapsed=1.994624e+02 cycle=63900 time=4.310678e+00 dt=7.290429e-05
elapsed=1.997618e+02 cycle=64000 time=4.318013e+00 dt=7.344495e-05
elapsed=2.000750e+02 cycle=64100 time=4.325285e+00 dt=7.249572e-05
elapsed=2.003879e+02 cycle=64200 time=4.332478e+00 dt=7.097197e-05
elapsed=2.006876e+02 cycle=64300 time=4.339803e+00 dt=7.444582e-05
elapsed=2.010006e+02 cycle=64400 time=4.347374e+00 dt=7.596880e-05
elapsed=2.013131e+02 cycle=64500 time=4.355030e+00 dt=7.714170e-05
elapsed=2.016264e+02 cycle=64600 time=4.362706e+00 dt=7.684561e-05
elapsed=2.019395e+02 cycle=64700 time=4.370473e+00 dt=7.847678e-05
elapsed=2.022391e+02 cycle=64800 time=4.378420e+00 dt=7.957528e-05
elapsed=2.025527e+02 cycle=64900 time=4.386418e+00 dt=8.078536e-05
elapsed=2.028661e+02 cycle=65000 time=4.394509e+00 dt=8.033701e-05
elapsed=2.031794e+02 cycle=65100 time=4.402448e+00 dt=7.785117e-05
elapsed=2.034928e+02 cycle=65200 time=4.410221e+00 dt=7.721286e-05
elapsed=2.037937e+02 cycle=65300 time=4.418187e+00 dt=7.965211e-05
elapsed=2.041065e+02 cycle=65400 time=4.426073e+00 dt=7.826806e-05
elapsed=2.044189e+02 cycle=65500 time=4.433839e+00 dt=7.689083e-05
elapsed=2.047309e+02 cycle=65600 time=4.441532e+00 dt=7.715644e-05
elapsed=2.050303e+02 cycle=65700 time=4.449221e+00 dt=7.619938e-05
elapsed=2.053432e+02 cycle=65800 time=4.456747e+00 dt=7.410087e-05
elapsed=2.056565e+02 cycle=65900 time=4.464098e+00 dt=7.322258e-05
elapsed=2.059702e+02 cycle=66000 time=4.471391e+00 dt=7.209610e-05
elapsed=2.062698e+02 cycle=66100 time=4.478565e+00 dt=7.138840e-05
elapsed=2.065831e+02 cycle=66200 time=4.485707e+00 dt=7.150480e-05
elapsed=2.068956e+02 cycle=66300 time=4.492854e+00 dt=7.105127e-05
elapsed=2.071948e+02 cycle=66400 time=4.499850e+00 dt=6.916107e-05
elapsed=2.075079e+02 cycle=66500 time=4.506697e+00 dt=6.767735e-05
elapsed=2.078211e+02 cycle=66600 time=4.513365e+00 dt=6.569293e-05
elapsed=2.081211e+02 cycle=66700 time=4.519803e+00 dt=6.288643e-05
elapsed=2.084353e+02 cycle=66800 time=4.526131e+00 dt=6.352498e-05
elapsed=2.087491e+02 cycle=66900 time=4.532480e+00 dt=6.338322e-05
elapsed=2.090500e+02 cycle=67000 time=4.538747e+00 dt=6.212950e-05
elapsed=2.093638e+02 cycle=67100 time=4.544923e+00 dt=6.171321e-05
elapsed=2.096775e+02 cycle=67200 time=4.551107e+00 dt=6.207457e-05
elapsed=2.099789e+02 cycle=67300 time=4.557262e+00 dt=6.131277e-05
elapsed=2.102942e+02 cycle=67400 time=4.563374e+00 dt=6.105247e-05
elapsed=2.105960e+02 cycle=67500 time=4.569446e+00 dt=6.024950e-05
elapsed=2.109110e+02 cycle=67600 time=4.575384e+00 dt=5.832999e-05
elapsed=2.112269e+02 cycle=67700 time=4.581258e+00 dt=6.089357e-05
elapsed=2.115293e+02 cycle=67800 time=4.587581e+00 dt=6.386380e-05
elapsed=2.118461e+02 cycle=67900 time=4.593883e+00 dt=6.327734e-05
elapsed=2.121625e+02 cycle=68000 time=4.600125e+00 dt=6.070107e-05
elapsed=2.124658e+02 cycle=68100 time=4.606067e+00 dt=5.732303e-05
elapsed=2.127822e+02 cycle=68200 time=4.612296e+00 dt=6.957209e-05
elapsed=2.130855e+02 cycle=68300 time=4.619250e+00 dt=6.957939e-05
elapsed=2.134022e+02 cycle=68400 time=4.626301e+00 dt=7.009634e-05
elapsed=2.137189e+02 cycle=68500 time=4.633132e+00 dt=6.679046e-05
elapsed=2.140219e+02 cycle=68600 time=4.639752e+00 dt=6.653565e-05
elapsed=2.143382e+02 cycle=68700 time=4.646447e+00 dt=6.703186e-05
elapsed=2.146535e+02 cycle=68800 time=4.653189e+00 dt=6.752067e-05
elapsed=2.149556e+02 cycle=68900 time=4.659877e+00 dt=6.653398e-05
elapsed=2.152715e+02 cycle=69000 time=4.666456e+00 dt=6.455643e-05
elapsed=2.155867e+02 cycle=69100 time=4.672738e+00 dt=6.141225e-05
elapsed=2.158885e+02 cycle=69200 time=4.678729e+00 dt=5.795153e-05
elapsed=2.162045e+02 cycle=69300 time=4.684344e+00 dt=5.450652e-05
elapsed=2.165062e+02 cycle=69400 time=4.689683e+00 dt=5.210641e-05
elapsed=2.168213e+02 cycle=69500 time=4.694779e+00 dt=5.059289e-05
elapsed=2.171224e+02 cycle=69600 time=4.699966e+00 dt=5.362348e-05
elapsed=2.174370e+02 cycle=69700 time=4.705216e+00 dt=5.002898e-05
elapsed=2.177521e+02 cycle=69800 time=4.710658e+00 dt=6.034988e-05
elapsed=2.180534e+02 cycle=69900 time=4.717185e+00 dt=6.800802e-05
elapsed=2.183682e+02 cycle=70000 time=4.724089e+00 dt=6.943505e-05
elapsed=2.186820e+02 cycle=70100 time=4.730895e+00 dt=6.744062e-05
elapsed=2.189819e+02 cycle=70200 time=4.737517e+00 dt=6.527074e-05
elapsed=2.192953e+02 cycle=70300 time=4.743963e+00 dt=6.369515e-05
elapsed=2.196085e+02 cycle=70400 time=4.750271e+00 dt=6.241708e-05
elapsed=2.199082e+02 cycle=70500 time=4.756498e+00 dt=6.229010e-05
elapsed=2.202230e+02 cycle=70600 time=4.762741e+00 dt=6.253152e-05
elapsed=2.205245e+02 cycle=70700 time=4.769006e+00 dt=6.299362e-05
elapsed=2.208399e+02 cycle=70800 time=4.775354e+00 dt=6.307018e-05
elapsed=2.211549e+02 cycle=70900 time=4.781555e+00 dt=6.115035e-05
elapsed=2.214559e+02 cycle=71000 time=4.787598e+00 dt=5.993014e-05
elapsed=2.217706e+02 cycle=71100 time=4.793595e+00 dt=6.026845e-05
elapsed=2.220717e+02 cycle=71200 time=4.799653e+00 dt=6.107797e-05
elapsed=2.223864e+02 cycle=71300 time=4.805847e+00 dt=6.293560e-05
elapsed=2.227011e+02 cycle=71400 time=4.812195e+00 dt=6.406911e-05
elapsed=2.230026e+02 cycle=71500 time=4.818585e+00 dt=6.197019e-05
elapsed=2.233174e+02 cycle=71600 time=4.824738e+00 dt=6.433787e-05
elapsed=2.236319e+02 cycle=71700 time=4.831489e+00 dt=7.080817e-05
elapsed=2.239334e+02 cycle=71800 time=4.838589e+00 dt=7.133961e-05
elapsed=2.242489e+02 cycle=71900 time=4.845680e+00 dt=7.069810e-05
elapsed=2.245636e+02 cycle=72000 time=4.852765e+00 dt=7.039657e-05
elapsed=2.248645e+02 cycle=72100 time=4.859695e+00 dt=6.804794e-05
elapsed=2.251785e+02 cycle=72200 time=4.866415e+00 dt=6.637586e-05
elapsed=2.254922e+02 cycle=72300 time=4.872969e+00 dt=6.474657e-05
elapsed=2.257924e+02 cycle=72400 time=4.879261e+00 dt=6.212701e-05
elapsed=2.261059e+02 cycle=72500 time=4.886196e+00 dt=7.271966e-05
elapsed=2.264199e+02 cycle=72600 time=4.893475e+00 dt=7.308743e-05
elapsed=2.267335e+02 cycle=72700 time=4.900801e+00 dt=7.340626e-05
elapsed=2.270342e+02 cycle=72800 time=4.908094e+00 dt=7.249279e-05
elapsed=2.273488e+02 cycle=72900 time=4.915316e+00 dt=7.253116e-05
elapsed=2.276632e+02 cycle=73000 time=4.922544e+00 dt=7.194778e-05
elapsed=2.279631e+02 cycle=73100 time=4.929729e+00 dt=7.171366e-05
elapsed=2.282763e+02 cycle=73200 time=4.936967e+00 dt=7.270640e-05
elapsed=2.285895e+02 cycle=73300 time=4.944120e+00 dt=7.105204e-05
elapsed=2.289020e+02 cycle=73400 time=4.951189e+00 dt=6.945943e-05
elapsed=2.292008e+02 cycle=73500 time=4.958303e+00 dt=7.330838e-05
elapsed=2.295136e+02 cycle=73600 time=4.965632e+00 dt=7.226319e-05
elapsed=2.298265e+02 cycle=73700 time=4.972782e+00 dt=7.138150e-05
elapsed=2.301393e+02 cycle=73800 time=4.980027e+00 dt=7.377879e-05
elapsed=2.304390e+02 cycle=73900 time=4.987365e+00 dt=7.332466e-05
elapsed=2.307521e+02 cycle=74000 time=4.994728e+00 dt=7.375418e-05
elapsed=2.310676e+02 cycle=74100 time=5.002056e+00 dt=7.282816e-05
elapsed=2.313677e+02 cycle=74200 time=5.009297e+00 dt=7.203362e-05
elapsed=2.316816e+02 cycle=74300 time=5.016534e+00 dt=7.253902e-05
elapsed=2.319952e+02 cycle=74400 time=5.023789e+00 dt=7.237706e-05
elapsed=2.323090e+02 cycle=74500 time=5.031019e+00 dt=7.261569e-05
elapsed=2.326100e+02 cycle=74600 time=5.038279e+00 dt=7.244204e-05
elapsed=2.329251e+02 cycle=74700 time=5.045423e+00 dt=7.021356e-05
elapsed=2.332399e+02 cycle=74800 time=5.052460e+00 dt=7.363259e-05
elapsed=2.335415e+02 cycle=74900 time=5.059914e+00 dt=7.553815e-05
elapsed=2.338563e+02 cycle=75000 time=5.067476e+00 dt=7.501959e-05
elapsed=2.341703e+02 cycle=75100 time=5.074711e+00 dt=7.014460e-05
elapsed=2.344842e+02 cycle=75200 time=5.081558e+00 dt=6.755170e-05
elapsed=2.347842e+02 cycle=75300 time=5.088197e+00 dt=6.569044e-05
elapsed=2.350979e+02 cycle=75400 time=5.095046e+00 dt=7.303023e-05
elapsed=2.354128e+02 cycle=75500 time=5.102333e+00 dt=7.277149e-05
elapsed=2.357147e+02 cycle=75600 time=5.109572e+00 dt=7.202165e-05
elapsed=2.360300e+02 cycle=75700 time=5.116743e+00 dt=7.173771e-05
elapsed=2.363453e+02 cycle=75800 time=5.123906e+00 dt=7.156875e-05
elapsed=2.366607e+02 cycle=75900 time=5.131107e+00 dt=7.214833e-05
elapsed=2.369626e+02 cycle=76000 time=5.138333e+00 dt=7.241109e-05
elapsed=2.372778e+02 cycle=76100 time=5.145592e+00 dt=7.296512e-05
elapsed=2.375932e+02 cycle=76200 time=5.152891e+00 dt=7.192945e-05
elapsed=2.378947e+02 cycle=76300 time=5.159854e+00 dt=6.418680e-05
elapsed=2.382094e+02 cycle=76400 time=5.166624e+00 dt=7.238637e-05
elapsed=2.385247e+02 cycle=76500 time=5.174034e+00 dt=7.360839e-05
elapsed=2.388399e+02 cycle=76600 time=5.181290e+00 dt=7.172267e-05
elapsed=2.391414e+02 cycle=76700 time=5.188394e+00 dt=7.063266e-05
elapsed=2.394568e+02 cycle=76800 time=5.195493e+00 dt=7.122770e-05
elapsed=2.397727e+02 cycle=76900 time=5.202611e+00 dt=7.130529e-05
elapsed=2.400747e+02 cycle=77000 time=5.209718e+00 dt=7.135356e-05
elapsed=2.403899e+02 cycle=77100 time=5.216879e+00 dt=7.187841e-05
elapsed=2.407064e+02 cycle=77200 time=5.224003e+00 dt=7.084850e-05
elapsed=2.410434e+02 cycle=77300 time=5.231101e+00 dt=7.095548e-05
elapsed=2.413451e+02 cycle=77400 time=5.238010e+00 dt=6.638804e-05
elapsed=2.416585e+02 cycle=77500 time=5.244558e+00 dt=6.612444e-05
elapsed=2.419720e+02 cycle=77600 time=5.251297e+00 dt=6.658151e-05
elapsed=2.422717e+02 cycle=77700 time=5.257602e+00 dt=5.911550e-05
elapsed=2.425846e+02 cycle=77800 time=5.264206e+00 dt=7.256180e-05
elapsed=2.428973e+02 cycle=77900 time=5.271331e+00 dt=7.049922e-05
elapsed=2.431969e+02 cycle=78000 time=5.278454e+00 dt=7.070054e-05
elapsed=2.435102e+02 cycle=78100 time=5.285480e+00 dt=7.029631e-05
elapsed=2.438239e+02 cycle=78200 time=5.292563e+00 dt=7.169771e-05
elapsed=2.441243e+02 cycle=78300 time=5.299762e+00 dt=7.086138e-05
elapsed=2.444381e+02 cycle=78400 time=5.306610e+00 dt=6.630418e-05
elapsed=2.447526e+02 cycle=78500 time=5.313235e+00 dt=6.463910e-05
elapsed=2.450530e+02 cycle=78600 time=5.319448e+00 dt=5.958305e-05
elapsed=2.453666e+02 cycle=78700 time=5.325131e+00 dt=5.436429e-05
elapsed=2.456801e+02 cycle=78800 time=5.330764e+00 dt=6.139461e-05
elapsed=2.459798e+02 cycle=78900 time=5.337359e+00 dt=7.329069e-05
elapsed=2.462931e+02 cycle=79000 time=5.344573e+00 dt=7.095298e-05
elapsed=2.466064e+02 cycle=79100 time=5.351528e+00 dt=6.815020e-05
elapsed=2.469060e+02 cycle=79200 time=5.358350e+00 dt=6.797060e-05
elapsed=2.472187e+02 cycle=79300 time=5.365120e+00 dt=6.717828e-05
elapsed=2.475317e+02 cycle=79400 time=5.371809e+00 dt=6.745039e-05
elapsed=2.478321e+02 cycle=79500 time=5.378700e+00 dt=6.958852e-05
elapsed=2.481467e+02 cycle=79600 time=5.385393e+00 dt=6.412096e-05
elapsed=2.484614e+02 cycle=79700 time=5.391534e+00 dt=5.952143e-05
elapsed=2.487629e+02 cycle=79800 time=5.397411e+00 dt=5.606529e-05
elapsed=2.490777e+02 cycle=79900 time=5.402913e+00 dt=5.998264e-05
elapsed=2.493785e+02 cycle=80000 time=5.409146e+00 dt=6.253588e-05
elapsed=2.496928e+02 cycle=80100 time=5.415345e+00 dt=6.157301e-05
elapsed=2.500078e+02 cycle=80200 time=5.421426e+00 dt=5.942048e-05
elapsed=2.503093e+02 cycle=80300 time=5.427361e+00 dt=6.143201e-05
elapsed=2.506240e+02 cycle=80400 time=5.433719e+00 dt=6.391411e-05
elapsed=2.509257e+02 cycle=80500 time=5.439901e+00 dt=5.778853e-05
elapsed=2.512405e+02 cycle=80600 time=5.445625e+00 dt=5.906192e-05
elapsed=2.515550e+02 cycle=80700 time=5.451825e+00 dt=6.465174e-05
elapsed=2.518564e+02 cycle=80800 time=5.458326e+00 dt=6.559901e-05
elapsed=2.521712e+02 cycle=80900 time=5.464968e+00 dt=6.683542e-05
elapsed=2.524855e+02 cycle=81000 time=5.471707e+00 dt=6.771875e-05
elapsed=2.527865e+02 cycle=81100 time=5.478518e+00 dt=6.870982e-05
elapsed=2.531005e+02 cycle=81200 time=5.485369e+00 dt=6.768979e-05
elapsed=2.534141e+02 cycle=81300 time=5.492075e+00 dt=6.806835e-05
elapsed=2.537144e+02 cycle=81400 time=5.498905e+00 dt=6.797070e-05
elapsed=2.540283e+02 cycle=81500 time=5.505665e+00 dt=6.700262e-05
elapsed=2.543420e+02 cycle=81600 time=5.512048e+00 dt=6.252839e-05
elapsed=2.546420e+02 cycle=81700 time=5.518557e+00 dt=6.586375e-05
elapsed=2.549555e+02 cycle=81800 time=5.525119e+00 dt=6.507285e-05
elapsed=2.552690e+02 cycle=81900 time=5.531600e+00 dt=6.452946e-05
elapsed=2.555687e+02 cycle=82000 time=5.538060e+00 dt=6.489653e-05
elapsed=2.558819e+02 cycle=82100 time=5.544596e+00 dt=6.572233e-05
elapsed=2.561950e+02 cycle=82200 time=5.551187e+00 dt=6.590676e-05
elapsed=2.564943e+02 cycle=82300 time=5.557759e+00 dt=6.555616e-05
elapsed=2.568073e+02 cycle=82400 time=5.564297e+00 dt=6.540763e-05
elapsed=2.571194e+02 cycle=82500 time=5.570837e+00 dt=6.518911e-05
elapsed=2.574180e+02 cycle=82600 time=5.577326e+00 dt=6.470165e-05
elapsed=2.577300e+02 cycle=82700 time=5.583777e+00 dt=6.383689e-05
elapsed=2.580420e+02 cycle=82800 time=5.590186e+00 dt=6.487754e-05
elapsed=2.583401e+02 cycle=82900 time=5.596827e+00 dt=6.863554e-05
elapsed=2.586521e+02 cycle=83000 time=5.603610e+00 dt=6.662109e-05
elapsed=2.589512e+02 cycle=83100 time=5.609985e+00 dt=6.053620e-05
elapsed=2.592642e+02 cycle=83200 time=5.616209e+00 dt=6.639711e-05
elapsed=2.595792e+02 cycle=83300 time=5.622809e+00 dt=6.561729e-05
elapsed=2.598806e+02 cycle=83400 time=5.629357e+00 dt=6.543350e-05
elapsed=2.601945e+02 cycle=83500 time=5.635984e+00 dt=6.731670e-05
elapsed=2.605075e+02 cycle=83600 time=5.642757e+00 dt=6.786181e-05
elapsed=2.608062e+02 cycle=83700 time=5.649580e+00 dt=6.929173e-05
elapsed=2.611186e+02 cycle=83800 time=5.656547e+00 dt=6.995943e-05
elapsed=2.614309e+02 cycle=83900 time=5.663508e+00 dt=6.920464e-05
elapsed=2.617430e+02 cycle=84000 time=5.670428e+00 dt=6.913445e-05
elapsed=2.620419e+02 cycle=84100 time=5.677297e+00 dt=6.807312e-05
elapsed=2.623546e+02 cycle=84200 time=5.684223e+00 dt=6.948597e-05
elapsed=2.626669e+02 cycle=84300 time=5.691157e+00 dt=6.892329e-05
elapsed=2.629660e+02 cycle=84400 time=5.698024e+00 dt=6.868920e-05
elapsed=2.632785e+02 cycle=84500 time=5.704919e+00 dt=6.935807e-05
elapsed=2.635907e+02 cycle=84600 time=5.711630e+00 dt=6.551150e-05
elapsed=2.638896e+02 cycle=84700 time=5.718037e+00 dt=6.245319e-05
elapsed=2.642020e+02 cycle=84800 time=5.724601e+00 dt=6.865498e-05
elapsed=2.645142e+02 cycle=84900 time=5.731551e+00 dt=6.698073e-05
elapsed=2.648128e+02 cycle=85000 time=5.738168e+00 dt=6.493629e-05
elapsed=2.651251e+02 cycle=85100 time=5.744510e+00 dt=6.328309e-05
elapsed=2.654382e+02 cycle=85200 time=5.750978e+00 dt=6.988885e-05
elapsed=2.657382e+02 cycle=85300 time=5.757937e+00 dt=6.883014e-05
elapsed=2.660517e+02 cycle=85400 time=5.764721e+00 dt=6.703385e-05
elapsed=2.663655e+02 cycle=85500 time=5.771324e+00 dt=6.496437e-05
elapsed=2.666656e+02 cycle=85600 time=5.777796e+00 dt=6.495156e-05
elapsed=2.669790e+02 cycle=85700 time=5.784340e+00 dt=6.549202e-05
elapsed=2.672926e+02 cycle=85800 time=5.790851e+00 dt=6.538730e-05
elapsed=2.675922e+02 cycle=85900 time=5.797485e+00 dt=6.742706e-05
elapsed=2.679050e+02 cycle=86000 time=5.804300e+00 dt=6.907075e-05
elapsed=2.682178e+02 cycle=86100 time=5.811368e+00 dt=7.171895e-05
elapsed=2.685167e+02 cycle=86200 time=5.818345e+00 dt=7.139738e-05
elapsed=2.688287e+02 cycle=86300 time=5.825452e+00 dt=7.051070e-05
elapsed=2.691411e+02 cycle=86400 time=5.832391e+00 dt=6.854631e-05
elapsed=2.694388e+02 cycle=86500 time=5.839197e+00 dt=6.796365e-05
elapsed=2.697494e+02 cycle=86600 time=5.845960e+00 dt=6.707109e-05
elapsed=2.700598e+02 cycle=86700 time=5.852701e+00 dt=6.719949e-05
elapsed=2.703567e+02 cycle=86800 time=5.859305e+00 dt=6.345912e-05
elapsed=2.706680e+02 cycle=86900 time=5.865361e+00 dt=5.724987e-05
elapsed=2.709793e+02 cycle=87000 time=5.871131e+00 dt=6.307153e-05
elapsed=2.712780e+02 cycle=87100 time=5.877406e+00 dt=6.229127e-05
elapsed=2.715900e+02 cycle=87200 time=5.883625e+00 dt=6.222592e-05
elapsed=2.718886e+02 cycle=87300 time=5.889953e+00 dt=6.409022e-05
elapsed=2.722010e+02 cycle=87400 time=5.896039e+00 dt=5.750485e-05
elapsed=2.725138e+02 cycle=87500 time=5.902149e+00 dt=6.575215e-05
elapsed=2.728130e+02 cycle=87600 time=5.908656e+00 dt=6.455577e-05
elapsed=2.731260e+02 cycle=87700 time=5.915132e+00 dt=6.542459e-05
elapsed=2.734393e+02 cycle=87800 time=5.921728e+00 dt=6.611838e-05
elapsed=2.737396e+02 cycle=87900 time=5.928248e+00 dt=6.451010e-05
elapsed=2.740537e+02 cycle=88000 time=5.934827e+00 dt=6.828653e-05
elapsed=2.743680e+02 cycle=88100 time=5.941706e+00 dt=6.976043e-05
elapsed=2.746687e+02 cycle=88200 time=5.948626e+00 dt=6.831706e-05
elapsed=2.749827e+02 cycle=88300 time=5.955327e+00 dt=6.596438e-05
elapsed=2.752969e+02 cycle=88400 time=5.961821e+00 dt=6.378773e-05
elapsed=2.755970e+02 cycle=88500 time=5.968084e+00 dt=6.166728e-05
elapsed=2.759110e+02 cycle=88600 time=5.974284e+00 dt=6.293497e-05
elapsed=2.762255e+02 cycle=88700 time=5.980419e+00 dt=6.058040e-05
elapsed=2.765262e+02 cycle=88800 time=5.986521e+00 dt=6.252176e-05
elapsed=2.768403e+02 cycle=88900 time=5.992679e+00 dt=6.380455e-05
elapsed=2.771406e+02 cycle=89000 time=5.999162e+00 dt=6.709792e-05
elapsed=2.774573e+02 cycle=89100 time=6.005878e+00 dt=6.731484e-05
elapsed=2.777714e+02 cycle=89200 time=6.012530e+00 dt=6.507953e-05
elapsed=2.780716e+02 cycle=89300 time=6.018914e+00 dt=6.251686e-05
elapsed=2.783858e+02 cycle=89400 time=6.025144e+00 dt=6.191455e-05
elapsed=2.787005e+02 cycle=89500 time=6.031318e+00 dt=6.107754e-05
elapsed=2.790018e+02 cycle=89600 time=6.037357e+00 dt=5.855418e-05
elapsed=2.793171e+02 cycle=89700 time=6.043396e+00 dt=6.227571e-05
elapsed=2.796194e+02 cycle=89800 time=6.049750e+00 dt=6.511403e-05
elapsed=2.799348e+02 cycle=89900 time=6.056283e+00 dt=6.700053e-05
elapsed=2.802507e+02 cycle=90000 time=6.063036e+00 dt=6.744981e-05
elapsed=2.805538e+02 cycle=90100 time=6.069716e+00 dt=6.549717e-05
elapsed=2.808707e+02 cycle=90200 time=6.076079e+00 dt=6.211088e-05
elapsed=2.811868e+02 cycle=90300 time=6.082147e+00 dt=6.049837e-05
elapsed=2.814904e+02 cycle=90400 time=6.088315e+00 dt=6.597080e-05
elapsed=2.818073e+02 cycle=90500 time=6.094923e+00 dt=6.615046e-05
elapsed=2.821240e+02 cycle=90600 time=6.101533e+00 dt=6.626684e-05
elapsed=2.824273e+02 cycle=90700 time=6.108196e+00 dt=6.700649e-05
elapsed=2.827435e+02 cycle=90800 time=6.114884e+00 dt=6.634219e-05
elapsed=2.830590e+02 cycle=90900 time=6.121689e+00 dt=6.874687e-05
elapsed=2.833611e+02 cycle=91000 time=6.128353e+00 dt=6.351827e-05
elapsed=2.836767e+02 cycle=91100 time=6.134445e+00 dt=5.982025e-05
elapsed=2.839919e+02 cycle=91200 time=6.140877e+00 dt=6.465291e-05
elapsed=2.842934e+02 cycle=91300 time=6.147251e+00 dt=6.254586e-05
elapsed=2.846084e+02 cycle=91400 time=6.153417e+00 dt=6.214632e-05
elapsed=2.849229e+02 cycle=91500 time=6.160103e+00 dt=6.921050e-05
elapsed=2.852241e+02 cycle=91600 time=6.166918e+00 dt=6.796278e-05
elapsed=2.855399e+02 cycle=91700 time=6.173918e+00 dt=7.068420e-05
elapsed=2.858550e+02 cycle=91800 time=6.180744e+00 dt=6.630152e-05
elapsed=2.861564e+02 cycle=91900 time=6.187383e+00 dt=6.769031e-05
elapsed=2.864717e+02 cycle=92000 time=6.194307e+00 dt=7.006983e-05
elapsed=2.867872e+02 cycle=92100 time=6.201215e+00 dt=6.635627e-05
elapsed=2.870881e+02 cycle=92200 time=6.207697e+00 dt=6.345198e-05
elapsed=2.874025e+02 cycle=92300 time=6.213901e+00 dt=6.123006e-05
elapsed=2.877172e+02 cycle=92400 time=6.220230e+00 dt=6.844282e-05
elapsed=2.880183e+02 cycle=92500 time=6.226746e+00 dt=6.210400e-05
elapsed=2.883327e+02 cycle=92600 time=6.232931e+00 dt=6.248429e-05
elapsed=2.886341e+02 cycle=92700 time=6.239222e+00 dt=6.326430e-05
elapsed=2.889491e+02 cycle=92800 time=6.245603e+00 dt=6.452072e-05
elapsed=2.892638e+02 cycle=92900 time=6.252207e+00 dt=6.736458e-05
elapsed=2.895659e+02 cycle=93000 time=6.258885e+00 dt=6.524205e-05
elapsed=2.898822e+02 cycle=93100 time=6.265274e+00 dt=6.258211e-05
elapsed=2.901988e+02 cycle=93200 time=6.271420e+00 dt=6.047376e-05
elapsed=2.905014e+02 cycle=93300 time=6.277472e+00 dt=6.072913e-05
elapsed=2.908173e+02 cycle=93400 time=6.283464e+00 dt=5.861890e-05
elapsed=2.911195e+02 cycle=93500 time=6.289245e+00 dt=5.684923e-05
elapsed=2.914353e+02 cycle=93600 time=6.294687e+00 dt=5.231694e-05
elapsed=2.917383e+02 cycle=93700 time=6.299821e+00 dt=5.076883e-05
elapsed=2.920540e+02 cycle=93800 time=6.304799e+00 dt=4.848043e-05
elapsed=2.923564e+02 cycle=93900 time=6.309801e+00 dt=5.383974e-05
elapsed=2.926721e+02 cycle=94000 time=6.316162e+00 dt=6.769712e-05
elapsed=2.929877e+02 cycle=94100 time=6.322796e+00 dt=6.534118e-05
elapsed=2.932896e+02 cycle=94200 time=6.329300e+00 dt=6.502093e-05
elapsed=2.936046e+02 cycle=94300 time=6.335828e+00 dt=6.380499e-05
elapsed=2.939190e+02 cycle=94400 time=6.342313e+00 dt=6.658483e-05
elapsed=2.942199e+02 cycle=94500 time=6.348885e+00 dt=6.472385e-05
elapsed=2.945340e+02 cycle=94600 time=6.355420e+00 dt=6.527237e-05
elapsed=2.948484e+02 cycle=94700 time=6.361896e+00 dt=6.374151e-05
elapsed=2.951487e+02 cycle=94800 time=6.368172e+00 dt=6.127181e-05
elapsed=2.954628e+02 cycle=94900 time=6.374083e+00 dt=5.710996e-05
elapsed=2.957640e+02 cycle=95000 time=6.379815e+00 dt=5.802555e-05
elapsed=2.960777e+02 cycle=95100 time=6.385655e+00 dt=5.792761e-05
elapsed=2.963915e+02 cycle=95200 time=6.391247e+00 dt=5.452141e-05
elapsed=2.966923e+02 cycle=95300 time=6.396765e+00 dt=5.552736e-05
elapsed=2.970063e+02 cycle=95400 time=6.402324e+00 dt=5.590606e-05
elapsed=2.973071e+02 cycle=95500 time=6.407889e+00 dt=5.501639e-05
elapsed=2.976222e+02 cycle=95600 time=6.413413e+00 dt=5.584880e-05
elapsed=2.979239e+02 cycle=95700 time=6.418971e+00 dt=5.543049e-05
elapsed=2.982393e+02 cycle=95800 time=6.424492e+00 dt=5.492537e-05
elapsed=2.985408e+02 cycle=95900 time=6.429965e+00 dt=5.459719e-05
elapsed=2.988557e+02 cycle=96000 time=6.435421e+00 dt=5.458492e-05
elapsed=2.991702e+02 cycle=96100 time=6.440882e+00 dt=5.450428e-05
elapsed=2.994713e+02 cycle=96200 time=6.446320e+00 dt=5.430403e-05
elapsed=2.997862e+02 cycle=96300 time=6.451746e+00 dt=5.421296e-05
elapsed=3.000871e+02 cycle=96400 time=6.457159e+00 dt=5.406791e-05
elapsed=3.004020e+02 cycle=96500 time=6.462558e+00 dt=5.390476e-05
elapsed=3.007037e+02 cycle=96600 time=6.467940e+00 dt=5.375028e-05
elapsed=3.010190e+02 cycle=96700 time=6.473296e+00 dt=5.330475e-05
elapsed=3.013199e+02 cycle=96800 time=6.478597e+00 dt=5.271995e-05
elapsed=3.016340e+02 cycle=96900 time=6.483846e+00 dt=5.225189e-05
elapsed=3.019353e+02 cycle=97000 time=6.489051e+00 dt=5.184462e-05
elapsed=3.022503e+02 cycle=97100 time=6.494214e+00 dt=5.138909e-05
elapsed=3.025516e+02 cycle=97200 time=6.499336e+00 dt=5.109069e-05
elapsed=3.028666e+02 cycle=97300 time=6.504432e+00 dt=5.079161e-05
elapsed=3.031684e+02 cycle=97400 time=6.509486e+00 dt=5.012900e-05
elapsed=3.034833e+02 cycle=97500 time=6.514465e+00 dt=4.970255e-05
elapsed=3.037847e+02 cycle=97600 time=6.519496e+00 dt=5.076681e-05
elapsed=3.040996e+02 cycle=97700 time=6.524570e+00 dt=5.067809e-05
elapsed=3.044007e+02 cycle=97800 time=6.529591e+00 dt=4.966633e-05
elapsed=3.047153e+02 cycle=97900 time=6.534516e+00 dt=4.889489e-05
elapsed=3.050163e+02 cycle=98000 time=6.539376e+00 dt=4.834580e-05
elapsed=3.053309e+02 cycle=98100 time=6.544192e+00 dt=4.800352e-05
elapsed=3.056321e+02 cycle=98200 time=6.548978e+00 dt=4.774526e-05
elapsed=3.059466e+02 cycle=98300 time=6.553748e+00 dt=4.768283e-05
elapsed=3.062477e+02 cycle=98400 time=6.558521e+00 dt=4.779580e-05
elapsed=3.065626e+02 cycle=98500 time=6.563291e+00 dt=4.766047e-05
elapsed=3.068651e+02 cycle=98600 time=6.568070e+00 dt=4.801840e-05
elapsed=3.071807e+02 cycle=98700 time=6.572898e+00 dt=4.825857e-05
elapsed=3.074831e+02 cycle=98800 time=6.577728e+00 dt=4.847298e-05
elapsed=3.077984e+02 cycle=98900 time=6.582587e+00 dt=4.844334e-05
elapsed=3.081004e+02 cycle=99000 time=6.587419e+00 dt=4.822145e-05
elapsed=3.084160e+02 cycle=99100 time=6.592231e+00 dt=4.806186e-05
elapsed=3.087184e+02 cycle=99200 time=6.597045e+00 dt=4.829287e-05
elapsed=3.090339e+02 cycle=99300 time=6.601891e+00 dt=4.867576e-05
elapsed=3.093369e+02 cycle=99400 time=6.606788e+00 dt=4.888720e-05
elapsed=3.096531e+02 cycle=99500 time=6.611662e+00 dt=4.876226e-05
elapsed=3.099554e+02 cycle=99600 time=6.616549e+00 dt=4.848076e-05
elapsed=3.102718e+02 cycle=99700 time=6.621375e+00 dt=4.801491e-05
elapsed=3.105742e+02 cycle=99800 time=6.626181e+00 dt=4.835328e-05
elapsed=3.108894e+02 cycle=99900 time=6.631059e+00 dt=4.892750e-05
elapsed=3.111911e+02 cycle=100000 time=6.635974e+00 dt=4.942537e-05
elapsed=3.115064e+02 cycle=100100 time=6.640958e+00 dt=5.019388e-05
elapsed=3.118082e+02 cycle=100200 time=6.645941e+00 dt=4.976651e-05
elapsed=3.121401e+02 cycle=100300 time=6.650897e+00 dt=4.968891e-05
elapsed=3.124422e+02 cycle=100400 time=6.655911e+00 dt=5.068463e-05
elapsed=3.127574e+02 cycle=100500 time=6.660997e+00 dt=5.049167e-05
elapsed=3.130592e+02 cycle=100600 time=6.666050e+00 dt=5.051221e-05
elapsed=3.133742e+02 cycle=100700 time=6.671157e+00 dt=5.192011e-05
elapsed=3.136762e+02 cycle=100800 time=6.676270e+00 dt=5.160097e-05
elapsed=3.139923e+02 cycle=100900 time=6.681258e+00 dt=4.870188e-05
elapsed=3.142945e+02 cycle=101000 time=6.686293e+00 dt=5.023033e-05
elapsed=3.146109e+02 cycle=101100 time=6.691309e+00 dt=5.084502e-05
elapsed=3.149140e+02 cycle=101200 time=6.696269e+00 dt=4.914362e-05
elapsed=3.152308e+02 cycle=101300 time=6.701204e+00 dt=4.995887e-05
elapsed=3.155339e+02 cycle=101400 time=6.706271e+00 dt=5.092549e-05
elapsed=3.158504e+02 cycle=101500 time=6.711317e+00 dt=5.017432e-05
elapsed=3.161538e+02 cycle=101600 time=6.716321e+00 dt=5.015759e-05
elapsed=3.164708e+02 cycle=101700 time=6.721411e+00 dt=5.152715e-05
elapsed=3.167735e+02 cycle=101800 time=6.726639e+00 dt=5.242684e-05
elapsed=3.170900e+02 cycle=101900 time=6.731849e+00 dt=5.177260e-05
elapsed=3.173929e+02 cycle=102000 time=6.737000e+00 dt=5.127988e-05
elapsed=3.177096e+02 cycle=102100 time=6.742071e+00 dt=4.878064e-05
elapsed=3.180127e+02 cycle=102200 time=6.747080e+00 dt=5.041740e-05
elapsed=3.183291e+02 cycle=102300 time=6.751999e+00 dt=4.791778e-05
elapsed=3.186307e+02 cycle=102400 time=6.756703e+00 dt=4.636126e-05
elapsed=3.189462e+02 cycle=102500 time=6.761335e+00 dt=4.726876e-05
elapsed=3.192490e+02 cycle=102600 time=6.765950e+00 dt=4.533791e-05
elapsed=3.195655e+02 cycle=102700 time=6.770472e+00 dt=4.464945e-05
elapsed=3.198688e+02 cycle=102800 time=6.774917e+00 dt=4.473382e-05
elapsed=3.201719e+02 cycle=102900 time=6.779485e+00 dt=4.626764e-05
elapsed=3.204885e+02 cycle=103000 time=6.784001e+00 dt=4.333151e-05
elapsed=3.207914e+02 cycle=103100 time=6.788393e+00 dt=4.751838e-05
elapsed=3.211083e+02 cycle=103200 time=6.793345e+00 dt=4.993081e-05
elapsed=3.214118e+02 cycle=103300 time=6.798272e+00 dt=4.876665e-05
elapsed=3.217289e+02 cycle=103400 time=6.803199e+00 dt=5.002415e-05
elapsed=3.220331e+02 cycle=103500 time=6.808151e+00 dt=4.932078e-05
elapsed=3.223517e+02 cycle=103600 time=6.813058e+00 dt=4.851626e-05
elapsed=3.226560e+02 cycle=103700 time=6.817900e+00 dt=4.805911e-05
elapsed=3.229736e+02 cycle=103800 time=6.822650e+00 dt=4.746066e-05
elapsed=3.232776e+02 cycle=103900 time=6.827400e+00 dt=4.809229e-05
elapsed=3.235946e+02 cycle=104000 time=6.832272e+00 dt=4.895871e-05
elapsed=3.238976e+02 cycle=104100 time=6.837074e+00 dt=4.745191e-05
elapsed=3.242142e+02 cycle=104200 time=6.841807e+00 dt=4.726715e-05
elapsed=3.245176e+02 cycle=104300 time=6.846557e+00 dt=4.790385e-05
elapsed=3.248341e+02 cycle=104400 time=6.851375e+00 dt=4.823168e-05
elapsed=3.251380e+02 cycle=104500 time=6.856196e+00 dt=4.815936e-05
elapsed=3.254551e+02 cycle=104600 time=6.860967e+00 dt=4.720778e-05
elapsed=3.257583e+02 cycle=104700 time=6.865647e+00 dt=4.659266e-05
elapsed=3.260746e+02 cycle=104800 time=6.870322e+00 dt=4.685530e-05
elapsed=3.263780e+02 cycle=104900 time=6.874939e+00 dt=4.558454e-05
elapsed=3.266816e+02 cycle=105000 time=6.879525e+00 dt=4.621396e-05
elapsed=3.269991e+02 cycle=105100 time=6.884088e+00 dt=4.484158e-05
elapsed=3.273037e+02 cycle=105200 time=6.888498e+00 dt=4.347320e-05
elapsed=3.276214e+02 cycle=105300 time=6.892789e+00 dt=4.241719e-05
elapsed=3.279258e+02 cycle=105400 time=6.896968e+00 dt=4.129489e-05
elapsed=3.282435e+02 cycle=105500 time=6.901068e+00 dt=4.071961e-05
elapsed=3.285476e+02 cycle=105600 time=6.905255e+00 dt=4.402699e-05
elapsed=3.288509e+02 cycle=105700 time=6.909530e+00 dt=4.241879e-05
elapsed=3.291678e+02 cycle=105800 time=6.913895e+00 dt=4.513626e-05
elapsed=3.294718e+02 cycle=105900 time=6.918388e+00 dt=4.488742e-05
elapsed=3.297887e+02 cycle=106000 time=6.922868e+00 dt=4.471479e-05
elapsed=3.301442e+02 cycle=106100 time=6.930769e+00 dt=4.251184e-04

Terminating on time limit
time=1.000000e+01 cycle=106180
tlim=1.000000e+01 nlim=-1

MeshBlock-cycles = 3397760
cpu time used  = 3.306253e+02
zone-cycles/cpu_second = 4.209364e+07
particle-updates/cpu_second = 0.000000e+00
