
Root grid = 4 x 8 x 1 MeshBlocks
Total number of MeshBlocks = 32
Number of logical  levels of refinement = 3 (4 levels total)
Number of physical levels of refinement = 0 (1 levels total)
Number of parallel ranks = 1
### WARNING in /home/sasi/Projects/SubgridCGMModel/athenak/src/parameter_input.cpp: input parameter <mesh>/ix3_bc = periodic was not used by the code (check for a typo)
### WARNING in /home/sasi/Projects/SubgridCGMModel/athenak/src/parameter_input.cpp: input parameter <mesh>/ox3_bc = periodic was not used by the code (check for a typo)
### WARNING in /home/sasi/Projects/SubgridCGMModel/athenak/src/parameter_input.cpp: input parameter <meshblock>/nx3 = 1 was not used by the code (check for a typo)

Setup complete, executing task list(s)...

elapsed=1.162580e-02 cycle=0 time=0.000000e+00 dt=1.380616e-03
elapsed=1.498374e+00 cycle=1000 time=1.356953e+00 dt=1.351574e-03
elapsed=2.981735e+00 cycle=2000 time=2.697192e+00 dt=1.244451e-03
elapsed=4.391716e+00 cycle=3000 time=3.955847e+00 dt=1.302663e-03
elapsed=5.848739e+00 cycle=4000 time=5.273754e+00 dt=1.312902e-03
elapsed=7.289746e+00 cycle=5000 time=6.576847e+00 dt=1.325470e-03
elapsed=8.759006e+00 cycle=6000 time=7.894408e+00 dt=1.340387e-03
elapsed=1.023413e+01 cycle=7000 time=9.236414e+00 dt=1.338816e-03

Terminating on time limit
time=1.000000e+01 cycle=7568
tlim=1.000000e+01 nlim=-1

MeshBlock-cycles = 242176
cpu time used  = 1.106505e+01
zone-cycles/cpu_second = 3.501852e+05
particle-updates/cpu_second = 0.000000e+00
