
Root grid = 4 x 8 x 1 MeshBlocks
Total number of MeshBlocks = 32
Number of logical  levels of refinement = 3 (4 levels total)
Number of physical levels of refinement = 0 (1 levels total)
Number of parallel ranks = 1
### WARNING in /home/sasi/Projects/SubgridCGMModel/athenak/src/parameter_input.cpp: input parameter <mesh>/ix3_bc = periodic was not used by the code (check for a typo)
### WARNING in /home/sasi/Projects/SubgridCGMModel/athenak/src/parameter_input.cpp: input parameter <mesh>/ox3_bc = periodic was not used by the code (check for a typo)
### WARNING in /home/sasi/Projects/SubgridCGMModel/athenak/src/parameter_input.cpp: input parameter <meshblock>/nx3 = 1 was not used by the code (check for a typo)

Setup complete, executing task list(s)...

elapsed=1.252268e-02 cycle=0 time=0.000000e+00 dt=3.451540e-04
elapsed=8.188624e-01 cycle=1000 time=3.380640e-01 dt=3.384524e-04
elapsed=1.608211e+00 cycle=2000 time=6.697987e-01 dt=3.298673e-04
elapsed=2.396040e+00 cycle=3000 time=9.993557e-01 dt=3.261147e-04
elapsed=3.197160e+00 cycle=4000 time=1.324528e+00 dt=3.309773e-04
elapsed=3.993019e+00 cycle=5000 time=1.647905e+00 dt=3.183048e-04
elapsed=4.781464e+00 cycle=6000 time=1.953069e+00 dt=3.013509e-04
elapsed=5.563074e+00 cycle=7000 time=2.258484e+00 dt=3.045453e-04
elapsed=6.351319e+00 cycle=8000 time=2.563504e+00 dt=3.108023e-04
elapsed=7.142843e+00 cycle=9000 time=2.870844e+00 dt=3.013360e-04
elapsed=7.915958e+00 cycle=10000 time=3.160520e+00 dt=3.063065e-04
elapsed=8.681908e+00 cycle=11000 time=3.446531e+00 dt=3.180360e-04
elapsed=9.462650e+00 cycle=12000 time=3.742142e+00 dt=2.981320e-04
elapsed=1.024538e+01 cycle=13000 time=4.047800e+00 dt=2.980364e-04
elapsed=1.101187e+01 cycle=14000 time=4.328886e+00 dt=2.641138e-04
elapsed=1.173421e+01 cycle=15000 time=4.558173e+00 dt=2.377707e-04
elapsed=1.247364e+01 cycle=16000 time=4.806997e+00 dt=2.518664e-04
elapsed=1.322781e+01 cycle=17000 time=5.062898e+00 dt=2.788397e-04
elapsed=1.401162e+01 cycle=18000 time=5.373286e+00 dt=3.239890e-04
elapsed=1.479875e+01 cycle=19000 time=5.686182e+00 dt=3.201248e-04
elapsed=1.559358e+01 cycle=20000 time=6.006979e+00 dt=3.085167e-04
elapsed=1.637999e+01 cycle=21000 time=6.315925e+00 dt=2.810129e-04
elapsed=1.713675e+01 cycle=22000 time=6.593442e+00 dt=3.143959e-04
elapsed=1.791117e+01 cycle=23000 time=6.899036e+00 dt=2.925346e-04
elapsed=1.869424e+01 cycle=24000 time=7.203227e+00 dt=3.171019e-04
elapsed=1.947786e+01 cycle=25000 time=7.517161e+00 dt=3.141169e-04
elapsed=2.024212e+01 cycle=26000 time=7.805950e+00 dt=2.735601e-04
elapsed=2.100857e+01 cycle=27000 time=8.090303e+00 dt=2.763166e-04
elapsed=2.174906e+01 cycle=28000 time=8.355389e+00 dt=2.596851e-04
elapsed=2.249901e+01 cycle=29000 time=8.622764e+00 dt=2.780025e-04
elapsed=2.322178e+01 cycle=30000 time=8.869569e+00 dt=2.369373e-04
elapsed=2.392668e+01 cycle=31000 time=9.089957e+00 dt=2.752110e-04
elapsed=2.467645e+01 cycle=32000 time=9.358396e+00 dt=2.760982e-04
elapsed=2.543727e+01 cycle=33000 time=9.631724e+00 dt=2.656987e-04
elapsed=2.618082e+01 cycle=34000 time=9.899289e+00 dt=2.880474e-04

Terminating on time limit
time=1.000000e+01 cycle=34350
tlim=1.000000e+01 nlim=-1

MeshBlock-cycles = 1099200
cpu time used  = 2.644585e+01
zone-cycles/cpu_second = 1.064043e+07
particle-updates/cpu_second = 0.000000e+00
